CodeVisionAVR C Compiler V1.24.6 Standard
(C) Copyright 1998-2005 Pavel Haiduc, HP InfoTech s.r.l.
http://www.hpinfotech.com
e-mail:office@hpinfotech.com

File: c:\atmega16\ur\ur.c
Global variables memory map:

Variable                          Address   Size
t                                   R4,R5      2
u                                   R6,R7      2
h                                   R8,R9      2
ms                                R10,R11      2
sen                               R12,R13      2
sti                                  160h      2
men                                  162h      2
mti                                  164h      2
ten                                  166h      2
tti                                  168h      2
menu                                 16Ah      2
pen                                  16Ch      2
pti                                  16Eh      2
Omen                                 170h      2
Omti                                 172h      2
Oten                                 174h      2
Otti                                 176h      2
Nmen                                 178h      2
Nmti                                 17Ah      2
Nten                                 17Ch      2
Ntti                                 17Eh      2
Dx                                   180h      4
D                                    184h      4
Den                                  188h      4
Dti                                  18Ch      4
D_ON                                 190h      4
D_UP                                 194h      4
v                                    198h      4
v2                                   19Ch      4
_base_y_G2                           1A0h      4
_lcd_x                                R14      1
_lcd_y                               1A4h      1
_lcd_maxx                            1A5h      1
