Archive member included because of file (symbol)

c:/winavr-20080610/bin/../lib/gcc/avr/4.3.0/avr25\libgcc.a(_exit.o)
                              c:/winavr-20080610/bin/../lib/gcc/avr/4.3.0/../../../../avr/lib/avr25/crttn861.o (exit)
c:/winavr-20080610/bin/../lib/gcc/avr/4.3.0/avr25\libgcc.a(_copy_data.o)
                              ch_display.o (__do_copy_data)
c:/winavr-20080610/bin/../lib/gcc/avr/4.3.0/avr25\libgcc.a(_clear_bss.o)
                              ch_display.o (__do_clear_bss)

Allocating common symbols
Common symbol       size              file

u08SecImage         0x10              ch_display.o
u08TmrDimming       0x1               ch_display.o
u08DisplayData      0x10              ch_display.o
u08DimmingLevel     0x1               ch_display.o
uboolFadeOut        0x1               ch_display.o
u08State            0x1               ch_display.o
uboolFadeIn         0x1               ch_display.o
u08FirImage         0x10              ch_display.o
u08Input            0x10              ch_display.o
u08FrameDisplay     0x1               ch_display.o
boolFirstFrame      0x1               ch_display.o
u08Temp             0x1               ch_display.o

Memory Configuration

Name             Origin             Length             Attributes
text             0x00000000         0x00002000         xr
data             0x00800060         0x0000ffa0         rw !x
eeprom           0x00810000         0x00010000         rw !x
fuse             0x00820000         0x00000400         rw !x
lock             0x00830000         0x00000400         rw !x
signature        0x00840000         0x00000400         rw !x
*default*        0x00000000         0xffffffff

Linker script and memory map

LOAD c:/winavr-20080610/bin/../lib/gcc/avr/4.3.0/../../../../avr/lib/avr25/crttn861.o
LOAD ch_display.o
LOAD c:/winavr-20080610/bin/../lib/gcc/avr/4.3.0/avr25\libgcc.a
LOAD c:/winavr-20080610/bin/../lib/gcc/avr/4.3.0/../../../../avr/lib/avr25\libc.a
LOAD c:/winavr-20080610/bin/../lib/gcc/avr/4.3.0/avr25\libgcc.a

.hash
 *(.hash)

.dynsym
 *(.dynsym)

.dynstr
 *(.dynstr)

.gnu.version
 *(.gnu.version)

.gnu.version_d
 *(.gnu.version_d)

.gnu.version_r
 *(.gnu.version_r)

.rel.init
 *(.rel.init)

.rela.init
 *(.rela.init)

.rel.text
 *(.rel.text)
 *(.rel.text.*)
 *(.rel.gnu.linkonce.t*)

.rela.text
 *(.rela.text)
 *(.rela.text.*)
 *(.rela.gnu.linkonce.t*)

.rel.fini
 *(.rel.fini)

.rela.fini
 *(.rela.fini)

.rel.rodata
 *(.rel.rodata)
 *(.rel.rodata.*)
 *(.rel.gnu.linkonce.r*)

.rela.rodata
 *(.rela.rodata)
 *(.rela.rodata.*)
 *(.rela.gnu.linkonce.r*)

.rel.data
 *(.rel.data)
 *(.rel.data.*)
 *(.rel.gnu.linkonce.d*)

.rela.data
 *(.rela.data)
 *(.rela.data.*)
 *(.rela.gnu.linkonce.d*)

.rel.ctors
 *(.rel.ctors)

.rela.ctors
 *(.rela.ctors)

.rel.dtors
 *(.rel.dtors)

.rela.dtors
 *(.rela.dtors)

.rel.got
 *(.rel.got)

.rela.got
 *(.rela.got)

.rel.bss
 *(.rel.bss)

.rela.bss
 *(.rela.bss)

.rel.plt
 *(.rel.plt)

.rela.plt
 *(.rela.plt)

.text           0x00000000      0x77e
 *(.vectors)
 .vectors       0x00000000       0x26 c:/winavr-20080610/bin/../lib/gcc/avr/4.3.0/../../../../avr/lib/avr25/crttn861.o
                0x00000000                __vectors
                0x00000000                __vector_default
 *(.vectors)
 *(.progmem.gcc*)
 *(.progmem*)
 .progmem.data  0x00000026      0x100 ch_display.o
                0x000000d5                strLedScrn11
                0x00000113                str4
                0x00000039                strLedScrn2
                0x00000073                strLedScrn5
                0x000000ff                str3
                0x0000004d                strLedScrn3
                0x00000060                strLedScrn4
                0x00000026                strLedScrn1
                0x000000d2                strLedScrn10
                0x000000d8                str1
                0x00000086                strLedScrn6
                0x000000ac                strLedScrn8
                0x000000bf                strLedScrn9
                0x000000eb                str2
                0x00000099                strLedScrn7
                0x00000126                . = ALIGN (0x2)
                0x00000126                __trampolines_start = .
 *(.trampolines)
 .trampolines   0x00000126        0x0 linker stubs
 *(.trampolines*)
                0x00000126                __trampolines_end = .
 *(.jumptables)
 *(.jumptables*)
 *(.lowtext)
 *(.lowtext*)
                0x00000126                __ctors_start = .
 *(.ctors)
                0x00000126                __ctors_end = .
                0x00000126                __dtors_start = .
 *(.dtors)
                0x00000126                __dtors_end = .
 SORT(*)(.ctors)
 SORT(*)(.dtors)
 *(.init0)
 .init0         0x00000126        0x0 c:/winavr-20080610/bin/../lib/gcc/avr/4.3.0/../../../../avr/lib/avr25/crttn861.o
                0x00000126                __init
 *(.init0)
 *(.init1)
 *(.init1)
 *(.init2)
 .init2         0x00000126        0xc c:/winavr-20080610/bin/../lib/gcc/avr/4.3.0/../../../../avr/lib/avr25/crttn861.o
 *(.init2)
 *(.init3)
 *(.init3)
 *(.init4)
 .init4         0x00000132       0x16 c:/winavr-20080610/bin/../lib/gcc/avr/4.3.0/avr25\libgcc.a(_copy_data.o)
                0x00000132                __do_copy_data
 .init4         0x00000148       0x10 c:/winavr-20080610/bin/../lib/gcc/avr/4.3.0/avr25\libgcc.a(_clear_bss.o)
                0x00000148                __do_clear_bss
 *(.init4)
 *(.init5)
 *(.init5)
 *(.init6)
 *(.init6)
 *(.init7)
 *(.init7)
 *(.init8)
 *(.init8)
 *(.init9)
 .init9         0x00000158        0x4 c:/winavr-20080610/bin/../lib/gcc/avr/4.3.0/../../../../avr/lib/avr25/crttn861.o
 *(.init9)
 *(.text)
 .text          0x0000015c        0x2 c:/winavr-20080610/bin/../lib/gcc/avr/4.3.0/../../../../avr/lib/avr25/crttn861.o
                0x0000015c                __vector_1
                0x0000015c                __vector_12
                0x0000015c                __bad_interrupt
                0x0000015c                __vector_3
                0x0000015c                __vector_11
                0x0000015c                __vector_13
                0x0000015c                __vector_17
                0x0000015c                __vector_7
                0x0000015c                __vector_5
                0x0000015c                __vector_4
                0x0000015c                __vector_9
                0x0000015c                __vector_2
                0x0000015c                __vector_15
                0x0000015c                __vector_8
                0x0000015c                __vector_14
                0x0000015c                __vector_10
                0x0000015c                __vector_16
                0x0000015c                __vector_18
 .text          0x0000015e      0x61c ch_display.o
                0x00000172                __vector_6
                0x00000658                display16Bytes
                0x00000566                setupBits
                0x0000015e                main
                0x0000032e                SrvTock
                0x0000072a                uCinit
                0x000004fc                bitReverseAByte
 .text          0x0000077a        0x0 c:/winavr-20080610/bin/../lib/gcc/avr/4.3.0/avr25\libgcc.a(_exit.o)
 .text          0x0000077a        0x0 c:/winavr-20080610/bin/../lib/gcc/avr/4.3.0/avr25\libgcc.a(_copy_data.o)
 .text          0x0000077a        0x0 c:/winavr-20080610/bin/../lib/gcc/avr/4.3.0/avr25\libgcc.a(_clear_bss.o)
                0x0000077a                . = ALIGN (0x2)
 *(.text.*)
 .text.libgcc   0x0000077a        0x0 c:/winavr-20080610/bin/../lib/gcc/avr/4.3.0/avr25\libgcc.a(_exit.o)
 .text.libgcc   0x0000077a        0x0 c:/winavr-20080610/bin/../lib/gcc/avr/4.3.0/avr25\libgcc.a(_copy_data.o)
 .text.libgcc   0x0000077a        0x0 c:/winavr-20080610/bin/../lib/gcc/avr/4.3.0/avr25\libgcc.a(_clear_bss.o)
                0x0000077a                . = ALIGN (0x2)
 *(.fini9)
 .fini9         0x0000077a        0x0 c:/winavr-20080610/bin/../lib/gcc/avr/4.3.0/avr25\libgcc.a(_exit.o)
                0x0000077a                exit
                0x0000077a                _exit
 *(.fini9)
 *(.fini8)
 *(.fini8)
 *(.fini7)
 *(.fini7)
 *(.fini6)
 *(.fini6)
 *(.fini5)
 *(.fini5)
 *(.fini4)
 *(.fini4)
 *(.fini3)
 *(.fini3)
 *(.fini2)
 *(.fini2)
 *(.fini1)
 *(.fini1)
 *(.fini0)
 .fini0         0x0000077a        0x4 c:/winavr-20080610/bin/../lib/gcc/avr/4.3.0/avr25\libgcc.a(_exit.o)
 *(.fini0)
                0x0000077e                _etext = .

.data           0x00800060        0x4 load address 0x0000077e
                0x00800060                PROVIDE (__data_start, .)
 *(.data)
 .data          0x00800060        0x0 c:/winavr-20080610/bin/../lib/gcc/avr/4.3.0/../../../../avr/lib/avr25/crttn861.o
 .data          0x00800060        0x3 ch_display.o
                0x00800060                uTock
                0x00800062                u08StateTmr
 .data          0x00800063        0x0 c:/winavr-20080610/bin/../lib/gcc/avr/4.3.0/avr25\libgcc.a(_exit.o)
 .data          0x00800063        0x0 c:/winavr-20080610/bin/../lib/gcc/avr/4.3.0/avr25\libgcc.a(_copy_data.o)
 .data          0x00800063        0x0 c:/winavr-20080610/bin/../lib/gcc/avr/4.3.0/avr25\libgcc.a(_clear_bss.o)
 *(.data*)
 *(.rodata)
 *(.rodata*)
 *(.gnu.linkonce.d*)
                0x00800064                . = ALIGN (0x2)
 *fill*         0x00800063        0x1 00
                0x00800064                _edata = .
                0x00800064                PROVIDE (__data_end, .)

.bss            0x00800064       0x48 load address 0x00000782
                0x00800064                PROVIDE (__bss_start, .)
 *(.bss)
 .bss           0x00800064        0x0 c:/winavr-20080610/bin/../lib/gcc/avr/4.3.0/../../../../avr/lib/avr25/crttn861.o
 .bss           0x00800064        0x0 ch_display.o
 .bss           0x00800064        0x0 c:/winavr-20080610/bin/../lib/gcc/avr/4.3.0/avr25\libgcc.a(_exit.o)
 .bss           0x00800064        0x0 c:/winavr-20080610/bin/../lib/gcc/avr/4.3.0/avr25\libgcc.a(_copy_data.o)
 .bss           0x00800064        0x0 c:/winavr-20080610/bin/../lib/gcc/avr/4.3.0/avr25\libgcc.a(_clear_bss.o)
 *(.bss*)
 *(COMMON)
 COMMON         0x00800064       0x48 ch_display.o
                0x00800064                u08SecImage
                0x00800074                u08TmrDimming
                0x00800075                u08DisplayData
                0x00800085                u08DimmingLevel
                0x00800086                uboolFadeOut
                0x00800087                u08State
                0x00800088                uboolFadeIn
                0x00800089                u08FirImage
                0x00800099                u08Input
                0x008000a9                u08FrameDisplay
                0x008000aa                boolFirstFrame
                0x008000ab                u08Temp
                0x008000ac                PROVIDE (__bss_end, .)
                0x0000077e                __data_load_start = LOADADDR (.data)
                0x00000782                __data_load_end = (__data_load_start + SIZEOF (.data))

.noinit         0x008000ac        0x0
                0x008000ac                PROVIDE (__noinit_start, .)
 *(.noinit*)
                0x008000ac                PROVIDE (__noinit_end, .)
                0x008000ac                _end = .
                0x008000ac                PROVIDE (__heap_start, .)

.eeprom         0x00810000        0x0
 *(.eeprom*)
                0x00810000                __eeprom_end = .

.fuse
 *(.fuse)
 *(.lfuse)
 *(.hfuse)
 *(.efuse)

.lock
 *(.lock*)

.signature
 *(.signature*)

.stab
 *(.stab)

.stabstr
 *(.stabstr)

.stab.excl
 *(.stab.excl)

.stab.exclstr
 *(.stab.exclstr)

.stab.index
 *(.stab.index)

.stab.indexstr
 *(.stab.indexstr)

.comment
 *(.comment)

.debug
 *(.debug)

.line
 *(.line)

.debug_srcinfo
 *(.debug_srcinfo)

.debug_sfnames
 *(.debug_sfnames)

.debug_aranges  0x00000000       0x20
 *(.debug_aranges)
 .debug_aranges
                0x00000000       0x20 ch_display.o

.debug_pubnames
                0x00000000      0x22d
 *(.debug_pubnames)
 .debug_pubnames
                0x00000000      0x22d ch_display.o

.debug_info     0x00000000      0x501
 *(.debug_info)
 .debug_info    0x00000000      0x501 ch_display.o
 *(.gnu.linkonce.wi.*)

.debug_abbrev   0x00000000      0x132
 *(.debug_abbrev)
 .debug_abbrev  0x00000000      0x132 ch_display.o

.debug_line     0x00000000      0x494
 *(.debug_line)
 .debug_line    0x00000000      0x494 ch_display.o

.debug_frame    0x00000000       0x80
 *(.debug_frame)
 .debug_frame   0x00000000       0x80 ch_display.o

.debug_str      0x00000000      0x2a6
 *(.debug_str)
 .debug_str     0x00000000      0x2a6 ch_display.o
                                0x2da (size before relaxing)

.debug_loc
 *(.debug_loc)

.debug_macinfo
 *(.debug_macinfo)
OUTPUT(ch_disp.elf elf32-avr)
LOAD linker stubs
