
Allocating common symbols
Common symbol       size              file

usbTxBuf            0xb               main.o
usbDeviceAddr       0x1               main.o
usbRxToken          0x1               main.o
usbInputBufOffset   0x1               main.o
usbMsgPtr           0x2               main.o
usbRxLen            0x1               main.o
usbNewDeviceAddr    0x1               main.o
usbCurrentTok       0x1               main.o
usbConfiguration    0x1               main.o
usbRxBuf            0x16              main.o

Memory Configuration

Name             Origin             Length             Attributes
text             0x00000000         0x00002000         xr
data             0x00800060         0x0000ffa0         rw !x
eeprom           0x00810000         0x00010000         rw !x
fuse             0x00820000         0x00000400         rw !x
lock             0x00830000         0x00000400         rw !x
signature        0x00840000         0x00000400         rw !x
*default*        0x00000000         0xffffffff

Linker script and memory map

LOAD main.o
LOAD oddebug.o
LOAD usbdrvasm.o
LOAD gcrt1.o
LOAD libgcc.o

.hash
 *(.hash)

.dynsym
 *(.dynsym)

.dynstr
 *(.dynstr)

.gnu.version
 *(.gnu.version)

.gnu.version_d
 *(.gnu.version_d)

.gnu.version_r
 *(.gnu.version_r)

.rel.init
 *(.rel.init)

.rela.init
 *(.rela.init)

.rel.text
 *(.rel.text)
 *(.rel.text.*)
 *(.rel.gnu.linkonce.t*)

.rela.text
 *(.rela.text)
 *(.rela.text.*)
 *(.rela.gnu.linkonce.t*)

.rel.fini
 *(.rel.fini)

.rela.fini
 *(.rela.fini)

.rel.rodata
 *(.rel.rodata)
 *(.rel.rodata.*)
 *(.rel.gnu.linkonce.r*)

.rela.rodata
 *(.rela.rodata)
 *(.rela.rodata.*)
 *(.rela.gnu.linkonce.r*)

.rel.data
 *(.rel.data)
 *(.rel.data.*)
 *(.rel.gnu.linkonce.d*)

.rela.data
 *(.rela.data)
 *(.rela.data.*)
 *(.rela.gnu.linkonce.d*)

.rel.ctors
 *(.rel.ctors)

.rela.ctors
 *(.rela.ctors)

.rel.dtors
 *(.rel.dtors)

.rela.dtors
 *(.rela.dtors)

.rel.got
 *(.rel.got)

.rela.got
 *(.rela.got)

.rel.bss
 *(.rel.bss)

.rela.bss
 *(.rela.bss)

.rel.plt
 *(.rel.plt)

.rela.plt
 *(.rela.plt)

.text           0x00000000      0x7f8
 *(.vectors)
 .vectors       0x00000000        0x4 gcrt1.o
                0x00000000                __vectors
 *(.vectors)
 *(.progmem.gcc*)
 *(.progmem*)
 .progmem.data  0x00000004       0x74 main.o
                0x0000002e                usbDescriptorDevice
                0x00000004                usbDescriptorString0
                0x00000062                usbDescriptorHidReport
                0x00000040                usbDescriptorConfiguration
                0x00000008                usbDescriptorStringVendor
                0x0000001c                usbDescriptorStringDevice
                0x00000078                . = ALIGN (0x2)
                0x00000078                __trampolines_start = .
 *(.trampolines)
 .trampolines   0x00000078        0x0 linker stubs
 *(.trampolines*)
                0x00000078                __trampolines_end = .
 *(.jumptables)
 *(.jumptables*)
 *(.lowtext)
 *(.lowtext*)
                0x00000078                __ctors_start = .
 *(.ctors)
                0x00000078                __ctors_end = .
                0x00000078                __dtors_start = .
 *(.dtors)
                0x00000078                __dtors_end = .
 SORT(*)(.ctors)
 SORT(*)(.dtors)
 *(.init0)
 .init0         0x00000078        0x0 gcrt1.o
                0x00000078                __init
 *(.init0)
 *(.init1)
 *(.init1)
 *(.init2)
 .init2         0x00000078        0x8 gcrt1.o
 *(.init2)
 *(.init3)
 *(.init3)
 *(.init4)
 .init4         0x00000080       0x1a libgcc.o
                0x00000092                __do_clear_bss
                0x00000080                __do_copy_data
 *(.init4)
 *(.init5)
 *(.init5)
 *(.init6)
 *(.init6)
 *(.init7)
 *(.init7)
 *(.init8)
 *(.init8)
 *(.init9)
 .init9         0x0000009a        0x2 gcrt1.o
 *(.init9)
 *(.text)
 .text          0x0000009c      0x45a main.o
                0x0000009c                wait
                0x000000fa                main
 .text          0x000004f6        0x0 oddebug.o
 .text          0x000004f6      0x302 usbdrvasm.o
                0x0000054e                __vector_1
                0x000004f6                usbCrc16
                0x00000520                usbCrc16Append
                0x00000528                usbMeasureFrameLength
 .text          0x000007f8        0x0 gcrt1.o
 .text          0x000007f8        0x0 libgcc.o
                0x000007f8                . = ALIGN (0x2)
 *(.text.*)
 .text.libgcc   0x000007f8        0x0 libgcc.o
                0x000007f8                . = ALIGN (0x2)
 *(.fini9)
 *(.fini9)
 *(.fini8)
 *(.fini8)
 *(.fini7)
 *(.fini7)
 *(.fini6)
 *(.fini6)
 *(.fini5)
 *(.fini5)
 *(.fini4)
 *(.fini4)
 *(.fini3)
 *(.fini3)
 *(.fini2)
 *(.fini2)
 *(.fini1)
 *(.fini1)
 *(.fini0)
 *(.fini0)
                0x000007f8                _etext = .

.data           0x00800060        0x4 load address 0x000007f8
                0x00800060                PROVIDE (__data_start, .)
 *(.data)
 .data          0x00800060        0x3 main.o
                0x00800060                usbTxLen
 .data          0x00800063        0x0 oddebug.o
 .data          0x00800063        0x0 usbdrvasm.o
 .data          0x00800063        0x0 gcrt1.o
 .data          0x00800063        0x0 libgcc.o
 *(.data*)
 *(.rodata)
 *(.rodata*)
 *(.gnu.linkonce.d*)
                0x00800064                . = ALIGN (0x2)
 *fill*         0x00800063        0x1 00
                0x00800064                _edata = .
                0x00800064                PROVIDE (__data_end, .)

.bss            0x00800064       0x4a
                0x00800064                PROVIDE (__bss_start, .)
 *(.bss)
 .bss           0x00800064       0x20 main.o
 .bss           0x00800084        0x0 oddebug.o
 .bss           0x00800084        0x0 usbdrvasm.o
 .bss           0x00800084        0x0 gcrt1.o
 .bss           0x00800084        0x0 libgcc.o
 *(.bss*)
 *(COMMON)
 COMMON         0x00800084       0x2a main.o
                0x00800084                usbTxBuf
                0x0080008f                usbDeviceAddr
                0x00800090                usbRxToken
                0x00800091                usbInputBufOffset
                0x00800092                usbMsgPtr
                0x00800094                usbRxLen
                0x00800095                usbNewDeviceAddr
                0x00800096                usbCurrentTok
                0x00800097                usbConfiguration
                0x00800098                usbRxBuf
                0x008000ae                PROVIDE (__bss_end, .)
                0x000007f8                __data_load_start = LOADADDR (.data)
                0x000007fc                __data_load_end = (__data_load_start + SIZEOF (.data))

.noinit         0x008000ae        0x0
                0x008000ae                PROVIDE (__noinit_start, .)
 *(.noinit*)
                0x008000ae                PROVIDE (__noinit_end, .)
                0x008000ae                _end = .
                0x008000ae                PROVIDE (__heap_start, .)

.eeprom         0x00810000        0x0
 *(.eeprom*)
                0x00810000                __eeprom_end = .

.fuse
 *(.fuse)
 *(.lfuse)
 *(.hfuse)
 *(.efuse)

.lock
 *(.lock*)

.signature
 *(.signature*)

.stab
 *(.stab)

.stabstr
 *(.stabstr)

.stab.excl
 *(.stab.excl)

.stab.exclstr
 *(.stab.exclstr)

.stab.index
 *(.stab.index)

.stab.indexstr
 *(.stab.indexstr)

.comment
 *(.comment)

.debug
 *(.debug)

.line
 *(.line)

.debug_srcinfo
 *(.debug_srcinfo)

.debug_sfnames
 *(.debug_sfnames)

.debug_aranges  0x00000000       0x20
 *(.debug_aranges)
 .debug_aranges
                0x00000000       0x20 main.o

.debug_pubnames
                0x00000000      0x180
 *(.debug_pubnames)
 .debug_pubnames
                0x00000000      0x180 main.o

.debug_info     0x00000000      0xd6b
 *(.debug_info)
 .debug_info    0x00000000      0xd0a main.o
 .debug_info    0x00000d0a       0x61 oddebug.o
 *(.gnu.linkonce.wi.*)

.debug_abbrev   0x00000000      0x34a
 *(.debug_abbrev)
 .debug_abbrev  0x00000000      0x317 main.o
 .debug_abbrev  0x00000317       0x33 oddebug.o

.debug_line     0x00000000      0x73d
 *(.debug_line)
 .debug_line    0x00000000      0x6fc main.o
 .debug_line    0x000006fc       0x41 oddebug.o

.debug_frame    0x00000000       0x50
 *(.debug_frame)
 .debug_frame   0x00000000       0x50 main.o

.debug_str      0x00000000      0x4be
 *(.debug_str)
 .debug_str     0x00000000      0x4aa main.o
                                0x4fa (size before relaxing)
 .debug_str     0x000004aa       0x14 oddebug.o
                                 0xd9 (size before relaxing)

.debug_loc      0x00000000      0x615
 *(.debug_loc)
 .debug_loc     0x00000000      0x615 main.o

.debug_macinfo
 *(.debug_macinfo)
OUTPUT(USB_hid_data.elf elf32-avr)
LOAD linker stubs

.debug_ranges   0x00000000      0x180
 .debug_ranges  0x00000000      0x180 main.o
