Archive member included to satisfy reference by file (symbol)

c:/program files (x86)/atmel/studio/7.0/toolchain/avr8/avr8-gnu-toolchain/bin/../lib/gcc/avr/4.9.2/avr51\libgcc.a(_exit.o)
                              C:/Program Files (x86)/Atmel/Studio/7.0/Packs/atmel/ATmega_DFP/1.0.90/gcc/dev/atmega128/avr51/crtatmega128.o (exit)
c:/program files (x86)/atmel/studio/7.0/toolchain/avr8/avr8-gnu-toolchain/bin/../lib/gcc/avr/4.9.2/avr51\libgcc.a(_copy_data.o)
                              __T6963C_Drive_Main.o (__do_copy_data)
c:/program files (x86)/atmel/studio/7.0/toolchain/avr8/avr8-gnu-toolchain/bin/../lib/gcc/avr/4.9.2/avr51\libgcc.a(_clear_bss.o)
                              __T6963C_Drive_Main.o (__do_clear_bss)
c:/program files (x86)/atmel/studio/7.0/toolchain/avr8/avr8-gnu-toolchain/bin/../lib/gcc/avr/4.9.2/../../../../avr/lib/avr51\libc.a(sprintf.o)
                              __T6963C_Drive_Main.o (sprintf)
c:/program files (x86)/atmel/studio/7.0/toolchain/avr8/avr8-gnu-toolchain/bin/../lib/gcc/avr/4.9.2/../../../../avr/lib/avr51\libc.a(vfprintf_std.o)
                              c:/program files (x86)/atmel/studio/7.0/toolchain/avr8/avr8-gnu-toolchain/bin/../lib/gcc/avr/4.9.2/../../../../avr/lib/avr51\libc.a(sprintf.o) (vfprintf)
c:/program files (x86)/atmel/studio/7.0/toolchain/avr8/avr8-gnu-toolchain/bin/../lib/gcc/avr/4.9.2/../../../../avr/lib/avr51\libc.a(strnlen_P.o)
                              c:/program files (x86)/atmel/studio/7.0/toolchain/avr8/avr8-gnu-toolchain/bin/../lib/gcc/avr/4.9.2/../../../../avr/lib/avr51\libc.a(vfprintf_std.o) (strnlen_P)
c:/program files (x86)/atmel/studio/7.0/toolchain/avr8/avr8-gnu-toolchain/bin/../lib/gcc/avr/4.9.2/../../../../avr/lib/avr51\libc.a(strnlen.o)
                              c:/program files (x86)/atmel/studio/7.0/toolchain/avr8/avr8-gnu-toolchain/bin/../lib/gcc/avr/4.9.2/../../../../avr/lib/avr51\libc.a(vfprintf_std.o) (strnlen)
c:/program files (x86)/atmel/studio/7.0/toolchain/avr8/avr8-gnu-toolchain/bin/../lib/gcc/avr/4.9.2/../../../../avr/lib/avr51\libc.a(fputc.o)
                              c:/program files (x86)/atmel/studio/7.0/toolchain/avr8/avr8-gnu-toolchain/bin/../lib/gcc/avr/4.9.2/../../../../avr/lib/avr51\libc.a(vfprintf_std.o) (fputc)
c:/program files (x86)/atmel/studio/7.0/toolchain/avr8/avr8-gnu-toolchain/bin/../lib/gcc/avr/4.9.2/../../../../avr/lib/avr51\libc.a(ultoa_invert.o)
                              c:/program files (x86)/atmel/studio/7.0/toolchain/avr8/avr8-gnu-toolchain/bin/../lib/gcc/avr/4.9.2/../../../../avr/lib/avr51\libc.a(vfprintf_std.o) (__ultoa_invert)

Discarded input sections

 .data          0x00000000        0x0 C:/Program Files (x86)/Atmel/Studio/7.0/Packs/atmel/ATmega_DFP/1.0.90/gcc/dev/atmega128/avr51/crtatmega128.o
 .bss           0x00000000        0x0 C:/Program Files (x86)/Atmel/Studio/7.0/Packs/atmel/ATmega_DFP/1.0.90/gcc/dev/atmega128/avr51/crtatmega128.o
 .text          0x00000000        0x0 _T6963_Display_Drive_V100.o
 .data          0x00000000        0x0 _T6963_Display_Drive_V100.o
 .bss           0x00000000        0x0 _T6963_Display_Drive_V100.o
 .text._ZN18class_T6963C_Drive17InterfaceDataReadEv
                0x00000000        0x8 _T6963_Display_Drive_V100.o
 .text._ZN18class_T6963C_Drive11CanAutoReadEv
                0x00000000       0x16 _T6963_Display_Drive_V100.o
 .text._ZN18class_T6963C_Drive8DataReadEv
                0x00000000       0x16 _T6963_Display_Drive_V100.o
 .text._ZN18class_T6963C_DriveD2Ev
                0x00000000        0x2 _T6963_Display_Drive_V100.o
 .text._ZN18class_T6963C_Drive8LocateXYEii
                0x00000000       0x9c _T6963_Display_Drive_V100.o
 .text._ZN18class_T6963C_Drive14ClsTextSetCharEh
                0x00000000        0x6 _T6963_Display_Drive_V100.o
 .text._ZN18class_T6963C_Drive15ClsGraphSetByteEh
                0x00000000        0x6 _T6963_Display_Drive_V100.o
 .text._ZN18class_T6963C_Drive11GetTextColsEv
                0x00000000        0x6 _T6963_Display_Drive_V100.o
 .text._ZN18class_T6963C_Drive11GetTextRowsEv
                0x00000000        0x6 _T6963_Display_Drive_V100.o
 .text._ZN18class_T6963C_Drive13GetGraphWidthEv
                0x00000000        0x6 _T6963_Display_Drive_V100.o
 .text._ZN18class_T6963C_Drive14GetGraphHeightEv
                0x00000000        0x6 _T6963_Display_Drive_V100.o
 .text._ZN18class_T6963C_Drive5PutSFEPKc
                0x00000000        0x8 _T6963_Display_Drive_V100.o
 .text._ZN18class_T6963C_Drive8SetPixelEiih
                0x00000000       0x40 _T6963_Display_Drive_V100.o
 .text._ZN18class_T6963C_Drive5Plot8Eiiiih
                0x00000000       0xd8 _T6963_Display_Drive_V100.o
 .text._ZN18class_T6963C_Drive6CircleEiiih
                0x00000000       0xdc _T6963_Display_Drive_V100.o
 .text._ZN18class_T6963C_Drive4LineEiiiih
                0x00000000      0x1f0 _T6963_Display_Drive_V100.o
 .text._ZN18class_T6963C_Drive3BoxEiiiih
                0x00000000       0x70 _T6963_Display_Drive_V100.o
 .text          0x00000000        0x0 __T6963C_Drive_Main.o
 .data          0x00000000        0x0 __T6963C_Drive_Main.o
 .bss           0x00000000        0x0 __T6963C_Drive_Main.o
 .text          0x00000000        0x0 _Time_v125.o
 .data          0x00000000        0x0 _Time_v125.o
 .bss           0x00000000        0x0 _Time_v125.o
 .text._ZN10class_Time12UnInitializeEv
                0x00000000       0x14 _Time_v125.o
 .text._ZN10class_Time11GetTimeTickEv
                0x00000000       0x12 _Time_v125.o
 .text._ZN10class_Time15PrepareForSleepEv
                0x00000000       0x10 _Time_v125.o
 .text._ZN10class_Time16RestoreFromSleepEv
                0x00000000       0x10 _Time_v125.o
 .text._ZN10class_Time10Delay5NopsEj
                0x00000000        0xa _Time_v125.o
 .text._ZN10class_Time21DelayMillisBySoftwareEj
                0x00000000       0x1e _Time_v125.o
 .text._ZN10class_Time10SetElapsedEPm
                0x00000000       0x18 _Time_v125.o
 .text._ZN10class_Time10GetElapsedEPm
                0x00000000       0x28 _Time_v125.o
 .text._ZN10class_Time10ChronoMarkEv
                0x00000000       0x18 _Time_v125.o
 .text._ZN10class_Time9ChronoNowEv
                0x00000000       0x28 _Time_v125.o
 .text._ZN10class_Time20SetTimeClockCallBackEPFvhhhE
                0x00000000        0xa _Time_v125.o
 .text._ZN10class_Time24SetTimeInterruptCallBackEPFvvE
                0x00000000        0xa _Time_v125.o
 .text._ZN10class_Time25SetTimeClockCallBackStateEb
                0x00000000        0x6 _Time_v125.o
 .text._ZN10class_Time29SetTimeInterruptCallBackStateEb
                0x00000000        0x6 _Time_v125.o
 .text._ZN10class_Time25GetTimeClockCallBackStateEv
                0x00000000        0x6 _Time_v125.o
 .text._ZN10class_Time29GetTimeInterruptCallBackStateEv
                0x00000000        0x6 _Time_v125.o
 .text._ZN10class_Time7GetTimeEv
                0x00000000       0x26 _Time_v125.o
 .text._ZN10class_Time7GetTimeERhS0_S0_
                0x00000000       0x1e _Time_v125.o
 .text._ZN10class_Time7SetTimeEhhh
                0x00000000       0x12 _Time_v125.o
 .text._ZN10class_Time7SetTimeE11struct_Time
                0x00000000       0x12 _Time_v125.o
 .text._ZN10class_Time4TestEv
                0x00000000        0x2 _Time_v125.o
 .text          0x00000000        0x0 c:/program files (x86)/atmel/studio/7.0/toolchain/avr8/avr8-gnu-toolchain/bin/../lib/gcc/avr/4.9.2/avr51\libgcc.a(_exit.o)
 .data          0x00000000        0x0 c:/program files (x86)/atmel/studio/7.0/toolchain/avr8/avr8-gnu-toolchain/bin/../lib/gcc/avr/4.9.2/avr51\libgcc.a(_exit.o)
 .bss           0x00000000        0x0 c:/program files (x86)/atmel/studio/7.0/toolchain/avr8/avr8-gnu-toolchain/bin/../lib/gcc/avr/4.9.2/avr51\libgcc.a(_exit.o)
 .text.libgcc.mul
                0x00000000        0x0 c:/program files (x86)/atmel/studio/7.0/toolchain/avr8/avr8-gnu-toolchain/bin/../lib/gcc/avr/4.9.2/avr51\libgcc.a(_exit.o)
 .text.libgcc.div
                0x00000000        0x0 c:/program files (x86)/atmel/studio/7.0/toolchain/avr8/avr8-gnu-toolchain/bin/../lib/gcc/avr/4.9.2/avr51\libgcc.a(_exit.o)
 .text.libgcc   0x00000000        0x0 c:/program files (x86)/atmel/studio/7.0/toolchain/avr8/avr8-gnu-toolchain/bin/../lib/gcc/avr/4.9.2/avr51\libgcc.a(_exit.o)
 .text.libgcc.prologue
                0x00000000        0x0 c:/program files (x86)/atmel/studio/7.0/toolchain/avr8/avr8-gnu-toolchain/bin/../lib/gcc/avr/4.9.2/avr51\libgcc.a(_exit.o)
 .text.libgcc.builtins
                0x00000000        0x0 c:/program files (x86)/atmel/studio/7.0/toolchain/avr8/avr8-gnu-toolchain/bin/../lib/gcc/avr/4.9.2/avr51\libgcc.a(_exit.o)
 .text.libgcc.fmul
                0x00000000        0x0 c:/program files (x86)/atmel/studio/7.0/toolchain/avr8/avr8-gnu-toolchain/bin/../lib/gcc/avr/4.9.2/avr51\libgcc.a(_exit.o)
 .text.libgcc.fixed
                0x00000000        0x0 c:/program files (x86)/atmel/studio/7.0/toolchain/avr8/avr8-gnu-toolchain/bin/../lib/gcc/avr/4.9.2/avr51\libgcc.a(_exit.o)
 .text          0x00000000        0x0 c:/program files (x86)/atmel/studio/7.0/toolchain/avr8/avr8-gnu-toolchain/bin/../lib/gcc/avr/4.9.2/avr51\libgcc.a(_copy_data.o)
 .data          0x00000000        0x0 c:/program files (x86)/atmel/studio/7.0/toolchain/avr8/avr8-gnu-toolchain/bin/../lib/gcc/avr/4.9.2/avr51\libgcc.a(_copy_data.o)
 .bss           0x00000000        0x0 c:/program files (x86)/atmel/studio/7.0/toolchain/avr8/avr8-gnu-toolchain/bin/../lib/gcc/avr/4.9.2/avr51\libgcc.a(_copy_data.o)
 .text.libgcc.mul
                0x00000000        0x0 c:/program files (x86)/atmel/studio/7.0/toolchain/avr8/avr8-gnu-toolchain/bin/../lib/gcc/avr/4.9.2/avr51\libgcc.a(_copy_data.o)
 .text.libgcc.div
                0x00000000        0x0 c:/program files (x86)/atmel/studio/7.0/toolchain/avr8/avr8-gnu-toolchain/bin/../lib/gcc/avr/4.9.2/avr51\libgcc.a(_copy_data.o)
 .text.libgcc   0x00000000        0x0 c:/program files (x86)/atmel/studio/7.0/toolchain/avr8/avr8-gnu-toolchain/bin/../lib/gcc/avr/4.9.2/avr51\libgcc.a(_copy_data.o)
 .text.libgcc.prologue
                0x00000000        0x0 c:/program files (x86)/atmel/studio/7.0/toolchain/avr8/avr8-gnu-toolchain/bin/../lib/gcc/avr/4.9.2/avr51\libgcc.a(_copy_data.o)
 .text.libgcc.builtins
                0x00000000        0x0 c:/program files (x86)/atmel/studio/7.0/toolchain/avr8/avr8-gnu-toolchain/bin/../lib/gcc/avr/4.9.2/avr51\libgcc.a(_copy_data.o)
 .text.libgcc.fmul
                0x00000000        0x0 c:/program files (x86)/atmel/studio/7.0/toolchain/avr8/avr8-gnu-toolchain/bin/../lib/gcc/avr/4.9.2/avr51\libgcc.a(_copy_data.o)
 .text.libgcc.fixed
                0x00000000        0x0 c:/program files (x86)/atmel/studio/7.0/toolchain/avr8/avr8-gnu-toolchain/bin/../lib/gcc/avr/4.9.2/avr51\libgcc.a(_copy_data.o)
 .text          0x00000000        0x0 c:/program files (x86)/atmel/studio/7.0/toolchain/avr8/avr8-gnu-toolchain/bin/../lib/gcc/avr/4.9.2/avr51\libgcc.a(_clear_bss.o)
 .data          0x00000000        0x0 c:/program files (x86)/atmel/studio/7.0/toolchain/avr8/avr8-gnu-toolchain/bin/../lib/gcc/avr/4.9.2/avr51\libgcc.a(_clear_bss.o)
 .bss           0x00000000        0x0 c:/program files (x86)/atmel/studio/7.0/toolchain/avr8/avr8-gnu-toolchain/bin/../lib/gcc/avr/4.9.2/avr51\libgcc.a(_clear_bss.o)
 .text.libgcc.mul
                0x00000000        0x0 c:/program files (x86)/atmel/studio/7.0/toolchain/avr8/avr8-gnu-toolchain/bin/../lib/gcc/avr/4.9.2/avr51\libgcc.a(_clear_bss.o)
 .text.libgcc.div
                0x00000000        0x0 c:/program files (x86)/atmel/studio/7.0/toolchain/avr8/avr8-gnu-toolchain/bin/../lib/gcc/avr/4.9.2/avr51\libgcc.a(_clear_bss.o)
 .text.libgcc   0x00000000        0x0 c:/program files (x86)/atmel/studio/7.0/toolchain/avr8/avr8-gnu-toolchain/bin/../lib/gcc/avr/4.9.2/avr51\libgcc.a(_clear_bss.o)
 .text.libgcc.prologue
                0x00000000        0x0 c:/program files (x86)/atmel/studio/7.0/toolchain/avr8/avr8-gnu-toolchain/bin/../lib/gcc/avr/4.9.2/avr51\libgcc.a(_clear_bss.o)
 .text.libgcc.builtins
                0x00000000        0x0 c:/program files (x86)/atmel/studio/7.0/toolchain/avr8/avr8-gnu-toolchain/bin/../lib/gcc/avr/4.9.2/avr51\libgcc.a(_clear_bss.o)
 .text.libgcc.fmul
                0x00000000        0x0 c:/program files (x86)/atmel/studio/7.0/toolchain/avr8/avr8-gnu-toolchain/bin/../lib/gcc/avr/4.9.2/avr51\libgcc.a(_clear_bss.o)
 .text.libgcc.fixed
                0x00000000        0x0 c:/program files (x86)/atmel/studio/7.0/toolchain/avr8/avr8-gnu-toolchain/bin/../lib/gcc/avr/4.9.2/avr51\libgcc.a(_clear_bss.o)
 .text          0x00000000        0x0 c:/program files (x86)/atmel/studio/7.0/toolchain/avr8/avr8-gnu-toolchain/bin/../lib/gcc/avr/4.9.2/../../../../avr/lib/avr51\libc.a(sprintf.o)
 .data          0x00000000        0x0 c:/program files (x86)/atmel/studio/7.0/toolchain/avr8/avr8-gnu-toolchain/bin/../lib/gcc/avr/4.9.2/../../../../avr/lib/avr51\libc.a(sprintf.o)
 .bss           0x00000000        0x0 c:/program files (x86)/atmel/studio/7.0/toolchain/avr8/avr8-gnu-toolchain/bin/../lib/gcc/avr/4.9.2/../../../../avr/lib/avr51\libc.a(sprintf.o)
 .text          0x00000000        0x0 c:/program files (x86)/atmel/studio/7.0/toolchain/avr8/avr8-gnu-toolchain/bin/../lib/gcc/avr/4.9.2/../../../../avr/lib/avr51\libc.a(vfprintf_std.o)
 .data          0x00000000        0x0 c:/program files (x86)/atmel/studio/7.0/toolchain/avr8/avr8-gnu-toolchain/bin/../lib/gcc/avr/4.9.2/../../../../avr/lib/avr51\libc.a(vfprintf_std.o)
 .bss           0x00000000        0x0 c:/program files (x86)/atmel/studio/7.0/toolchain/avr8/avr8-gnu-toolchain/bin/../lib/gcc/avr/4.9.2/../../../../avr/lib/avr51\libc.a(vfprintf_std.o)
 .text          0x00000000        0x0 c:/program files (x86)/atmel/studio/7.0/toolchain/avr8/avr8-gnu-toolchain/bin/../lib/gcc/avr/4.9.2/../../../../avr/lib/avr51\libc.a(strnlen_P.o)
 .data          0x00000000        0x0 c:/program files (x86)/atmel/studio/7.0/toolchain/avr8/avr8-gnu-toolchain/bin/../lib/gcc/avr/4.9.2/../../../../avr/lib/avr51\libc.a(strnlen_P.o)
 .bss           0x00000000        0x0 c:/program files (x86)/atmel/studio/7.0/toolchain/avr8/avr8-gnu-toolchain/bin/../lib/gcc/avr/4.9.2/../../../../avr/lib/avr51\libc.a(strnlen_P.o)
 .text          0x00000000        0x0 c:/program files (x86)/atmel/studio/7.0/toolchain/avr8/avr8-gnu-toolchain/bin/../lib/gcc/avr/4.9.2/../../../../avr/lib/avr51\libc.a(strnlen.o)
 .data          0x00000000        0x0 c:/program files (x86)/atmel/studio/7.0/toolchain/avr8/avr8-gnu-toolchain/bin/../lib/gcc/avr/4.9.2/../../../../avr/lib/avr51\libc.a(strnlen.o)
 .bss           0x00000000        0x0 c:/program files (x86)/atmel/studio/7.0/toolchain/avr8/avr8-gnu-toolchain/bin/../lib/gcc/avr/4.9.2/../../../../avr/lib/avr51\libc.a(strnlen.o)
 .text          0x00000000        0x0 c:/program files (x86)/atmel/studio/7.0/toolchain/avr8/avr8-gnu-toolchain/bin/../lib/gcc/avr/4.9.2/../../../../avr/lib/avr51\libc.a(fputc.o)
 .data          0x00000000        0x0 c:/program files (x86)/atmel/studio/7.0/toolchain/avr8/avr8-gnu-toolchain/bin/../lib/gcc/avr/4.9.2/../../../../avr/lib/avr51\libc.a(fputc.o)
 .bss           0x00000000        0x0 c:/program files (x86)/atmel/studio/7.0/toolchain/avr8/avr8-gnu-toolchain/bin/../lib/gcc/avr/4.9.2/../../../../avr/lib/avr51\libc.a(fputc.o)
 .text          0x00000000        0x0 c:/program files (x86)/atmel/studio/7.0/toolchain/avr8/avr8-gnu-toolchain/bin/../lib/gcc/avr/4.9.2/../../../../avr/lib/avr51\libc.a(ultoa_invert.o)
 .data          0x00000000        0x0 c:/program files (x86)/atmel/studio/7.0/toolchain/avr8/avr8-gnu-toolchain/bin/../lib/gcc/avr/4.9.2/../../../../avr/lib/avr51\libc.a(ultoa_invert.o)
 .bss           0x00000000        0x0 c:/program files (x86)/atmel/studio/7.0/toolchain/avr8/avr8-gnu-toolchain/bin/../lib/gcc/avr/4.9.2/../../../../avr/lib/avr51\libc.a(ultoa_invert.o)

Memory Configuration

Name             Origin             Length             Attributes
text             0x00000000         0x00020000         xr
data             0x00800100         0x0000ff00         rw !x
eeprom           0x00810000         0x00010000         rw !x
fuse             0x00820000         0x00000400         rw !x
lock             0x00830000         0x00000400         rw !x
signature        0x00840000         0x00000400         rw !x
user_signatures  0x00850000         0x00000400         rw !x
*default*        0x00000000         0xffffffff

Linker script and memory map

Address of section .data set to 0x800100
LOAD C:/Program Files (x86)/Atmel/Studio/7.0/Packs/atmel/ATmega_DFP/1.0.90/gcc/dev/atmega128/avr51/crtatmega128.o
LOAD _T6963_Display_Drive_V100.o
LOAD __T6963C_Drive_Main.o
LOAD _Time_v125.o
START GROUP
LOAD c:/program files (x86)/atmel/studio/7.0/toolchain/avr8/avr8-gnu-toolchain/bin/../lib/gcc/avr/4.9.2/../../../../avr/lib/avr51\libm.a
END GROUP
LOAD c:/program files (x86)/atmel/studio/7.0/toolchain/avr8/avr8-gnu-toolchain/bin/../lib/gcc/avr/4.9.2/avr51\libgcc.a
LOAD c:/program files (x86)/atmel/studio/7.0/toolchain/avr8/avr8-gnu-toolchain/bin/../lib/gcc/avr/4.9.2/../../../../avr/lib/avr51\libm.a
START GROUP
LOAD c:/program files (x86)/atmel/studio/7.0/toolchain/avr8/avr8-gnu-toolchain/bin/../lib/gcc/avr/4.9.2/avr51\libgcc.a
LOAD c:/program files (x86)/atmel/studio/7.0/toolchain/avr8/avr8-gnu-toolchain/bin/../lib/gcc/avr/4.9.2/../../../../avr/lib/avr51\libm.a
LOAD c:/program files (x86)/atmel/studio/7.0/toolchain/avr8/avr8-gnu-toolchain/bin/../lib/gcc/avr/4.9.2/../../../../avr/lib/avr51\libc.a
LOAD C:/Program Files (x86)/Atmel/Studio/7.0/Packs/atmel/ATmega_DFP/1.0.90/gcc/dev/atmega128/avr51\libatmega128.a
END GROUP

.hash
 *(.hash)

.dynsym
 *(.dynsym)

.dynstr
 *(.dynstr)

.gnu.version
 *(.gnu.version)

.gnu.version_d
 *(.gnu.version_d)

.gnu.version_r
 *(.gnu.version_r)

.rel.init
 *(.rel.init)

.rela.init
 *(.rela.init)

.rel.text
 *(.rel.text)
 *(.rel.text.*)
 *(.rel.gnu.linkonce.t*)

.rela.text
 *(.rela.text)
 *(.rela.text.*)
 *(.rela.gnu.linkonce.t*)

.rel.fini
 *(.rel.fini)

.rela.fini
 *(.rela.fini)

.rel.rodata
 *(.rel.rodata)
 *(.rel.rodata.*)
 *(.rel.gnu.linkonce.r*)

.rela.rodata
 *(.rela.rodata)
 *(.rela.rodata.*)
 *(.rela.gnu.linkonce.r*)

.rel.data
 *(.rel.data)
 *(.rel.data.*)
 *(.rel.gnu.linkonce.d*)

.rela.data
 *(.rela.data)
 *(.rela.data.*)
 *(.rela.gnu.linkonce.d*)

.rel.ctors
 *(.rel.ctors)

.rela.ctors
 *(.rela.ctors)

.rel.dtors
 *(.rel.dtors)

.rela.dtors
 *(.rela.dtors)

.rel.got
 *(.rel.got)

.rela.got
 *(.rela.got)

.rel.bss
 *(.rel.bss)

.rela.bss
 *(.rela.bss)

.rel.plt
 *(.rel.plt)

.rela.plt
 *(.rela.plt)

.text           0x00000000      0xd84
 *(.vectors)
 .vectors       0x00000000       0x8c C:/Program Files (x86)/Atmel/Studio/7.0/Packs/atmel/ATmega_DFP/1.0.90/gcc/dev/atmega128/avr51/crtatmega128.o
                0x00000000                __vector_default
                0x00000000                __vectors
 *(.vectors)
 *(.progmem.gcc*)
                0x0000008c                . = ALIGN (0x2)
                0x0000008c                __trampolines_start = .
 *(.trampolines)
 .trampolines   0x0000008c        0x0 linker stubs
 *(.trampolines*)
                0x0000008c                __trampolines_end = .
 *(.progmem*)
                0x0000008c                . = ALIGN (0x2)
 *(.jumptables)
 *(.jumptables*)
 *(.lowtext)
 *(.lowtext*)
                0x0000008c                __ctors_start = .
 *(.ctors)
                0x0000008c                __ctors_end = .
                0x0000008c                __dtors_start = .
 *(.dtors)
                0x0000008c                __dtors_end = .
 SORT(*)(.ctors)
 SORT(*)(.dtors)
 *(.init0)
 .init0         0x0000008c        0x0 C:/Program Files (x86)/Atmel/Studio/7.0/Packs/atmel/ATmega_DFP/1.0.90/gcc/dev/atmega128/avr51/crtatmega128.o
                0x0000008c                __init
 *(.init0)
 *(.init1)
 *(.init1)
 *(.init2)
 .init2         0x0000008c        0xc C:/Program Files (x86)/Atmel/Studio/7.0/Packs/atmel/ATmega_DFP/1.0.90/gcc/dev/atmega128/avr51/crtatmega128.o
 *(.init2)
 *(.init3)
 *(.init3)
 *(.init4)
 .init4         0x00000098       0x1a c:/program files (x86)/atmel/studio/7.0/toolchain/avr8/avr8-gnu-toolchain/bin/../lib/gcc/avr/4.9.2/avr51\libgcc.a(_copy_data.o)
                0x00000098                __do_copy_data
 .init4         0x000000b2       0x10 c:/program files (x86)/atmel/studio/7.0/toolchain/avr8/avr8-gnu-toolchain/bin/../lib/gcc/avr/4.9.2/avr51\libgcc.a(_clear_bss.o)
                0x000000b2                __do_clear_bss
 *(.init4)
 *(.init5)
 *(.init5)
 *(.init6)
 *(.init6)
 *(.init7)
 *(.init7)
 *(.init8)
 *(.init8)
 *(.init9)
 .init9         0x000000c2        0x4 C:/Program Files (x86)/Atmel/Studio/7.0/Packs/atmel/ATmega_DFP/1.0.90/gcc/dev/atmega128/avr51/crtatmega128.o
 *(.init9)
 *(.text)
 .text          0x000000c6        0x2 C:/Program Files (x86)/Atmel/Studio/7.0/Packs/atmel/ATmega_DFP/1.0.90/gcc/dev/atmega128/avr51/crtatmega128.o
                0x000000c6                __vector_22
                0x000000c6                __vector_28
                0x000000c6                __vector_1
                0x000000c6                __vector_32
                0x000000c6                __vector_34
                0x000000c6                __vector_24
                0x000000c6                __vector_12
                0x000000c6                __bad_interrupt
                0x000000c6                __vector_6
                0x000000c6                __vector_31
                0x000000c6                __vector_3
                0x000000c6                __vector_23
                0x000000c6                __vector_30
                0x000000c6                __vector_25
                0x000000c6                __vector_11
                0x000000c6                __vector_13
                0x000000c6                __vector_17
                0x000000c6                __vector_19
                0x000000c6                __vector_7
                0x000000c6                __vector_27
                0x000000c6                __vector_5
                0x000000c6                __vector_33
                0x000000c6                __vector_4
                0x000000c6                __vector_9
                0x000000c6                __vector_2
                0x000000c6                __vector_21
                0x000000c6                __vector_29
                0x000000c6                __vector_8
                0x000000c6                __vector_26
                0x000000c6                __vector_14
                0x000000c6                __vector_10
                0x000000c6                __vector_16
                0x000000c6                __vector_18
                0x000000c6                __vector_20
                0x000000c8                . = ALIGN (0x2)
 *(.text.*)
 .text._ZL7delayMsj
                0x000000c8       0x18 _T6963_Display_Drive_V100.o
 .text._ZN18class_T6963C_Drive13InterfaceReadEv
                0x000000e0       0x1c _T6963_Display_Drive_V100.o
                0x000000e0                _ZN18class_T6963C_Drive13InterfaceReadEv
 .text._ZN18class_T6963C_Drive14InterfaceWriteEv
                0x000000fc       0x20 _T6963_Display_Drive_V100.o
                0x000000fc                _ZN18class_T6963C_Drive14InterfaceWriteEv
 .text._ZN18class_T6963C_Drive19InterfaceStatusReadEv
                0x0000011c        0x6 _T6963_Display_Drive_V100.o
                0x0000011c                _ZN18class_T6963C_Drive19InterfaceStatusReadEv
 .text._ZN18class_T6963C_Drive17InterfaceCmdWriteEh
                0x00000122        0xc _T6963_Display_Drive_V100.o
                0x00000122                _ZN18class_T6963C_Drive17InterfaceCmdWriteEh
 .text._ZN18class_T6963C_Drive18InterfaceDataWriteEh
                0x0000012e        0xc _T6963_Display_Drive_V100.o
                0x0000012e                _ZN18class_T6963C_Drive18InterfaceDataWriteEh
 .text._ZN18class_T6963C_Drive12CanReadWriteEv
                0x0000013a       0x16 _T6963_Display_Drive_V100.o
                0x0000013a                _ZN18class_T6963C_Drive12CanReadWriteEv
 .text._ZN18class_T6963C_Drive12CanAutoWriteEv
                0x00000150       0x14 _T6963_Display_Drive_V100.o
                0x00000150                _ZN18class_T6963C_Drive12CanAutoWriteEv
 .text._ZN18class_T6963C_Drive9DataWriteEh
                0x00000164       0x1a _T6963_Display_Drive_V100.o
                0x00000164                _ZN18class_T6963C_Drive9DataWriteEh
 .text._ZN18class_T6963C_Drive8CmdWriteEh
                0x0000017e       0x1a _T6963_Display_Drive_V100.o
                0x0000017e                _ZN18class_T6963C_Drive8CmdWriteEh
 .text._ZN18class_T6963C_Drive13DataAutoWriteEh
                0x00000198       0x1a _T6963_Display_Drive_V100.o
                0x00000198                _ZN18class_T6963C_Drive13DataAutoWriteEh
 .text._ZN18class_T6963C_Drive5ResetEv
                0x000001b2       0x18 _T6963_Display_Drive_V100.o
                0x000001b2                _ZN18class_T6963C_Drive5ResetEv
 .text._ZN18class_T6963C_Drive8LocateRCEaa
                0x000001ca       0xa2 _T6963_Display_Drive_V100.o
                0x000001ca                _ZN18class_T6963C_Drive8LocateRCEaa
 .text._ZN18class_T6963C_Drive8FillTextEv
                0x0000026c       0x66 _T6963_Display_Drive_V100.o
                0x0000026c                _ZN18class_T6963C_Drive8FillTextEv
 .text._ZN18class_T6963C_Drive7ClsTextEv
                0x000002d2       0x3c _T6963_Display_Drive_V100.o
                0x000002d2                _ZN18class_T6963C_Drive7ClsTextEv
 .text._ZN18class_T6963C_Drive9FillGraphEv
                0x0000030e       0x60 _T6963_Display_Drive_V100.o
                0x0000030e                _ZN18class_T6963C_Drive9FillGraphEv
 .text._ZN18class_T6963C_Drive8ClsGraphEv
                0x0000036e       0x36 _T6963_Display_Drive_V100.o
                0x0000036e                _ZN18class_T6963C_Drive8ClsGraphEv
 .text._ZN18class_T6963C_Drive10PutsSelectEPKcb
                0x000003a4       0xbe _T6963_Display_Drive_V100.o
                0x000003a4                _ZN18class_T6963C_Drive10PutsSelectEPKcb
 .text._ZN18class_T6963C_Drive4PutSEPKc
                0x00000462        0x6 _T6963_Display_Drive_V100.o
                0x00000462                _ZN18class_T6963C_Drive4PutSEPKc
 .text._ZN18class_T6963C_Drive4InitEv
                0x00000468       0xb6 _T6963_Display_Drive_V100.o
                0x00000468                _ZN18class_T6963C_Drive4InitEv
 .text._ZN18class_T6963C_DriveC2Ev
                0x0000051e       0x32 _T6963_Display_Drive_V100.o
                0x0000051e                _ZN18class_T6963C_DriveC2Ev
                0x0000051e                _ZN18class_T6963C_DriveC1Ev
 .text.main     0x00000550       0xc6 __T6963C_Drive_Main.o
                0x00000550                main
 .text._ZN10class_Time10InitializeEv
                0x00000616       0x2c _Time_v125.o
                0x00000616                _ZN10class_Time10InitializeEv
 .text._ZN10class_TimeC2Ev
                0x00000642       0x1c _Time_v125.o
                0x00000642                _ZN10class_TimeC2Ev
                0x00000642                _ZN10class_TimeC1Ev
 .text.__vector_15
                0x0000065e      0x114 _Time_v125.o
                0x0000065e                __vector_15
 .text._ZN10class_Time15GetMillisecondsEv
                0x00000772       0x2c _Time_v125.o
                0x00000772                _ZN10class_Time15GetMillisecondsEv
 .text._ZN10class_Time22DelayMillisByInterruptEm
                0x0000079e       0x50 _Time_v125.o
                0x0000079e                _ZN10class_Time22DelayMillisByInterruptEm
 .text.avr-libc
                0x000007ee       0x5e c:/program files (x86)/atmel/studio/7.0/toolchain/avr8/avr8-gnu-toolchain/bin/../lib/gcc/avr/4.9.2/../../../../avr/lib/avr51\libc.a(sprintf.o)
                0x000007ee                sprintf
 .text.avr-libc
                0x0000084c      0x3dc c:/program files (x86)/atmel/studio/7.0/toolchain/avr8/avr8-gnu-toolchain/bin/../lib/gcc/avr/4.9.2/../../../../avr/lib/avr51\libc.a(vfprintf_std.o)
                0x0000084c                vfprintf
 .text.avr-libc
                0x00000c28       0x16 c:/program files (x86)/atmel/studio/7.0/toolchain/avr8/avr8-gnu-toolchain/bin/../lib/gcc/avr/4.9.2/../../../../avr/lib/avr51\libc.a(strnlen_P.o)
                0x00000c28                strnlen_P
 .text.avr-libc
                0x00000c3e       0x16 c:/program files (x86)/atmel/studio/7.0/toolchain/avr8/avr8-gnu-toolchain/bin/../lib/gcc/avr/4.9.2/../../../../avr/lib/avr51\libc.a(strnlen.o)
                0x00000c3e                strnlen
 .text.avr-libc
                0x00000c54       0x70 c:/program files (x86)/atmel/studio/7.0/toolchain/avr8/avr8-gnu-toolchain/bin/../lib/gcc/avr/4.9.2/../../../../avr/lib/avr51\libc.a(fputc.o)
                0x00000c54                fputc
 .text.avr-libc
                0x00000cc4       0xbc c:/program files (x86)/atmel/studio/7.0/toolchain/avr8/avr8-gnu-toolchain/bin/../lib/gcc/avr/4.9.2/../../../../avr/lib/avr51\libc.a(ultoa_invert.o)
                0x00000cc4                __ultoa_invert
                0x00000d80                . = ALIGN (0x2)
 *(.fini9)
 .fini9         0x00000d80        0x0 c:/program files (x86)/atmel/studio/7.0/toolchain/avr8/avr8-gnu-toolchain/bin/../lib/gcc/avr/4.9.2/avr51\libgcc.a(_exit.o)
                0x00000d80                _exit
                0x00000d80                exit
 *(.fini9)
 *(.fini8)
 *(.fini8)
 *(.fini7)
 *(.fini7)
 *(.fini6)
 *(.fini6)
 *(.fini5)
 *(.fini5)
 *(.fini4)
 *(.fini4)
 *(.fini3)
 *(.fini3)
 *(.fini2)
 *(.fini2)
 *(.fini1)
 *(.fini1)
 *(.fini0)
 .fini0         0x00000d80        0x4 c:/program files (x86)/atmel/studio/7.0/toolchain/avr8/avr8-gnu-toolchain/bin/../lib/gcc/avr/4.9.2/avr51\libgcc.a(_exit.o)
 *(.fini0)
                0x00000d84                _etext = .

.data           0x00800100        0xe load address 0x00000d84
                0x00800100                PROVIDE (__data_start, .)
 *(.data)
 *(.data*)
 *(.rodata)
 *(.rodata*)
 .rodata.str1.1
                0x00800100        0xe __T6963C_Drive_Main.o
 *(.gnu.linkonce.d*)
                0x0080010e                . = ALIGN (0x2)
                0x0080010e                _edata = .
                0x0080010e                PROVIDE (__data_end, .)

.bss            0x0080010e       0x29
                0x0080010e                PROVIDE (__bss_start, .)
 *(.bss)
 *(.bss*)
 .bss.bf        0x0080010e       0x14 __T6963C_Drive_Main.o
                0x0080010e                bf
 .bss._ZL5_time
                0x00800122       0x15 _Time_v125.o
 *(COMMON)
                0x00800137                PROVIDE (__bss_end, .)
                0x00000d84                __data_load_start = LOADADDR (.data)
                0x00000d92                __data_load_end = (__data_load_start + SIZEOF (.data))

.noinit         0x00800137        0x0
                0x00800137                PROVIDE (__noinit_start, .)
 *(.noinit*)
                0x00800137                PROVIDE (__noinit_end, .)
                0x00800137                _end = .
                0x00800137                PROVIDE (__heap_start, .)

.eeprom         0x00810000        0x0
 *(.eeprom*)
                0x00810000                __eeprom_end = .

.fuse
 *(.fuse)
 *(.lfuse)
 *(.hfuse)
 *(.efuse)

.lock
 *(.lock*)

.signature
 *(.signature*)

.user_signatures
 *(.user_signatures*)

.stab
 *(.stab)

.stabstr
 *(.stabstr)

.stab.excl
 *(.stab.excl)

.stab.exclstr
 *(.stab.exclstr)

.stab.index
 *(.stab.index)

.stab.indexstr
 *(.stab.indexstr)

.comment        0x00000000       0x5c
 *(.comment)
 .comment       0x00000000       0x30 _T6963_Display_Drive_V100.o
                                 0x31 (size before relaxing)
 .comment       0x00000030       0x31 __T6963C_Drive_Main.o
 .comment       0x00000030       0x31 _Time_v125.o
 .comment       0x00000030       0x31 c:/program files (x86)/atmel/studio/7.0/toolchain/avr8/avr8-gnu-toolchain/bin/../lib/gcc/avr/4.9.2/../../../../avr/lib/avr51\libc.a(sprintf.o)
 .comment       0x00000030       0x2c c:/program files (x86)/atmel/studio/7.0/toolchain/avr8/avr8-gnu-toolchain/bin/../lib/gcc/avr/4.9.2/../../../../avr/lib/avr51\libc.a(vfprintf_std.o)
                                 0x2d (size before relaxing)
 .comment       0x0000005c       0x31 c:/program files (x86)/atmel/studio/7.0/toolchain/avr8/avr8-gnu-toolchain/bin/../lib/gcc/avr/4.9.2/../../../../avr/lib/avr51\libc.a(fputc.o)

.note.gnu.avr.deviceinfo
                0x00000000       0x3c
 .note.gnu.avr.deviceinfo
                0x00000000       0x3c C:/Program Files (x86)/Atmel/Studio/7.0/Packs/atmel/ATmega_DFP/1.0.90/gcc/dev/atmega128/avr51/crtatmega128.o

.note.gnu.build-id
 *(.note.gnu.build-id)

.debug
 *(.debug)

.line
 *(.line)

.debug_srcinfo
 *(.debug_srcinfo)

.debug_sfnames
 *(.debug_sfnames)

.debug_aranges  0x00000000      0x250
 *(.debug_aranges)
 .debug_aranges
                0x00000000      0x148 _T6963_Display_Drive_V100.o
 .debug_aranges
                0x00000148       0x20 __T6963C_Drive_Main.o
 .debug_aranges
                0x00000168       0xe8 _Time_v125.o

.debug_pubnames
 *(.debug_pubnames)

.debug_info     0x00000000     0x3979
 *(.debug_info .gnu.linkonce.wi.*)
 .debug_info    0x00000000     0x1f55 _T6963_Display_Drive_V100.o
 .debug_info    0x00001f55      0xc1c __T6963C_Drive_Main.o
 .debug_info    0x00002b71      0xe08 _Time_v125.o

.debug_abbrev   0x00000000      0x7d0
 *(.debug_abbrev)
 .debug_abbrev  0x00000000      0x287 _T6963_Display_Drive_V100.o
 .debug_abbrev  0x00000287      0x222 __T6963C_Drive_Main.o
 .debug_abbrev  0x000004a9      0x327 _Time_v125.o

.debug_line     0x00000000     0x1183
 *(.debug_line .debug_line.* .debug_line_end)
 .debug_line    0x00000000      0xac7 _T6963_Display_Drive_V100.o
 .debug_line    0x00000ac7      0x183 __T6963C_Drive_Main.o
 .debug_line    0x00000c4a      0x539 _Time_v125.o

.debug_frame    0x00000000      0x7c4
 *(.debug_frame)
 .debug_frame   0x00000000      0x4f0 _T6963_Display_Drive_V100.o
 .debug_frame   0x000004f0       0x34 __T6963C_Drive_Main.o
 .debug_frame   0x00000524      0x2a0 _Time_v125.o

.debug_str      0x00000000     0x110a
 *(.debug_str)
 .debug_str     0x00000000      0xa00 _T6963_Display_Drive_V100.o
                                0xa6f (size before relaxing)
 .debug_str     0x00000a00      0x5c4 __T6963C_Drive_Main.o
                                0xf88 (size before relaxing)
 .debug_str     0x00000fc4      0x146 _Time_v125.o
                                0x8ae (size before relaxing)

.debug_loc      0x00000000     0x2376
 *(.debug_loc)
 .debug_loc     0x00000000     0x1b83 _T6963_Display_Drive_V100.o
 .debug_loc     0x00001b83       0xb2 __T6963C_Drive_Main.o
 .debug_loc     0x00001c35      0x741 _Time_v125.o

.debug_macinfo
 *(.debug_macinfo)

.debug_weaknames
 *(.debug_weaknames)

.debug_funcnames
 *(.debug_funcnames)

.debug_typenames
 *(.debug_typenames)

.debug_varnames
 *(.debug_varnames)

.debug_pubtypes
 *(.debug_pubtypes)

.debug_ranges   0x00000000      0x250
 *(.debug_ranges)
 .debug_ranges  0x00000000      0x138 _T6963_Display_Drive_V100.o
 .debug_ranges  0x00000138       0x28 __T6963C_Drive_Main.o
 .debug_ranges  0x00000160       0xf0 _Time_v125.o

.debug_macro
 *(.debug_macro)
OUTPUT(_T6963C_Drive_V100.elf elf32-avr)
LOAD linker stubs
