Archive member included because of file (symbol)

c:/program files (x86)/atmel/atmel studio 6.0/extensions/atmel/avrgcc/3.4.1.95/avrtoolchain/bin/../lib/gcc/avr/4.6.2/avrxmega7\libgcc.a(_exit.o)
                              c:/program files (x86)/atmel/atmel studio 6.0/extensions/atmel/avrgcc/3.4.1.95/avrtoolchain/bin/../lib/gcc/avr/4.6.2/../../../../avr/lib/avrxmega7/crtx128a1.o (exit)
c:/program files (x86)/atmel/atmel studio 6.0/extensions/atmel/avrgcc/3.4.1.95/avrtoolchain/bin/../lib/gcc/avr/4.6.2/avrxmega7\libgcc.a(_copy_data.o)
                              02_Xmega-A1 Xplained PLL SDRAM.o (__do_copy_data)
c:/program files (x86)/atmel/atmel studio 6.0/extensions/atmel/avrgcc/3.4.1.95/avrtoolchain/bin/../lib/gcc/avr/4.6.2/avrxmega7\libgcc.a(_clear_bss.o)
                              02_Xmega-A1 Xplained PLL SDRAM.o (__do_clear_bss)
c:/program files (x86)/atmel/atmel studio 6.0/extensions/atmel/avrgcc/3.4.1.95/avrtoolchain/bin/../lib/gcc/avr/4.6.2/avrxmega7\libgcc.a(_ctors.o)
                              02_Xmega-A1 Xplained PLL SDRAM.o (__do_global_ctors)
c:/program files (x86)/atmel/atmel studio 6.0/extensions/atmel/avrgcc/3.4.1.95/avrtoolchain/bin/../lib/gcc/avr/4.6.2/avrxmega7\libgcc.a(_tablejump_elpm.o)
                              c:/program files (x86)/atmel/atmel studio 6.0/extensions/atmel/avrgcc/3.4.1.95/avrtoolchain/bin/../lib/gcc/avr/4.6.2/avrxmega7\libgcc.a(_ctors.o) (__tablejump_elpm__)

Memory Configuration

Name             Origin             Length             Attributes
text             0x00000000         0x00100000         xr
data             0x00802000         0x0000ffa0         rw !x
eeprom           0x00810000         0x00010000         rw !x
fuse             0x00820000         0x00000400         rw !x
lock             0x00830000         0x00000400         rw !x
signature        0x00840000         0x00000400         rw !x
*default*        0x00000000         0xffffffff

Linker script and memory map

LOAD c:/program files (x86)/atmel/atmel studio 6.0/extensions/atmel/avrgcc/3.4.1.95/avrtoolchain/bin/../lib/gcc/avr/4.6.2/../../../../avr/lib/avrxmega7/crtx128a1.o
LOAD 02_Xmega-A1 Xplained PLL SDRAM.o
START GROUP
LOAD c:/program files (x86)/atmel/atmel studio 6.0/extensions/atmel/avrgcc/3.4.1.95/avrtoolchain/bin/../lib/gcc/avr/4.6.2/../../../../avr/lib/avrxmega7\libm.a
END GROUP
LOAD c:/program files (x86)/atmel/atmel studio 6.0/extensions/atmel/avrgcc/3.4.1.95/avrtoolchain/bin/../lib/gcc/avr/4.6.2/avrxmega7\libgcc.a
LOAD c:/program files (x86)/atmel/atmel studio 6.0/extensions/atmel/avrgcc/3.4.1.95/avrtoolchain/bin/../lib/gcc/avr/4.6.2/../../../../avr/lib/avrxmega7\libm.a
LOAD c:/program files (x86)/atmel/atmel studio 6.0/extensions/atmel/avrgcc/3.4.1.95/avrtoolchain/bin/../lib/gcc/avr/4.6.2/avrxmega7\libgcc.a
LOAD c:/program files (x86)/atmel/atmel studio 6.0/extensions/atmel/avrgcc/3.4.1.95/avrtoolchain/bin/../lib/gcc/avr/4.6.2/../../../../avr/lib/avrxmega7\libc.a
LOAD c:/program files (x86)/atmel/atmel studio 6.0/extensions/atmel/avrgcc/3.4.1.95/avrtoolchain/bin/../lib/gcc/avr/4.6.2/avrxmega7\libgcc.a

.hash
 *(.hash)

.dynsym
 *(.dynsym)

.dynstr
 *(.dynstr)

.gnu.version
 *(.gnu.version)

.gnu.version_d
 *(.gnu.version_d)

.gnu.version_r
 *(.gnu.version_r)

.rel.init
 *(.rel.init)

.rela.init
 *(.rela.init)

.rel.text
 *(.rel.text)
 *(.rel.text.*)
 *(.rel.gnu.linkonce.t*)

.rela.text
 *(.rela.text)
 *(.rela.text.*)
 *(.rela.gnu.linkonce.t*)

.rel.fini
 *(.rel.fini)

.rela.fini
 *(.rela.fini)

.rel.rodata
 *(.rel.rodata)
 *(.rel.rodata.*)
 *(.rel.gnu.linkonce.r*)

.rela.rodata
 *(.rela.rodata)
 *(.rela.rodata.*)
 *(.rela.gnu.linkonce.r*)

.rel.data
 *(.rel.data)
 *(.rel.data.*)
 *(.rel.gnu.linkonce.d*)

.rela.data
 *(.rela.data)
 *(.rela.data.*)
 *(.rela.gnu.linkonce.d*)

.rel.ctors
 *(.rel.ctors)

.rela.ctors
 *(.rela.ctors)

.rel.dtors
 *(.rel.dtors)

.rela.dtors
 *(.rela.dtors)

.rel.got
 *(.rel.got)

.rela.got
 *(.rela.got)

.rel.bss
 *(.rel.bss)

.rela.bss
 *(.rela.bss)

.rel.plt
 *(.rel.plt)

.rela.plt
 *(.rela.plt)

.text           0x00000000      0x654
 *(.vectors)
 .vectors       0x00000000      0x1f4 c:/program files (x86)/atmel/atmel studio 6.0/extensions/atmel/avrgcc/3.4.1.95/avrtoolchain/bin/../lib/gcc/avr/4.6.2/../../../../avr/lib/avrxmega7/crtx128a1.o
                0x00000000                __vector_default
                0x00000000                __vectors
 *(.vectors)
 *(.progmem.gcc*)
 *(.progmem*)
                0x000001f4                . = ALIGN (0x2)
                0x000001f4                __trampolines_start = .
 *(.trampolines)
 .trampolines   0x000001f4        0x0 linker stubs
 *(.trampolines*)
                0x000001f4                __trampolines_end = .
 *(.jumptables)
 *(.jumptables*)
 *(.lowtext)
 *(.lowtext*)
                0x000001f4                __ctors_start = .
 *(.ctors)
 .ctors         0x000001f4        0x2 02_Xmega-A1 Xplained PLL SDRAM.o
                0x000001f6                __ctors_end = .
                0x000001f6                __dtors_start = .
 *(.dtors)
                0x000001f6                __dtors_end = .
 SORT(*)(.ctors)
 SORT(*)(.dtors)
 *(.init0)
 .init0         0x000001f6        0x0 c:/program files (x86)/atmel/atmel studio 6.0/extensions/atmel/avrgcc/3.4.1.95/avrtoolchain/bin/../lib/gcc/avr/4.6.2/../../../../avr/lib/avrxmega7/crtx128a1.o
                0x000001f6                __init
 *(.init0)
 *(.init1)
 *(.init1)
 *(.init2)
 .init2         0x000001f6       0x18 c:/program files (x86)/atmel/atmel studio 6.0/extensions/atmel/avrgcc/3.4.1.95/avrtoolchain/bin/../lib/gcc/avr/4.6.2/../../../../avr/lib/avrxmega7/crtx128a1.o
 *(.init2)
 *(.init3)
 *(.init3)
 *(.init4)
 .init4         0x0000020e       0x1c c:/program files (x86)/atmel/atmel studio 6.0/extensions/atmel/avrgcc/3.4.1.95/avrtoolchain/bin/../lib/gcc/avr/4.6.2/avrxmega7\libgcc.a(_copy_data.o)
                0x0000020e                __do_copy_data
 .init4         0x0000022a       0x10 c:/program files (x86)/atmel/atmel studio 6.0/extensions/atmel/avrgcc/3.4.1.95/avrtoolchain/bin/../lib/gcc/avr/4.6.2/avrxmega7\libgcc.a(_clear_bss.o)
                0x0000022a                __do_clear_bss
 *(.init4)
 *(.init5)
 *(.init5)
 *(.init6)
 .init6         0x0000023a       0x22 c:/program files (x86)/atmel/atmel studio 6.0/extensions/atmel/avrgcc/3.4.1.95/avrtoolchain/bin/../lib/gcc/avr/4.6.2/avrxmega7\libgcc.a(_ctors.o)
                0x0000023a                __do_global_ctors
 *(.init6)
 *(.init7)
 *(.init7)
 *(.init8)
 *(.init8)
 *(.init9)
 .init9         0x0000025c        0x8 c:/program files (x86)/atmel/atmel studio 6.0/extensions/atmel/avrgcc/3.4.1.95/avrtoolchain/bin/../lib/gcc/avr/4.6.2/../../../../avr/lib/avrxmega7/crtx128a1.o
 *(.init9)
 *(.text)
 .text          0x00000264        0x4 c:/program files (x86)/atmel/atmel studio 6.0/extensions/atmel/avrgcc/3.4.1.95/avrtoolchain/bin/../lib/gcc/avr/4.6.2/../../../../avr/lib/avrxmega7/crtx128a1.o
                0x00000264                __vector_38
                0x00000264                __vector_104
                0x00000264                __vector_22
                0x00000264                __vector_63
                0x00000264                __vector_28
                0x00000264                __vector_67
                0x00000264                __vector_1
                0x00000264                __vector_119
                0x00000264                __vector_32
                0x00000264                __vector_75
                0x00000264                __vector_71
                0x00000264                __vector_91
                0x00000264                __vector_34
                0x00000264                __vector_62
                0x00000264                __vector_77
                0x00000264                __vector_102
                0x00000264                __vector_24
                0x00000264                __vector_12
                0x00000264                __vector_55
                0x00000264                __vector_69
                0x00000264                __vector_81
                0x00000264                __vector_90
                0x00000264                __vector_46
                0x00000264                __bad_interrupt
                0x00000264                __vector_122
                0x00000264                __vector_72
                0x00000264                __vector_114
                0x00000264                __vector_6
                0x00000264                __vector_110
                0x00000264                __vector_31
                0x00000264                __vector_92
                0x00000264                __vector_35
                0x00000264                __vector_78
                0x00000264                __vector_74
                0x00000264                __vector_117
                0x00000264                __vector_39
                0x00000264                __vector_107
                0x00000264                __vector_3
                0x00000264                __vector_105
                0x00000264                __vector_98
                0x00000264                __vector_23
                0x00000264                __vector_68
                0x00000264                __vector_30
                0x00000264                __vector_73
                0x00000264                __vector_45
                0x00000264                __vector_25
                0x00000264                __vector_93
                0x00000264                __vector_61
                0x00000264                __vector_11
                0x00000264                __vector_54
                0x00000264                __vector_99
                0x00000264                __vector_13
                0x00000264                __vector_17
                0x00000264                __vector_19
                0x00000264                __vector_56
                0x00000264                __vector_7
                0x00000264                __vector_49
                0x00000264                __vector_123
                0x00000264                __vector_41
                0x00000264                __vector_86
                0x00000264                __vector_100
                0x00000264                __vector_101
                0x00000264                __vector_64
                0x00000264                __vector_88
                0x00000264                __vector_109
                0x00000264                __vector_43
                0x00000264                __vector_27
                0x00000264                __vector_5
                0x00000264                __vector_113
                0x00000264                __vector_33
                0x00000264                __vector_76
                0x00000264                __vector_115
                0x00000264                __vector_47
                0x00000264                __vector_52
                0x00000264                __vector_37
                0x00000264                __vector_95
                0x00000264                __vector_103
                0x00000264                __vector_96
                0x00000264                __vector_89
                0x00000264                __vector_108
                0x00000264                __vector_4
                0x00000264                __vector_44
                0x00000264                __vector_82
                0x00000264                __vector_106
                0x00000264                __vector_118
                0x00000264                __vector_51
                0x00000264                __vector_9
                0x00000264                __vector_2
                0x00000264                __vector_21
                0x00000264                __vector_15
                0x00000264                __vector_66
                0x00000264                __vector_36
                0x00000264                __vector_79
                0x00000264                __vector_58
                0x00000264                __vector_70
                0x00000264                __vector_83
                0x00000264                __vector_29
                0x00000264                __vector_60
                0x00000264                __vector_121
                0x00000264                __vector_40
                0x00000264                __vector_85
                0x00000264                __vector_94
                0x00000264                __vector_8
                0x00000264                __vector_26
                0x00000264                __vector_48
                0x00000264                __vector_124
                0x00000264                __vector_116
                0x00000264                __vector_112
                0x00000264                __vector_111
                0x00000264                __vector_80
                0x00000264                __vector_14
                0x00000264                __vector_84
                0x00000264                __vector_57
                0x00000264                __vector_53
                0x00000264                __vector_10
                0x00000264                __vector_50
                0x00000264                __vector_16
                0x00000264                __vector_59
                0x00000264                __vector_18
                0x00000264                __vector_97
                0x00000264                __vector_20
                0x00000264                __vector_42
                0x00000264                __vector_87
                0x00000264                __vector_65
                0x00000264                __vector_120
 .text          0x00000268      0x2ae 02_Xmega-A1 Xplained PLL SDRAM.o
                0x00000268                eSystemClockDef::eCPPSet(unsigned char volatile*, unsigned char)
                0x00000278                eSystemClockDef::SetClock(eClockTypeDef)
                0x00000318                eSDRAM_Def::eSDRAM_Def()
                0x00000318                eSDRAM_Def::eSDRAM_Def()
                0x00000334                eSDRAM_Def::Init()
                0x00000386                eSDRAM_Def::ReadBlock(unsigned long, unsigned char const*, unsigned short)
                0x000003e2                eSDRAM_Def::WriteBlock(unsigned long, unsigned char const*, unsigned short)
                0x0000043e                eSDRAM_Def::FillBlock(unsigned long, unsigned long, unsigned char)
                0x000004b6                eSDRAM_Def::Read8(unsigned long)
                0x000004c0                eSDRAM_Def::Read16(unsigned long)
                0x000004cc                eSDRAM_Def::Read32(unsigned long)
                0x000004e8                eSDRAM_Def::Write8(unsigned long, unsigned char)
                0x000004f2                eSDRAM_Def::Write16(unsigned long, unsigned short)
                0x000004fe                eSDRAM_Def::Write32(unsigned long, unsigned long)
 .text          0x00000516        0x0 c:/program files (x86)/atmel/atmel studio 6.0/extensions/atmel/avrgcc/3.4.1.95/avrtoolchain/bin/../lib/gcc/avr/4.6.2/avrxmega7\libgcc.a(_exit.o)
 .text          0x00000516        0x0 c:/program files (x86)/atmel/atmel studio 6.0/extensions/atmel/avrgcc/3.4.1.95/avrtoolchain/bin/../lib/gcc/avr/4.6.2/avrxmega7\libgcc.a(_copy_data.o)
 .text          0x00000516        0x0 c:/program files (x86)/atmel/atmel studio 6.0/extensions/atmel/avrgcc/3.4.1.95/avrtoolchain/bin/../lib/gcc/avr/4.6.2/avrxmega7\libgcc.a(_clear_bss.o)
 .text          0x00000516        0x0 c:/program files (x86)/atmel/atmel studio 6.0/extensions/atmel/avrgcc/3.4.1.95/avrtoolchain/bin/../lib/gcc/avr/4.6.2/avrxmega7\libgcc.a(_ctors.o)
 .text          0x00000516        0x0 c:/program files (x86)/atmel/atmel studio 6.0/extensions/atmel/avrgcc/3.4.1.95/avrtoolchain/bin/../lib/gcc/avr/4.6.2/avrxmega7\libgcc.a(_tablejump_elpm.o)
                0x00000516                . = ALIGN (0x2)
 *(.text.*)
 .text.startup  0x00000516      0x132 02_Xmega-A1 Xplained PLL SDRAM.o
                0x00000516                main
 .text.libgcc   0x00000648        0x0 c:/program files (x86)/atmel/atmel studio 6.0/extensions/atmel/avrgcc/3.4.1.95/avrtoolchain/bin/../lib/gcc/avr/4.6.2/avrxmega7\libgcc.a(_exit.o)
 .text.libgcc   0x00000648        0x0 c:/program files (x86)/atmel/atmel studio 6.0/extensions/atmel/avrgcc/3.4.1.95/avrtoolchain/bin/../lib/gcc/avr/4.6.2/avrxmega7\libgcc.a(_copy_data.o)
 .text.libgcc   0x00000648        0x0 c:/program files (x86)/atmel/atmel studio 6.0/extensions/atmel/avrgcc/3.4.1.95/avrtoolchain/bin/../lib/gcc/avr/4.6.2/avrxmega7\libgcc.a(_clear_bss.o)
 .text.libgcc   0x00000648        0x0 c:/program files (x86)/atmel/atmel studio 6.0/extensions/atmel/avrgcc/3.4.1.95/avrtoolchain/bin/../lib/gcc/avr/4.6.2/avrxmega7\libgcc.a(_ctors.o)
 .text.libgcc   0x00000648        0x8 c:/program files (x86)/atmel/atmel studio 6.0/extensions/atmel/avrgcc/3.4.1.95/avrtoolchain/bin/../lib/gcc/avr/4.6.2/avrxmega7\libgcc.a(_tablejump_elpm.o)
                0x00000648                __tablejump_elpm__
                0x00000650                . = ALIGN (0x2)
 *(.fini9)
 .fini9         0x00000650        0x0 c:/program files (x86)/atmel/atmel studio 6.0/extensions/atmel/avrgcc/3.4.1.95/avrtoolchain/bin/../lib/gcc/avr/4.6.2/avrxmega7\libgcc.a(_exit.o)
                0x00000650                _exit
                0x00000650                exit
 *(.fini9)
 *(.fini8)
 *(.fini8)
 *(.fini7)
 *(.fini7)
 *(.fini6)
 *(.fini6)
 *(.fini5)
 *(.fini5)
 *(.fini4)
 *(.fini4)
 *(.fini3)
 *(.fini3)
 *(.fini2)
 *(.fini2)
 *(.fini1)
 *(.fini1)
 *(.fini0)
 .fini0         0x00000650        0x4 c:/program files (x86)/atmel/atmel studio 6.0/extensions/atmel/avrgcc/3.4.1.95/avrtoolchain/bin/../lib/gcc/avr/4.6.2/avrxmega7\libgcc.a(_exit.o)
 *(.fini0)
                0x00000654                _etext = .

.data           0x00802000        0xc load address 0x00000654
                0x00802000                PROVIDE (__data_start, .)
 *(.data)
 .data          0x00802000        0x0 c:/program files (x86)/atmel/atmel studio 6.0/extensions/atmel/avrgcc/3.4.1.95/avrtoolchain/bin/../lib/gcc/avr/4.6.2/../../../../avr/lib/avrxmega7/crtx128a1.o
 .data          0x00802000        0xc 02_Xmega-A1 Xplained PLL SDRAM.o
 .data          0x0080200c        0x0 c:/program files (x86)/atmel/atmel studio 6.0/extensions/atmel/avrgcc/3.4.1.95/avrtoolchain/bin/../lib/gcc/avr/4.6.2/avrxmega7\libgcc.a(_exit.o)
 .data          0x0080200c        0x0 c:/program files (x86)/atmel/atmel studio 6.0/extensions/atmel/avrgcc/3.4.1.95/avrtoolchain/bin/../lib/gcc/avr/4.6.2/avrxmega7\libgcc.a(_copy_data.o)
 .data          0x0080200c        0x0 c:/program files (x86)/atmel/atmel studio 6.0/extensions/atmel/avrgcc/3.4.1.95/avrtoolchain/bin/../lib/gcc/avr/4.6.2/avrxmega7\libgcc.a(_clear_bss.o)
 .data          0x0080200c        0x0 c:/program files (x86)/atmel/atmel studio 6.0/extensions/atmel/avrgcc/3.4.1.95/avrtoolchain/bin/../lib/gcc/avr/4.6.2/avrxmega7\libgcc.a(_ctors.o)
 .data          0x0080200c        0x0 c:/program files (x86)/atmel/atmel studio 6.0/extensions/atmel/avrgcc/3.4.1.95/avrtoolchain/bin/../lib/gcc/avr/4.6.2/avrxmega7\libgcc.a(_tablejump_elpm.o)
 *(.data*)
 *(.rodata)
 *(.rodata*)
 *(.gnu.linkonce.d*)
                0x0080200c                . = ALIGN (0x2)
                0x0080200c                _edata = .
                0x0080200c                PROVIDE (__data_end, .)

.bss            0x0080200c        0x9
                0x0080200c                PROVIDE (__bss_start, .)
 *(.bss)
 .bss           0x0080200c        0x0 c:/program files (x86)/atmel/atmel studio 6.0/extensions/atmel/avrgcc/3.4.1.95/avrtoolchain/bin/../lib/gcc/avr/4.6.2/../../../../avr/lib/avrxmega7/crtx128a1.o
 .bss           0x0080200c        0x9 02_Xmega-A1 Xplained PLL SDRAM.o
                0x0080200c                eSDRAM
                0x00802014                eSystemClock
 .bss           0x00802015        0x0 c:/program files (x86)/atmel/atmel studio 6.0/extensions/atmel/avrgcc/3.4.1.95/avrtoolchain/bin/../lib/gcc/avr/4.6.2/avrxmega7\libgcc.a(_exit.o)
 .bss           0x00802015        0x0 c:/program files (x86)/atmel/atmel studio 6.0/extensions/atmel/avrgcc/3.4.1.95/avrtoolchain/bin/../lib/gcc/avr/4.6.2/avrxmega7\libgcc.a(_copy_data.o)
 .bss           0x00802015        0x0 c:/program files (x86)/atmel/atmel studio 6.0/extensions/atmel/avrgcc/3.4.1.95/avrtoolchain/bin/../lib/gcc/avr/4.6.2/avrxmega7\libgcc.a(_clear_bss.o)
 .bss           0x00802015        0x0 c:/program files (x86)/atmel/atmel studio 6.0/extensions/atmel/avrgcc/3.4.1.95/avrtoolchain/bin/../lib/gcc/avr/4.6.2/avrxmega7\libgcc.a(_ctors.o)
 .bss           0x00802015        0x0 c:/program files (x86)/atmel/atmel studio 6.0/extensions/atmel/avrgcc/3.4.1.95/avrtoolchain/bin/../lib/gcc/avr/4.6.2/avrxmega7\libgcc.a(_tablejump_elpm.o)
 *(.bss*)
 *(COMMON)
                0x00802015                PROVIDE (__bss_end, .)
                0x00000654                __data_load_start = LOADADDR (.data)
                0x00000660                __data_load_end = (__data_load_start + SIZEOF (.data))

.noinit         0x00802015        0x0
                0x00802015                PROVIDE (__noinit_start, .)
 *(.noinit*)
                0x00802015                PROVIDE (__noinit_end, .)
                0x00802015                _end = .
                0x00802015                PROVIDE (__heap_start, .)

.eeprom         0x00810000        0x0
 *(.eeprom*)
                0x00810000                __eeprom_end = .

.fuse
 *(.fuse)
 *(.lfuse)
 *(.hfuse)
 *(.efuse)

.lock
 *(.lock*)

.signature
 *(.signature*)

.stab           0x00000000      0x714
 *(.stab)
 .stab          0x00000000      0x714 c:/program files (x86)/atmel/atmel studio 6.0/extensions/atmel/avrgcc/3.4.1.95/avrtoolchain/bin/../lib/gcc/avr/4.6.2/../../../../avr/lib/avrxmega7/crtx128a1.o

.stabstr        0x00000000       0x85
 *(.stabstr)
 .stabstr       0x00000000       0x85 c:/program files (x86)/atmel/atmel studio 6.0/extensions/atmel/avrgcc/3.4.1.95/avrtoolchain/bin/../lib/gcc/avr/4.6.2/../../../../avr/lib/avrxmega7/crtx128a1.o

.stab.excl
 *(.stab.excl)

.stab.exclstr
 *(.stab.exclstr)

.stab.index
 *(.stab.index)

.stab.indexstr
 *(.stab.indexstr)

.comment
 *(.comment)

.debug
 *(.debug)

.line
 *(.line)

.debug_srcinfo
 *(.debug_srcinfo)

.debug_sfnames
 *(.debug_sfnames)

.debug_aranges  0x00000000       0xd0
 *(.debug_aranges)
 .debug_aranges
                0x00000000       0x30 02_Xmega-A1 Xplained PLL SDRAM.o
 .debug_aranges
                0x00000030       0x20 c:/program files (x86)/atmel/atmel studio 6.0/extensions/atmel/avrgcc/3.4.1.95/avrtoolchain/bin/../lib/gcc/avr/4.6.2/avrxmega7\libgcc.a(_exit.o)
 .debug_aranges
                0x00000050       0x20 c:/program files (x86)/atmel/atmel studio 6.0/extensions/atmel/avrgcc/3.4.1.95/avrtoolchain/bin/../lib/gcc/avr/4.6.2/avrxmega7\libgcc.a(_copy_data.o)
 .debug_aranges
                0x00000070       0x20 c:/program files (x86)/atmel/atmel studio 6.0/extensions/atmel/avrgcc/3.4.1.95/avrtoolchain/bin/../lib/gcc/avr/4.6.2/avrxmega7\libgcc.a(_clear_bss.o)
 .debug_aranges
                0x00000090       0x20 c:/program files (x86)/atmel/atmel studio 6.0/extensions/atmel/avrgcc/3.4.1.95/avrtoolchain/bin/../lib/gcc/avr/4.6.2/avrxmega7\libgcc.a(_ctors.o)
 .debug_aranges
                0x000000b0       0x20 c:/program files (x86)/atmel/atmel studio 6.0/extensions/atmel/avrgcc/3.4.1.95/avrtoolchain/bin/../lib/gcc/avr/4.6.2/avrxmega7\libgcc.a(_tablejump_elpm.o)

.debug_pubnames
 *(.debug_pubnames)

.debug_info     0x00000000     0x117d
 *(.debug_info)
 .debug_info    0x00000000      0xd13 02_Xmega-A1 Xplained PLL SDRAM.o
 .debug_info    0x00000d13       0xe2 c:/program files (x86)/atmel/atmel studio 6.0/extensions/atmel/avrgcc/3.4.1.95/avrtoolchain/bin/../lib/gcc/avr/4.6.2/avrxmega7\libgcc.a(_exit.o)
 .debug_info    0x00000df5       0xe2 c:/program files (x86)/atmel/atmel studio 6.0/extensions/atmel/avrgcc/3.4.1.95/avrtoolchain/bin/../lib/gcc/avr/4.6.2/avrxmega7\libgcc.a(_copy_data.o)
 .debug_info    0x00000ed7       0xe2 c:/program files (x86)/atmel/atmel studio 6.0/extensions/atmel/avrgcc/3.4.1.95/avrtoolchain/bin/../lib/gcc/avr/4.6.2/avrxmega7\libgcc.a(_clear_bss.o)
 .debug_info    0x00000fb9       0xe2 c:/program files (x86)/atmel/atmel studio 6.0/extensions/atmel/avrgcc/3.4.1.95/avrtoolchain/bin/../lib/gcc/avr/4.6.2/avrxmega7\libgcc.a(_ctors.o)
 .debug_info    0x0000109b       0xe2 c:/program files (x86)/atmel/atmel studio 6.0/extensions/atmel/avrgcc/3.4.1.95/avrtoolchain/bin/../lib/gcc/avr/4.6.2/avrxmega7\libgcc.a(_tablejump_elpm.o)
 *(.gnu.linkonce.wi.*)

.debug_abbrev   0x00000000      0x3f2
 *(.debug_abbrev)
 .debug_abbrev  0x00000000      0x38e 02_Xmega-A1 Xplained PLL SDRAM.o
 .debug_abbrev  0x0000038e       0x14 c:/program files (x86)/atmel/atmel studio 6.0/extensions/atmel/avrgcc/3.4.1.95/avrtoolchain/bin/../lib/gcc/avr/4.6.2/avrxmega7\libgcc.a(_exit.o)
 .debug_abbrev  0x000003a2       0x14 c:/program files (x86)/atmel/atmel studio 6.0/extensions/atmel/avrgcc/3.4.1.95/avrtoolchain/bin/../lib/gcc/avr/4.6.2/avrxmega7\libgcc.a(_copy_data.o)
 .debug_abbrev  0x000003b6       0x14 c:/program files (x86)/atmel/atmel studio 6.0/extensions/atmel/avrgcc/3.4.1.95/avrtoolchain/bin/../lib/gcc/avr/4.6.2/avrxmega7\libgcc.a(_clear_bss.o)
 .debug_abbrev  0x000003ca       0x14 c:/program files (x86)/atmel/atmel studio 6.0/extensions/atmel/avrgcc/3.4.1.95/avrtoolchain/bin/../lib/gcc/avr/4.6.2/avrxmega7\libgcc.a(_ctors.o)
 .debug_abbrev  0x000003de       0x14 c:/program files (x86)/atmel/atmel studio 6.0/extensions/atmel/avrgcc/3.4.1.95/avrtoolchain/bin/../lib/gcc/avr/4.6.2/avrxmega7\libgcc.a(_tablejump_elpm.o)

.debug_line     0x00000000      0x60a
 *(.debug_line)
 .debug_line    0x00000000      0x33c 02_Xmega-A1 Xplained PLL SDRAM.o
 .debug_line    0x0000033c       0x88 c:/program files (x86)/atmel/atmel studio 6.0/extensions/atmel/avrgcc/3.4.1.95/avrtoolchain/bin/../lib/gcc/avr/4.6.2/avrxmega7\libgcc.a(_exit.o)
 .debug_line    0x000003c4       0x96 c:/program files (x86)/atmel/atmel studio 6.0/extensions/atmel/avrgcc/3.4.1.95/avrtoolchain/bin/../lib/gcc/avr/4.6.2/avrxmega7\libgcc.a(_copy_data.o)
 .debug_line    0x0000045a       0x8e c:/program files (x86)/atmel/atmel studio 6.0/extensions/atmel/avrgcc/3.4.1.95/avrtoolchain/bin/../lib/gcc/avr/4.6.2/avrxmega7\libgcc.a(_clear_bss.o)
 .debug_line    0x000004e8       0x98 c:/program files (x86)/atmel/atmel studio 6.0/extensions/atmel/avrgcc/3.4.1.95/avrtoolchain/bin/../lib/gcc/avr/4.6.2/avrxmega7\libgcc.a(_ctors.o)
 .debug_line    0x00000580       0x8a c:/program files (x86)/atmel/atmel studio 6.0/extensions/atmel/avrgcc/3.4.1.95/avrtoolchain/bin/../lib/gcc/avr/4.6.2/avrxmega7\libgcc.a(_tablejump_elpm.o)

.debug_frame    0x00000000      0x194
 *(.debug_frame)
 .debug_frame   0x00000000      0x194 02_Xmega-A1 Xplained PLL SDRAM.o

.debug_str      0x00000000      0x6bb
 *(.debug_str)
 .debug_str     0x00000000      0x6bb 02_Xmega-A1 Xplained PLL SDRAM.o
                                0x759 (size before relaxing)

.debug_loc      0x00000000      0x3cd
 *(.debug_loc)
 .debug_loc     0x00000000      0x3cd 02_Xmega-A1 Xplained PLL SDRAM.o

.debug_macinfo
 *(.debug_macinfo)
OUTPUT(02_Xmega-A1 Xplained PLL SDRAM.elf elf32-avr)
LOAD linker stubs

.debug_ranges   0x00000000       0x38
 .debug_ranges  0x00000000       0x38 02_Xmega-A1 Xplained PLL SDRAM.o
