<area shape="rect" id="node3" href="$a00011.html#d702de6e3d8967fc351bf7bab00b1d41" title="Decodes the R1 response type." alt="" coords="192,5,309,35">
<area shape="rect" id="node5" href="$a00011.html#dc0158e94a600dc3b63be4d83c561fb3" title="Reads a response from the SD card." alt="" coords="181,59,320,88">
<area shape="rect" id="node7" href="$a00013.html#05039575653a077fb25a28c31d583243" title="Deassert CS." alt="" coords="391,107,476,136">
<area shape="rect" id="node9" href="$a00013.html#8ddc120b2a7fc96d17e0bd9f157a94eb" title="Assert CS." alt="" coords="392,160,475,189">
<area shape="rect" id="node11" href="$a00013.html#a14a3a4150662024315e78864403ff5f" title="Tx/Rx a byte." alt="" coords="541,267,645,296">
<area shape="rect" id="node13" href="$a00011.html#e6f6814ebced9e1eccdce5dbece62cd0" title="Sends a command to the card." alt="" coords="177,213,324,243">
<area shape="rect" id="node15" href="$a00011.html#2b9a7db31f5fb14b84ce4297aba9d99b" title="A simple CRC7 calculation." alt="" coords="391,267,476,296">
<area shape="rect" id="node17" href="$a00013.html#a71812ceda81f6abdee26dda53868fdd" title="Send a block of data over the SPI." alt="" coords="375,213,492,243">
