Archive member included because of file (symbol)

e:/winavr-20100110/bin/../lib/gcc/avr/4.3.3/avr51\libgcc.a(_exit.o)
                              e:/winavr-20100110/bin/../lib/gcc/avr/4.3.3/../../../../avr/lib/avr51/crtm1281.o (exit)
e:/winavr-20100110/bin/../lib/gcc/avr/4.3.3/avr51\libgcc.a(_clear_bss.o)
                              main.o (__do_clear_bss)
e:/winavr-20100110/bin/../lib/gcc/avr/4.3.3/../../../../avr/lib/avr51\libc.a(isxdigit.o)
                              ihex.o (isxdigit)
e:/winavr-20100110/bin/../lib/gcc/avr/4.3.3/../../../../avr/lib/avr51\libc.a(memcpy.o)
                              ihex.o (memcpy)
e:/winavr-20100110/bin/../lib/gcc/avr/4.3.3/../../../../avr/lib/avr51\libc.a(ltoa.o)
                              writer.o (ltoa)
e:/winavr-20100110/bin/../lib/gcc/avr/4.3.3/../../../../avr/lib/avr51\libc.a(cty_isfalse.o)
                              e:/winavr-20100110/bin/../lib/gcc/avr/4.3.3/../../../../avr/lib/avr51\libc.a(isxdigit.o) (__ctype_isfalse)
e:/winavr-20100110/bin/../lib/gcc/avr/4.3.3/../../../../avr/lib/avr51\libc.a(strrev.o)
                              e:/winavr-20100110/bin/../lib/gcc/avr/4.3.3/../../../../avr/lib/avr51\libc.a(ltoa.o) (strrev)
e:/winavr-20100110/bin/../lib/gcc/avr/4.3.3/avr51\libgcc.a(_udivmodsi4.o)
                              e:/winavr-20100110/bin/../lib/gcc/avr/4.3.3/../../../../avr/lib/avr51\libc.a(ltoa.o) (__udivmodsi4)

Allocating common symbols
Common symbol       size              file

uart_fifo_rx        0xc               uart.o
line_ptr            0x2               ihex.o
ihex_status         0x1               ihex.o
ihex_data           0x10              ihex.o
uart_fifo_data_rx   0xff              uart.o
uart_fifo_tx        0xc               uart.o
buffer_verify       0x100             writer.o
ihex_byte_count     0x1               ihex.o
hexline             0x3c              ihex.o
uart_fifo_data_tx   0x40              uart.o

Memory Configuration

Name             Origin             Length             Attributes
text             0x00000000         0x00020000         xr
data             0x00800060         0x0000ffa0         rw !x
eeprom           0x00810000         0x00010000         rw !x
fuse             0x00820000         0x00000400         rw !x
lock             0x00830000         0x00000400         rw !x
signature        0x00840000         0x00000400         rw !x
*default*        0x00000000         0xffffffff

Linker script and memory map

Address of section .data set to 0x800200
LOAD e:/winavr-20100110/bin/../lib/gcc/avr/4.3.3/../../../../avr/lib/avr51/crtm1281.o
LOAD main.o
LOAD writer.o
LOAD uart.o
LOAD misc.o
LOAD ihex.o
LOAD fifo.o
Address of section .text set to 0x1e000
LOAD e:/winavr-20100110/bin/../lib/gcc/avr/4.3.3/../../../../avr/lib/avr51\libm.a
LOAD e:/winavr-20100110/bin/../lib/gcc/avr/4.3.3/avr51\libgcc.a
LOAD e:/winavr-20100110/bin/../lib/gcc/avr/4.3.3/../../../../avr/lib/avr51\libc.a
LOAD e:/winavr-20100110/bin/../lib/gcc/avr/4.3.3/avr51\libgcc.a

.hash
 *(.hash)

.dynsym
 *(.dynsym)

.dynstr
 *(.dynstr)

.gnu.version
 *(.gnu.version)

.gnu.version_d
 *(.gnu.version_d)

.gnu.version_r
 *(.gnu.version_r)

.rel.init
 *(.rel.init)

.rela.init
 *(.rela.init)

.rel.text
 *(.rel.text)
 *(.rel.text.*)
 *(.rel.gnu.linkonce.t*)

.rela.text
 *(.rela.text)
 *(.rela.text.*)
 *(.rela.gnu.linkonce.t*)

.rel.fini
 *(.rel.fini)

.rela.fini
 *(.rela.fini)

.rel.rodata
 *(.rel.rodata)
 *(.rel.rodata.*)
 *(.rel.gnu.linkonce.r*)

.rela.rodata
 *(.rela.rodata)
 *(.rela.rodata.*)
 *(.rela.gnu.linkonce.r*)

.rel.data
 *(.rel.data)
 *(.rel.data.*)
 *(.rel.gnu.linkonce.d*)

.rela.data
 *(.rela.data)
 *(.rela.data.*)
 *(.rela.gnu.linkonce.d*)

.rel.ctors
 *(.rel.ctors)

.rela.ctors
 *(.rela.ctors)

.rel.dtors
 *(.rel.dtors)

.rela.dtors
 *(.rela.dtors)

.rel.got
 *(.rel.got)

.rela.got
 *(.rela.got)

.rel.bss
 *(.rel.bss)

.rela.bss
 *(.rela.bss)

.rel.plt
 *(.rel.plt)

.rela.plt
 *(.rela.plt)

.text           0x0001e000      0xece
 *(.vectors)
 .vectors       0x0001e000       0xcc e:/winavr-20100110/bin/../lib/gcc/avr/4.3.3/../../../../avr/lib/avr51/crtm1281.o
                0x0001e000                __vectors
                0x0001e000                __vector_default
 *(.vectors)
 *(.progmem.gcc*)
 *(.progmem*)
                0x0001e0cc                . = ALIGN (0x2)
                0x0001e0cc                __trampolines_start = .
 *(.trampolines)
 .trampolines   0x0001e0cc        0x0 linker stubs
 *(.trampolines*)
                0x0001e0cc                __trampolines_end = .
 *(.jumptables)
 *(.jumptables*)
 *(.lowtext)
 *(.lowtext*)
                0x0001e0cc                __ctors_start = .
 *(.ctors)
                0x0001e0cc                __ctors_end = .
                0x0001e0cc                __dtors_start = .
 *(.dtors)
                0x0001e0cc                __dtors_end = .
 SORT(*)(.ctors)
 SORT(*)(.dtors)
 *(.init0)
 .init0         0x0001e0cc        0x0 e:/winavr-20100110/bin/../lib/gcc/avr/4.3.3/../../../../avr/lib/avr51/crtm1281.o
                0x0001e0cc                __init
 *(.init0)
 *(.init1)
 *(.init1)
 *(.init2)
 .init2         0x0001e0cc        0xc e:/winavr-20100110/bin/../lib/gcc/avr/4.3.3/../../../../avr/lib/avr51/crtm1281.o
 *(.init2)
 *(.init3)
 .init3         0x0001e0d8       0x12 main.o
                0x0001e0d8                get_mcusr
 *(.init3)
 *(.init4)
 .init4         0x0001e0ea       0x1a e:/winavr-20100110/bin/../lib/gcc/avr/4.3.3/../../../../avr/lib/avr51/crtm1281.o
                0x0001e0ea                __do_copy_data
 .init4         0x0001e104       0x10 e:/winavr-20100110/bin/../lib/gcc/avr/4.3.3/avr51\libgcc.a(_clear_bss.o)
                0x0001e104                __do_clear_bss
 *(.init4)
 *(.init5)
 *(.init5)
 *(.init6)
 *(.init6)
 *(.init7)
 *(.init7)
 *(.init8)
 *(.init8)
 *(.init9)
 .init9         0x0001e114        0x8 e:/winavr-20100110/bin/../lib/gcc/avr/4.3.3/../../../../avr/lib/avr51/crtm1281.o
 *(.init9)
 *(.text)
 .text          0x0001e11c        0x4 e:/winavr-20100110/bin/../lib/gcc/avr/4.3.3/../../../../avr/lib/avr51/crtm1281.o
                0x0001e11c                __vector_38
                0x0001e11c                __vector_22
                0x0001e11c                __vector_28
                0x0001e11c                __vector_1
                0x0001e11c                __vector_32
                0x0001e11c                __vector_34
                0x0001e11c                __vector_24
                0x0001e11c                __vector_12
                0x0001e11c                __vector_46
                0x0001e11c                __bad_interrupt
                0x0001e11c                __vector_6
                0x0001e11c                __vector_31
                0x0001e11c                __vector_35
                0x0001e11c                __vector_39
                0x0001e11c                __vector_3
                0x0001e11c                __vector_23
                0x0001e11c                __vector_30
                0x0001e11c                __vector_45
                0x0001e11c                __vector_11
                0x0001e11c                __vector_13
                0x0001e11c                __vector_17
                0x0001e11c                __vector_19
                0x0001e11c                __vector_7
                0x0001e11c                __vector_49
                0x0001e11c                __vector_41
                0x0001e11c                __vector_43
                0x0001e11c                __vector_27
                0x0001e11c                __vector_5
                0x0001e11c                __vector_33
                0x0001e11c                __vector_47
                0x0001e11c                __vector_4
                0x0001e11c                __vector_44
                0x0001e11c                __vector_9
                0x0001e11c                __vector_2
                0x0001e11c                __vector_21
                0x0001e11c                __vector_15
                0x0001e11c                __vector_29
                0x0001e11c                __vector_40
                0x0001e11c                __vector_8
                0x0001e11c                __vector_48
                0x0001e11c                __vector_14
                0x0001e11c                __vector_10
                0x0001e11c                __vector_50
                0x0001e11c                __vector_16
                0x0001e11c                __vector_18
                0x0001e11c                __vector_20
                0x0001e11c                __vector_42
 .text          0x0001e120      0x1ba main.o
                0x0001e120                main
 .text          0x0001e2da      0x292 writer.o
                0x0001e2da                memcmp_farP
                0x0001e310                write_page
                0x0001e44c                flash_finish
                0x0001e452                flash_byte
 .text          0x0001e56c      0x4d0 uart.o
                0x0001e5fa                uart1_isrtx_enable
                0x0001e606                __vector_25
                0x0001e852                uart_init
                0x0001e5ee                uart0_isrtx_enable
                0x0001e7b0                __vector_37
                0x0001e68a                __vector_36
                0x0001e70e                __vector_26
                0x0001e56c                uart_write_string
 .text          0x0001ea3c       0x92 misc.o
                0x0001eaaa                read_bige_uint
                0x0001ea3c                hex2ascii
 .text          0x0001eace      0x256 ihex.o
                0x0001eb04                ascii2hex
                0x0001eace                ihex_init
                0x0001eb2a                ihex_process_line
                0x0001ecc6                ihex_char
 .text          0x0001ed24       0xac fifo.o
                0x0001ed24                fifo_read_char
                0x0001edb2                fifo_init
                0x0001ed8a                fifo_flush
 .text          0x0001edd0        0x0 e:/winavr-20100110/bin/../lib/gcc/avr/4.3.3/avr51\libgcc.a(_exit.o)
 .text          0x0001edd0        0x0 e:/winavr-20100110/bin/../lib/gcc/avr/4.3.3/avr51\libgcc.a(_clear_bss.o)
 .text          0x0001edd0        0x0 e:/winavr-20100110/bin/../lib/gcc/avr/4.3.3/../../../../avr/lib/avr51\libc.a(isxdigit.o)
 .text          0x0001edd0        0x0 e:/winavr-20100110/bin/../lib/gcc/avr/4.3.3/../../../../avr/lib/avr51\libc.a(memcpy.o)
 .text          0x0001edd0        0x0 e:/winavr-20100110/bin/../lib/gcc/avr/4.3.3/../../../../avr/lib/avr51\libc.a(ltoa.o)
 .text          0x0001edd0        0x0 e:/winavr-20100110/bin/../lib/gcc/avr/4.3.3/../../../../avr/lib/avr51\libc.a(cty_isfalse.o)
 .text          0x0001edd0        0x0 e:/winavr-20100110/bin/../lib/gcc/avr/4.3.3/../../../../avr/lib/avr51\libc.a(strrev.o)
 .text          0x0001edd0        0x0 e:/winavr-20100110/bin/../lib/gcc/avr/4.3.3/avr51\libgcc.a(_udivmodsi4.o)
                0x0001edd0                . = ALIGN (0x2)
 *(.text.*)
 .text.libgcc   0x0001edd0        0x0 e:/winavr-20100110/bin/../lib/gcc/avr/4.3.3/avr51\libgcc.a(_exit.o)
 .text.libgcc   0x0001edd0        0x0 e:/winavr-20100110/bin/../lib/gcc/avr/4.3.3/avr51\libgcc.a(_clear_bss.o)
 .text.avr-libc
                0x0001edd0       0x16 e:/winavr-20100110/bin/../lib/gcc/avr/4.3.3/../../../../avr/lib/avr51\libc.a(isxdigit.o)
                0x0001edd0                isxdigit
 .text.avr-libc
                0x0001ede6       0x12 e:/winavr-20100110/bin/../lib/gcc/avr/4.3.3/../../../../avr/lib/avr51\libc.a(memcpy.o)
                0x0001ede6                memcpy
 .text.avr-libc
                0x0001edf8       0x68 e:/winavr-20100110/bin/../lib/gcc/avr/4.3.3/../../../../avr/lib/avr51\libc.a(ltoa.o)
                0x0001edf8                ltoa
 .text.avr-libc
                0x0001ee60        0x6 e:/winavr-20100110/bin/../lib/gcc/avr/4.3.3/../../../../avr/lib/avr51\libc.a(cty_isfalse.o)
                0x0001ee64                __ctype_istrue
                0x0001ee60                __ctype_isfalse
 .text.avr-libc
                0x0001ee66       0x20 e:/winavr-20100110/bin/../lib/gcc/avr/4.3.3/../../../../avr/lib/avr51\libc.a(strrev.o)
                0x0001ee66                strrev
 .text.libgcc   0x0001ee86       0x44 e:/winavr-20100110/bin/../lib/gcc/avr/4.3.3/avr51\libgcc.a(_udivmodsi4.o)
                0x0001ee86                __udivmodsi4
                0x0001eeca                . = ALIGN (0x2)
 *(.fini9)
 .fini9         0x0001eeca        0x0 e:/winavr-20100110/bin/../lib/gcc/avr/4.3.3/avr51\libgcc.a(_exit.o)
                0x0001eeca                exit
                0x0001eeca                _exit
 *(.fini9)
 *(.fini8)
 *(.fini8)
 *(.fini7)
 *(.fini7)
 *(.fini6)
 *(.fini6)
 *(.fini5)
 *(.fini5)
 *(.fini4)
 *(.fini4)
 *(.fini3)
 *(.fini3)
 *(.fini2)
 *(.fini2)
 *(.fini1)
 *(.fini1)
 *(.fini0)
 .fini0         0x0001eeca        0x4 e:/winavr-20100110/bin/../lib/gcc/avr/4.3.3/avr51\libgcc.a(_exit.o)
 *(.fini0)
                0x0001eece                _etext = .

.data           0x00800200       0xb6 load address 0x0001eece
                0x00800200                PROVIDE (__data_start, .)
 *(.data)
 .data          0x00800200        0x0 e:/winavr-20100110/bin/../lib/gcc/avr/4.3.3/../../../../avr/lib/avr51/crtm1281.o
 .data          0x00800200       0x9d main.o
 .data          0x0080029d       0x18 writer.o
                0x008002b1                current_page
 .data          0x008002b5        0x0 uart.o
 .data          0x008002b5        0x0 misc.o
 .data          0x008002b5        0x0 ihex.o
 .data          0x008002b5        0x0 fifo.o
 .data          0x008002b5        0x0 e:/winavr-20100110/bin/../lib/gcc/avr/4.3.3/avr51\libgcc.a(_exit.o)
 .data          0x008002b5        0x0 e:/winavr-20100110/bin/../lib/gcc/avr/4.3.3/avr51\libgcc.a(_clear_bss.o)
 .data          0x008002b5        0x0 e:/winavr-20100110/bin/../lib/gcc/avr/4.3.3/../../../../avr/lib/avr51\libc.a(isxdigit.o)
 .data          0x008002b5        0x0 e:/winavr-20100110/bin/../lib/gcc/avr/4.3.3/../../../../avr/lib/avr51\libc.a(memcpy.o)
 .data          0x008002b5        0x0 e:/winavr-20100110/bin/../lib/gcc/avr/4.3.3/../../../../avr/lib/avr51\libc.a(ltoa.o)
 .data          0x008002b5        0x0 e:/winavr-20100110/bin/../lib/gcc/avr/4.3.3/../../../../avr/lib/avr51\libc.a(cty_isfalse.o)
 .data          0x008002b5        0x0 e:/winavr-20100110/bin/../lib/gcc/avr/4.3.3/../../../../avr/lib/avr51\libc.a(strrev.o)
 .data          0x008002b5        0x0 e:/winavr-20100110/bin/../lib/gcc/avr/4.3.3/avr51\libgcc.a(_udivmodsi4.o)
 *(.data*)
 *(.rodata)
 *(.rodata*)
 *(.gnu.linkonce.d*)
                0x008002b6                . = ALIGN (0x2)
 *fill*         0x008002b5        0x1 00
                0x008002b6                _edata = .
                0x008002b6                PROVIDE (__data_end, .)

.bss            0x008002b6      0x2b7
                0x008002b6                PROVIDE (__bss_start, .)
 *(.bss)
 .bss           0x008002b6        0x0 e:/winavr-20100110/bin/../lib/gcc/avr/4.3.3/../../../../avr/lib/avr51/crtm1281.o
 .bss           0x008002b6        0x2 main.o
                0x008002b6                mainapp
 .bss           0x008002b8        0x2 writer.o
                0x008002b8                writer_failed
 .bss           0x008002ba        0x0 uart.o
 .bss           0x008002ba        0x0 misc.o
 .bss           0x008002ba        0xc ihex.o
                0x008002c2                ext_lin_add
                0x008002be                ext_seg_add
                0x008002ba                ihex_address
 .bss           0x008002c6        0x0 fifo.o
 .bss           0x008002c6        0x0 e:/winavr-20100110/bin/../lib/gcc/avr/4.3.3/avr51\libgcc.a(_exit.o)
 .bss           0x008002c6        0x0 e:/winavr-20100110/bin/../lib/gcc/avr/4.3.3/avr51\libgcc.a(_clear_bss.o)
 .bss           0x008002c6        0x0 e:/winavr-20100110/bin/../lib/gcc/avr/4.3.3/../../../../avr/lib/avr51\libc.a(isxdigit.o)
 .bss           0x008002c6        0x0 e:/winavr-20100110/bin/../lib/gcc/avr/4.3.3/../../../../avr/lib/avr51\libc.a(memcpy.o)
 .bss           0x008002c6        0x0 e:/winavr-20100110/bin/../lib/gcc/avr/4.3.3/../../../../avr/lib/avr51\libc.a(ltoa.o)
 .bss           0x008002c6        0x0 e:/winavr-20100110/bin/../lib/gcc/avr/4.3.3/../../../../avr/lib/avr51\libc.a(cty_isfalse.o)
 .bss           0x008002c6        0x0 e:/winavr-20100110/bin/../lib/gcc/avr/4.3.3/../../../../avr/lib/avr51\libc.a(strrev.o)
 .bss           0x008002c6        0x0 e:/winavr-20100110/bin/../lib/gcc/avr/4.3.3/avr51\libgcc.a(_udivmodsi4.o)
 *(.bss*)
 *(COMMON)
 COMMON         0x008002c6      0x100 writer.o
                0x008002c6                buffer_verify
 COMMON         0x008003c6      0x157 uart.o
                0x008003c6                uart_fifo_rx
                0x008003d2                uart_fifo_data_rx
                0x008004d1                uart_fifo_tx
                0x008004dd                uart_fifo_data_tx
 COMMON         0x0080051d       0x50 ihex.o
                0x0080051d                line_ptr
                0x0080051f                ihex_status
                0x00800520                ihex_data
                0x00800530                ihex_byte_count
                0x00800531                hexline
                0x0080056d                PROVIDE (__bss_end, .)
                0x0001eece                __data_load_start = LOADADDR (.data)
                0x0001ef84                __data_load_end = (__data_load_start + SIZEOF (.data))

.noinit         0x0080056d        0x0
                0x0080056d                PROVIDE (__noinit_start, .)
 *(.noinit*)
                0x0080056d                PROVIDE (__noinit_end, .)
                0x0080056d                _end = .
                0x0080056d                PROVIDE (__heap_start, .)

.eeprom         0x00810000        0x0
 *(.eeprom*)
                0x00810000                __eeprom_end = .

.fuse
 *(.fuse)
 *(.lfuse)
 *(.hfuse)
 *(.efuse)

.lock
 *(.lock*)

.signature
 *(.signature*)

.stab
 *(.stab)

.stabstr
 *(.stabstr)

.stab.excl
 *(.stab.excl)

.stab.exclstr
 *(.stab.exclstr)

.stab.index
 *(.stab.index)

.stab.indexstr
 *(.stab.indexstr)

.comment
 *(.comment)

.debug
 *(.debug)

.line
 *(.line)

.debug_srcinfo
 *(.debug_srcinfo)

.debug_sfnames
 *(.debug_sfnames)

.debug_aranges  0x00000000       0xc8
 *(.debug_aranges)
 .debug_aranges
                0x00000000       0x28 main.o
 .debug_aranges
                0x00000028       0x20 writer.o
 .debug_aranges
                0x00000048       0x20 uart.o
 .debug_aranges
                0x00000068       0x20 misc.o
 .debug_aranges
                0x00000088       0x20 ihex.o
 .debug_aranges
                0x000000a8       0x20 fifo.o

.debug_pubnames
                0x00000000      0x2f0
 *(.debug_pubnames)
 .debug_pubnames
                0x00000000       0x35 main.o
 .debug_pubnames
                0x00000035       0x86 writer.o
 .debug_pubnames
                0x000000bb       0xf2 uart.o
 .debug_pubnames
                0x000001ad       0x33 misc.o
 .debug_pubnames
                0x000001e0       0xce ihex.o
 .debug_pubnames
                0x000002ae       0x42 fifo.o

.debug_info     0x00000000      0xffe
 *(.debug_info)
 .debug_info    0x00000000      0x2d7 main.o
 .debug_info    0x000002d7      0x3cc writer.o
 .debug_info    0x000006a3      0x332 uart.o
 .debug_info    0x000009d5      0x12c misc.o
 .debug_info    0x00000b01      0x279 ihex.o
 .debug_info    0x00000d7a      0x284 fifo.o
 *(.gnu.linkonce.wi.*)

.debug_abbrev   0x00000000      0x81c
 *(.debug_abbrev)
 .debug_abbrev  0x00000000      0x193 main.o
 .debug_abbrev  0x00000193      0x1b9 writer.o
 .debug_abbrev  0x0000034c      0x194 uart.o
 .debug_abbrev  0x000004e0       0xad misc.o
 .debug_abbrev  0x0000058d      0x125 ihex.o
 .debug_abbrev  0x000006b2      0x16a fifo.o

.debug_line     0x00000000      0xee7
 *(.debug_line)
 .debug_line    0x00000000      0x2c7 main.o
 .debug_line    0x000002c7      0x2db writer.o
 .debug_line    0x000005a2      0x485 uart.o
 .debug_line    0x00000a27       0xe0 misc.o
 .debug_line    0x00000b07      0x20e ihex.o
 .debug_line    0x00000d15      0x1d2 fifo.o

.debug_frame    0x00000000      0x1d0
 *(.debug_frame)
 .debug_frame   0x00000000       0x30 main.o
 .debug_frame   0x00000030       0x50 writer.o
 .debug_frame   0x00000080       0x90 uart.o
 .debug_frame   0x00000110       0x30 misc.o
 .debug_frame   0x00000140       0x50 ihex.o
 .debug_frame   0x00000190       0x40 fifo.o

.debug_str      0x00000000      0x455
 *(.debug_str)
 .debug_str     0x00000000      0x17a main.o
                                0x1ba (size before relaxing)
 .debug_str     0x0000017a       0xf5 writer.o
                                0x1b5 (size before relaxing)
 .debug_str     0x0000026f       0xb0 uart.o
                                0x22b (size before relaxing)
 .debug_str     0x0000031f       0x54 misc.o
                                0x100 (size before relaxing)
 .debug_str     0x00000373       0xa1 ihex.o
                                0x19e (size before relaxing)
 .debug_str     0x00000414       0x41 fifo.o
                                0x176 (size before relaxing)

.debug_loc      0x00000000      0x799
 *(.debug_loc)
 .debug_loc     0x00000000      0x193 main.o
 .debug_loc     0x00000193      0x234 writer.o
 .debug_loc     0x000003c7      0x117 uart.o
 .debug_loc     0x000004de       0xf0 misc.o
 .debug_loc     0x000005ce      0x133 ihex.o
 .debug_loc     0x00000701       0x98 fifo.o

.debug_macinfo
 *(.debug_macinfo)
OUTPUT(main.elf elf32-avr)
LOAD linker stubs

.debug_ranges   0x00000000      0x128
 .debug_ranges  0x00000000       0x68 main.o
 .debug_ranges  0x00000068       0x78 writer.o
 .debug_ranges  0x000000e0       0x48 uart.o

Cross Reference Table

Symbol                                            File
__bad_interrupt                                   e:/winavr-20100110/bin/../lib/gcc/avr/4.3.3/../../../../avr/lib/avr51/crtm1281.o
__bss_end                                         e:/winavr-20100110/bin/../lib/gcc/avr/4.3.3/avr51\libgcc.a(_clear_bss.o)
__bss_start                                       e:/winavr-20100110/bin/../lib/gcc/avr/4.3.3/avr51\libgcc.a(_clear_bss.o)
__ctype_isfalse                                   e:/winavr-20100110/bin/../lib/gcc/avr/4.3.3/../../../../avr/lib/avr51\libc.a(cty_isfalse.o)
                                                  e:/winavr-20100110/bin/../lib/gcc/avr/4.3.3/../../../../avr/lib/avr51\libc.a(isxdigit.o)
__ctype_istrue                                    e:/winavr-20100110/bin/../lib/gcc/avr/4.3.3/../../../../avr/lib/avr51\libc.a(cty_isfalse.o)
__data_end                                        e:/winavr-20100110/bin/../lib/gcc/avr/4.3.3/../../../../avr/lib/avr51/crtm1281.o
__data_load_start                                 e:/winavr-20100110/bin/../lib/gcc/avr/4.3.3/../../../../avr/lib/avr51/crtm1281.o
__data_start                                      e:/winavr-20100110/bin/../lib/gcc/avr/4.3.3/../../../../avr/lib/avr51/crtm1281.o
__do_clear_bss                                    e:/winavr-20100110/bin/../lib/gcc/avr/4.3.3/avr51\libgcc.a(_clear_bss.o)
                                                  ihex.o
                                                  uart.o
                                                  writer.o
                                                  main.o
__do_copy_data                                    e:/winavr-20100110/bin/../lib/gcc/avr/4.3.3/../../../../avr/lib/avr51/crtm1281.o
                                                  writer.o
                                                  main.o
__heap_end                                        e:/winavr-20100110/bin/../lib/gcc/avr/4.3.3/../../../../avr/lib/avr51/crtm1281.o
__init                                            e:/winavr-20100110/bin/../lib/gcc/avr/4.3.3/../../../../avr/lib/avr51/crtm1281.o
__stack                                           e:/winavr-20100110/bin/../lib/gcc/avr/4.3.3/../../../../avr/lib/avr51/crtm1281.o
__udivmodsi4                                      e:/winavr-20100110/bin/../lib/gcc/avr/4.3.3/avr51\libgcc.a(_udivmodsi4.o)
                                                  e:/winavr-20100110/bin/../lib/gcc/avr/4.3.3/../../../../avr/lib/avr51\libc.a(ltoa.o)
__vector_1                                        e:/winavr-20100110/bin/../lib/gcc/avr/4.3.3/../../../../avr/lib/avr51/crtm1281.o
__vector_10                                       e:/winavr-20100110/bin/../lib/gcc/avr/4.3.3/../../../../avr/lib/avr51/crtm1281.o
__vector_11                                       e:/winavr-20100110/bin/../lib/gcc/avr/4.3.3/../../../../avr/lib/avr51/crtm1281.o
__vector_12                                       e:/winavr-20100110/bin/../lib/gcc/avr/4.3.3/../../../../avr/lib/avr51/crtm1281.o
__vector_13                                       e:/winavr-20100110/bin/../lib/gcc/avr/4.3.3/../../../../avr/lib/avr51/crtm1281.o
__vector_14                                       e:/winavr-20100110/bin/../lib/gcc/avr/4.3.3/../../../../avr/lib/avr51/crtm1281.o
__vector_15                                       e:/winavr-20100110/bin/../lib/gcc/avr/4.3.3/../../../../avr/lib/avr51/crtm1281.o
__vector_16                                       e:/winavr-20100110/bin/../lib/gcc/avr/4.3.3/../../../../avr/lib/avr51/crtm1281.o
__vector_17                                       e:/winavr-20100110/bin/../lib/gcc/avr/4.3.3/../../../../avr/lib/avr51/crtm1281.o
__vector_18                                       e:/winavr-20100110/bin/../lib/gcc/avr/4.3.3/../../../../avr/lib/avr51/crtm1281.o
__vector_19                                       e:/winavr-20100110/bin/../lib/gcc/avr/4.3.3/../../../../avr/lib/avr51/crtm1281.o
__vector_2                                        e:/winavr-20100110/bin/../lib/gcc/avr/4.3.3/../../../../avr/lib/avr51/crtm1281.o
__vector_20                                       e:/winavr-20100110/bin/../lib/gcc/avr/4.3.3/../../../../avr/lib/avr51/crtm1281.o
__vector_21                                       e:/winavr-20100110/bin/../lib/gcc/avr/4.3.3/../../../../avr/lib/avr51/crtm1281.o
__vector_22                                       e:/winavr-20100110/bin/../lib/gcc/avr/4.3.3/../../../../avr/lib/avr51/crtm1281.o
__vector_23                                       e:/winavr-20100110/bin/../lib/gcc/avr/4.3.3/../../../../avr/lib/avr51/crtm1281.o
__vector_24                                       e:/winavr-20100110/bin/../lib/gcc/avr/4.3.3/../../../../avr/lib/avr51/crtm1281.o
__vector_25                                       uart.o
                                                  e:/winavr-20100110/bin/../lib/gcc/avr/4.3.3/../../../../avr/lib/avr51/crtm1281.o
__vector_26                                       uart.o
                                                  e:/winavr-20100110/bin/../lib/gcc/avr/4.3.3/../../../../avr/lib/avr51/crtm1281.o
__vector_27                                       e:/winavr-20100110/bin/../lib/gcc/avr/4.3.3/../../../../avr/lib/avr51/crtm1281.o
__vector_28                                       e:/winavr-20100110/bin/../lib/gcc/avr/4.3.3/../../../../avr/lib/avr51/crtm1281.o
__vector_29                                       e:/winavr-20100110/bin/../lib/gcc/avr/4.3.3/../../../../avr/lib/avr51/crtm1281.o
__vector_3                                        e:/winavr-20100110/bin/../lib/gcc/avr/4.3.3/../../../../avr/lib/avr51/crtm1281.o
__vector_30                                       e:/winavr-20100110/bin/../lib/gcc/avr/4.3.3/../../../../avr/lib/avr51/crtm1281.o
__vector_31                                       e:/winavr-20100110/bin/../lib/gcc/avr/4.3.3/../../../../avr/lib/avr51/crtm1281.o
__vector_32                                       e:/winavr-20100110/bin/../lib/gcc/avr/4.3.3/../../../../avr/lib/avr51/crtm1281.o
__vector_33                                       e:/winavr-20100110/bin/../lib/gcc/avr/4.3.3/../../../../avr/lib/avr51/crtm1281.o
__vector_34                                       e:/winavr-20100110/bin/../lib/gcc/avr/4.3.3/../../../../avr/lib/avr51/crtm1281.o
__vector_35                                       e:/winavr-20100110/bin/../lib/gcc/avr/4.3.3/../../../../avr/lib/avr51/crtm1281.o
__vector_36                                       uart.o
                                                  e:/winavr-20100110/bin/../lib/gcc/avr/4.3.3/../../../../avr/lib/avr51/crtm1281.o
__vector_37                                       uart.o
                                                  e:/winavr-20100110/bin/../lib/gcc/avr/4.3.3/../../../../avr/lib/avr51/crtm1281.o
__vector_38                                       e:/winavr-20100110/bin/../lib/gcc/avr/4.3.3/../../../../avr/lib/avr51/crtm1281.o
__vector_39                                       e:/winavr-20100110/bin/../lib/gcc/avr/4.3.3/../../../../avr/lib/avr51/crtm1281.o
__vector_4                                        e:/winavr-20100110/bin/../lib/gcc/avr/4.3.3/../../../../avr/lib/avr51/crtm1281.o
__vector_40                                       e:/winavr-20100110/bin/../lib/gcc/avr/4.3.3/../../../../avr/lib/avr51/crtm1281.o
__vector_41                                       e:/winavr-20100110/bin/../lib/gcc/avr/4.3.3/../../../../avr/lib/avr51/crtm1281.o
__vector_42                                       e:/winavr-20100110/bin/../lib/gcc/avr/4.3.3/../../../../avr/lib/avr51/crtm1281.o
__vector_43                                       e:/winavr-20100110/bin/../lib/gcc/avr/4.3.3/../../../../avr/lib/avr51/crtm1281.o
__vector_44                                       e:/winavr-20100110/bin/../lib/gcc/avr/4.3.3/../../../../avr/lib/avr51/crtm1281.o
__vector_45                                       e:/winavr-20100110/bin/../lib/gcc/avr/4.3.3/../../../../avr/lib/avr51/crtm1281.o
__vector_46                                       e:/winavr-20100110/bin/../lib/gcc/avr/4.3.3/../../../../avr/lib/avr51/crtm1281.o
__vector_47                                       e:/winavr-20100110/bin/../lib/gcc/avr/4.3.3/../../../../avr/lib/avr51/crtm1281.o
__vector_48                                       e:/winavr-20100110/bin/../lib/gcc/avr/4.3.3/../../../../avr/lib/avr51/crtm1281.o
__vector_49                                       e:/winavr-20100110/bin/../lib/gcc/avr/4.3.3/../../../../avr/lib/avr51/crtm1281.o
__vector_5                                        e:/winavr-20100110/bin/../lib/gcc/avr/4.3.3/../../../../avr/lib/avr51/crtm1281.o
__vector_50                                       e:/winavr-20100110/bin/../lib/gcc/avr/4.3.3/../../../../avr/lib/avr51/crtm1281.o
__vector_6                                        e:/winavr-20100110/bin/../lib/gcc/avr/4.3.3/../../../../avr/lib/avr51/crtm1281.o
__vector_7                                        e:/winavr-20100110/bin/../lib/gcc/avr/4.3.3/../../../../avr/lib/avr51/crtm1281.o
__vector_8                                        e:/winavr-20100110/bin/../lib/gcc/avr/4.3.3/../../../../avr/lib/avr51/crtm1281.o
__vector_9                                        e:/winavr-20100110/bin/../lib/gcc/avr/4.3.3/../../../../avr/lib/avr51/crtm1281.o
__vector_default                                  e:/winavr-20100110/bin/../lib/gcc/avr/4.3.3/../../../../avr/lib/avr51/crtm1281.o
__vectors                                         e:/winavr-20100110/bin/../lib/gcc/avr/4.3.3/../../../../avr/lib/avr51/crtm1281.o
_exit                                             e:/winavr-20100110/bin/../lib/gcc/avr/4.3.3/avr51\libgcc.a(_exit.o)
ascii2hex                                         ihex.o
buffer_verify                                     writer.o
current_page                                      writer.o
exit                                              e:/winavr-20100110/bin/../lib/gcc/avr/4.3.3/avr51\libgcc.a(_exit.o)
                                                  e:/winavr-20100110/bin/../lib/gcc/avr/4.3.3/../../../../avr/lib/avr51/crtm1281.o
ext_lin_add                                       ihex.o
ext_seg_add                                       ihex.o
fifo_flush                                        fifo.o
fifo_init                                         fifo.o
                                                  uart.o
fifo_read_char                                    fifo.o
                                                  main.o
flash_byte                                        writer.o
                                                  main.o
flash_finish                                      writer.o
                                                  main.o
get_mcusr                                         main.o
hex2ascii                                         misc.o
hexline                                           ihex.o
ihex_address                                      ihex.o
                                                  main.o
ihex_byte_count                                   ihex.o
                                                  main.o
ihex_char                                         ihex.o
                                                  main.o
ihex_data                                         ihex.o
                                                  main.o
ihex_init                                         ihex.o
                                                  main.o
ihex_process_line                                 ihex.o
ihex_status                                       ihex.o
                                                  main.o
isxdigit                                          e:/winavr-20100110/bin/../lib/gcc/avr/4.3.3/../../../../avr/lib/avr51\libc.a(isxdigit.o)
                                                  ihex.o
line_ptr                                          ihex.o
ltoa                                              e:/winavr-20100110/bin/../lib/gcc/avr/4.3.3/../../../../avr/lib/avr51\libc.a(ltoa.o)
                                                  writer.o
main                                              main.o
                                                  e:/winavr-20100110/bin/../lib/gcc/avr/4.3.3/../../../../avr/lib/avr51/crtm1281.o
mainapp                                           main.o
memcmp_farP                                       writer.o
memcpy                                            e:/winavr-20100110/bin/../lib/gcc/avr/4.3.3/../../../../avr/lib/avr51\libc.a(memcpy.o)
                                                  ihex.o
read_bige_uint                                    misc.o
                                                  ihex.o
strrev                                            e:/winavr-20100110/bin/../lib/gcc/avr/4.3.3/../../../../avr/lib/avr51\libc.a(strrev.o)
                                                  e:/winavr-20100110/bin/../lib/gcc/avr/4.3.3/../../../../avr/lib/avr51\libc.a(ltoa.o)
uart0_isrtx_enable                                uart.o
uart1_isrtx_enable                                uart.o
uart_fifo_data_rx                                 uart.o
uart_fifo_data_tx                                 uart.o
uart_fifo_rx                                      fifo.o
                                                  uart.o
                                                  main.o
uart_fifo_tx                                      uart.o
uart_init                                         uart.o
                                                  main.o
uart_write_string                                 uart.o
                                                  writer.o
                                                  main.o
write_page                                        writer.o
writer_failed                                     writer.o
                                                  main.o
