Archive member included because of file (symbol)

c:/elec/WinAVR/lib/gcc/avr/3.4.6\libgcc.a(_copy_data.o)
                              M_BUS_data.o (__do_copy_data)
c:/elec/WinAVR/lib/gcc/avr/3.4.6\libgcc.a(_clear_bss.o)
                              M_BUS_data.o (__do_clear_bss)

Allocating common symbols
Common symbol       size              file

received            0x1               M_BUS_data.o

Memory Configuration

Name             Origin             Length             Attributes
text             0x00000000         0x00002000         xr
data             0x00800060         0x0000ffa0         rw !x
eeprom           0x00810000         0x00010000         rw !x
*default*        0x00000000         0xffffffff

Linker script and memory map

LOAD c:/elec/WinAVR/bin/../lib/gcc/avr/3.4.6/../../../../avr/lib/crttn26.o
LOAD M_BUS_data.o
LOAD send.o
LOAD ping_ok.o
LOAD Compute_CRC.o
LOAD init.o
LOAD send_frame.o
LOAD interrupts.o
LOAD Ack_Play_State.o
LOAD Ack_Wait.o
LOAD Ack_Change_Disk.o
LOAD Ack_Disk_Info.o
LOAD Decode_Received.o
LOAD loop_ms.o
LOAD time_loop.o
LOAD Ack_Power_Up.o
LOAD M_BUS.o
LOAD c:/elec/WinAVR/bin/../lib/gcc/avr/3.4.6/../../../../avr/lib\libm.a
LOAD c:/elec/WinAVR/lib/gcc/avr/3.4.6\libgcc.a
LOAD c:/elec/WinAVR/bin/../lib/gcc/avr/3.4.6/../../../../avr/lib\libc.a
LOAD c:/elec/WinAVR/lib/gcc/avr/3.4.6\libgcc.a

.hash
 *(.hash)

.dynsym
 *(.dynsym)

.dynstr
 *(.dynstr)

.gnu.version
 *(.gnu.version)

.gnu.version_d
 *(.gnu.version_d)

.gnu.version_r
 *(.gnu.version_r)

.rel.init
 *(.rel.init)

.rela.init
 *(.rela.init)

.rel.text
 *(.rel.text)
 *(.rel.text.*)
 *(.rel.gnu.linkonce.t*)

.rela.text
 *(.rela.text)
 *(.rela.text.*)
 *(.rela.gnu.linkonce.t*)

.rel.fini
 *(.rel.fini)

.rela.fini
 *(.rela.fini)

.rel.rodata
 *(.rel.rodata)
 *(.rel.rodata.*)
 *(.rel.gnu.linkonce.r*)

.rela.rodata
 *(.rela.rodata)
 *(.rela.rodata.*)
 *(.rela.gnu.linkonce.r*)

.rel.data
 *(.rel.data)
 *(.rel.data.*)
 *(.rel.gnu.linkonce.d*)

.rela.data
 *(.rela.data)
 *(.rela.data.*)
 *(.rela.gnu.linkonce.d*)

.rel.ctors
 *(.rel.ctors)

.rela.ctors
 *(.rela.ctors)

.rel.dtors
 *(.rel.dtors)

.rela.dtors
 *(.rela.dtors)

.rel.got
 *(.rel.got)

.rela.got
 *(.rela.got)

.rel.bss
 *(.rel.bss)

.rela.bss
 *(.rela.bss)

.rel.plt
 *(.rel.plt)

.rela.plt
 *(.rela.plt)

.text           0x00000000      0x576
 *(.vectors)
 .vectors       0x00000000       0x18 c:/elec/WinAVR/bin/../lib/gcc/avr/3.4.6/../../../../avr/lib/crttn26.o
                0x00000000                __vectors
                0x00000000                __vector_default
                0x00000018                __ctors_start = .
 *(.ctors)
                0x00000018                __ctors_end = .
                0x00000018                __dtors_start = .
 *(.dtors)
                0x00000018                __dtors_end = .
 *(.progmem.gcc*)
 *(.progmem*)
                0x00000018                . = ALIGN (0x2)
 *(.init0)
 *(.init1)
 *(.init2)
 .init2         0x00000018        0x8 c:/elec/WinAVR/bin/../lib/gcc/avr/3.4.6/../../../../avr/lib/crttn26.o
 *(.init3)
 *(.init4)
 .init4         0x00000020       0x18 c:/elec/WinAVR/lib/gcc/avr/3.4.6\libgcc.a(_copy_data.o)
                0x00000020                __do_copy_data
 .init4         0x00000038       0x10 c:/elec/WinAVR/lib/gcc/avr/3.4.6\libgcc.a(_clear_bss.o)
                0x00000038                __do_clear_bss
 *(.init5)
 *(.init6)
 *(.init7)
 *(.init8)
 *(.init9)
 .init9         0x00000048        0x2 c:/elec/WinAVR/bin/../lib/gcc/avr/3.4.6/../../../../avr/lib/crttn26.o
 *(.text)
 .text          0x0000004a        0x2 c:/elec/WinAVR/bin/../lib/gcc/avr/3.4.6/../../../../avr/lib/crttn26.o
                0x0000004a                __bad_interrupt
                0x0000004a                __vector_3
                0x0000004a                __vector_11
                0x0000004a                __vector_7
                0x0000004a                __vector_5
                0x0000004a                __vector_9
                0x0000004a                __vector_2
                0x0000004a                __vector_8
                0x0000004a                __vector_10
 .text          0x0000004c       0x78 send.o
                0x0000004c                send
 .text          0x000000c4       0x18 ping_ok.o
                0x000000c4                ping_ok
 .text          0x000000dc       0x24 Compute_CRC.o
                0x000000dc                Compute_CRC
 .text          0x00000100       0x24 init.o
                0x00000100                init
 .text          0x00000124       0x52 send_frame.o
                0x00000124                send_frame
 .text          0x00000176      0x116 interrupts.o
                0x00000176                __vector_1
                0x0000023e                __vector_6
                0x0000026e                __vector_4
 .text          0x0000028c       0x4c Ack_Play_State.o
                0x0000028c                Ack_Play_State
 .text          0x000002d8       0x2c Ack_Wait.o
                0x000002d8                Ack_Wait
 .text          0x00000304       0x3e Ack_Change_Disk.o
                0x00000304                Ack_Change_Disk
 .text          0x00000342       0x44 Ack_Disk_Info.o
                0x00000342                Ack_Disk_Info
 .text          0x00000386       0xaa Decode_Received.o
                0x00000386                Decode_Received
 .text          0x00000430       0x2e loop_ms.o
                0x00000430                loop_ms
 .text          0x0000045e       0x10 time_loop.o
                0x0000045e                time_loop
 .text          0x0000046e       0xa4 Ack_Power_Up.o
                0x0000046e                Ack_Power_Up
 .text          0x00000512       0x64 M_BUS.o
                0x00000512                main
                0x00000576                . = ALIGN (0x2)
 *(.text.*)
                0x00000576                . = ALIGN (0x2)
 *(.fini9)
 *(.fini8)
 *(.fini7)
 *(.fini6)
 *(.fini5)
 *(.fini4)
 *(.fini3)
 *(.fini2)
 *(.fini1)
 *(.fini0)
                0x00000576                _etext = .

.data           0x00800060        0x2 load address 0x00000576
                0x00800060                PROVIDE (__data_start, .)
 *(.data)
 .data          0x00800060        0x2 M_BUS_data.o
                0x00800060                Actual_Play_State
                0x00800061                Last_Play_State
 *(.gnu.linkonce.d*)
                0x00800062                . = ALIGN (0x2)
                0x00800062                _edata = .
                0x00800062                PROVIDE (__data_end, .)

.bss            0x00800062       0x3a
                0x00800062                PROVIDE (__bss_start, .)
 *(.bss)
 .bss           0x00800062       0x39 M_BUS_data.o
                0x0080007a                bus_byte
                0x00800076                s_flag
                0x00800074                Actual_Prog_Mode
                0x00800079                n_bit
                0x00800075                Actual_Repeat_Mode
                0x00800062                Trame_Locale
                0x0080008b                R_BUS
                0x00800073                Request_Id
                0x00800077                bus_busy
                0x00800072                Commande_Type
                0x0080007b                S_BUS
                0x00800078                n_byte
 *(COMMON)
 COMMON         0x0080009b        0x1 M_BUS_data.o
                0x0080009b                received
                0x0080009c                PROVIDE (__bss_end, .)
                0x00000576                __data_load_start = LOADADDR (.data)
                0x00000578                __data_load_end = (__data_load_start + SIZEOF (.data))

.noinit         0x0080009c        0x0
                0x0080009c                PROVIDE (__noinit_start, .)
 *(.noinit*)
                0x0080009c                PROVIDE (__noinit_end, .)
                0x0080009c                _end = .
                0x0080009c                PROVIDE (__heap_start, .)

.eeprom         0x00810000        0x0
 *(.eeprom*)
                0x00810000                __eeprom_end = .

.stab           0x00000000      0x354
 *(.stab)
 .stab          0x00000000      0x354 c:/elec/WinAVR/bin/../lib/gcc/avr/3.4.6/../../../../avr/lib/crttn26.o

.stabstr        0x00000000       0x84
 *(.stabstr)
 .stabstr       0x00000000       0x84 c:/elec/WinAVR/bin/../lib/gcc/avr/3.4.6/../../../../avr/lib/crttn26.o

.stab.excl
 *(.stab.excl)

.stab.exclstr
 *(.stab.exclstr)

.stab.index
 *(.stab.index)

.stab.indexstr
 *(.stab.indexstr)

.comment
 *(.comment)

.debug
 *(.debug)

.line
 *(.line)

.debug_srcinfo
 *(.debug_srcinfo)

.debug_sfnames
 *(.debug_sfnames)

.debug_aranges  0x00000000      0x12c
 *(.debug_aranges)
 .debug_aranges
                0x00000000       0x14 send.o
 .debug_aranges
                0x00000014       0x14 ping_ok.o
 .debug_aranges
                0x00000028       0x14 Compute_CRC.o
 .debug_aranges
                0x0000003c       0x14 init.o
 .debug_aranges
                0x00000050       0x14 send_frame.o
 .debug_aranges
                0x00000064       0x14 interrupts.o
 .debug_aranges
                0x00000078       0x14 Ack_Play_State.o
 .debug_aranges
                0x0000008c       0x14 Ack_Wait.o
 .debug_aranges
                0x000000a0       0x14 Ack_Change_Disk.o
 .debug_aranges
                0x000000b4       0x14 Ack_Disk_Info.o
 .debug_aranges
                0x000000c8       0x14 Decode_Received.o
 .debug_aranges
                0x000000dc       0x14 loop_ms.o
 .debug_aranges
                0x000000f0       0x14 time_loop.o
 .debug_aranges
                0x00000104       0x14 Ack_Power_Up.o
 .debug_aranges
                0x00000118       0x14 M_BUS.o

.debug_pubnames
                0x00000000      0x9ba
 *(.debug_pubnames)
 .debug_pubnames
                0x00000000       0xf5 M_BUS_data.o
 .debug_pubnames
                0x000000f5       0xb8 send.o
 .debug_pubnames
                0x000001ad       0xbb ping_ok.o
 .debug_pubnames
                0x00000268       0x22 Compute_CRC.o
 .debug_pubnames
                0x0000028a       0x1b init.o
 .debug_pubnames
                0x000002a5       0xbe send_frame.o
 .debug_pubnames
                0x00000363       0xdc interrupts.o
 .debug_pubnames
                0x0000043f       0xc2 Ack_Play_State.o
 .debug_pubnames
                0x00000501       0xbc Ack_Wait.o
 .debug_pubnames
                0x000005bd       0xc3 Ack_Change_Disk.o
 .debug_pubnames
                0x00000680       0xc1 Ack_Disk_Info.o
 .debug_pubnames
                0x00000741       0xc3 Decode_Received.o
 .debug_pubnames
                0x00000804       0x1e loop_ms.o
 .debug_pubnames
                0x00000822       0x20 time_loop.o
 .debug_pubnames
                0x00000842       0xc0 Ack_Power_Up.o
 .debug_pubnames
                0x00000902       0xb8 M_BUS.o

.debug_info     0x00000000     0x1268
 *(.debug_info)
 .debug_info    0x00000000      0x13c M_BUS_data.o
 .debug_info    0x0000013c      0x169 send.o
 .debug_info    0x000002a5      0x134 ping_ok.o
 .debug_info    0x000003d9       0xbd Compute_CRC.o
 .debug_info    0x00000496       0x70 init.o
 .debug_info    0x00000506      0x173 send_frame.o
 .debug_info    0x00000679      0x160 interrupts.o
 .debug_info    0x000007d9      0x16d Ack_Play_State.o
 .debug_info    0x00000946      0x134 Ack_Wait.o
 .debug_info    0x00000a7a      0x134 Ack_Change_Disk.o
 .debug_info    0x00000bae      0x134 Ack_Disk_Info.o
 .debug_info    0x00000ce2      0x194 Decode_Received.o
 .debug_info    0x00000e76       0x94 loop_ms.o
 .debug_info    0x00000f0a       0x83 time_loop.o
 .debug_info    0x00000f8d      0x134 Ack_Power_Up.o
 .debug_info    0x000010c1      0x1a7 M_BUS.o
 *(.gnu.linkonce.wi.*)

.debug_abbrev   0x00000000      0x73a
 *(.debug_abbrev)
 .debug_abbrev  0x00000000       0x49 M_BUS_data.o
 .debug_abbrev  0x00000049       0xa5 send.o
 .debug_abbrev  0x000000ee       0x76 ping_ok.o
 .debug_abbrev  0x00000164       0x79 Compute_CRC.o
 .debug_abbrev  0x000001dd       0x3f init.o
 .debug_abbrev  0x0000021c       0x9f send_frame.o
 .debug_abbrev  0x000002bb       0x76 interrupts.o
 .debug_abbrev  0x00000331       0x87 Ack_Play_State.o
 .debug_abbrev  0x000003b8       0x76 Ack_Wait.o
 .debug_abbrev  0x0000042e       0x76 Ack_Change_Disk.o
 .debug_abbrev  0x000004a4       0x76 Ack_Disk_Info.o
 .debug_abbrev  0x0000051a       0x76 Decode_Received.o
 .debug_abbrev  0x00000590       0x5d loop_ms.o
 .debug_abbrev  0x000005ed       0x4e time_loop.o
 .debug_abbrev  0x0000063b       0x76 Ack_Power_Up.o
 .debug_abbrev  0x000006b1       0x89 M_BUS.o

.debug_line     0x00000000      0xe51
 *(.debug_line)
 .debug_line    0x00000000       0x4c M_BUS_data.o
 .debug_line    0x0000004c      0x11d send.o
 .debug_line    0x00000169       0xa8 ping_ok.o
 .debug_line    0x00000211       0xb4 Compute_CRC.o
 .debug_line    0x000002c5       0xb3 init.o
 .debug_line    0x00000378       0xb7 send_frame.o
 .debug_line    0x0000042f      0x165 interrupts.o
 .debug_line    0x00000594       0xfd Ack_Play_State.o
 .debug_line    0x00000691       0xc7 Ack_Wait.o
 .debug_line    0x00000758       0xe6 Ack_Change_Disk.o
 .debug_line    0x0000083e       0xea Ack_Disk_Info.o
 .debug_line    0x00000928      0x16a Decode_Received.o
 .debug_line    0x00000a92       0x98 loop_ms.o
 .debug_line    0x00000b2a       0x9a time_loop.o
 .debug_line    0x00000bc4      0x149 Ack_Power_Up.o
 .debug_line    0x00000d0d      0x144 M_BUS.o

.debug_frame
 *(.debug_frame)

.debug_str      0x00000000      0x345
 *(.debug_str)
 .debug_str     0x00000000      0x10e M_BUS_data.o
                                0x120 (size before relaxing)
 .debug_str     0x0000010e       0x3d send.o
                                0x14b (size before relaxing)
 .debug_str     0x0000014b       0x12 ping_ok.o
                                0x14c (size before relaxing)
 .debug_str     0x0000015d       0x32 Compute_CRC.o
                                 0xef (size before relaxing)
 .debug_str     0x0000018f        0xc init.o
                                 0xbf (size before relaxing)
 .debug_str     0x0000019b       0x34 send_frame.o
                                0x167 (size before relaxing)
 .debug_str     0x000001cf       0x2e interrupts.o
                                0x161 (size before relaxing)
 .debug_str     0x000001fd       0x35 Ack_Play_State.o
                                0x17a (size before relaxing)
 .debug_str     0x00000232       0x14 Ack_Wait.o
                                0x14e (size before relaxing)
 .debug_str     0x00000246       0x22 Ack_Change_Disk.o
                                0x15c (size before relaxing)
 .debug_str     0x00000268       0x1e Ack_Disk_Info.o
                                0x158 (size before relaxing)
 .debug_str     0x00000286       0x44 Decode_Received.o
                                0x1a8 (size before relaxing)
 .debug_str     0x000002ca       0x1c loop_ms.o
                                 0xcf (size before relaxing)
 .debug_str     0x000002e6       0x20 time_loop.o
                                 0xd3 (size before relaxing)
 .debug_str     0x00000306       0x1c Ack_Power_Up.o
                                0x156 (size before relaxing)
 .debug_str     0x00000322       0x23 M_BUS.o
                                0x190 (size before relaxing)

.debug_loc
 *(.debug_loc)

.debug_macinfo
 *(.debug_macinfo)
OUTPUT(M_BUS.elf elf32-avr)

Cross Reference Table

Symbol                                            File
Ack_Change_Disk                                   Ack_Change_Disk.o
                                                  Ack_Power_Up.o
                                                  Decode_Received.o
Ack_Disk_Info                                     Ack_Disk_Info.o
                                                  Ack_Power_Up.o
                                                  Decode_Received.o
Ack_Play_State                                    Ack_Play_State.o
                                                  M_BUS.o
                                                  Decode_Received.o
Ack_Power_Up                                      Ack_Power_Up.o
                                                  Decode_Received.o
Ack_Wait                                          Ack_Wait.o
                                                  Decode_Received.o
Actual_Play_State                                 M_BUS_data.o
                                                  M_BUS.o
                                                  Ack_Power_Up.o
                                                  Decode_Received.o
                                                  Ack_Disk_Info.o
                                                  Ack_Change_Disk.o
                                                  Ack_Wait.o
                                                  Ack_Play_State.o
                                                  interrupts.o
                                                  send_frame.o
                                                  ping_ok.o
                                                  send.o
Actual_Prog_Mode                                  M_BUS_data.o
                                                  M_BUS.o
                                                  Ack_Power_Up.o
                                                  Decode_Received.o
                                                  Ack_Disk_Info.o
                                                  Ack_Change_Disk.o
                                                  Ack_Wait.o
                                                  Ack_Play_State.o
                                                  interrupts.o
                                                  send_frame.o
                                                  ping_ok.o
                                                  send.o
Actual_Repeat_Mode                                M_BUS_data.o
                                                  M_BUS.o
                                                  Ack_Power_Up.o
                                                  Decode_Received.o
                                                  Ack_Disk_Info.o
                                                  Ack_Change_Disk.o
                                                  Ack_Wait.o
                                                  Ack_Play_State.o
                                                  interrupts.o
                                                  send_frame.o
                                                  ping_ok.o
                                                  send.o
Commande_Type                                     M_BUS_data.o
                                                  Decode_Received.o
Compute_CRC                                       Compute_CRC.o
                                                  send_frame.o
Decode_Received                                   Decode_Received.o
                                                  M_BUS.o
Last_Play_State                                   M_BUS_data.o
                                                  M_BUS.o
                                                  Ack_Power_Up.o
                                                  Decode_Received.o
                                                  Ack_Disk_Info.o
                                                  Ack_Change_Disk.o
                                                  Ack_Wait.o
                                                  Ack_Play_State.o
                                                  interrupts.o
                                                  send_frame.o
                                                  ping_ok.o
                                                  send.o
R_BUS                                             M_BUS_data.o
                                                  M_BUS.o
                                                  Decode_Received.o
                                                  interrupts.o
Request_Id                                        M_BUS_data.o
                                                  Decode_Received.o
S_BUS                                             M_BUS_data.o
                                                  send_frame.o
                                                  send.o
Trame_Locale                                      M_BUS_data.o
                                                  Ack_Power_Up.o
                                                  Ack_Disk_Info.o
                                                  Ack_Change_Disk.o
                                                  Ack_Wait.o
                                                  Ack_Play_State.o
                                                  ping_ok.o
__bad_interrupt                                   c:/elec/WinAVR/bin/../lib/gcc/avr/3.4.6/../../../../avr/lib/crttn26.o
__bss_end                                         c:/elec/WinAVR/lib/gcc/avr/3.4.6\libgcc.a(_clear_bss.o)
__bss_start                                       c:/elec/WinAVR/lib/gcc/avr/3.4.6\libgcc.a(_clear_bss.o)
__data_end                                        c:/elec/WinAVR/lib/gcc/avr/3.4.6\libgcc.a(_copy_data.o)
__data_load_start                                 c:/elec/WinAVR/lib/gcc/avr/3.4.6\libgcc.a(_copy_data.o)
__data_start                                      c:/elec/WinAVR/lib/gcc/avr/3.4.6\libgcc.a(_copy_data.o)
__do_clear_bss                                    c:/elec/WinAVR/lib/gcc/avr/3.4.6\libgcc.a(_clear_bss.o)
                                                  M_BUS.o
                                                  Ack_Power_Up.o
                                                  time_loop.o
                                                  loop_ms.o
                                                  Decode_Received.o
                                                  Ack_Disk_Info.o
                                                  Ack_Change_Disk.o
                                                  Ack_Wait.o
                                                  Ack_Play_State.o
                                                  interrupts.o
                                                  send_frame.o
                                                  init.o
                                                  Compute_CRC.o
                                                  ping_ok.o
                                                  send.o
                                                  M_BUS_data.o
__do_copy_data                                    c:/elec/WinAVR/lib/gcc/avr/3.4.6\libgcc.a(_copy_data.o)
                                                  M_BUS.o
                                                  Ack_Power_Up.o
                                                  time_loop.o
                                                  loop_ms.o
                                                  Decode_Received.o
                                                  Ack_Disk_Info.o
                                                  Ack_Change_Disk.o
                                                  Ack_Wait.o
                                                  Ack_Play_State.o
                                                  interrupts.o
                                                  send_frame.o
                                                  init.o
                                                  Compute_CRC.o
                                                  ping_ok.o
                                                  send.o
                                                  M_BUS_data.o
__heap_end                                        c:/elec/WinAVR/bin/../lib/gcc/avr/3.4.6/../../../../avr/lib/crttn26.o
__init                                            c:/elec/WinAVR/bin/../lib/gcc/avr/3.4.6/../../../../avr/lib/crttn26.o
__stack                                           c:/elec/WinAVR/bin/../lib/gcc/avr/3.4.6/../../../../avr/lib/crttn26.o
                                                  M_BUS.o
__vector_1                                        interrupts.o
                                                  c:/elec/WinAVR/bin/../lib/gcc/avr/3.4.6/../../../../avr/lib/crttn26.o
__vector_10                                       c:/elec/WinAVR/bin/../lib/gcc/avr/3.4.6/../../../../avr/lib/crttn26.o
__vector_11                                       c:/elec/WinAVR/bin/../lib/gcc/avr/3.4.6/../../../../avr/lib/crttn26.o
__vector_2                                        c:/elec/WinAVR/bin/../lib/gcc/avr/3.4.6/../../../../avr/lib/crttn26.o
__vector_3                                        c:/elec/WinAVR/bin/../lib/gcc/avr/3.4.6/../../../../avr/lib/crttn26.o
__vector_4                                        interrupts.o
                                                  c:/elec/WinAVR/bin/../lib/gcc/avr/3.4.6/../../../../avr/lib/crttn26.o
__vector_5                                        c:/elec/WinAVR/bin/../lib/gcc/avr/3.4.6/../../../../avr/lib/crttn26.o
__vector_6                                        interrupts.o
                                                  c:/elec/WinAVR/bin/../lib/gcc/avr/3.4.6/../../../../avr/lib/crttn26.o
__vector_7                                        c:/elec/WinAVR/bin/../lib/gcc/avr/3.4.6/../../../../avr/lib/crttn26.o
__vector_8                                        c:/elec/WinAVR/bin/../lib/gcc/avr/3.4.6/../../../../avr/lib/crttn26.o
__vector_9                                        c:/elec/WinAVR/bin/../lib/gcc/avr/3.4.6/../../../../avr/lib/crttn26.o
__vector_default                                  c:/elec/WinAVR/bin/../lib/gcc/avr/3.4.6/../../../../avr/lib/crttn26.o
__vectors                                         c:/elec/WinAVR/bin/../lib/gcc/avr/3.4.6/../../../../avr/lib/crttn26.o
bus_busy                                          M_BUS_data.o
                                                  M_BUS.o
                                                  Ack_Power_Up.o
                                                  Decode_Received.o
                                                  Ack_Disk_Info.o
                                                  Ack_Change_Disk.o
                                                  Ack_Wait.o
                                                  Ack_Play_State.o
                                                  interrupts.o
                                                  send_frame.o
                                                  ping_ok.o
                                                  send.o
bus_byte                                          M_BUS_data.o
                                                  M_BUS.o
                                                  Ack_Power_Up.o
                                                  Decode_Received.o
                                                  Ack_Disk_Info.o
                                                  Ack_Change_Disk.o
                                                  Ack_Wait.o
                                                  Ack_Play_State.o
                                                  interrupts.o
                                                  send_frame.o
                                                  ping_ok.o
                                                  send.o
init                                              init.o
                                                  M_BUS.o
loop_ms                                           loop_ms.o
                                                  Ack_Power_Up.o
                                                  Decode_Received.o
main                                              M_BUS.o
                                                  c:/elec/WinAVR/bin/../lib/gcc/avr/3.4.6/../../../../avr/lib/crttn26.o
n_bit                                             M_BUS_data.o
                                                  M_BUS.o
                                                  Ack_Power_Up.o
                                                  Decode_Received.o
                                                  Ack_Disk_Info.o
                                                  Ack_Change_Disk.o
                                                  Ack_Wait.o
                                                  Ack_Play_State.o
                                                  interrupts.o
                                                  send_frame.o
                                                  ping_ok.o
                                                  send.o
n_byte                                            M_BUS_data.o
                                                  M_BUS.o
                                                  Ack_Power_Up.o
                                                  Decode_Received.o
                                                  Ack_Disk_Info.o
                                                  Ack_Change_Disk.o
                                                  Ack_Wait.o
                                                  Ack_Play_State.o
                                                  interrupts.o
                                                  send_frame.o
                                                  ping_ok.o
                                                  send.o
ping_ok                                           ping_ok.o
                                                  Decode_Received.o
received                                          M_BUS.o
                                                  Ack_Power_Up.o
                                                  Decode_Received.o
                                                  Ack_Disk_Info.o
                                                  Ack_Change_Disk.o
                                                  Ack_Wait.o
                                                  Ack_Play_State.o
                                                  interrupts.o
                                                  send_frame.o
                                                  ping_ok.o
                                                  send.o
                                                  M_BUS_data.o
s_flag                                            M_BUS_data.o
                                                  M_BUS.o
                                                  Ack_Power_Up.o
                                                  Decode_Received.o
                                                  Ack_Disk_Info.o
                                                  Ack_Change_Disk.o
                                                  Ack_Wait.o
                                                  Ack_Play_State.o
                                                  interrupts.o
                                                  send_frame.o
                                                  ping_ok.o
                                                  send.o
send                                              send.o
                                                  send_frame.o
send_frame                                        send_frame.o
                                                  Ack_Power_Up.o
                                                  Ack_Disk_Info.o
                                                  Ack_Change_Disk.o
                                                  Ack_Wait.o
                                                  Ack_Play_State.o
                                                  ping_ok.o
time_loop                                         time_loop.o
                                                  loop_ms.o
