Archive member included because of file (symbol)

e:/program files/winavr/bin/../lib/gcc/avr/4.1.1\libgcc.a(_copy_data.o)
                              AVRSTEPPER.o (__do_copy_data)
e:/program files/winavr/bin/../lib/gcc/avr/4.1.1\libgcc.a(_clear_bss.o)
                              AVRSTEPPER.o (__do_clear_bss)

Allocating common symbols
Common symbol       size              file

LastSteps           0x1               AVRSTEPPER.o
FirstSteps          0x1               AVRSTEPPER.o
StepTablePtr        0x2               AVRSTEPPER.o
TopSteps            0x1               AVRSTEPPER.o
BottomSteps         0x1               AVRSTEPPER.o

Discarded input sections

 .stabstr       0x00000000        0x0 e:/program files/winavr/bin/../lib/gcc/avr/4.1.1/../../../../avr/lib/crts8515.o

Memory Configuration

Name             Origin             Length             Attributes
text             0x00000000         0x00002000         xr
data             0x00800060         0x0000ffa0         rw !x
eeprom           0x00810000         0x00010000         rw !x
*default*        0x00000000         0xffffffff

Linker script and memory map

LOAD e:/program files/winavr/bin/../lib/gcc/avr/4.1.1/../../../../avr/lib/crts8515.o
LOAD AVRSTEPPER.o
LOAD e:/program files/winavr/bin/../lib/gcc/avr/4.1.1/../../../../avr/lib\libprintf_min.a
LOAD e:/program files/winavr/bin/../lib/gcc/avr/4.1.1/../../../../avr/lib\libc.a
LOAD e:/program files/winavr/bin/../lib/gcc/avr/4.1.1/../../../../avr/lib\libm.a
LOAD e:/program files/winavr/bin/../lib/gcc/avr/4.1.1\libgcc.a
LOAD e:/program files/winavr/bin/../lib/gcc/avr/4.1.1/../../../../avr/lib\libc.a
LOAD e:/program files/winavr/bin/../lib/gcc/avr/4.1.1\libgcc.a

.hash
 *(.hash)

.dynsym
 *(.dynsym)

.dynstr
 *(.dynstr)

.gnu.version
 *(.gnu.version)

.gnu.version_d
 *(.gnu.version_d)

.gnu.version_r
 *(.gnu.version_r)

.rel.init
 *(.rel.init)

.rela.init
 *(.rela.init)

.rel.text
 *(.rel.text)
 *(.rel.text.*)
 *(.rel.gnu.linkonce.t*)

.rela.text
 *(.rela.text)
 *(.rela.text.*)
 *(.rela.gnu.linkonce.t*)

.rel.fini
 *(.rel.fini)

.rela.fini
 *(.rela.fini)

.rel.rodata
 *(.rel.rodata)
 *(.rel.rodata.*)
 *(.rel.gnu.linkonce.r*)

.rela.rodata
 *(.rela.rodata)
 *(.rela.rodata.*)
 *(.rela.gnu.linkonce.r*)

.rel.data
 *(.rel.data)
 *(.rel.data.*)
 *(.rel.gnu.linkonce.d*)

.rela.data
 *(.rela.data)
 *(.rela.data.*)
 *(.rela.gnu.linkonce.d*)

.rel.ctors
 *(.rel.ctors)

.rela.ctors
 *(.rela.ctors)

.rel.dtors
 *(.rel.dtors)

.rela.dtors
 *(.rela.dtors)

.rel.got
 *(.rel.got)

.rela.got
 *(.rela.got)

.rel.bss
 *(.rel.bss)

.rela.bss
 *(.rela.bss)

.rel.plt
 *(.rel.plt)

.rela.plt
 *(.rela.plt)

.text           0x00000000      0x284
 *(.vectors)
 .vectors       0x00000000       0x1a e:/program files/winavr/bin/../lib/gcc/avr/4.1.1/../../../../avr/lib/crts8515.o
                0x00000000                __vectors
                0x00000000                __vector_default
 *(.vectors)
 *(.progmem.gcc*)
 *(.progmem*)
 .progmem.data  0x0000001a       0x1c AVRSTEPPER.o
                0x0000001e                STEPS_HALF_TABLE
                0x00000026                STEPS_TABLE
                0x0000001a                STEPS_FULL_TABLE
                0x00000036                . = ALIGN (0x2)
                0x00000036                __trampolines_start = .
 *(.trampolines)
 .trampolines   0x00000036        0x0 linker stubs
 *(.trampolines*)
                0x00000036                __trampolines_end = .
 *(.jumptables)
 *(.jumptables*)
 *(.lowtext)
 *(.lowtext*)
                0x00000036                __ctors_start = .
 *(.ctors)
                0x00000036                __ctors_end = .
                0x00000036                __dtors_start = .
 *(.dtors)
                0x00000036                __dtors_end = .
 SORT(*)(.ctors)
 SORT(*)(.dtors)
 *(.init0)
 .init0         0x00000036        0x0 e:/program files/winavr/bin/../lib/gcc/avr/4.1.1/../../../../avr/lib/crts8515.o
                0x00000036                __init
 *(.init0)
 *(.init1)
 *(.init1)
 *(.init2)
 .init2         0x00000036        0xc e:/program files/winavr/bin/../lib/gcc/avr/4.1.1/../../../../avr/lib/crts8515.o
 *(.init2)
 *(.init3)
 *(.init3)
 *(.init4)
 .init4         0x00000042       0x18 e:/program files/winavr/bin/../lib/gcc/avr/4.1.1\libgcc.a(_copy_data.o)
                0x00000042                __do_copy_data
 .init4         0x0000005a       0x10 e:/program files/winavr/bin/../lib/gcc/avr/4.1.1\libgcc.a(_clear_bss.o)
                0x0000005a                __do_clear_bss
 *(.init4)
 *(.init5)
 *(.init5)
 *(.init6)
 *(.init6)
 *(.init7)
 *(.init7)
 *(.init8)
 *(.init8)
 *(.init9)
 .init9         0x0000006a        0x2 e:/program files/winavr/bin/../lib/gcc/avr/4.1.1/../../../../avr/lib/crts8515.o
 *(.init9)
 *(.text)
 .text          0x0000006c        0x2 e:/program files/winavr/bin/../lib/gcc/avr/4.1.1/../../../../avr/lib/crts8515.o
                0x0000006c                __vector_1
                0x0000006c                __vector_12
                0x0000006c                __bad_interrupt
                0x0000006c                __vector_6
                0x0000006c                __vector_3
                0x0000006c                __vector_11
                0x0000006c                __vector_7
                0x0000006c                __vector_5
                0x0000006c                __vector_4
                0x0000006c                __vector_9
                0x0000006c                __vector_2
                0x0000006c                __vector_8
                0x0000006c                __vector_10
 .text          0x0000006e      0x216 AVRSTEPPER.o
                0x000000aa                SPK_xMoveStepForward
                0x00000132                SPK_yMoveStepForward
                0x000001fe                SPK_zMoveStepReverse
                0x000000ee                SPK_xMoveStepReverse
                0x0000006e                StartUp
                0x00000242                main
                0x000001ba                SPK_zMoveStepForward
                0x00000176                SPK_yMoveStepReverse
 .text          0x00000284        0x0 e:/program files/winavr/bin/../lib/gcc/avr/4.1.1\libgcc.a(_copy_data.o)
 .text          0x00000284        0x0 e:/program files/winavr/bin/../lib/gcc/avr/4.1.1\libgcc.a(_clear_bss.o)
                0x00000284                . = ALIGN (0x2)
 *(.text.*)
 .text.libgcc   0x00000284        0x0 e:/program files/winavr/bin/../lib/gcc/avr/4.1.1\libgcc.a(_copy_data.o)
 .text.libgcc   0x00000284        0x0 e:/program files/winavr/bin/../lib/gcc/avr/4.1.1\libgcc.a(_clear_bss.o)
                0x00000284                . = ALIGN (0x2)
 *(.fini9)
 *(.fini9)
 *(.fini8)
 *(.fini8)
 *(.fini7)
 *(.fini7)
 *(.fini6)
 *(.fini6)
 *(.fini5)
 *(.fini5)
 *(.fini4)
 *(.fini4)
 *(.fini3)
 *(.fini3)
 *(.fini2)
 *(.fini2)
 *(.fini1)
 *(.fini1)
 *(.fini0)
 *(.fini0)
                0x00000284                _etext = .

.data           0x00800060        0x4 load address 0x00000284
                0x00800060                PROVIDE (__data_start, .)
 *(.data)
 .data          0x00800060        0x0 e:/program files/winavr/bin/../lib/gcc/avr/4.1.1/../../../../avr/lib/crts8515.o
 .data          0x00800060        0x3 AVRSTEPPER.o
                0x00800061                LastYStep
                0x00800060                LastXStep
                0x00800062                LastZStep
 .data          0x00800063        0x0 e:/program files/winavr/bin/../lib/gcc/avr/4.1.1\libgcc.a(_copy_data.o)
 .data          0x00800063        0x0 e:/program files/winavr/bin/../lib/gcc/avr/4.1.1\libgcc.a(_clear_bss.o)
 *(.data*)
 *(.rodata)
 *(.rodata*)
 *(.gnu.linkonce.d*)
                0x00800064                . = ALIGN (0x2)
 *fill*         0x00800063        0x1 00
                0x00800064                _edata = .
                0x00800064                PROVIDE (__data_end, .)

.bss            0x00800064        0x7
                0x00800064                PROVIDE (__bss_start, .)
 *(.bss)
 .bss           0x00800064        0x0 e:/program files/winavr/bin/../lib/gcc/avr/4.1.1/../../../../avr/lib/crts8515.o
 .bss           0x00800064        0x1 AVRSTEPPER.o
                0x00800064                StepValue
 .bss           0x00800065        0x0 e:/program files/winavr/bin/../lib/gcc/avr/4.1.1\libgcc.a(_copy_data.o)
 .bss           0x00800065        0x0 e:/program files/winavr/bin/../lib/gcc/avr/4.1.1\libgcc.a(_clear_bss.o)
 *(.bss*)
 *(COMMON)
 COMMON         0x00800065        0x6 AVRSTEPPER.o
                0x00800065                LastSteps
                0x00800066                FirstSteps
                0x00800067                StepTablePtr
                0x00800069                TopSteps
                0x0080006a                BottomSteps
                0x0080006b                PROVIDE (__bss_end, .)
                0x00000284                __data_load_start = LOADADDR (.data)
                0x00000288                __data_load_end = (__data_load_start + SIZEOF (.data))

.noinit         0x0080006b        0x0
                0x0080006b                PROVIDE (__noinit_start, .)
 *(.noinit*)
                0x0080006b                PROVIDE (__noinit_end, .)
                0x0080006b                _end = .
                0x0080006b                PROVIDE (__heap_start, .)

.eeprom         0x00810000        0x0
 *(.eeprom*)
                0x00810000                __eeprom_end = .

.stab           0x00000000      0x36c
 *(.stab)
 .stab          0x00000000      0x36c e:/program files/winavr/bin/../lib/gcc/avr/4.1.1/../../../../avr/lib/crts8515.o

.stabstr        0x00000000       0x84
 *(.stabstr)
 .stabstr       0x00000000       0x84 e:/program files/winavr/bin/../lib/gcc/avr/4.1.1/../../../../avr/lib/crts8515.o

.stab.excl
 *(.stab.excl)

.stab.exclstr
 *(.stab.exclstr)

.stab.index
 *(.stab.index)

.stab.indexstr
 *(.stab.indexstr)

.comment
 *(.comment)

.debug
 *(.debug)

.line
 *(.line)

.debug_srcinfo
 *(.debug_srcinfo)

.debug_sfnames
 *(.debug_sfnames)

.debug_aranges  0x00000000       0x20
 *(.debug_aranges)
 .debug_aranges
                0x00000000       0x20 AVRSTEPPER.o

.debug_pubnames
                0x00000000      0x17a
 *(.debug_pubnames)
 .debug_pubnames
                0x00000000      0x17a AVRSTEPPER.o

.debug_info     0x00000000      0x39a
 *(.debug_info)
 .debug_info    0x00000000      0x39a AVRSTEPPER.o
 *(.gnu.linkonce.wi.*)

.debug_abbrev   0x00000000       0xdb
 *(.debug_abbrev)
 .debug_abbrev  0x00000000       0xdb AVRSTEPPER.o

.debug_line     0x00000000      0x362
 *(.debug_line)
 .debug_line    0x00000000      0x362 AVRSTEPPER.o

.debug_frame    0x00000000       0x90
 *(.debug_frame)
 .debug_frame   0x00000000       0x90 AVRSTEPPER.o

.debug_str      0x00000000      0x1e2
 *(.debug_str)
 .debug_str     0x00000000      0x1e2 AVRSTEPPER.o
                                0x233 (size before relaxing)

.debug_loc      0x00000000       0x90
 *(.debug_loc)
 .debug_loc     0x00000000       0x90 AVRSTEPPER.o

.debug_macinfo
 *(.debug_macinfo)
OUTPUT(STEPPER.elf elf32-avr)
LOAD linker stubs
