Archive member included because of file (symbol)

c:/winavr-20080411/bin/../lib/gcc/avr/4.3.0/avr25\libgcc.a(_exit.o)
                              c:/winavr-20080411/bin/../lib/gcc/avr/4.3.0/../../../../avr/lib/avr25/crttn45.o (exit)
c:/winavr-20080411/bin/../lib/gcc/avr/4.3.0/avr25\libgcc.a(_copy_data.o)
                              NikonRelease.o (__do_copy_data)
c:/winavr-20080411/bin/../lib/gcc/avr/4.3.0/avr25\libgcc.a(_clear_bss.o)
                              NikonRelease.o (__do_clear_bss)

Memory Configuration

Name             Origin             Length             Attributes
text             0x00000000         0x00002000         xr
data             0x00800060         0x0000ffa0         rw !x
eeprom           0x00810000         0x00010000         rw !x
fuse             0x00820000         0x00000400         rw !x
lock             0x00830000         0x00000400         rw !x
signature        0x00840000         0x00000400         rw !x
*default*        0x00000000         0xffffffff

Linker script and memory map

LOAD c:/winavr-20080411/bin/../lib/gcc/avr/4.3.0/../../../../avr/lib/avr25/crttn45.o
LOAD NikonRelease.o
LOAD Nikon.o
LOAD c:/winavr-20080411/bin/../lib/gcc/avr/4.3.0/avr25\libgcc.a
LOAD c:/winavr-20080411/bin/../lib/gcc/avr/4.3.0/../../../../avr/lib/avr25\libc.a
LOAD c:/winavr-20080411/bin/../lib/gcc/avr/4.3.0/avr25\libgcc.a

.hash
 *(.hash)

.dynsym
 *(.dynsym)

.dynstr
 *(.dynstr)

.gnu.version
 *(.gnu.version)

.gnu.version_d
 *(.gnu.version_d)

.gnu.version_r
 *(.gnu.version_r)

.rel.init
 *(.rel.init)

.rela.init
 *(.rela.init)

.rel.text
 *(.rel.text)
 *(.rel.text.*)
 *(.rel.gnu.linkonce.t*)

.rela.text
 *(.rela.text)
 *(.rela.text.*)
 *(.rela.gnu.linkonce.t*)

.rel.fini
 *(.rel.fini)

.rela.fini
 *(.rela.fini)

.rel.rodata
 *(.rel.rodata)
 *(.rel.rodata.*)
 *(.rel.gnu.linkonce.r*)

.rela.rodata
 *(.rela.rodata)
 *(.rela.rodata.*)
 *(.rela.gnu.linkonce.r*)

.rel.data
 *(.rel.data)
 *(.rel.data.*)
 *(.rel.gnu.linkonce.d*)

.rela.data
 *(.rela.data)
 *(.rela.data.*)
 *(.rela.gnu.linkonce.d*)

.rel.ctors
 *(.rel.ctors)

.rela.ctors
 *(.rela.ctors)

.rel.dtors
 *(.rel.dtors)

.rela.dtors
 *(.rela.dtors)

.rel.got
 *(.rel.got)

.rela.got
 *(.rela.got)

.rel.bss
 *(.rel.bss)

.rela.bss
 *(.rela.bss)

.rel.plt
 *(.rel.plt)

.rela.plt
 *(.rela.plt)

.text           0x00000000      0x1c4
 *(.vectors)
 .vectors       0x00000000       0x1e c:/winavr-20080411/bin/../lib/gcc/avr/4.3.0/../../../../avr/lib/avr25/crttn45.o
                0x00000000                __vectors
                0x00000000                __vector_default
 *(.vectors)
 *(.progmem.gcc*)
 *(.progmem*)
                0x0000001e                . = ALIGN (0x2)
                0x0000001e                __trampolines_start = .
 *(.trampolines)
 .trampolines   0x0000001e        0x0 linker stubs
 *(.trampolines*)
                0x0000001e                __trampolines_end = .
 *(.jumptables)
 *(.jumptables*)
 *(.lowtext)
 *(.lowtext*)
                0x0000001e                __ctors_start = .
 *(.ctors)
                0x0000001e                __ctors_end = .
                0x0000001e                __dtors_start = .
 *(.dtors)
                0x0000001e                __dtors_end = .
 SORT(*)(.ctors)
 SORT(*)(.dtors)
 *(.init0)
 .init0         0x0000001e        0x0 c:/winavr-20080411/bin/../lib/gcc/avr/4.3.0/../../../../avr/lib/avr25/crttn45.o
                0x0000001e                __init
 *(.init0)
 *(.init1)
 *(.init1)
 *(.init2)
 .init2         0x0000001e        0xc c:/winavr-20080411/bin/../lib/gcc/avr/4.3.0/../../../../avr/lib/avr25/crttn45.o
 *(.init2)
 *(.init3)
 *(.init3)
 *(.init4)
 .init4         0x0000002a       0x16 c:/winavr-20080411/bin/../lib/gcc/avr/4.3.0/avr25\libgcc.a(_copy_data.o)
                0x0000002a                __do_copy_data
 .init4         0x00000040       0x10 c:/winavr-20080411/bin/../lib/gcc/avr/4.3.0/avr25\libgcc.a(_clear_bss.o)
                0x00000040                __do_clear_bss
 *(.init4)
 *(.init5)
 *(.init5)
 *(.init6)
 *(.init6)
 *(.init7)
 *(.init7)
 *(.init8)
 *(.init8)
 *(.init9)
 .init9         0x00000050        0x4 c:/winavr-20080411/bin/../lib/gcc/avr/4.3.0/../../../../avr/lib/avr25/crttn45.o
 *(.init9)
 *(.text)
 .text          0x00000054        0x2 c:/winavr-20080411/bin/../lib/gcc/avr/4.3.0/../../../../avr/lib/avr25/crttn45.o
                0x00000054                __vector_1
                0x00000054                __vector_12
                0x00000054                __bad_interrupt
                0x00000054                __vector_6
                0x00000054                __vector_3
                0x00000054                __vector_11
                0x00000054                __vector_13
                0x00000054                __vector_7
                0x00000054                __vector_5
                0x00000054                __vector_4
                0x00000054                __vector_9
                0x00000054                __vector_8
                0x00000054                __vector_14
                0x00000054                __vector_10
 .text          0x00000056       0xea NikonRelease.o
                0x00000056                Wait_Next_Nikon_1Min
                0x0000008c                Wait_Next_Nikon_1sec
                0x00000072                Wait_Next_Nikon_10sec
                0x0000009e                main
 .text          0x00000140       0x80 Nikon.o
                0x0000019e                Wait_Next_Nikon_command
                0x000001a8                Nikon_Shutter_Release
                0x00000140                __vector_2
 .text          0x000001c0        0x0 c:/winavr-20080411/bin/../lib/gcc/avr/4.3.0/avr25\libgcc.a(_exit.o)
 .text          0x000001c0        0x0 c:/winavr-20080411/bin/../lib/gcc/avr/4.3.0/avr25\libgcc.a(_copy_data.o)
 .text          0x000001c0        0x0 c:/winavr-20080411/bin/../lib/gcc/avr/4.3.0/avr25\libgcc.a(_clear_bss.o)
                0x000001c0                . = ALIGN (0x2)
 *(.text.*)
 .text.libgcc   0x000001c0        0x0 c:/winavr-20080411/bin/../lib/gcc/avr/4.3.0/avr25\libgcc.a(_exit.o)
 .text.libgcc   0x000001c0        0x0 c:/winavr-20080411/bin/../lib/gcc/avr/4.3.0/avr25\libgcc.a(_copy_data.o)
 .text.libgcc   0x000001c0        0x0 c:/winavr-20080411/bin/../lib/gcc/avr/4.3.0/avr25\libgcc.a(_clear_bss.o)
                0x000001c0                . = ALIGN (0x2)
 *(.fini9)
 .fini9         0x000001c0        0x0 c:/winavr-20080411/bin/../lib/gcc/avr/4.3.0/avr25\libgcc.a(_exit.o)
                0x000001c0                exit
                0x000001c0                _exit
 *(.fini9)
 *(.fini8)
 *(.fini8)
 *(.fini7)
 *(.fini7)
 *(.fini6)
 *(.fini6)
 *(.fini5)
 *(.fini5)
 *(.fini4)
 *(.fini4)
 *(.fini3)
 *(.fini3)
 *(.fini2)
 *(.fini2)
 *(.fini1)
 *(.fini1)
 *(.fini0)
 .fini0         0x000001c0        0x4 c:/winavr-20080411/bin/../lib/gcc/avr/4.3.0/avr25\libgcc.a(_exit.o)
 *(.fini0)
                0x000001c4                _etext = .

.data           0x00800060        0x0 load address 0x000001c4
                0x00800060                PROVIDE (__data_start, .)
 *(.data)
 .data          0x00800060        0x0 c:/winavr-20080411/bin/../lib/gcc/avr/4.3.0/../../../../avr/lib/avr25/crttn45.o
 .data          0x00800060        0x0 NikonRelease.o
 .data          0x00800060        0x0 Nikon.o
 .data          0x00800060        0x0 c:/winavr-20080411/bin/../lib/gcc/avr/4.3.0/avr25\libgcc.a(_exit.o)
 .data          0x00800060        0x0 c:/winavr-20080411/bin/../lib/gcc/avr/4.3.0/avr25\libgcc.a(_copy_data.o)
 .data          0x00800060        0x0 c:/winavr-20080411/bin/../lib/gcc/avr/4.3.0/avr25\libgcc.a(_clear_bss.o)
 *(.data*)
 *(.rodata)
 *(.rodata*)
 *(.gnu.linkonce.d*)
                0x00800060                . = ALIGN (0x2)
                0x00800060                _edata = .
                0x00800060                PROVIDE (__data_end, .)

.bss            0x00800060        0x0 load address 0x000001c4
                0x00800060                PROVIDE (__bss_start, .)
 *(.bss)
 .bss           0x00800060        0x0 c:/winavr-20080411/bin/../lib/gcc/avr/4.3.0/../../../../avr/lib/avr25/crttn45.o
 .bss           0x00800060        0x0 NikonRelease.o
 .bss           0x00800060        0x0 Nikon.o
 .bss           0x00800060        0x0 c:/winavr-20080411/bin/../lib/gcc/avr/4.3.0/avr25\libgcc.a(_exit.o)
 .bss           0x00800060        0x0 c:/winavr-20080411/bin/../lib/gcc/avr/4.3.0/avr25\libgcc.a(_copy_data.o)
 .bss           0x00800060        0x0 c:/winavr-20080411/bin/../lib/gcc/avr/4.3.0/avr25\libgcc.a(_clear_bss.o)
 *(.bss*)
 *(COMMON)
                0x00800060                PROVIDE (__bss_end, .)
                0x000001c4                __data_load_start = LOADADDR (.data)
                0x000001c4                __data_load_end = (__data_load_start + SIZEOF (.data))

.noinit         0x00800060        0x0
                0x00800060                PROVIDE (__noinit_start, .)
 *(.noinit*)
                0x00800060                PROVIDE (__noinit_end, .)
                0x00800060                _end = .
                0x00800060                PROVIDE (__heap_start, .)

.eeprom         0x00810000        0x0
 *(.eeprom*)
                0x00810000                __eeprom_end = .

.fuse           0x00820000        0x3
 *(.fuse)
 .fuse          0x00820000        0x3 NikonRelease.o
                0x00820000                __fuse
 *(.lfuse)
 *(.hfuse)
 *(.efuse)

.lock           0x00830000        0x1
 *(.lock*)
 .lock          0x00830000        0x1 NikonRelease.o
                0x00830000                __lock

.signature
 *(.signature*)

.stab
 *(.stab)

.stabstr
 *(.stabstr)

.stab.excl
 *(.stab.excl)

.stab.exclstr
 *(.stab.exclstr)

.stab.index
 *(.stab.index)

.stab.indexstr
 *(.stab.indexstr)

.comment
 *(.comment)

.debug
 *(.debug)

.line
 *(.line)

.debug_srcinfo
 *(.debug_srcinfo)

.debug_sfnames
 *(.debug_sfnames)

.debug_aranges  0x00000000       0x20
 *(.debug_aranges)
 .debug_aranges
                0x00000000       0x20 NikonRelease.o

.debug_pubnames
                0x00000000       0x7d
 *(.debug_pubnames)
 .debug_pubnames
                0x00000000       0x7d NikonRelease.o

.debug_info     0x00000000      0x172
 *(.debug_info)
 .debug_info    0x00000000      0x172 NikonRelease.o
 *(.gnu.linkonce.wi.*)

.debug_abbrev   0x00000000       0xd7
 *(.debug_abbrev)
 .debug_abbrev  0x00000000       0xd7 NikonRelease.o

.debug_line     0x00000000      0x24d
 *(.debug_line)
 .debug_line    0x00000000      0x24d NikonRelease.o

.debug_frame    0x00000000       0x50
 *(.debug_frame)
 .debug_frame   0x00000000       0x50 NikonRelease.o

.debug_str      0x00000000       0xeb
 *(.debug_str)
 .debug_str     0x00000000       0xeb NikonRelease.o
                                0x11f (size before relaxing)

.debug_loc      0x00000000       0x56
 *(.debug_loc)
 .debug_loc     0x00000000       0x56 NikonRelease.o

.debug_macinfo
 *(.debug_macinfo)
OUTPUT(NikonRelease.elf elf32-avr)
LOAD linker stubs
