Archive member included because of file (symbol)

C:/WinAVR/lib/gcc/avr/3.4.5\libgcc.a(_copy_data.o)
                              ServoControl.o (__do_copy_data)
C:/WinAVR/lib/gcc/avr/3.4.5\libgcc.a(_clear_bss.o)
                              ServoControl.o (__do_clear_bss)

Memory Configuration

Name             Origin             Length             Attributes
text             0x00000000         0x00002000         xr
data             0x00800060         0x0000ffa0         rw !x
eeprom           0x00810000         0x00010000         rw !x
*default*        0x00000000         0xffffffff

Linker script and memory map

LOAD C:/WinAVR/bin/../lib/gcc/avr/3.4.5/../../../../avr/lib/crttn13.o
LOAD ServoControl.o
LOAD ServoInterupt.o
LOAD C:/WinAVR/lib/gcc/avr/3.4.5\libgcc.a
LOAD C:/WinAVR/bin/../lib/gcc/avr/3.4.5/../../../../avr/lib\libc.a
LOAD C:/WinAVR/lib/gcc/avr/3.4.5\libgcc.a

.hash
 *(.hash)

.dynsym
 *(.dynsym)

.dynstr
 *(.dynstr)

.gnu.version
 *(.gnu.version)

.gnu.version_d
 *(.gnu.version_d)

.gnu.version_r
 *(.gnu.version_r)

.rel.init
 *(.rel.init)

.rela.init
 *(.rela.init)

.rel.text
 *(.rel.text)
 *(.rel.text.*)
 *(.rel.gnu.linkonce.t*)

.rela.text
 *(.rela.text)
 *(.rela.text.*)
 *(.rela.gnu.linkonce.t*)

.rel.fini
 *(.rel.fini)

.rela.fini
 *(.rela.fini)

.rel.rodata
 *(.rel.rodata)
 *(.rel.rodata.*)
 *(.rel.gnu.linkonce.r*)

.rela.rodata
 *(.rela.rodata)
 *(.rela.rodata.*)
 *(.rela.gnu.linkonce.r*)

.rel.data
 *(.rel.data)
 *(.rel.data.*)
 *(.rel.gnu.linkonce.d*)

.rela.data
 *(.rela.data)
 *(.rela.data.*)
 *(.rela.gnu.linkonce.d*)

.rel.ctors
 *(.rel.ctors)

.rela.ctors
 *(.rela.ctors)

.rel.dtors
 *(.rel.dtors)

.rela.dtors
 *(.rela.dtors)

.rel.got
 *(.rel.got)

.rela.got
 *(.rela.got)

.rel.bss
 *(.rel.bss)

.rela.bss
 *(.rela.bss)

.rel.plt
 *(.rel.plt)

.rela.plt
 *(.rela.plt)

.text           0x00000000      0x3e6
 *(.vectors)
 .vectors       0x00000000       0x14 C:/WinAVR/bin/../lib/gcc/avr/3.4.5/../../../../avr/lib/crttn13.o
                0x00000000                __vectors
                0x00000000                __vector_default
                0x00000014                __ctors_start = .
 *(.ctors)
                0x00000014                __ctors_end = .
                0x00000014                __dtors_start = .
 *(.dtors)
                0x00000014                __dtors_end = .
 *(.progmem.gcc*)
 *(.progmem*)
 .progmem.data  0x00000014        0x7 ServoControl.o
                0x0000001c                . = ALIGN (0x2)
 *fill*         0x0000001b        0x1 00
 *(.init0)
 *(.init1)
 *(.init2)
 .init2         0x0000001c        0x8 C:/WinAVR/bin/../lib/gcc/avr/3.4.5/../../../../avr/lib/crttn13.o
 *(.init3)
 *(.init4)
 .init4         0x00000024       0x18 C:/WinAVR/lib/gcc/avr/3.4.5\libgcc.a(_copy_data.o)
                0x00000024                __do_copy_data
 .init4         0x0000003c       0x10 C:/WinAVR/lib/gcc/avr/3.4.5\libgcc.a(_clear_bss.o)
                0x0000003c                __do_clear_bss
 *(.init5)
 *(.init6)
 *(.init7)
 *(.init8)
 *(.init9)
 .init9         0x0000004c        0x2 C:/WinAVR/bin/../lib/gcc/avr/3.4.5/../../../../avr/lib/crttn13.o
 *(.text)
 .text          0x0000004e        0x2 C:/WinAVR/bin/../lib/gcc/avr/3.4.5/../../../../avr/lib/crttn13.o
                0x0000004e                __vector_1
                0x0000004e                __bad_interrupt
                0x0000004e                __vector_3
                0x0000004e                __vector_7
                0x0000004e                __vector_5
                0x0000004e                __vector_4
                0x0000004e                __vector_9
                0x0000004e                __vector_2
                0x0000004e                __vector_8
 .text          0x00000050      0x1be ServoControl.o
                0x00000050                main
 .text          0x0000020e      0x1d8 ServoInterupt.o
                0x0000025a                GetChar
                0x00000234                PutHex
                0x0000026e                __vector_6
                0x000003da                EepromRead
                0x0000021a                PutCRNL
                0x00000220                PutChar
                0x0000020e                Puts
                0x000003e6                . = ALIGN (0x2)
 *(.text.*)
                0x000003e6                . = ALIGN (0x2)
 *(.fini9)
 *(.fini8)
 *(.fini7)
 *(.fini6)
 *(.fini5)
 *(.fini4)
 *(.fini3)
 *(.fini2)
 *(.fini1)
 *(.fini0)
                0x000003e6                _etext = .

.data           0x00800060       0x12 load address 0x000003e6
                0x00800060                PROVIDE (__data_start, .)
 *(.data)
 .data          0x00800060       0x12 ServoInterupt.o
                0x00800060                Prescaler8
                0x00800064                Servo1
                0x00800063                Wating20ms
                0x0080006a                TXBuffer
                0x00800062                Prescaler20ms
                0x00800065                Servo2
                0x00800061                Prescaler64
                0x00800066                Servo3
                0x0080006b                TXCountBuffer
 *(.gnu.linkonce.d*)
                0x00800072                . = ALIGN (0x2)
                0x00800072                _edata = .
                0x00800072                PROVIDE (__data_end, .)

.bss            0x00800072        0x0
                0x00800072                PROVIDE (__bss_start, .)
 *(.bss)
 *(COMMON)
                0x00800072                PROVIDE (__bss_end, .)
                0x000003e6                __data_load_start = LOADADDR (.data)
                0x000003f8                __data_load_end = (__data_load_start + SIZEOF (.data))

.noinit         0x00800072        0x0
                0x00800072                PROVIDE (__noinit_start, .)
 *(.noinit*)
                0x00800072                PROVIDE (__noinit_end, .)
                0x00800072                _end = .
                0x00800072                PROVIDE (__heap_start, .)

.eeprom         0x00810000        0x0
 *(.eeprom*)
                0x00810000                __eeprom_end = .

.stab           0x00000000      0x354
 *(.stab)
 .stab          0x00000000      0x354 C:/WinAVR/bin/../lib/gcc/avr/3.4.5/../../../../avr/lib/crttn13.o

.stabstr        0x00000000       0x84
 *(.stabstr)
 .stabstr       0x00000000       0x84 C:/WinAVR/bin/../lib/gcc/avr/3.4.5/../../../../avr/lib/crttn13.o

.stab.excl
 *(.stab.excl)

.stab.exclstr
 *(.stab.exclstr)

.stab.index
 *(.stab.index)

.stab.indexstr
 *(.stab.indexstr)

.comment
 *(.comment)

.debug
 *(.debug)

.line
 *(.line)

.debug_srcinfo
 *(.debug_srcinfo)

.debug_sfnames
 *(.debug_sfnames)

.debug_aranges  0x00000000       0x14
 *(.debug_aranges)
 .debug_aranges
                0x00000000       0x14 ServoControl.o

.debug_pubnames
                0x00000000       0x1b
 *(.debug_pubnames)
 .debug_pubnames
                0x00000000       0x1b ServoControl.o

.debug_info     0x00000000      0x203
 *(.debug_info)
 .debug_info    0x00000000      0x203 ServoControl.o
 *(.gnu.linkonce.wi.*)

.debug_abbrev   0x00000000       0x61
 *(.debug_abbrev)
 .debug_abbrev  0x00000000       0x61 ServoControl.o

.debug_line     0x00000000      0x1dc
 *(.debug_line)
 .debug_line    0x00000000      0x1dc ServoControl.o

.debug_frame
 *(.debug_frame)

.debug_str      0x00000000       0x29
 *(.debug_str)
 .debug_str     0x00000000       0x29 ServoControl.o

.debug_loc
 *(.debug_loc)

.debug_macinfo
 *(.debug_macinfo)
OUTPUT(ServoControl.elf elf32-avr)
