################################################################################
#                                                                              #
#      IAR Universal Linker V4.61J/W32                                         #
#                                                                              #
#           Link time     =  06/Apr/2012  20:14:26                             #
#           Target CPU    =  A90                                               #
#           List file     =  E:\B\avr\XMEGA\IAR_projects\Audio_delay_0\Debug\L #
#                            ist\Audio_delay_0.map                             #
#           Output file 1 =  E:\B\avr\XMEGA\IAR_projects\Audio_delay_0\Debug\E #
#                            xe\Audio_delay_0.hex                              #
#                            Format: intel-extended                            #
#           Output file 2 =  E:\B\avr\XMEGA\IAR_projects\Audio_delay_0\Debug\E #
#                            xe\Audio_delay_0.d90                              #
#                            Format: ubrof8                                    #
#                            UBROF version 8.0.2                               #
#           Command line  =  E:\B\avr\XMEGA\IAR_projects\Audio_delay_0\Debug\O #
#                            bj\adc_driver.r90                                 #
#                            E:\B\avr\XMEGA\IAR_projects\Audio_delay_0\Debug\O #
#                            bj\adc_driver_asm.r90                             #
#                            E:\B\avr\XMEGA\IAR_projects\Audio_delay_0\Debug\O #
#                            bj\dac_driver.r90                                 #
#                            E:\B\avr\XMEGA\IAR_projects\Audio_delay_0\Debug\O #
#                            bj\main.r90                                       #
#                            -o                                                #
#                            E:\B\avr\XMEGA\IAR_projects\Audio_delay_0\Debug\E #
#                            xe\Audio_delay_0.d90                              #
#                            -Fubrof8 -l                                       #
#                            E:\B\avr\XMEGA\IAR_projects\Audio_delay_0\Debug\L #
#                            ist\Audio_delay_0.map                             #
#                            -xmsnio                                           #
#                            "-IF:\Program Files\IAR Systems\Embedded Workbenc #
#                            h 5.3\avr\LIB\"                                   #
#                            -f                                                #
#                            "F:\Program Files\IAR Systems\Embedded Workbench  #
#                            5.3\avr\src\template\cfgxm64a3.xcl"               #
#                            (-D_..X_INTVEC_SIZE=1E8 -D_..X_FLASH_NEND=FFFF    #
#                            -D_..X_APPLICATION_SIZE=10000                     #
#                            -D_..X_BOOT_SIZE=1000                             #
#                            -D_..X_APPLICATION_TABLE_SIZE=1000                #
#                            -D_..X_FLASH_END=(_..X_APPLICATION_SIZE+_..X_BOOT #
#                            _SIZE-1)                                          #
#                            -D_..X_APPLICATION_START=_..X_INTVEC_SIZE         #
#                            -D_..X_APPLICATION_END=(_..X_FLASH_END-_..X_BOOT_ #
#                            SIZE-_..X_APPLICATION_TABLE_SIZE)                 #
#                            -D_..X_APPLICATION_TABLE_START=(_..X_APPLICATION_ #
#                            END+1)                                            #
#                            -D_..X_APPLICATION_TABLE_END=(_..X_FLASH_END-_..X #
#                            _BOOT_SIZE)                                       #
#                            -D_..X_BOOT_START=(_..X_APPLICATION_TABLE_END+1)  #
#                            -D_..X_BOOT_END=_..X_FLASH_END                    #
#                            -D_..X_SRAM_BASE=2000 -D_..X_SRAM_TBASE=0         #
#                            -D_..X_SRAM_TSIZE=0 -D_..X_SRAM_END=2FFF          #
#                            -D_..X_EEPROM_END=7FF -D_..X_EEPROM_START=0)      #
#                            -D_..X_HEAP_SIZE=0 -D_..X_TINY_HEAP_SIZE=0        #
#                            -D_..X_NEAR_HEAP_SIZE=20 -D_..X_FAR_HEAP_SIZE=0   #
#                            -D_..X_HUGE_HEAP_SIZE=0 -D_..X_CSTACK_SIZE=FC0    #
#                            -D_..X_RSTACK_SIZE=20 -f                          #
#                            "F:\Program Files\IAR Systems\Embedded Workbench  #
#                            5.3\avr\src\template\cfgxmega3soim.xcl"           #
#                            (-ca90 -w29                                       #
#                            -Z(CODE)INTVEC=0-(_..X_INTVEC_SIZE-1)             #
#                            -Z(CODE)NEAR_F=_..X_FLASH_BASE-_..X_FLASH_NEND    #
#                            -Z(CODE)SWITCH=_..X_FLASH_BASE-_..X_FLASH_NEND    #
#                            -Z(CODE)DIFUNCT=_..X_FLASH_BASE-_..X_FLASH_NEND   #
#                            -Z(CODE)CODE=_..X_FLASH_BASE-_..X_FLASH_END       #
#                            -Z(CODE)FAR_F=[_..X_FLASH_BASE-_..X_FLASH_END]/10 #
#                            000                                               #
#                            -Z(CODE)INITTAB=_..X_FLASH_BASE-_..X_FLASH_END    #
#                            -Z(CODE)HUGE_F=_..X_FLASH_BASE-_..X_FLASH_END     #
#                            -Z(CODE)TINY_ID=_..X_FLASH_BASE-_..X_FLASH_END    #
#                            -Z(CODE)NEAR_ID=_..X_FLASH_BASE-_..X_FLASH_END    #
#                            -Z(CODE)APPLICATION=_..X_FLASH_BASE-_..X_APPLICAT #
#                            ION_END                                           #
#                            -Z(CODE)APPLICATION_TABLE=_..X_APPLICATION_TABLE_ #
#                            START-_..X_APPLICATION_TABLE_END                  #
#                            -Z(CODE)BOOT=_..X_BOOT_START-_..X_BOOT_END        #
#                            -Z(CODE)CHECKSUM#_..X_FLASH_END                   #
#                            -Z(DATA)TINY_I,TINY_Z,TINY_N=_..X_SRAM_TBASE:+_.. #
#                            X_SRAM_TSIZE                                      #
#                            -Z(DATA)CSTACK+_..X_CSTACK_SIZE=_..X_CSTACK_BASE- #
#                            _..X_CSTACK_END                                   #
#                            -Z(DATA)HEAP+_..X_HEAP_SIZE=_..X_SRAM_BASE-_..X_S #
#                            RAM_END                                           #
#                            -Z(DATA)IOSTREAM_N#_..X_SRAM_BASE-_..X_SRAM_END   #
#                            -Z(DATA)NEAR_HEAP+_..X_NEAR_HEAP_SIZE=_..X_SRAM_B #
#                            ASE-_..X_SRAM_END                                 #
#                            -Z(DATA)RSTACK+_..X_RSTACK_SIZE=_..X_RSTACK_BASE- #
#                            _..X_RSTACK_END                                   #
#                            -Z(DATA)NEAR_I,NEAR_Z,NEAR_N=_..X_SRAM_BASE-_..X_ #
#                            SRAM_END                                          #
#                            -Z(XDATA)EEPROM_I,EEPROM_N=_..X_EEPROM_START-_..X #
#                            _EEPROM_END)                                      #
#                            -D_..X_FLASH_BASE=_..X_INTVEC_SIZE -H1895         #
#                            -h(CODE)0-(_..X_INTVEC_SIZE-1)                    #
#                            -D_..X_CSTACK_BASE=_..X_SRAM_BASE                 #
#                            -D_..X_CSTACK_END=_..X_SRAM_END                   #
#                            -D_..X_RSTACK_BASE=_..X_SRAM_BASE                 #
#                            -D_..X_RSTACK_END=_..X_SRAM_END                   #
#                            -Ointel-extended=E:\B\avr\XMEGA\IAR_projects\Audi #
#                            o_delay_0\Debug\Exe\Audio_delay_0.hex             #
#                            -s __program_start                                #
#                            "F:\Program Files\IAR Systems\Embedded Workbench  #
#                            5.3\avr\LIB\DLIB\dlAVR-3s-xmega-n.r90"            #
#                            -e_PrintfSmall=_Printf                            #
#                                                                              #
#                                        Copyright (C) 1987-2008 IAR Systems AB.
################################################################################





                ****************************************
                *                                      *
                *           CROSS REFERENCE            *
                *                                      *
                ****************************************

       Program entry at : CODE      00000000  Relocatable, from module : ?RESET




                ****************************************
                *                                      *
                *            RUNTIME MODEL             *
                *                                      *
                ****************************************

  R10                    = REG
  R11                    = REG
  R4                     = REG
  R5                     = REG
  R6                     = REG
  R7                     = REG
  R8                     = REG
  R9                     = REG
  __64bit_doubles        = disabled
  __cpu                  = 3
  __cpu_name             = ATxmega64A3
  __dlib_file_descriptor = 0
  __enhanced_core        = enabled
  __has_elpm             = true
  __memory_model         = 2
  __no_rampd             = enabled
  __rt_version           = 3



                ****************************************
                *                                      *
                *              MODULE MAP              *
                *                                      *
                ****************************************


  DEFINED ABSOLUTE ENTRIES
  PROGRAM MODULE, NAME : ?ABS_ENTRY_MOD

Absolute parts
           ENTRY                   ADDRESS         REF BY
           =====                   =======         ======
           _..X_RSTACK_END         00002FFF 
           _..X_RSTACK_BASE        00002000 
           _..X_CSTACK_END         00002FFF 
           _..X_CSTACK_BASE        00002000 
           _..X_FLASH_BASE         000001E8 
           _..X_RSTACK_SIZE        00000020 
           _..X_CSTACK_SIZE        00000FC0 
           _..X_HUGE_HEAP_SIZE     00000000 
           _..X_FAR_HEAP_SIZE      00000000 
           _..X_NEAR_HEAP_SIZE     00000020 
           _..X_TINY_HEAP_SIZE     00000000 
           _..X_HEAP_SIZE          00000000 
           _..X_EEPROM_START       00000000 
           _..X_EEPROM_END         000007FF 
           _..X_SRAM_END           00002FFF 
           _..X_SRAM_TSIZE         00000000 
           _..X_SRAM_TBASE         00000000 
           _..X_SRAM_BASE          00002000 
           _..X_BOOT_END           00010FFF 
           _..X_BOOT_START         00010000 
           _..X_APPLICATION_TABLE_END
                                   0000FFFF 
           _..X_APPLICATION_TABLE_START
                                   0000F000 
           _..X_APPLICATION_END    0000EFFF 
           _..X_APPLICATION_START
                                   000001E8 
           _..X_FLASH_END          00010FFF 
           _..X_APPLICATION_TABLE_SIZE
                                   00001000 
           _..X_BOOT_SIZE          00001000 
           _..X_APPLICATION_SIZE   00010000 
           _..X_FLASH_NEND         0000FFFF 
           _..X_INTVEC_SIZE        000001E8 
    *************************************************************************

  FILE NAME : E:\B\avr\XMEGA\IAR_projects\Audio_delay_0\Debug\Obj\adc_driver.r90
  PROGRAM MODULE, NAME : adc_driver

  SEGMENTS IN THE MODULE
  ======================
CODE
  Relative segment, address: CODE 000001E8 - 0000022F (0x48 bytes), align: 1
  Segment part 6.
           ENTRY                   ADDRESS         REF BY
           =====                   =======         ======
           ADC_CalibrationValues_Load
                                   000001E8        main (main)
               calls direct
               CSTACK = 00000000 ( 00000002 )
               RSTACK = 00000000 ( 00000002 )
    -------------------------------------------------------------------------
CODE
  Segment part 7. NOT NEEDED.
           ENTRY                   ADDRESS         REF BY
           =====                   =======         ======
           ADC_ResultCh_GetWord_Unsigned
                                   
               not allocated function
    -------------------------------------------------------------------------
CODE
  Segment part 8. NOT NEEDED.
           ENTRY                   ADDRESS         REF BY
           =====                   =======         ======
           ADC_ResultCh_GetWord_Signed
                                   
               not allocated function
    -------------------------------------------------------------------------
CODE
  Segment part 9. NOT NEEDED.
           ENTRY                   ADDRESS         REF BY
           =====                   =======         ======
           ADC_ResultCh_GetWord    
               not allocated function
    -------------------------------------------------------------------------
CODE
  Segment part 10. NOT NEEDED.
           ENTRY                   ADDRESS         REF BY
           =====                   =======         ======
           ADC_ResultCh_GetLowByte
                                   
               not allocated function
    -------------------------------------------------------------------------
CODE
  Segment part 11. NOT NEEDED.
           ENTRY                   ADDRESS         REF BY
           =====                   =======         ======
           ADC_ResultCh_GetHighByte
                                   
               not allocated function
    -------------------------------------------------------------------------
CODE
  Relative segment, address: CODE 00000230 - 00000249 (0x1a bytes), align: 1
  Segment part 12.
           ENTRY                   ADDRESS         REF BY
           =====                   =======         ======
           ADC_Wait_8MHz           00000230        main (main)
               RSTACK = 00000000 ( 00000002 )
    -------------------------------------------------------------------------
CODE
  Segment part 13. NOT NEEDED.
           ENTRY                   ADDRESS         REF BY
           =====                   =======         ======
           ADC_Wait_32MHz          
               not allocated function
    -------------------------------------------------------------------------
CODE
  Segment part 14. NOT NEEDED.
           ENTRY                   ADDRESS         REF BY
           =====                   =======         ======
           ADC_Offset_Get_Unsigned
                                   
               calls direct
               not allocated function
    -------------------------------------------------------------------------
CODE
  Segment part 15. NOT NEEDED.
           ENTRY                   ADDRESS         REF BY
           =====                   =======         ======
           ADC_Offset_Get_Signed   
               calls direct
               not allocated function
    -------------------------------------------------------------------------
ABSOLUTE
  Segment part 1. NOT NEEDED.
           ENTRY                   ADDRESS         REF BY
           =====                   =======         ======
           __?CCP                  
    -------------------------------------------------------------------------
ABSOLUTE
  Segment part 2. NOT NEEDED.
           ENTRY                   ADDRESS         REF BY
           =====                   =======         ======
           __?NVMADR0              
    -------------------------------------------------------------------------
ABSOLUTE
  Segment part 3. NOT NEEDED.
           ENTRY                   ADDRESS         REF BY
           =====                   =======         ======
           __?EEPROM_PAGESIZE      
    -------------------------------------------------------------------------
CSTACK
  Segment part 4. NOT NEEDED.
    -------------------------------------------------------------------------
RSTACK
  Segment part 5. NOT NEEDED.

    *************************************************************************

  FILE NAME : E:\B\avr\XMEGA\IAR_projects\Audio_delay_0\Debug\Obj\adc_driver_asm.r90
  LIBRARY MODULE, NAME : _SP_ReadCalibrationByte

Absolute parts
           LOCAL                   ADDRESS         
           =====                   =======         
           __ATxmega256D3__        00000000 
  SEGMENTS IN THE MODULE
  ======================
CODE
  Relative segment, address: CODE 0000024A - 0000025D (0x14 bytes), align: 1
  Segment part 0. ROOT.
           ENTRY                   ADDRESS         REF BY
           =====                   =======         ======
           SP_ReadCalibrationByte
                                   0000024A        ADC_CalibrationValues_Load (adc_driver)

    *************************************************************************

  FILE NAME : E:\B\avr\XMEGA\IAR_projects\Audio_delay_0\Debug\Obj\dac_driver.r90
  PROGRAM MODULE, NAME : dac_driver

  SEGMENTS IN THE MODULE
  ======================
CODE
  Relative segment, address: CODE 0000025E - 00000285 (0x28 bytes), align: 1
  Segment part 6.
           ENTRY                   ADDRESS         REF BY
           =====                   =======         ======
           DAC_SingleChannel_Enable
                                   0000025E        main (main)
               RSTACK = 00000000 ( 00000002 )
    -------------------------------------------------------------------------
CODE
  Segment part 7. NOT NEEDED.
           ENTRY                   ADDRESS         REF BY
           =====                   =======         ======
           DAC_DualChannel_Enable
                                   
               not allocated function
    -------------------------------------------------------------------------
CODE
  Relative segment, address: CODE 00000286 - 00000299 (0x14 bytes), align: 1
  Segment part 8.
           ENTRY                   ADDRESS         REF BY
           =====                   =======         ======
           DAC_Channel_Write       00000286        main (main)
               RSTACK = 00000000 ( 00000002 )
    -------------------------------------------------------------------------
CODE
  Segment part 9. NOT NEEDED.
           ENTRY                   ADDRESS         REF BY
           =====                   =======         ======
           DAC_Channel_DataEmpty   
               not allocated function
    -------------------------------------------------------------------------
CODE
  Segment part 10. NOT NEEDED.
           ENTRY                   ADDRESS         REF BY
           =====                   =======         ======
           DAC_EventAction_Set     
               not allocated function
    -------------------------------------------------------------------------
ABSOLUTE
  Segment part 1. TENTATIVE. Used definition from adc_driver
           ENTRY                   ADDRESS         REF BY
           =====                   =======         ======
           __?CCP                  
    -------------------------------------------------------------------------
ABSOLUTE
  Segment part 2. TENTATIVE. Used definition from adc_driver
           ENTRY                   ADDRESS         REF BY
           =====                   =======         ======
           __?NVMADR0              
    -------------------------------------------------------------------------
ABSOLUTE
  Segment part 3. TENTATIVE. Used definition from adc_driver
           ENTRY                   ADDRESS         REF BY
           =====                   =======         ======
           __?EEPROM_PAGESIZE      
    -------------------------------------------------------------------------
CSTACK
  Segment part 4. NOT NEEDED.
    -------------------------------------------------------------------------
RSTACK
  Segment part 5. NOT NEEDED.

    *************************************************************************

  FILE NAME : E:\B\avr\XMEGA\IAR_projects\Audio_delay_0\Debug\Obj\main.r90
  PROGRAM MODULE, NAME : main

  SEGMENTS IN THE MODULE
  ======================
NEAR_Z
  Relative segment, address: DATA 00002FE0 - 00002FE0 (0x1 bytes), align: 0
  Segment part 7.             Intra module refs:   handler_ADCB_CH0_vect
                                                   main
           ENTRY                   ADDRESS         REF BY
           =====                   =======         ======
           adc_result              00002FE0 
    -------------------------------------------------------------------------
NEAR_Z
  Relative segment, address: DATA 00002FE1 - 00002FE1 (0x1 bytes), align: 0
  Segment part 9.             Intra module refs:   handler_ADCB_CH0_vect
                                                   main
           ENTRY                   ADDRESS         REF BY
           =====                   =======         ======
           new_adc                 00002FE1 
    -------------------------------------------------------------------------
CODE
  Relative segment, address: CODE 0000029A - 000003C9 (0x130 bytes), align: 1
  Segment part 10.
           ENTRY                   ADDRESS         REF BY
           =====                   =======         ======
           main                    0000029A        ?cstartup_call_main (?C_STARTUP)
               calls direct
               CSTACK = 00000000 ( 00000FA5 )
               RSTACK = 00000000 ( 00000004 )
    -------------------------------------------------------------------------
CODE
  Relative segment, address: CODE 000003CA - 000003F5 (0x2c bytes), align: 1
  Segment part 11.            Intra module refs:   handler_ADCB_CH0_vect::??INTVEC 156
           ENTRY                   ADDRESS         REF BY
           =====                   =======         ======
           handler_ADCB_CH0_vect   000003CA 
               interrupt function
               CSTACK = 00000000 ( 00000004 )
               RSTACK = 00000000 ( 00000002 )
    -------------------------------------------------------------------------
ABSOLUTE
  Segment part 1. TENTATIVE. Used definition from adc_driver
           ENTRY                   ADDRESS         REF BY
           =====                   =======         ======
           __?CCP                  
    -------------------------------------------------------------------------
ABSOLUTE
  Segment part 2. TENTATIVE. Used definition from adc_driver
           ENTRY                   ADDRESS         REF BY
           =====                   =======         ======
           __?NVMADR0              
    -------------------------------------------------------------------------
ABSOLUTE
  Segment part 3. TENTATIVE. Used definition from adc_driver
           ENTRY                   ADDRESS         REF BY
           =====                   =======         ======
           __?EEPROM_PAGESIZE      
    -------------------------------------------------------------------------
INTVEC
  Common segment, address: CODE 00000000 - 0000009F (0xa0 bytes), align: 1
  Segment part 4. ROOT.
           ENTRY                   ADDRESS         REF BY
           =====                   =======         ======
           handler_ADCB_CH0_vect::??INTVEC 156
                                   0000009C 
    -------------------------------------------------------------------------
CSTACK
  Segment part 5. NOT NEEDED.
    -------------------------------------------------------------------------
RSTACK
  Segment part 6. NOT NEEDED.
    -------------------------------------------------------------------------
INITTAB
  Relative segment, address: CODE 000004C0 - 000004C6 (0x7 bytes), align: 0
  Segment part 8.             Intra module refs:   adc_result
                                                   new_adc
           ENTRY                   ADDRESS         REF BY
           =====                   =======         ======
           ?<Segment init: NEAR_Z>
                                   000004C0 

    *************************************************************************

  FILE NAME : F:\Program Files\IAR Systems\Embedded Workbench 5.3\avr\LIB\DLIB\dlAVR-3s-xmega-n.r90
  LIBRARY MODULE, NAME : ?_exit

  SEGMENTS IN THE MODULE
  ======================
CODE
  Relative segment, address: CODE 000003F6, align: 1
  Segment part 0.
           ENTRY                   ADDRESS         REF BY
           =====                   =======         ======
           _exit                   000003F6        ?cstartup_call_main (?C_STARTUP)
                                                   exit (?exit)
    -------------------------------------------------------------------------
CODE
  Segment part 1. NOT NEEDED.
    -------------------------------------------------------------------------
CODE
  Segment part 2. NOT NEEDED.
           ENTRY                   ADDRESS         REF BY
           =====                   =======         ======
           __cstart_call_dtors     
    -------------------------------------------------------------------------
CODE
  Segment part 3. NOT NEEDED.
           ENTRY                   ADDRESS         REF BY
           =====                   =======         ======
           __cstart_closeall       
    -------------------------------------------------------------------------
CODE
  Segment part 4. NOT NEEDED.
    -------------------------------------------------------------------------
CODE
  Relative segment, address: CODE 000003F6 - 000003F9 (0x4 bytes), align: 1
  Segment part 5.             Intra module refs:   _exit

    -------------------------------------------------------------------------
  LIBRARY MODULE, NAME : ?abort

  SEGMENTS IN THE MODULE
  ======================
CODE
  Segment part 6. NOT NEEDED.
           ENTRY                   ADDRESS         REF BY
           =====                   =======         ======
           abort                   
               calls direct
               not allocated function
    -------------------------------------------------------------------------
ABSOLUTE
  Segment part 1. TENTATIVE. Used definition from adc_driver
           ENTRY                   ADDRESS         REF BY
           =====                   =======         ======
           __?CCP                  
    -------------------------------------------------------------------------
ABSOLUTE
  Segment part 2. TENTATIVE. Used definition from adc_driver
           ENTRY                   ADDRESS         REF BY
           =====                   =======         ======
           __?NVMADR0              
    -------------------------------------------------------------------------
ABSOLUTE
  Segment part 3. TENTATIVE. Used definition from adc_driver
           ENTRY                   ADDRESS         REF BY
           =====                   =======         ======
           __?EEPROM_PAGESIZE      
    -------------------------------------------------------------------------
CSTACK
  Segment part 4. NOT NEEDED.
    -------------------------------------------------------------------------
RSTACK
  Segment part 5. NOT NEEDED.

    -------------------------------------------------------------------------
  LIBRARY MODULE, NAME : ?cppinit

  SEGMENTS IN THE MODULE
  ======================
CODE
  Segment part 8. NOT NEEDED.
           ENTRY                   ADDRESS         REF BY
           =====                   =======         ======
           __call_ctors            
               calls indirect
               not allocated function
    -------------------------------------------------------------------------
CODE
  Segment part 9. NOT NEEDED.
           ENTRY                   ADDRESS         REF BY
           =====                   =======         ======
           __alloc_record_needed_destruction
                                   
               calls direct
               not allocated function
    -------------------------------------------------------------------------
NEAR_Z
  Segment part 6. NOT NEEDED.
    -------------------------------------------------------------------------
CODE
  Segment part 10. NOT NEEDED.
           ENTRY                   ADDRESS         REF BY
           =====                   =======         ======
           __record_needed_destruction
                                   
               calls direct
               not allocated function
    -------------------------------------------------------------------------
CODE
  Segment part 11. NOT NEEDED.
    -------------------------------------------------------------------------
CODE
  Segment part 12. NOT NEEDED.
           ENTRY                   ADDRESS         REF BY
           =====                   =======         ======
           __call_dtors            
               calls indirect
               not allocated function
    -------------------------------------------------------------------------
CODE
  Segment part 13. NOT NEEDED.
    -------------------------------------------------------------------------
CODE
  Segment part 14. NOT NEEDED.
    -------------------------------------------------------------------------
CODE
  Segment part 15. NOT NEEDED.
           ENTRY                   ADDRESS         REF BY
           =====                   =======         ======
           __near_vec_cctor        
               calls indirect
               not allocated function
    -------------------------------------------------------------------------
ABSOLUTE
  Segment part 1. TENTATIVE. Used definition from adc_driver
           ENTRY                   ADDRESS         REF BY
           =====                   =======         ======
           __?CCP                  
    -------------------------------------------------------------------------
ABSOLUTE
  Segment part 2. TENTATIVE. Used definition from adc_driver
           ENTRY                   ADDRESS         REF BY
           =====                   =======         ======
           __?NVMADR0              
    -------------------------------------------------------------------------
ABSOLUTE
  Segment part 3. TENTATIVE. Used definition from adc_driver
           ENTRY                   ADDRESS         REF BY
           =====                   =======         ======
           __?EEPROM_PAGESIZE      
    -------------------------------------------------------------------------
CSTACK
  Segment part 4. NOT NEEDED.
    -------------------------------------------------------------------------
RSTACK
  Segment part 5. NOT NEEDED.
    -------------------------------------------------------------------------
INITTAB
  Segment part 7. TENTATIVE. Used definition from main
           ENTRY                   ADDRESS         REF BY
           =====                   =======         ======
           ?<Segment init: NEAR_Z>
                                   

    -------------------------------------------------------------------------
  LIBRARY MODULE, NAME : ?RESET

  SEGMENTS IN THE MODULE
  ======================
INTVEC
  Common segment, address: CODE 00000000 - 00000003 (0x4 bytes), align: 1
  Segment part 0. ROOT.
           ENTRY                   ADDRESS         REF BY
           =====                   =======         ======
           __program_start         00000000        Absolute parts (?ABS_ENTRY_MOD)
           ?RESET                  00000000        Segment part 2 (?C_STARTUP)

    -------------------------------------------------------------------------
  LIBRARY MODULE, NAME : ?C_STARTUP

  SEGMENTS IN THE MODULE
  ======================
CSTACK
  Segment part 0. NOT NEEDED.
    -------------------------------------------------------------------------
RSTACK
  Segment part 1. NOT NEEDED.
    -------------------------------------------------------------------------
CODE
  Relative segment, address: CODE 000003FA, align: 1
  Segment part 2.
           ENTRY                   ADDRESS         REF BY
           =====                   =======         ======
           ?C_STARTUP              000003FA        Segment part 0 (?RESET)
           __RESTART               000003FA 
    -------------------------------------------------------------------------
CODE
  Segment part 3. NOT NEEDED.
           ENTRY                   ADDRESS         REF BY
           =====                   =======         ======
           __RSTACK_in_external_ram
                                   
    -------------------------------------------------------------------------
CODE
  Segment part 4. NOT NEEDED.
           ENTRY                   ADDRESS         REF BY
           =====                   =======         ======
           __RSTACK_in_external_ram_new_way
                                   
    -------------------------------------------------------------------------
CODE
  Relative segment, address: CODE 000003FA - 00000405 (0xc bytes), align: 1
  Segment part 5.             Intra module refs:   Segment part 2
    -------------------------------------------------------------------------
CODE
  Segment part 6. NOT NEEDED.
           ENTRY                   ADDRESS         REF BY
           =====                   =======         ======
           ?zero_reg_initialization
                                   
    -------------------------------------------------------------------------
CODE
  Relative segment, address: CODE 00000406 - 00000409 (0x4 bytes), align: 1
  Segment part 7.             Intra module refs:   Segment part 5
           ENTRY                   ADDRESS         REF BY
           =====                   =======         ======
           ?call_low_level_init    00000406 
    -------------------------------------------------------------------------
CODE
  Relative segment, address: CODE 0000040A - 00000411 (0x8 bytes), align: 1
  Segment part 8.
           ENTRY                   ADDRESS         REF BY
           =====                   =======         ======
           ?need_segment_init      0000040A        ?<Segment init: NEAR_Z> (main)
    -------------------------------------------------------------------------
DIFUNCT
  Segment part 9. NOT NEEDED.
    -------------------------------------------------------------------------
CODE
  Segment part 10. NOT NEEDED.
           ENTRY                   ADDRESS         REF BY
           =====                   =======         ======
           ?call_ctors             
    -------------------------------------------------------------------------
CODE
  Relative segment, address: CODE 00000412 - 0000041D (0xc bytes), align: 1
  Segment part 11.            Intra module refs:   ?call_low_level_init
           ENTRY                   ADDRESS         REF BY
           =====                   =======         ======
           ?cstartup_call_main     00000412 

    -------------------------------------------------------------------------
  LIBRARY MODULE, NAME : ?exit

  SEGMENTS IN THE MODULE
  ======================
CODE
  Relative segment, address: CODE 0000041E - 00000421 (0x4 bytes), align: 1
  Segment part 6.
           ENTRY                   ADDRESS         REF BY
           =====                   =======         ======
           exit                    0000041E        ?cstartup_call_main (?C_STARTUP)
               calls direct
               RSTACK = 00000000 ( 00000002 )
    -------------------------------------------------------------------------
ABSOLUTE
  Segment part 1. TENTATIVE. Used definition from adc_driver
           ENTRY                   ADDRESS         REF BY
           =====                   =======         ======
           __?CCP                  
    -------------------------------------------------------------------------
ABSOLUTE
  Segment part 2. TENTATIVE. Used definition from adc_driver
           ENTRY                   ADDRESS         REF BY
           =====                   =======         ======
           __?NVMADR0              
    -------------------------------------------------------------------------
ABSOLUTE
  Segment part 3. TENTATIVE. Used definition from adc_driver
           ENTRY                   ADDRESS         REF BY
           =====                   =======         ======
           __?EEPROM_PAGESIZE      
    -------------------------------------------------------------------------
CSTACK
  Segment part 4. NOT NEEDED.
    -------------------------------------------------------------------------
RSTACK
  Segment part 5. NOT NEEDED.

    -------------------------------------------------------------------------
  LIBRARY MODULE, NAME : ?S_SHL_L02

  SEGMENTS IN THE MODULE
  ======================
CODE
  Relative segment, address: CODE 00000422 - 0000042D (0xc bytes), align: 1
  Segment part 0.
           ENTRY                   ADDRESS         REF BY
           =====                   =======         ======
           ?S_SHL_L02              00000422        main (main)

    -------------------------------------------------------------------------
  LIBRARY MODULE, NAME : ?US_DIVMOD_L02

  SEGMENTS IN THE MODULE
  ======================
CODE
  Segment part 0. NOT NEEDED.
           ENTRY                   ADDRESS         REF BY
           =====                   =======         ======
           ?US_DIVMOD_L02          

    -------------------------------------------------------------------------
  LIBRARY MODULE, NAME : ?SS_DIVMOD_L02

  SEGMENTS IN THE MODULE
  ======================
CODE
  Segment part 0. NOT NEEDED.
           ENTRY                   ADDRESS         REF BY
           =====                   =======         ======
           ?SS_DIVMOD_L02          

    -------------------------------------------------------------------------
  LIBRARY MODULE, NAME : ?PROLOGUE_L09

  SEGMENTS IN THE MODULE
  ======================
CODE
  Segment part 0. NOT NEEDED.
           ENTRY                   ADDRESS         REF BY
           =====                   =======         ======
           ?PROLOGUE16_L09         
    -------------------------------------------------------------------------
CODE
  Segment part 1. NOT NEEDED.
           ENTRY                   ADDRESS         REF BY
           =====                   =======         ======
           ?PROLOGUE15_L09         
    -------------------------------------------------------------------------
CODE
  Segment part 2. NOT NEEDED.
           ENTRY                   ADDRESS         REF BY
           =====                   =======         ======
           ?PROLOGUE14_L09         
    -------------------------------------------------------------------------
CODE
  Segment part 3. NOT NEEDED.
           ENTRY                   ADDRESS         REF BY
           =====                   =======         ======
           ?PROLOGUE13_L09         
    -------------------------------------------------------------------------
CODE
  Segment part 4. NOT NEEDED.
           ENTRY                   ADDRESS         REF BY
           =====                   =======         ======
           ?PROLOGUE12_L09         
    -------------------------------------------------------------------------
CODE
  Segment part 5. NOT NEEDED.
           ENTRY                   ADDRESS         REF BY
           =====                   =======         ======
           ?PROLOGUE11_L09         
    -------------------------------------------------------------------------
CODE
  Segment part 6. NOT NEEDED.
           ENTRY                   ADDRESS         REF BY
           =====                   =======         ======
           ?PROLOGUE10_L09         
    -------------------------------------------------------------------------
CODE
  Segment part 7. NOT NEEDED.
           ENTRY                   ADDRESS         REF BY
           =====                   =======         ======
           ?PROLOGUE9_L09          
    -------------------------------------------------------------------------
CODE
  Segment part 8. NOT NEEDED.
           ENTRY                   ADDRESS         REF BY
           =====                   =======         ======
           ?PROLOGUE8_L09          
    -------------------------------------------------------------------------
CODE
  Segment part 9. NOT NEEDED.
           ENTRY                   ADDRESS         REF BY
           =====                   =======         ======
           ?PROLOGUE7_L09          
    -------------------------------------------------------------------------
CODE
  Segment part 10. NOT NEEDED.
           ENTRY                   ADDRESS         REF BY
           =====                   =======         ======
           ?PROLOGUE6_L09          
    -------------------------------------------------------------------------
CODE
  Relative segment, address: CODE 0000042E - 0000042F (0x2 bytes), align: 1
  Segment part 11.
           ENTRY                   ADDRESS         REF BY
           =====                   =======         ======
           ?PROLOGUE5_L09          0000042E        main (main)
    -------------------------------------------------------------------------
CODE
  Relative segment, address: CODE 00000430 - 00000431 (0x2 bytes), align: 1
  Segment part 12.            Intra module refs:   ?PROLOGUE5_L09
           ENTRY                   ADDRESS         REF BY
           =====                   =======         ======
           ?PROLOGUE4_L09          00000430 
    -------------------------------------------------------------------------
CODE
  Relative segment, address: CODE 00000432 - 00000433 (0x2 bytes), align: 1
  Segment part 13.            Intra module refs:   ?PROLOGUE4_L09
           ENTRY                   ADDRESS         REF BY
           =====                   =======         ======
           ?PROLOGUE3_L09          00000432 
    -------------------------------------------------------------------------
CODE
  Relative segment, address: CODE 00000434 - 00000435 (0x2 bytes), align: 1
  Segment part 14.            Intra module refs:   ?PROLOGUE3_L09
           ENTRY                   ADDRESS         REF BY
           =====                   =======         ======
           ?PROLOGUE2_L09          00000434 
    -------------------------------------------------------------------------
CODE
  Relative segment, address: CODE 00000436 - 00000437 (0x2 bytes), align: 1
  Segment part 15.            Intra module refs:   ?PROLOGUE2_L09
           ENTRY                   ADDRESS         REF BY
           =====                   =======         ======
           ?PROLOGUE1_L09          00000436 
    -------------------------------------------------------------------------
CODE
  Relative segment, address: CODE 00000438 - 00000439 (0x2 bytes), align: 1
  Segment part 16.            Intra module refs:   ?PROLOGUE1_L09

    -------------------------------------------------------------------------
  LIBRARY MODULE, NAME : ?EPILOGUE_B_L09

  SEGMENTS IN THE MODULE
  ======================
CODE
  Segment part 0. NOT NEEDED.
           ENTRY                   ADDRESS         REF BY
           =====                   =======         ======
           ?EPILOGUE_B16_L09       
    -------------------------------------------------------------------------
CODE
  Segment part 1. NOT NEEDED.
           ENTRY                   ADDRESS         REF BY
           =====                   =======         ======
           ?EPILOGUE_B15_L09       
    -------------------------------------------------------------------------
CODE
  Segment part 2. NOT NEEDED.
           ENTRY                   ADDRESS         REF BY
           =====                   =======         ======
           ?EPILOGUE_B14_L09       
    -------------------------------------------------------------------------
CODE
  Segment part 3. NOT NEEDED.
           ENTRY                   ADDRESS         REF BY
           =====                   =======         ======
           ?EPILOGUE_B13_L09       
    -------------------------------------------------------------------------
CODE
  Segment part 4. NOT NEEDED.
           ENTRY                   ADDRESS         REF BY
           =====                   =======         ======
           ?EPILOGUE_B12_L09       
    -------------------------------------------------------------------------
CODE
  Segment part 5. NOT NEEDED.
           ENTRY                   ADDRESS         REF BY
           =====                   =======         ======
           ?EPILOGUE_B11_L09       
    -------------------------------------------------------------------------
CODE
  Segment part 6. NOT NEEDED.
           ENTRY                   ADDRESS         REF BY
           =====                   =======         ======
           ?EPILOGUE_B10_L09       
    -------------------------------------------------------------------------
CODE
  Segment part 7. NOT NEEDED.
           ENTRY                   ADDRESS         REF BY
           =====                   =======         ======
           ?EPILOGUE_B9_L09        
    -------------------------------------------------------------------------
CODE
  Segment part 8. NOT NEEDED.
           ENTRY                   ADDRESS         REF BY
           =====                   =======         ======
           ?EPILOGUE_B8_L09        
    -------------------------------------------------------------------------
CODE
  Segment part 9. NOT NEEDED.
           ENTRY                   ADDRESS         REF BY
           =====                   =======         ======
           ?EPILOGUE_B7_L09        
    -------------------------------------------------------------------------
CODE
  Segment part 10. NOT NEEDED.
           ENTRY                   ADDRESS         REF BY
           =====                   =======         ======
           ?EPILOGUE_B6_L09        
    -------------------------------------------------------------------------
CODE
  Segment part 11. NOT NEEDED.
           ENTRY                   ADDRESS         REF BY
           =====                   =======         ======
           ?EPILOGUE_B5_L09        
    -------------------------------------------------------------------------
CODE
  Segment part 12. NOT NEEDED.
           ENTRY                   ADDRESS         REF BY
           =====                   =======         ======
           ?EPILOGUE_B4_L09        
    -------------------------------------------------------------------------
CODE
  Segment part 13. NOT NEEDED.
           ENTRY                   ADDRESS         REF BY
           =====                   =======         ======
           ?EPILOGUE_B3_L09        
    -------------------------------------------------------------------------
CODE
  Segment part 14. NOT NEEDED.
           ENTRY                   ADDRESS         REF BY
           =====                   =======         ======
           ?EPILOGUE_B2_L09        
    -------------------------------------------------------------------------
CODE
  Segment part 15. NOT NEEDED.
           ENTRY                   ADDRESS         REF BY
           =====                   =======         ======
           ?EPILOGUE_B1_L09        
    -------------------------------------------------------------------------
CODE
  Segment part 16. NOT NEEDED.
           ENTRY                   ADDRESS         REF BY
           =====                   =======         ======
           ?EPILOGUE_B0_L09        

    -------------------------------------------------------------------------
  LIBRARY MODULE, NAME : ?REGISTER_CGREGR4_L10

  SEGMENTS IN THE MODULE
  ======================
CODE
  Relative segment, address: CODE 0000043A, align: 1
  Segment part 0.
           ENTRY                   ADDRESS         REF BY
           =====                   =======         ======
           ?Register_R4_is_cg_reg
                                   0000043A        main (main)

    -------------------------------------------------------------------------
  LIBRARY MODULE, NAME : ?REGISTER_CGREGR5_L10

  SEGMENTS IN THE MODULE
  ======================
CODE
  Segment part 0. NOT NEEDED.
           ENTRY                   ADDRESS         REF BY
           =====                   =======         ======
           ?Register_R5_is_cg_reg
                                   

    -------------------------------------------------------------------------
  LIBRARY MODULE, NAME : ?REGISTER_CGREGR6_L10

  SEGMENTS IN THE MODULE
  ======================
CODE
  Segment part 0. NOT NEEDED.
           ENTRY                   ADDRESS         REF BY
           =====                   =======         ======
           ?Register_R6_is_cg_reg
                                   

    -------------------------------------------------------------------------
  LIBRARY MODULE, NAME : ?REGISTER_CGREGR7_L10

  SEGMENTS IN THE MODULE
  ======================
CODE
  Segment part 0. NOT NEEDED.
           ENTRY                   ADDRESS         REF BY
           =====                   =======         ======
           ?Register_R7_is_cg_reg
                                   

    -------------------------------------------------------------------------
  LIBRARY MODULE, NAME : ?REGISTER_CGREGR8_L10

  SEGMENTS IN THE MODULE
  ======================
CODE
  Segment part 0. NOT NEEDED.
           ENTRY                   ADDRESS         REF BY
           =====                   =======         ======
           ?Register_R8_is_cg_reg
                                   

    -------------------------------------------------------------------------
  LIBRARY MODULE, NAME : ?REGISTER_CGREGR9_L10

  SEGMENTS IN THE MODULE
  ======================
CODE
  Segment part 0. NOT NEEDED.
           ENTRY                   ADDRESS         REF BY
           =====                   =======         ======
           ?Register_R9_is_cg_reg
                                   

    -------------------------------------------------------------------------
  LIBRARY MODULE, NAME : ?REGISTER_CGREGR10_L10

  SEGMENTS IN THE MODULE
  ======================
CODE
  Segment part 0. NOT NEEDED.
           ENTRY                   ADDRESS         REF BY
           =====                   =======         ======
           ?Register_R10_is_cg_reg
                                   

    -------------------------------------------------------------------------
  LIBRARY MODULE, NAME : ?REGISTER_CGREGR11_L10

  SEGMENTS IN THE MODULE
  ======================
CODE
  Segment part 0. NOT NEEDED.
           ENTRY                   ADDRESS         REF BY
           =====                   =======         ======
           ?Register_R11_is_cg_reg
                                   

    -------------------------------------------------------------------------
  LIBRARY MODULE, NAME : ?low_level_init

  SEGMENTS IN THE MODULE
  ======================
CODE
  Relative segment, address: CODE 0000043A - 0000043D (0x4 bytes), align: 1
  Segment part 6.
           ENTRY                   ADDRESS         REF BY
           =====                   =======         ======
           __low_level_init        0000043A        ?call_low_level_init (?C_STARTUP)
               RSTACK = 00000000 ( 00000002 )
    -------------------------------------------------------------------------
ABSOLUTE
  Segment part 1. TENTATIVE. Used definition from adc_driver
           ENTRY                   ADDRESS         REF BY
           =====                   =======         ======
           __?CCP                  
    -------------------------------------------------------------------------
ABSOLUTE
  Segment part 2. TENTATIVE. Used definition from adc_driver
           ENTRY                   ADDRESS         REF BY
           =====                   =======         ======
           __?NVMADR0              
    -------------------------------------------------------------------------
ABSOLUTE
  Segment part 3. TENTATIVE. Used definition from adc_driver
           ENTRY                   ADDRESS         REF BY
           =====                   =======         ======
           __?EEPROM_PAGESIZE      
    -------------------------------------------------------------------------
CSTACK
  Segment part 4. NOT NEEDED.
    -------------------------------------------------------------------------
RSTACK
  Segment part 5. NOT NEEDED.

    -------------------------------------------------------------------------
  LIBRARY MODULE, NAME : ?segment_init

  SEGMENTS IN THE MODULE
  ======================
CODE
  Relative segment, address: CODE 0000043E - 00000445 (0x8 bytes), align: 1
  Segment part 6.             Intra module refs:   __segment_init
           LOCAL                   ADDRESS         
           =====                   =======         
           __memclr                0000043E 
               RSTACK = 00000000 ( 00000002 )
    -------------------------------------------------------------------------
CODE
  Relative segment, address: CODE 00000446 - 00000451 (0xc bytes), align: 1
  Segment part 7.             Intra module refs:   __segment_init
           LOCAL                   ADDRESS         
           =====                   =======         
           __flashcpy              00000446 
               RSTACK = 00000000 ( 00000002 )
    -------------------------------------------------------------------------
CODE
  Relative segment, address: CODE 00000452 - 0000045D (0xc bytes), align: 1
  Segment part 8.             Intra module refs:   __flashcpy
                                                   __memclr
    -------------------------------------------------------------------------
CODE
  Relative segment, address: CODE 0000045E - 000004BD (0x60 bytes), align: 1
  Segment part 9.
           ENTRY                   ADDRESS         REF BY
           =====                   =======         ======
           __segment_init          0000045E        ?need_segment_init (?C_STARTUP)
               calls direct
               RSTACK = 00000000 ( 00000002 )
    -------------------------------------------------------------------------
ABSOLUTE
  Segment part 1. TENTATIVE. Used definition from adc_driver
           ENTRY                   ADDRESS         REF BY
           =====                   =======         ======
           __?CCP                  
    -------------------------------------------------------------------------
ABSOLUTE
  Segment part 2. TENTATIVE. Used definition from adc_driver
           ENTRY                   ADDRESS         REF BY
           =====                   =======         ======
           __?NVMADR0              
    -------------------------------------------------------------------------
ABSOLUTE
  Segment part 3. TENTATIVE. Used definition from adc_driver
           ENTRY                   ADDRESS         REF BY
           =====                   =======         ======
           __?EEPROM_PAGESIZE      
    -------------------------------------------------------------------------
CSTACK
  Segment part 4. NOT NEEDED.
    -------------------------------------------------------------------------
RSTACK
  Segment part 5. NOT NEEDED.
    -------------------------------------------------------------------------
INITTAB
  Segment part 10. NOT NEEDED.

    -------------------------------------------------------------------------
  LIBRARY MODULE, NAME : ?xcloseall

  SEGMENTS IN THE MODULE
  ======================
CODE
  Segment part 6. NOT NEEDED.
           ENTRY                   ADDRESS         REF BY
           =====                   =======         ======
           _Close_all              
               calls direct
               not allocated function
    -------------------------------------------------------------------------
ABSOLUTE
  Segment part 1. TENTATIVE. Used definition from adc_driver
           ENTRY                   ADDRESS         REF BY
           =====                   =======         ======
           __?CCP                  
    -------------------------------------------------------------------------
ABSOLUTE
  Segment part 2. TENTATIVE. Used definition from adc_driver
           ENTRY                   ADDRESS         REF BY
           =====                   =======         ======
           __?NVMADR0              
    -------------------------------------------------------------------------
ABSOLUTE
  Segment part 3. TENTATIVE. Used definition from adc_driver
           ENTRY                   ADDRESS         REF BY
           =====                   =======         ======
           __?EEPROM_PAGESIZE      
    -------------------------------------------------------------------------
CSTACK
  Segment part 4. NOT NEEDED.
    -------------------------------------------------------------------------
RSTACK
  Segment part 5. NOT NEEDED.

    -------------------------------------------------------------------------
  LIBRARY MODULE, NAME : ?xgetmemchunk

  SEGMENTS IN THE MODULE
  ======================
CODE
  Segment part 8. NOT NEEDED.
           ENTRY                   ADDRESS         REF BY
           =====                   =======         ======
           __near_GetMemChunk      
               not allocated function
    -------------------------------------------------------------------------
NEAR_Z
  Segment part 6. NOT NEEDED.
    -------------------------------------------------------------------------
ABSOLUTE
  Segment part 1. TENTATIVE. Used definition from adc_driver
           ENTRY                   ADDRESS         REF BY
           =====                   =======         ======
           __?CCP                  
    -------------------------------------------------------------------------
ABSOLUTE
  Segment part 2. TENTATIVE. Used definition from adc_driver
           ENTRY                   ADDRESS         REF BY
           =====                   =======         ======
           __?NVMADR0              
    -------------------------------------------------------------------------
ABSOLUTE
  Segment part 3. TENTATIVE. Used definition from adc_driver
           ENTRY                   ADDRESS         REF BY
           =====                   =======         ======
           __?EEPROM_PAGESIZE      
    -------------------------------------------------------------------------
CSTACK
  Segment part 4. NOT NEEDED.
    -------------------------------------------------------------------------
RSTACK
  Segment part 5. NOT NEEDED.
    -------------------------------------------------------------------------
INITTAB
  Segment part 7. TENTATIVE. Used definition from main
           ENTRY                   ADDRESS         REF BY
           =====                   =======         ======
           ?<Segment init: NEAR_Z>
                                   
    -------------------------------------------------------------------------
NEAR_HEAP
  Segment part 9. NOT NEEDED.

    -------------------------------------------------------------------------
  LIBRARY MODULE, NAME : ?__exit

  SEGMENTS IN THE MODULE
  ======================
CODE
  Relative segment, address: CODE 000004BE - 000004BF (0x2 bytes), align: 1
  Segment part 6.
           ENTRY                   ADDRESS         REF BY
           =====                   =======         ======
           __exit                  000004BE        Segment part 5 (?_exit)
               not allocated function
    -------------------------------------------------------------------------
ABSOLUTE
  Segment part 1. TENTATIVE. Used definition from adc_driver
           ENTRY                   ADDRESS         REF BY
           =====                   =======         ======
           __?CCP                  
    -------------------------------------------------------------------------
ABSOLUTE
  Segment part 2. TENTATIVE. Used definition from adc_driver
           ENTRY                   ADDRESS         REF BY
           =====                   =======         ======
           __?NVMADR0              
    -------------------------------------------------------------------------
ABSOLUTE
  Segment part 3. TENTATIVE. Used definition from adc_driver
           ENTRY                   ADDRESS         REF BY
           =====                   =======         ======
           __?EEPROM_PAGESIZE      
    -------------------------------------------------------------------------
CSTACK
  Segment part 4. NOT NEEDED.
    -------------------------------------------------------------------------
RSTACK
  Segment part 5. NOT NEEDED.

    -------------------------------------------------------------------------
  LIBRARY MODULE, NAME : ?xxmemxfree

  SEGMENTS IN THE MODULE
  ======================
CODE
  Segment part 6. NOT NEEDED.
           ENTRY                   ADDRESS         REF BY
           =====                   =======         ======
           free                    
               not allocated function
    -------------------------------------------------------------------------
CODE
  Segment part 7. NOT NEEDED.
    -------------------------------------------------------------------------
CODE
  Segment part 8. NOT NEEDED.
    -------------------------------------------------------------------------
CODE
  Segment part 9. NOT NEEDED.
           ENTRY                   ADDRESS         REF BY
           =====                   =======         ======
           __near_free             
               calls direct
               not allocated function
    -------------------------------------------------------------------------
ABSOLUTE
  Segment part 1. TENTATIVE. Used definition from adc_driver
           ENTRY                   ADDRESS         REF BY
           =====                   =======         ======
           __?CCP                  
    -------------------------------------------------------------------------
ABSOLUTE
  Segment part 2. TENTATIVE. Used definition from adc_driver
           ENTRY                   ADDRESS         REF BY
           =====                   =======         ======
           __?NVMADR0              
    -------------------------------------------------------------------------
ABSOLUTE
  Segment part 3. TENTATIVE. Used definition from adc_driver
           ENTRY                   ADDRESS         REF BY
           =====                   =======         ======
           __?EEPROM_PAGESIZE      
    -------------------------------------------------------------------------
CSTACK
  Segment part 4. NOT NEEDED.
    -------------------------------------------------------------------------
RSTACK
  Segment part 5. NOT NEEDED.

    -------------------------------------------------------------------------
  LIBRARY MODULE, NAME : ?xxmemxmalloc

  SEGMENTS IN THE MODULE
  ======================
NEAR_Z
  Segment part 6. NOT NEEDED.
           ENTRY                   ADDRESS         REF BY
           =====                   =======         ======
           __near_Aldata           
    -------------------------------------------------------------------------
CODE
  Segment part 8. NOT NEEDED.
           LOCAL                   ADDRESS         
           =====                   =======         
           __near_findmem          
               calls direct
               not allocated function
    -------------------------------------------------------------------------
CODE
  Segment part 9. NOT NEEDED.
    -------------------------------------------------------------------------
CODE
  Segment part 10. NOT NEEDED.
    -------------------------------------------------------------------------
CODE
  Segment part 11. NOT NEEDED.
    -------------------------------------------------------------------------
CODE
  Segment part 12. NOT NEEDED.
    -------------------------------------------------------------------------
CODE
  Segment part 13. NOT NEEDED.
    -------------------------------------------------------------------------
CODE
  Segment part 14. NOT NEEDED.
           ENTRY                   ADDRESS         REF BY
           =====                   =======         ======
           malloc                  
               calls direct
               not allocated function
    -------------------------------------------------------------------------
CODE
  Segment part 15. NOT NEEDED.
    -------------------------------------------------------------------------
CODE
  Segment part 16. NOT NEEDED.
           ENTRY                   ADDRESS         REF BY
           =====                   =======         ======
           __near_malloc           
               calls direct
               not allocated function
    -------------------------------------------------------------------------
ABSOLUTE
  Segment part 1. TENTATIVE. Used definition from adc_driver
           ENTRY                   ADDRESS         REF BY
           =====                   =======         ======
           __?CCP                  
    -------------------------------------------------------------------------
ABSOLUTE
  Segment part 2. TENTATIVE. Used definition from adc_driver
           ENTRY                   ADDRESS         REF BY
           =====                   =======         ======
           __?NVMADR0              
    -------------------------------------------------------------------------
ABSOLUTE
  Segment part 3. TENTATIVE. Used definition from adc_driver
           ENTRY                   ADDRESS         REF BY
           =====                   =======         ======
           __?EEPROM_PAGESIZE      
    -------------------------------------------------------------------------
CSTACK
  Segment part 4. NOT NEEDED.
    -------------------------------------------------------------------------
RSTACK
  Segment part 5. NOT NEEDED.
    -------------------------------------------------------------------------
INITTAB
  Segment part 7. TENTATIVE. Used definition from main
           ENTRY                   ADDRESS         REF BY
           =====                   =======         ======
           ?<Segment init: NEAR_Z>
                                   

    *************************************************************************

  DEFINED ABSOLUTE ENTRIES
  PROGRAM MODULE, NAME : ?FILLER_BYTES

  SEGMENTS IN THE MODULE
  ======================
INTVEC
  Common segment, address: CODE 00000000 - 0000009F (0xa0 bytes), align: 0
  Segment part 1.
    -------------------------------------------------------------------------
?FILL1
  Relative segment, address: CODE 000000A0 - 000001E7 (0x148 bytes), align: 0
  Segment part 0.




                ****************************************
                *                                      *
                *            MODULE SUMMARY            *
                *                                      *
                ****************************************

Module                    CODE   DATA
------                    ----   ----
                         (Rel)  (Rel)
?C_STARTUP                  36
?FILLER_BYTES              328
  + common                 160
?PROLOGUE_L09               12
?RESET
  + common                   4
?S_SHL_L02                  12
?__exit                      2
?_exit                       4
?exit                        4
?low_level_init              4
?segment_init              128
_SP_ReadCalibrationByte     20
adc_driver                  98
dac_driver                  60
main                       348      2
  + shared                   7
  + common                 160
N/A (command line)              4 064
N/A (alignment)
----------               -----  -----
Total:                   1 063  4 066
  + common                 160


                ****************************************
                *                                      *
                *              CALL GRAPH              *
                *                                      *
                ****************************************

  ->Sub-tree of type: Interrupt function tree that does not make
                    : indirect calls
                             CSTACK   RSTACK
    | Stack used (prev) :  00000000 00000000
  01  handler_ADCB_CH0_vect
      | Stack used (prev) :  00000000 00000000
      | + function block  :  00000004 00000002
  <-Sub-tree of type: Interrupt function tree that does not make
                    : indirect calls
    | Stack used          :  00000004 00000002


  ->Sub-tree of type: Function tree
                             CSTACK   RSTACK
    | Stack used (prev) :  00000004 00000002
  02    DAC_Channel_Write
        | Stack used (prev) :  00000004 00000002
        | + function block  :  00000000 00000002
  02    DAC_SingleChannel_Enable
        | Stack used (prev) :  00000004 00000002
        | + function block  :  00000000 00000002
  02    ADC_Wait_8MHz
        | Stack used (prev) :  00000004 00000002
        | + function block  :  00000000 00000002
  02    ADC_CalibrationValues_Load
        | Stack used (prev) :  00000004 00000002
        | + function block  :  00000002 00000002
  01  main
      | Stack used (prev) :  00000006 00000002
      | + function block  :  00000FA5 00000004
  <-Sub-tree of type: Function tree
    | Stack used          :  00000FAB 00000006


  ->Sub-tree of type: Function tree
                             CSTACK   RSTACK
    | Stack used (prev) :  00000FAB 00000006
  01  exit
      | Stack used (prev) :  00000FAB 00000006
      | + function block  :  00000000 00000002
  <-Sub-tree of type: Function tree
    | Stack used          :  00000FAB 00000008


  ->Sub-tree of type: Function tree
                             CSTACK   RSTACK
    | Stack used (prev) :  00000FAB 00000008
  01  __low_level_init
      | Stack used (prev) :  00000FAB 00000008
      | + function block  :  00000000 00000002
  <-Sub-tree of type: Function tree
    | Stack used          :  00000FAB 0000000A


  ->Sub-tree of type: Function tree
                             CSTACK   RSTACK
    | Stack used (prev) :  00000FAB 0000000A
  02    __flashcpy
        | Stack used (prev) :  00000FAB 0000000A
        | + function block  :  00000000 00000002
  02    __memclr
        | Stack used (prev) :  00000FAB 0000000A
        | + function block  :  00000000 00000002
  01  __segment_init
      | Stack used (prev) :  00000FAB 0000000C
      | + function block  :  00000000 00000002
  <-Sub-tree of type: Function tree
    | Stack used          :  00000FAB 0000000E




                ****************************************
                *                                      *
                *      SEGMENTS IN ADDRESS ORDER       *
                *                                      *
                ****************************************


SEGMENT              SPACE    START ADDRESS   END ADDRESS     SIZE  TYPE  ALIGN
=======              =====    =============   ===========     ====  ====  =====
INTVEC               CODE          00000000 - 0000009F          A0   com    1
?FILL1               CODE          000000A0 - 000001E7         148   rel    0
CODE                 CODE          000001E8 - 000004BF         2D8   rel    1
INITTAB              CODE          000004C0 - 000004C6           7   rel    0
CSTACK               DATA          00002000 - 00002FBF         FC0   dse    0
RSTACK               DATA          00002FC0 - 00002FDF          20   dse    0
NEAR_I               DATA               00002FE0                     dse    0
NEAR_Z               DATA          00002FE0 - 00002FE1           2   rel    0

                ****************************************
                *                                      *
                *        END OF CROSS REFERENCE        *
                *                                      *
                ****************************************

   895 bytes of CODE memory (+ 328 range fill )
 4 066 bytes of DATA memory

Errors: none
Warnings: none

