Archive member included because of file (symbol)

c:/program files/winavr/bin/../lib/gcc/avr/4.3.0/avr5\libgcc.a(_exit.o)
                              c:/program files/winavr/bin/../lib/gcc/avr/4.3.0/../../../../avr/lib/avr5/crtm168.o (exit)
c:/program files/winavr/bin/../lib/gcc/avr/4.3.0/avr5\libgcc.a(_copy_data.o)
                              main.o (__do_copy_data)
c:/program files/winavr/bin/../lib/gcc/avr/4.3.0/avr5\libgcc.a(_clear_bss.o)
                              main.o (__do_clear_bss)
c:/program files/winavr/bin/../lib/gcc/avr/4.3.0/../../../../avr/lib/avr5\libc.a(eerd_block.o)
                              main.o (__eerd_block)
c:/program files/winavr/bin/../lib/gcc/avr/4.3.0/../../../../avr/lib/avr5\libc.a(eewr_block.o)
                              main.o (__eewr_block)
c:/program files/winavr/bin/../lib/gcc/avr/4.3.0/avr5\libgcc.a(_prologue.o)
                              c:/program files/winavr/bin/../lib/gcc/avr/4.3.0/../../../../avr/lib/avr5\libc.a(eerd_block.o) (__prologue_saves__)
c:/program files/winavr/bin/../lib/gcc/avr/4.3.0/avr5\libgcc.a(_epilogue.o)
                              c:/program files/winavr/bin/../lib/gcc/avr/4.3.0/../../../../avr/lib/avr5\libc.a(eerd_block.o) (__epilogue_restores__)

Allocating common symbols
Common symbol       size              file

usbTxBuf            0xb               usbdrv.o
usbTxStatus1        0xc               usbdrv.o
usbDeviceAddr       0x1               usbdrv.o
usbRxToken          0x1               usbdrv.o
usbInputBufOffset   0x1               usbdrv.o
usbMsgPtr           0x2               usbdrv.o
usbRxLen            0x1               usbdrv.o
usbNewDeviceAddr    0x1               usbdrv.o
usbCurrentTok       0x1               usbdrv.o
usbConfiguration    0x1               usbdrv.o
usbRxBuf            0x16              usbdrv.o

Memory Configuration

Name             Origin             Length             Attributes
text             0x00000000         0x00020000         xr
data             0x00800060         0x0000ffa0         rw !x
eeprom           0x00810000         0x00010000         rw !x
fuse             0x00820000         0x00000400         rw !x
lock             0x00830000         0x00000400         rw !x
signature        0x00840000         0x00000400         rw !x
*default*        0x00000000         0xffffffff

Linker script and memory map

Address of section .data set to 0x800100
LOAD c:/program files/winavr/bin/../lib/gcc/avr/4.3.0/../../../../avr/lib/avr5/crtm168.o
LOAD main.o
LOAD usbdrv.o
LOAD usbdrvasm.o
LOAD c:/program files/winavr/bin/../lib/gcc/avr/4.3.0/avr5\libgcc.a
LOAD c:/program files/winavr/bin/../lib/gcc/avr/4.3.0/../../../../avr/lib/avr5\libc.a
LOAD c:/program files/winavr/bin/../lib/gcc/avr/4.3.0/avr5\libgcc.a

.hash
 *(.hash)

.dynsym
 *(.dynsym)

.dynstr
 *(.dynstr)

.gnu.version
 *(.gnu.version)

.gnu.version_d
 *(.gnu.version_d)

.gnu.version_r
 *(.gnu.version_r)

.rel.init
 *(.rel.init)

.rela.init
 *(.rela.init)

.rel.text
 *(.rel.text)
 *(.rel.text.*)
 *(.rel.gnu.linkonce.t*)

.rela.text
 *(.rela.text)
 *(.rela.text.*)
 *(.rela.gnu.linkonce.t*)

.rel.fini
 *(.rel.fini)

.rela.fini
 *(.rela.fini)

.rel.rodata
 *(.rel.rodata)
 *(.rel.rodata.*)
 *(.rel.gnu.linkonce.r*)

.rela.rodata
 *(.rela.rodata)
 *(.rela.rodata.*)
 *(.rela.gnu.linkonce.r*)

.rel.data
 *(.rel.data)
 *(.rel.data.*)
 *(.rel.gnu.linkonce.d*)

.rela.data
 *(.rela.data)
 *(.rela.data.*)
 *(.rela.gnu.linkonce.d*)

.rel.ctors
 *(.rel.ctors)

.rela.ctors
 *(.rela.ctors)

.rel.dtors
 *(.rel.dtors)

.rela.dtors
 *(.rela.dtors)

.rel.got
 *(.rel.got)

.rela.got
 *(.rela.got)

.rel.bss
 *(.rel.bss)

.rela.bss
 *(.rela.bss)

.rel.plt
 *(.rel.plt)

.rela.plt
 *(.rela.plt)

.text           0x00000000      0x8ea
 *(.vectors)
 .vectors       0x00000000       0x68 c:/program files/winavr/bin/../lib/gcc/avr/4.3.0/../../../../avr/lib/avr5/crtm168.o
                0x00000000                __vectors
                0x00000000                __vector_default
 *(.vectors)
 *(.progmem.gcc*)
 *(.progmem*)
 .progmem.data  0x00000068       0x1e main.o
                0x00000068                usbDescriptorHidReport
 .progmem.data  0x00000086       0x6e usbdrv.o
                0x000000c0                usbDescriptorDevice
                0x00000086                usbDescriptorString0
                0x000000d2                usbDescriptorConfiguration
                0x0000008a                usbDescriptorStringVendor
                0x000000aa                usbDescriptorStringDevice
                0x000000f4                . = ALIGN (0x2)
                0x000000f4                __trampolines_start = .
 *(.trampolines)
 .trampolines   0x000000f4        0x0 linker stubs
 *(.trampolines*)
                0x000000f4                __trampolines_end = .
 *(.jumptables)
 *(.jumptables*)
 *(.lowtext)
 *(.lowtext*)
                0x000000f4                __ctors_start = .
 *(.ctors)
                0x000000f4                __ctors_end = .
                0x000000f4                __dtors_start = .
 *(.dtors)
                0x000000f4                __dtors_end = .
 SORT(*)(.ctors)
 SORT(*)(.dtors)
 *(.init0)
 .init0         0x000000f4        0x0 c:/program files/winavr/bin/../lib/gcc/avr/4.3.0/../../../../avr/lib/avr5/crtm168.o
                0x000000f4                __init
 *(.init0)
 *(.init1)
 *(.init1)
 *(.init2)
 .init2         0x000000f4        0xc c:/program files/winavr/bin/../lib/gcc/avr/4.3.0/../../../../avr/lib/avr5/crtm168.o
 *(.init2)
 *(.init3)
 *(.init3)
 *(.init4)
 .init4         0x00000100       0x16 c:/program files/winavr/bin/../lib/gcc/avr/4.3.0/avr5\libgcc.a(_copy_data.o)
                0x00000100                __do_copy_data
 .init4         0x00000116       0x10 c:/program files/winavr/bin/../lib/gcc/avr/4.3.0/avr5\libgcc.a(_clear_bss.o)
                0x00000116                __do_clear_bss
 *(.init4)
 *(.init5)
 *(.init5)
 *(.init6)
 *(.init6)
 *(.init7)
 *(.init7)
 *(.init8)
 *(.init8)
 *(.init9)
 .init9         0x00000126        0x8 c:/program files/winavr/bin/../lib/gcc/avr/4.3.0/../../../../avr/lib/avr5/crtm168.o
 *(.init9)
 *(.text)
 .text          0x0000012e        0x4 c:/program files/winavr/bin/../lib/gcc/avr/4.3.0/../../../../avr/lib/avr5/crtm168.o
                0x0000012e                __vector_22
                0x0000012e                __vector_24
                0x0000012e                __vector_12
                0x0000012e                __bad_interrupt
                0x0000012e                __vector_6
                0x0000012e                __vector_3
                0x0000012e                __vector_23
                0x0000012e                __vector_25
                0x0000012e                __vector_11
                0x0000012e                __vector_13
                0x0000012e                __vector_17
                0x0000012e                __vector_19
                0x0000012e                __vector_7
                0x0000012e                __vector_5
                0x0000012e                __vector_4
                0x0000012e                __vector_9
                0x0000012e                __vector_2
                0x0000012e                __vector_21
                0x0000012e                __vector_15
                0x0000012e                __vector_8
                0x0000012e                __vector_14
                0x0000012e                __vector_10
                0x0000012e                __vector_16
                0x0000012e                __vector_18
                0x0000012e                __vector_20
 .text          0x00000132      0x162 main.o
                0x0000015c                usbFunctionSetup
                0x00000182                main
                0x00000212                usbFunctionRead
                0x0000024c                usbFunctionWrite
 .text          0x00000294      0x2ce usbdrv.o
                0x000002f2                usbPoll
                0x000002ae                usbSetInterrupt
                0x00000294                usbInit
 .text          0x00000562      0x2a6 usbdrvasm.o
                0x00000594                __vector_1
                0x00000562                usbCrc16
                0x0000058c                usbCrc16Append
 .text          0x00000808        0x0 c:/program files/winavr/bin/../lib/gcc/avr/4.3.0/avr5\libgcc.a(_exit.o)
 .text          0x00000808        0x0 c:/program files/winavr/bin/../lib/gcc/avr/4.3.0/avr5\libgcc.a(_copy_data.o)
 .text          0x00000808        0x0 c:/program files/winavr/bin/../lib/gcc/avr/4.3.0/avr5\libgcc.a(_clear_bss.o)
 .text          0x00000808       0x38 c:/program files/winavr/bin/../lib/gcc/avr/4.3.0/../../../../avr/lib/avr5\libc.a(eerd_block.o)
                0x00000808                __eerd_block
 .text          0x00000840       0x38 c:/program files/winavr/bin/../lib/gcc/avr/4.3.0/../../../../avr/lib/avr5\libc.a(eewr_block.o)
                0x00000840                __eewr_block
 .text          0x00000878        0x0 c:/program files/winavr/bin/../lib/gcc/avr/4.3.0/avr5\libgcc.a(_prologue.o)
 .text          0x00000878        0x0 c:/program files/winavr/bin/../lib/gcc/avr/4.3.0/avr5\libgcc.a(_epilogue.o)
                0x00000878                . = ALIGN (0x2)
 *(.text.*)
 .text.libgcc   0x00000878        0x0 c:/program files/winavr/bin/../lib/gcc/avr/4.3.0/avr5\libgcc.a(_exit.o)
 .text.libgcc   0x00000878        0x0 c:/program files/winavr/bin/../lib/gcc/avr/4.3.0/avr5\libgcc.a(_copy_data.o)
 .text.libgcc   0x00000878        0x0 c:/program files/winavr/bin/../lib/gcc/avr/4.3.0/avr5\libgcc.a(_clear_bss.o)
 .text.libgcc   0x00000878       0x38 c:/program files/winavr/bin/../lib/gcc/avr/4.3.0/avr5\libgcc.a(_prologue.o)
                0x00000878                __prologue_saves__
 .text.libgcc   0x000008b0       0x36 c:/program files/winavr/bin/../lib/gcc/avr/4.3.0/avr5\libgcc.a(_epilogue.o)
                0x000008b0                __epilogue_restores__
                0x000008e6                . = ALIGN (0x2)
 *(.fini9)
 .fini9         0x000008e6        0x0 c:/program files/winavr/bin/../lib/gcc/avr/4.3.0/avr5\libgcc.a(_exit.o)
                0x000008e6                exit
                0x000008e6                _exit
 *(.fini9)
 *(.fini8)
 *(.fini8)
 *(.fini7)
 *(.fini7)
 *(.fini6)
 *(.fini6)
 *(.fini5)
 *(.fini5)
 *(.fini4)
 *(.fini4)
 *(.fini3)
 *(.fini3)
 *(.fini2)
 *(.fini2)
 *(.fini1)
 *(.fini1)
 *(.fini0)
 .fini0         0x000008e6        0x4 c:/program files/winavr/bin/../lib/gcc/avr/4.3.0/avr5\libgcc.a(_exit.o)
 *(.fini0)
                0x000008ea                _etext = .

.data           0x00800100        0x2 load address 0x000008ea
                0x00800100                PROVIDE (__data_start, .)
 *(.data)
 .data          0x00800100        0x0 c:/program files/winavr/bin/../lib/gcc/avr/4.3.0/../../../../avr/lib/avr5/crtm168.o
 .data          0x00800100        0x0 main.o
 .data          0x00800100        0x2 usbdrv.o
                0x00800100                usbTxLen
 .data          0x00800102        0x0 usbdrvasm.o
 .data          0x00800102        0x0 c:/program files/winavr/bin/../lib/gcc/avr/4.3.0/avr5\libgcc.a(_exit.o)
 .data          0x00800102        0x0 c:/program files/winavr/bin/../lib/gcc/avr/4.3.0/avr5\libgcc.a(_copy_data.o)
 .data          0x00800102        0x0 c:/program files/winavr/bin/../lib/gcc/avr/4.3.0/avr5\libgcc.a(_clear_bss.o)
 .data          0x00800102        0x0 c:/program files/winavr/bin/../lib/gcc/avr/4.3.0/../../../../avr/lib/avr5\libc.a(eerd_block.o)
 .data          0x00800102        0x0 c:/program files/winavr/bin/../lib/gcc/avr/4.3.0/../../../../avr/lib/avr5\libc.a(eewr_block.o)
 .data          0x00800102        0x0 c:/program files/winavr/bin/../lib/gcc/avr/4.3.0/avr5\libgcc.a(_prologue.o)
 .data          0x00800102        0x0 c:/program files/winavr/bin/../lib/gcc/avr/4.3.0/avr5\libgcc.a(_epilogue.o)
 *(.data*)
 *(.rodata)
 *(.rodata*)
 *(.gnu.linkonce.d*)
                0x00800102                . = ALIGN (0x2)
                0x00800102                _edata = .
                0x00800102                PROVIDE (__data_end, .)

.bss            0x00800102       0x39 load address 0x000008ec
                0x00800102                PROVIDE (__bss_start, .)
 *(.bss)
 .bss           0x00800102        0x0 c:/program files/winavr/bin/../lib/gcc/avr/4.3.0/../../../../avr/lib/avr5/crtm168.o
 .bss           0x00800102        0x2 main.o
 .bss           0x00800104        0x1 usbdrv.o
 .bss           0x00800105        0x0 usbdrvasm.o
 .bss           0x00800105        0x0 c:/program files/winavr/bin/../lib/gcc/avr/4.3.0/avr5\libgcc.a(_exit.o)
 .bss           0x00800105        0x0 c:/program files/winavr/bin/../lib/gcc/avr/4.3.0/avr5\libgcc.a(_copy_data.o)
 .bss           0x00800105        0x0 c:/program files/winavr/bin/../lib/gcc/avr/4.3.0/avr5\libgcc.a(_clear_bss.o)
 .bss           0x00800105        0x0 c:/program files/winavr/bin/../lib/gcc/avr/4.3.0/../../../../avr/lib/avr5\libc.a(eerd_block.o)
 .bss           0x00800105        0x0 c:/program files/winavr/bin/../lib/gcc/avr/4.3.0/../../../../avr/lib/avr5\libc.a(eewr_block.o)
 .bss           0x00800105        0x0 c:/program files/winavr/bin/../lib/gcc/avr/4.3.0/avr5\libgcc.a(_prologue.o)
 .bss           0x00800105        0x0 c:/program files/winavr/bin/../lib/gcc/avr/4.3.0/avr5\libgcc.a(_epilogue.o)
 *(.bss*)
 *(COMMON)
 COMMON         0x00800105       0x36 usbdrv.o
                0x00800105                usbTxBuf
                0x00800110                usbTxStatus1
                0x0080011c                usbDeviceAddr
                0x0080011d                usbRxToken
                0x0080011e                usbInputBufOffset
                0x0080011f                usbMsgPtr
                0x00800121                usbRxLen
                0x00800122                usbNewDeviceAddr
                0x00800123                usbCurrentTok
                0x00800124                usbConfiguration
                0x00800125                usbRxBuf
                0x0080013b                PROVIDE (__bss_end, .)
                0x000008ea                __data_load_start = LOADADDR (.data)
                0x000008ec                __data_load_end = (__data_load_start + SIZEOF (.data))

.noinit         0x0080013b        0x0
                0x0080013b                PROVIDE (__noinit_start, .)
 *(.noinit*)
                0x0080013b                PROVIDE (__noinit_end, .)
                0x0080013b                _end = .
                0x0080013b                PROVIDE (__heap_start, .)

.eeprom         0x00810000        0x0
 *(.eeprom*)
                0x00810000                __eeprom_end = .

.fuse
 *(.fuse)
 *(.lfuse)
 *(.hfuse)
 *(.efuse)

.lock
 *(.lock*)

.signature
 *(.signature*)

.stab
 *(.stab)

.stabstr
 *(.stabstr)

.stab.excl
 *(.stab.excl)

.stab.exclstr
 *(.stab.exclstr)

.stab.index
 *(.stab.index)

.stab.indexstr
 *(.stab.indexstr)

.comment
 *(.comment)

.debug
 *(.debug)

.line
 *(.line)

.debug_srcinfo
 *(.debug_srcinfo)

.debug_sfnames
 *(.debug_sfnames)

.debug_aranges  0x00000000       0x40
 *(.debug_aranges)
 .debug_aranges
                0x00000000       0x20 main.o
 .debug_aranges
                0x00000020       0x20 usbdrv.o

.debug_pubnames
                0x00000000      0x204
 *(.debug_pubnames)
 .debug_pubnames
                0x00000000       0x74 main.o
 .debug_pubnames
                0x00000074      0x190 usbdrv.o

.debug_info     0x00000000      0xd72
 *(.debug_info)
 .debug_info    0x00000000      0x498 main.o
 .debug_info    0x00000498      0x8da usbdrv.o
 *(.gnu.linkonce.wi.*)

.debug_abbrev   0x00000000      0x4f5
 *(.debug_abbrev)
 .debug_abbrev  0x00000000      0x245 main.o
 .debug_abbrev  0x00000245      0x2b0 usbdrv.o

.debug_line     0x00000000      0x784
 *(.debug_line)
 .debug_line    0x00000000      0x3a0 main.o
 .debug_line    0x000003a0      0x3e4 usbdrv.o

.debug_frame    0x00000000       0xb0
 *(.debug_frame)
 .debug_frame   0x00000000       0x70 main.o
 .debug_frame   0x00000070       0x40 usbdrv.o

.debug_str      0x00000000      0x4af
 *(.debug_str)
 .debug_str     0x00000000      0x21b main.o
                                0x25d (size before relaxing)
 .debug_str     0x0000021b      0x294 usbdrv.o
                                0x3f6 (size before relaxing)

.debug_loc      0x00000000      0x4c3
 *(.debug_loc)
 .debug_loc     0x00000000      0x10a main.o
 .debug_loc     0x0000010a      0x3b9 usbdrv.o

.debug_macinfo
 *(.debug_macinfo)
OUTPUT(HID-Data.elf elf32-avr)
LOAD linker stubs

.debug_ranges   0x00000000       0xb0
 .debug_ranges  0x00000000       0x60 main.o
 .debug_ranges  0x00000060       0x50 usbdrv.o
