Archive member included because of file (symbol)

c:/winavr/bin/../lib/gcc/avr/4.1.1\libgcc.a(_udivmodqi4.o)
                              main.o (__udivmodqi4)
c:/winavr/bin/../lib/gcc/avr/4.1.1\libgcc.a(_copy_data.o)
                              main.o (__do_copy_data)
c:/winavr/bin/../lib/gcc/avr/4.1.1\libgcc.a(_clear_bss.o)
                              main.o (__do_clear_bss)
c:/winavr/bin/../lib/gcc/avr/4.1.1/../../../../avr/lib\libc.a(ee_rb.1C1D1E.o)
                              main.o (__eeprom_read_byte_1C1D1E)
c:/winavr/bin/../lib/gcc/avr/4.1.1/../../../../avr/lib\libc.a(ee_wb.1C1D1E.o)
                              main.o (__eeprom_write_byte_1C1D1E)

Discarded input sections

 .stabstr       0x00000000        0x0 c:/winavr/bin/../lib/gcc/avr/4.1.1/../../../../avr/lib/crts2313.o
 .stabstr       0x00000000        0x0 main.o

Memory Configuration

Name             Origin             Length             Attributes
text             0x00000000         0x00002000         xr
data             0x00800060         0x0000ffa0         rw !x
eeprom           0x00810000         0x00010000         rw !x
*default*        0x00000000         0xffffffff

Linker script and memory map

LOAD c:/winavr/bin/../lib/gcc/avr/4.1.1/../../../../avr/lib/crts2313.o
LOAD main.o
LOAD c:/winavr/bin/../lib/gcc/avr/4.1.1/../../../../avr/lib\libm.a
LOAD c:/winavr/bin/../lib/gcc/avr/4.1.1\libgcc.a
LOAD c:/winavr/bin/../lib/gcc/avr/4.1.1/../../../../avr/lib\libc.a
LOAD c:/winavr/bin/../lib/gcc/avr/4.1.1\libgcc.a

.hash
 *(.hash)

.dynsym
 *(.dynsym)

.dynstr
 *(.dynstr)

.gnu.version
 *(.gnu.version)

.gnu.version_d
 *(.gnu.version_d)

.gnu.version_r
 *(.gnu.version_r)

.rel.init
 *(.rel.init)

.rela.init
 *(.rela.init)

.rel.text
 *(.rel.text)
 *(.rel.text.*)
 *(.rel.gnu.linkonce.t*)

.rela.text
 *(.rela.text)
 *(.rela.text.*)
 *(.rela.gnu.linkonce.t*)

.rel.fini
 *(.rel.fini)

.rela.fini
 *(.rela.fini)

.rel.rodata
 *(.rel.rodata)
 *(.rel.rodata.*)
 *(.rel.gnu.linkonce.r*)

.rela.rodata
 *(.rela.rodata)
 *(.rela.rodata.*)
 *(.rela.gnu.linkonce.r*)

.rel.data
 *(.rel.data)
 *(.rel.data.*)
 *(.rel.gnu.linkonce.d*)

.rela.data
 *(.rela.data)
 *(.rela.data.*)
 *(.rela.gnu.linkonce.d*)

.rel.ctors
 *(.rel.ctors)

.rela.ctors
 *(.rela.ctors)

.rel.dtors
 *(.rel.dtors)

.rela.dtors
 *(.rela.dtors)

.rel.got
 *(.rel.got)

.rela.got
 *(.rela.got)

.rel.bss
 *(.rel.bss)

.rela.bss
 *(.rela.bss)

.rel.plt
 *(.rel.plt)

.rela.plt
 *(.rela.plt)

.text           0x00000000      0x354
 *(.vectors)
 .vectors       0x00000000       0x16 c:/winavr/bin/../lib/gcc/avr/4.1.1/../../../../avr/lib/crts2313.o
                0x00000000                __vectors
                0x00000000                __vector_default
 *(.vectors)
 *(.progmem.gcc*)
 *(.progmem*)
 .progmem.data  0x00000016        0xa main.o
                0x00000016                d_led
                0x00000020                . = ALIGN (0x2)
                0x00000020                __trampolines_start = .
 *(.trampolines)
 .trampolines   0x00000020        0x0 linker stubs
 *(.trampolines*)
                0x00000020                __trampolines_end = .
 *(.jumptables)
 *(.jumptables*)
 *(.lowtext)
 *(.lowtext*)
                0x00000020                __ctors_start = .
 *(.ctors)
                0x00000020                __ctors_end = .
                0x00000020                __dtors_start = .
 *(.dtors)
                0x00000020                __dtors_end = .
 SORT(*)(.ctors)
 SORT(*)(.dtors)
 *(.init0)
 .init0         0x00000020        0x0 c:/winavr/bin/../lib/gcc/avr/4.1.1/../../../../avr/lib/crts2313.o
                0x00000020                __init
 *(.init0)
 *(.init1)
 *(.init1)
 *(.init2)
 .init2         0x00000020        0x8 c:/winavr/bin/../lib/gcc/avr/4.1.1/../../../../avr/lib/crts2313.o
 *(.init2)
 *(.init3)
 *(.init3)
 *(.init4)
 .init4         0x00000028       0x18 c:/winavr/bin/../lib/gcc/avr/4.1.1\libgcc.a(_copy_data.o)
                0x00000028                __do_copy_data
 .init4         0x00000040       0x10 c:/winavr/bin/../lib/gcc/avr/4.1.1\libgcc.a(_clear_bss.o)
                0x00000040                __do_clear_bss
 *(.init4)
 *(.init5)
 *(.init5)
 *(.init6)
 *(.init6)
 *(.init7)
 *(.init7)
 *(.init8)
 *(.init8)
 *(.init9)
 .init9         0x00000050        0x2 c:/winavr/bin/../lib/gcc/avr/4.1.1/../../../../avr/lib/crts2313.o
 *(.init9)
 *(.text)
 .text          0x00000052        0x2 c:/winavr/bin/../lib/gcc/avr/4.1.1/../../../../avr/lib/crts2313.o
                0x00000052                __vector_1
                0x00000052                __bad_interrupt
                0x00000052                __vector_3
                0x00000052                __vector_7
                0x00000052                __vector_5
                0x00000052                __vector_4
                0x00000052                __vector_9
                0x00000052                __vector_2
                0x00000052                __vector_8
                0x00000052                __vector_10
 .text          0x00000054      0x2c0 main.o
                0x00000068                bcdtoled
                0x000000be                __vector_6
                0x00000054                hextobcd
                0x0000007a                main
 .text          0x00000314        0x0 c:/winavr/bin/../lib/gcc/avr/4.1.1\libgcc.a(_udivmodqi4.o)
 .text          0x00000314        0x0 c:/winavr/bin/../lib/gcc/avr/4.1.1\libgcc.a(_copy_data.o)
 .text          0x00000314        0x0 c:/winavr/bin/../lib/gcc/avr/4.1.1\libgcc.a(_clear_bss.o)
 .text          0x00000314        0x0 c:/winavr/bin/../lib/gcc/avr/4.1.1/../../../../avr/lib\libc.a(ee_rb.1C1D1E.o)
 .text          0x00000314        0x0 c:/winavr/bin/../lib/gcc/avr/4.1.1/../../../../avr/lib\libc.a(ee_wb.1C1D1E.o)
                0x00000314                . = ALIGN (0x2)
 *(.text.*)
 .text.libgcc   0x00000314       0x18 c:/winavr/bin/../lib/gcc/avr/4.1.1\libgcc.a(_udivmodqi4.o)
                0x00000314                __udivmodqi4
 .text.libgcc   0x0000032c        0x0 c:/winavr/bin/../lib/gcc/avr/4.1.1\libgcc.a(_copy_data.o)
 .text.libgcc   0x0000032c        0x0 c:/winavr/bin/../lib/gcc/avr/4.1.1\libgcc.a(_clear_bss.o)
 .text.eeprom   0x0000032c       0x10 c:/winavr/bin/../lib/gcc/avr/4.1.1/../../../../avr/lib\libc.a(ee_rb.1C1D1E.o)
                0x0000032c                __eeprom_read_byte_1C1D1E
 .text.eeprom   0x0000033c       0x18 c:/winavr/bin/../lib/gcc/avr/4.1.1/../../../../avr/lib\libc.a(ee_wb.1C1D1E.o)
                0x0000033c                __eeprom_write_byte_1C1D1E
                0x00000354                . = ALIGN (0x2)
 *(.fini9)
 *(.fini9)
 *(.fini8)
 *(.fini8)
 *(.fini7)
 *(.fini7)
 *(.fini6)
 *(.fini6)
 *(.fini5)
 *(.fini5)
 *(.fini4)
 *(.fini4)
 *(.fini3)
 *(.fini3)
 *(.fini2)
 *(.fini2)
 *(.fini1)
 *(.fini1)
 *(.fini0)
 *(.fini0)
                0x00000354                _etext = .

.data           0x00800060        0x0 load address 0x00000354
                0x00800060                PROVIDE (__data_start, .)
 *(.data)
 .data          0x00800060        0x0 c:/winavr/bin/../lib/gcc/avr/4.1.1/../../../../avr/lib/crts2313.o
 .data          0x00800060        0x0 main.o
 .data          0x00800060        0x0 c:/winavr/bin/../lib/gcc/avr/4.1.1\libgcc.a(_udivmodqi4.o)
 .data          0x00800060        0x0 c:/winavr/bin/../lib/gcc/avr/4.1.1\libgcc.a(_copy_data.o)
 .data          0x00800060        0x0 c:/winavr/bin/../lib/gcc/avr/4.1.1\libgcc.a(_clear_bss.o)
 .data          0x00800060        0x0 c:/winavr/bin/../lib/gcc/avr/4.1.1/../../../../avr/lib\libc.a(ee_rb.1C1D1E.o)
 .data          0x00800060        0x0 c:/winavr/bin/../lib/gcc/avr/4.1.1/../../../../avr/lib\libc.a(ee_wb.1C1D1E.o)
 *(.data*)
 *(.rodata)
 *(.rodata*)
 *(.gnu.linkonce.d*)
                0x00800060                . = ALIGN (0x2)
                0x00800060                _edata = .
                0x00800060                PROVIDE (__data_end, .)

.bss            0x00800060        0x8
                0x00800060                PROVIDE (__bss_start, .)
 *(.bss)
 .bss           0x00800060        0x0 c:/winavr/bin/../lib/gcc/avr/4.1.1/../../../../avr/lib/crts2313.o
 .bss           0x00800060        0x8 main.o
 .bss           0x00800068        0x0 c:/winavr/bin/../lib/gcc/avr/4.1.1\libgcc.a(_udivmodqi4.o)
 .bss           0x00800068        0x0 c:/winavr/bin/../lib/gcc/avr/4.1.1\libgcc.a(_copy_data.o)
 .bss           0x00800068        0x0 c:/winavr/bin/../lib/gcc/avr/4.1.1\libgcc.a(_clear_bss.o)
 .bss           0x00800068        0x0 c:/winavr/bin/../lib/gcc/avr/4.1.1/../../../../avr/lib\libc.a(ee_rb.1C1D1E.o)
 .bss           0x00800068        0x0 c:/winavr/bin/../lib/gcc/avr/4.1.1/../../../../avr/lib\libc.a(ee_wb.1C1D1E.o)
 *(.bss*)
 *(COMMON)
                0x00800068                PROVIDE (__bss_end, .)
                0x00000354                __data_load_start = LOADADDR (.data)
                0x00000354                __data_load_end = (__data_load_start + SIZEOF (.data))

.noinit         0x00800068        0x0
                0x00800068                PROVIDE (__noinit_start, .)
 *(.noinit*)
                0x00800068                PROVIDE (__noinit_end, .)
                0x00800068                _end = .
                0x00800068                PROVIDE (__heap_start, .)

.eeprom         0x00810000        0x0
 *(.eeprom*)
                0x00810000                __eeprom_end = .

.stab           0x00000000      0xd2c
 *(.stab)
 .stab          0x00000000      0x354 c:/winavr/bin/../lib/gcc/avr/4.1.1/../../../../avr/lib/crts2313.o
 .stab          0x00000354      0x9d8 main.o
                                0x9e4 (size before relaxing)

.stabstr        0x00000000      0x940
 *(.stabstr)
 .stabstr       0x00000000      0x940 c:/winavr/bin/../lib/gcc/avr/4.1.1/../../../../avr/lib/crts2313.o

.stab.excl
 *(.stab.excl)

.stab.exclstr
 *(.stab.exclstr)

.stab.index
 *(.stab.index)

.stab.indexstr
 *(.stab.indexstr)

.comment
 *(.comment)

.debug
 *(.debug)

.line
 *(.line)

.debug_srcinfo
 *(.debug_srcinfo)

.debug_sfnames
 *(.debug_sfnames)

.debug_aranges
 *(.debug_aranges)

.debug_pubnames
 *(.debug_pubnames)

.debug_info
 *(.debug_info)
 *(.gnu.linkonce.wi.*)

.debug_abbrev
 *(.debug_abbrev)

.debug_line
 *(.debug_line)

.debug_frame
 *(.debug_frame)

.debug_str
 *(.debug_str)

.debug_loc
 *(.debug_loc)

.debug_macinfo
 *(.debug_macinfo)
OUTPUT(main.elf elf32-avr)
LOAD linker stubs

Cross Reference Table

Symbol                                            File
__bad_interrupt                                   c:/winavr/bin/../lib/gcc/avr/4.1.1/../../../../avr/lib/crts2313.o
__bss_end                                         c:/winavr/bin/../lib/gcc/avr/4.1.1\libgcc.a(_clear_bss.o)
__bss_start                                       c:/winavr/bin/../lib/gcc/avr/4.1.1\libgcc.a(_clear_bss.o)
__data_end                                        c:/winavr/bin/../lib/gcc/avr/4.1.1\libgcc.a(_copy_data.o)
__data_load_start                                 c:/winavr/bin/../lib/gcc/avr/4.1.1\libgcc.a(_copy_data.o)
__data_start                                      c:/winavr/bin/../lib/gcc/avr/4.1.1\libgcc.a(_copy_data.o)
__do_clear_bss                                    c:/winavr/bin/../lib/gcc/avr/4.1.1\libgcc.a(_clear_bss.o)
                                                  main.o
__do_copy_data                                    c:/winavr/bin/../lib/gcc/avr/4.1.1\libgcc.a(_copy_data.o)
                                                  main.o
__eeprom_read_byte_1C1D1E                         c:/winavr/bin/../lib/gcc/avr/4.1.1/../../../../avr/lib\libc.a(ee_rb.1C1D1E.o)
                                                  main.o
__eeprom_write_byte_1C1D1E                        c:/winavr/bin/../lib/gcc/avr/4.1.1/../../../../avr/lib\libc.a(ee_wb.1C1D1E.o)
                                                  main.o
__heap_end                                        c:/winavr/bin/../lib/gcc/avr/4.1.1/../../../../avr/lib/crts2313.o
__init                                            c:/winavr/bin/../lib/gcc/avr/4.1.1/../../../../avr/lib/crts2313.o
__stack                                           c:/winavr/bin/../lib/gcc/avr/4.1.1/../../../../avr/lib/crts2313.o
__udivmodqi4                                      c:/winavr/bin/../lib/gcc/avr/4.1.1\libgcc.a(_udivmodqi4.o)
                                                  main.o
__vector_1                                        c:/winavr/bin/../lib/gcc/avr/4.1.1/../../../../avr/lib/crts2313.o
__vector_10                                       c:/winavr/bin/../lib/gcc/avr/4.1.1/../../../../avr/lib/crts2313.o
__vector_2                                        c:/winavr/bin/../lib/gcc/avr/4.1.1/../../../../avr/lib/crts2313.o
__vector_3                                        c:/winavr/bin/../lib/gcc/avr/4.1.1/../../../../avr/lib/crts2313.o
__vector_4                                        c:/winavr/bin/../lib/gcc/avr/4.1.1/../../../../avr/lib/crts2313.o
__vector_5                                        c:/winavr/bin/../lib/gcc/avr/4.1.1/../../../../avr/lib/crts2313.o
__vector_6                                        main.o
                                                  c:/winavr/bin/../lib/gcc/avr/4.1.1/../../../../avr/lib/crts2313.o
__vector_7                                        c:/winavr/bin/../lib/gcc/avr/4.1.1/../../../../avr/lib/crts2313.o
__vector_8                                        c:/winavr/bin/../lib/gcc/avr/4.1.1/../../../../avr/lib/crts2313.o
__vector_9                                        c:/winavr/bin/../lib/gcc/avr/4.1.1/../../../../avr/lib/crts2313.o
__vector_default                                  c:/winavr/bin/../lib/gcc/avr/4.1.1/../../../../avr/lib/crts2313.o
__vectors                                         c:/winavr/bin/../lib/gcc/avr/4.1.1/../../../../avr/lib/crts2313.o
bcdtoled                                          main.o
d_led                                             main.o
hextobcd                                          main.o
main                                              main.o
                                                  c:/winavr/bin/../lib/gcc/avr/4.1.1/../../../../avr/lib/crts2313.o
