Archive member included because of file (symbol)

c:/program files (x86)/atmel/atmel toolchain/avr32 gcc/native/3.4.1057/avr32-gnu-toolchain/bin/../lib/gcc/avr32/4.4.7/../../../../avr32/lib/ucr2\libc.a(lib_a-memcpy.o)
                              src/ASF/avr32/drivers/flashc/flashc.o (memcpy)
c:/program files (x86)/atmel/atmel toolchain/avr32 gcc/native/3.4.1057/avr32-gnu-toolchain/bin/../lib/gcc/avr32/4.4.7/../../../../avr32/lib/ucr2\libc.a(lib_a-memset.o)
                              src/raster.o (memset)

Allocating common symbols
Common symbol       size              file

RASTER              0x4410            src/screen saver fx.o
Face_to_prints      0xc               src/raster.o
tmpoblogoavr32_A    0x2046            src/screen saver fx.o

Discarded input sections

 .text          0x00000000        0x0 src/3dengine.o
 .data          0x00000000        0x0 src/3dengine.o
 .bss           0x00000000        0x0 src/3dengine.o
 .text.init_mtr_trsf
                0x00000000       0x48 src/3dengine.o
 .rodata.ROTY_001STEPF_FFIX
                0x00000000       0x24 src/3dengine.o
 .rodata.ROTX_001STEPF_FFIX
                0x00000000       0x24 src/3dengine.o
 .rodata.ROTZ_001STEPF_FFIX
                0x00000000       0x24 src/3dengine.o
 .text          0x00000000        0x0 src/lcd_nokia.o
 .data          0x00000000        0x0 src/lcd_nokia.o
 .bss           0x00000000        0x0 src/lcd_nokia.o
 .text.lcd_nokia_clear_screen
                0x00000000       0x8c src/lcd_nokia.o
 .text.lcd_nokia_putpixel
                0x00000000       0x5c src/lcd_nokia.o
 .text.lcd_nokia_gotoXY
                0x00000000       0x48 src/lcd_nokia.o
 .text.lcd_nokia_unselect
                0x00000000       0x14 src/lcd_nokia.o
 .text          0x00000000        0x0 src/raster.o
 .data          0x00000000        0x0 src/raster.o
 .bss           0x00000000        0x0 src/raster.o
 .text          0x00000000        0x0 src/screen saver fx.o
 .data          0x00000000        0x0 src/screen saver fx.o
 .bss           0x00000000        0x0 src/screen saver fx.o
 .data.pm       0x00000000        0x4 src/screen saver fx.o
 .data.tmpoblogoavr32
                0x00000000     0x2d6c src/screen saver fx.o
 .data.rotation_axes_cpt
                0x00000000        0x4 src/screen saver fx.o
 .data.tmplogoavr32
                0x00000000       0x18 src/screen saver fx.o
 .data.tmplienavr32
                0x00000000     0x1e48 src/screen saver fx.o
 .data.spi      0x00000000        0x4 src/screen saver fx.o
 .text          0x00000000        0x0 src/ASF/avr32/boards/evk1100/init.o
 .data          0x00000000        0x0 src/ASF/avr32/boards/evk1100/init.o
 .bss           0x00000000        0x0 src/ASF/avr32/boards/evk1100/init.o
 .debug_abbrev  0x00000000       0xae src/ASF/avr32/boards/evk1100/init.o
 .debug_info    0x00000000      0x16b src/ASF/avr32/boards/evk1100/init.o
 .debug_line    0x00000000      0x764 src/ASF/avr32/boards/evk1100/init.o
 .debug_macinfo
                0x00000000    0xecbaf src/ASF/avr32/boards/evk1100/init.o
 .text.board_init
                0x00000000       0xd0 src/ASF/avr32/boards/evk1100/init.o
 .rodata.SD_MMC_SPI_GPIO_MAP.10564
                0x00000000       0x20 src/ASF/avr32/boards/evk1100/init.o
 .rodata.COMPORT0_GPIO_MAP.10567
                0x00000000       0x10 src/ASF/avr32/boards/evk1100/init.o
 .rodata.COMPORT_GPIO_MAP.10566
                0x00000000       0x10 src/ASF/avr32/boards/evk1100/init.o
 .rodata.TWI_GPIO_MAP.10565
                0x00000000       0x10 src/ASF/avr32/boards/evk1100/init.o
 .rodata.AT45DBX_SPI_GPIO_MAP.10563
                0x00000000       0x20 src/ASF/avr32/boards/evk1100/init.o
 .debug_frame   0x00000000       0x28 src/ASF/avr32/boards/evk1100/init.o
 .debug_loc     0x00000000       0x1f src/ASF/avr32/boards/evk1100/init.o
 .debug_pubnames
                0x00000000       0x21 src/ASF/avr32/boards/evk1100/init.o
 .debug_aranges
                0x00000000       0x20 src/ASF/avr32/boards/evk1100/init.o
 .debug_ranges  0x00000000       0x18 src/ASF/avr32/boards/evk1100/init.o
 .debug_str     0x00000000      0x197 src/ASF/avr32/boards/evk1100/init.o
 .comment       0x00000000       0x31 src/ASF/avr32/boards/evk1100/init.o
 .text          0x00000000        0x0 src/ASF/avr32/boards/evk1100/led.o
 .data          0x00000000        0x0 src/ASF/avr32/boards/evk1100/led.o
 .bss           0x00000000        0x0 src/ASF/avr32/boards/evk1100/led.o
 .debug_abbrev  0x00000000      0x286 src/ASF/avr32/boards/evk1100/led.o
 .debug_info    0x00000000      0xf01 src/ASF/avr32/boards/evk1100/led.o
 .debug_line    0x00000000      0x808 src/ASF/avr32/boards/evk1100/led.o
 .debug_macinfo
                0x00000000    0xec162 src/ASF/avr32/boards/evk1100/led.o
 .text.LED_Read_Display
                0x00000000        0xc src/ASF/avr32/boards/evk1100/led.o
 .text.LED_Display
                0x00000000       0x54 src/ASF/avr32/boards/evk1100/led.o
 .text.LED_Read_Display_Mask
                0x00000000        0xc src/ASF/avr32/boards/evk1100/led.o
 .text.LED_Test
                0x00000000       0x10 src/ASF/avr32/boards/evk1100/led.o
 .text.LED_Set_Intensity
                0x00000000       0xa8 src/ASF/avr32/boards/evk1100/led.o
 .text.LED_Get_Intensity
                0x00000000       0x3c src/ASF/avr32/boards/evk1100/led.o
 .text.LED_Read_Display_Field
                0x00000000       0x18 src/ASF/avr32/boards/evk1100/led.o
 .text.LED_Toggle
                0x00000000       0x50 src/ASF/avr32/boards/evk1100/led.o
 .text.LED_On   0x00000000       0x50 src/ASF/avr32/boards/evk1100/led.o
 .text.LED_Off  0x00000000       0x54 src/ASF/avr32/boards/evk1100/led.o
 .text.LED_Display_Mask
                0x00000000       0x74 src/ASF/avr32/boards/evk1100/led.o
 .text.LED_Display_Field
                0x00000000       0x18 src/ASF/avr32/boards/evk1100/led.o
 .data.LED_State
                0x00000000        0x4 src/ASF/avr32/boards/evk1100/led.o
 .rodata.LED_DESCRIPTOR
                0x00000000       0x80 src/ASF/avr32/boards/evk1100/led.o
 .debug_frame   0x00000000       0xf8 src/ASF/avr32/boards/evk1100/led.o
 .debug_loc     0x00000000      0x183 src/ASF/avr32/boards/evk1100/led.o
 .debug_pubnames
                0x00000000       0xf6 src/ASF/avr32/boards/evk1100/led.o
 .debug_aranges
                0x00000000       0x78 src/ASF/avr32/boards/evk1100/led.o
 .debug_ranges  0x00000000       0x70 src/ASF/avr32/boards/evk1100/led.o
 .debug_str     0x00000000      0x4d8 src/ASF/avr32/boards/evk1100/led.o
 .comment       0x00000000       0x31 src/ASF/avr32/boards/evk1100/led.o
 .text          0x00000000        0x0 src/ASF/avr32/drivers/flashc/flashc.o
 .data          0x00000000        0x0 src/ASF/avr32/drivers/flashc/flashc.o
 .bss           0x00000000        0x0 src/ASF/avr32/drivers/flashc/flashc.o
 .text.flashc_get_flash_size
                0x00000000       0x34 src/ASF/avr32/drivers/flashc/flashc.o
 .text.flashc_get_page_count
                0x00000000       0x10 src/ASF/avr32/drivers/flashc/flashc.o
 .text.flashc_get_page_count_per_region
                0x00000000       0x10 src/ASF/avr32/drivers/flashc/flashc.o
 .text.flashc_get_region_first_page_number
                0x00000000       0x14 src/ASF/avr32/drivers/flashc/flashc.o
 .text.flashc_get_wait_state
                0x00000000        0xc src/ASF/avr32/drivers/flashc/flashc.o
 .text.flashc_set_bus_freq
                0x00000000       0x24 src/ASF/avr32/drivers/flashc/flashc.o
 .text.flashc_is_ready_int_enabled
                0x00000000        0xc src/ASF/avr32/drivers/flashc/flashc.o
 .text.flashc_enable_ready_int
                0x00000000        0xe src/ASF/avr32/drivers/flashc/flashc.o
 .text.flashc_is_lock_error_int_enabled
                0x00000000        0xc src/ASF/avr32/drivers/flashc/flashc.o
 .text.flashc_enable_lock_error_int
                0x00000000        0xe src/ASF/avr32/drivers/flashc/flashc.o
 .text.flashc_is_prog_error_int_enabled
                0x00000000        0xc src/ASF/avr32/drivers/flashc/flashc.o
 .text.flashc_enable_prog_error_int
                0x00000000        0xe src/ASF/avr32/drivers/flashc/flashc.o
 .text.flashc_is_ready
                0x00000000        0xc src/ASF/avr32/drivers/flashc/flashc.o
 .text.flashc_default_wait_until_ready
                0x00000000       0x10 src/ASF/avr32/drivers/flashc/flashc.o
 .text.flashc_is_lock_error
                0x00000000       0x10 src/ASF/avr32/drivers/flashc/flashc.o
 .text.flashc_is_programming_error
                0x00000000       0x10 src/ASF/avr32/drivers/flashc/flashc.o
 .text.flashc_get_command
                0x00000000        0xc src/ASF/avr32/drivers/flashc/flashc.o
 .text.flashc_get_page_number
                0x00000000        0xc src/ASF/avr32/drivers/flashc/flashc.o
 .text.flashc_get_page_region
                0x00000000       0x28 src/ASF/avr32/drivers/flashc/flashc.o
 .text.flashc_issue_command
                0x00000000       0x48 src/ASF/avr32/drivers/flashc/flashc.o
 .text.flashc_no_operation
                0x00000000       0x10 src/ASF/avr32/drivers/flashc/flashc.o
 .text.flashc_erase_all
                0x00000000       0x10 src/ASF/avr32/drivers/flashc/flashc.o
 .text.flashc_is_security_bit_active
                0x00000000        0xc src/ASF/avr32/drivers/flashc/flashc.o
 .text.flashc_activate_security_bit
                0x00000000       0x10 src/ASF/avr32/drivers/flashc/flashc.o
 .text.flashc_is_region_locked
                0x00000000       0x1a src/ASF/avr32/drivers/flashc/flashc.o
 .text.flashc_is_page_region_locked
                0x00000000       0x14 src/ASF/avr32/drivers/flashc/flashc.o
 .text.flashc_lock_page_region
                0x00000000       0x1c src/ASF/avr32/drivers/flashc/flashc.o
 .text.flashc_lock_region
                0x00000000       0x1c src/ASF/avr32/drivers/flashc/flashc.o
 .text.flashc_lock_all_regions
                0x00000000       0x2c src/ASF/avr32/drivers/flashc/flashc.o
 .text.flashc_read_all_gp_fuses
                0x00000000       0x26 src/ASF/avr32/drivers/flashc/flashc.o
 .text.flashc_read_gp_fuse_byte
                0x00000000       0x44 src/ASF/avr32/drivers/flashc/flashc.o
 .text.flashc_read_gp_fuse_bitfield
                0x00000000       0x74 src/ASF/avr32/drivers/flashc/flashc.o
 .text.flashc_get_bootloader_protected_size
                0x00000000       0x20 src/ASF/avr32/drivers/flashc/flashc.o
 .text.flashc_read_gp_fuse_bit
                0x00000000       0x3c src/ASF/avr32/drivers/flashc/flashc.o
 .text.flashc_is_external_privileged_fetch_locked
                0x00000000       0x14 src/ASF/avr32/drivers/flashc/flashc.o
 .text.flashc_erase_gp_fuse_bit
                0x00000000       0x2c src/ASF/avr32/drivers/flashc/flashc.o
 .text.flashc_erase_gp_fuse_bitfield
                0x00000000       0x8c src/ASF/avr32/drivers/flashc/flashc.o
 .text.flashc_erase_all_gp_fuses
                0x00000000       0x30 src/ASF/avr32/drivers/flashc/flashc.o
 .text.flashc_write_gp_fuse_bit
                0x00000000       0x18 src/ASF/avr32/drivers/flashc/flashc.o
 .text.flashc_write_gp_fuse_bitfield
                0x00000000       0x4c src/ASF/avr32/drivers/flashc/flashc.o
 .text.flashc_write_gp_fuse_byte
                0x00000000       0x18 src/ASF/avr32/drivers/flashc/flashc.o
 .text.flashc_erase_gp_fuse_byte
                0x00000000       0x74 src/ASF/avr32/drivers/flashc/flashc.o
 .text.flashc_write_all_gp_fuses
                0x00000000       0x3c src/ASF/avr32/drivers/flashc/flashc.o
 .text.flashc_set_gp_fuse_bit
                0x00000000       0x20 src/ASF/avr32/drivers/flashc/flashc.o
 .text.flashc_lock_external_privileged_fetch
                0x00000000       0x18 src/ASF/avr32/drivers/flashc/flashc.o
 .text.flashc_set_gp_fuse_bitfield
                0x00000000       0x4c src/ASF/avr32/drivers/flashc/flashc.o
 .text.flashc_set_gp_fuse_byte
                0x00000000       0x4c src/ASF/avr32/drivers/flashc/flashc.o
 .text.flashc_set_all_gp_fuses
                0x00000000       0x54 src/ASF/avr32/drivers/flashc/flashc.o
 .text.flashc_clear_page_buffer
                0x00000000       0x10 src/ASF/avr32/drivers/flashc/flashc.o
 .text.flashc_is_page_erased
                0x00000000        0xc src/ASF/avr32/drivers/flashc/flashc.o
 .text.flashc_quick_page_read
                0x00000000       0x18 src/ASF/avr32/drivers/flashc/flashc.o
 .text.flashc_erase_page
                0x00000000       0x38 src/ASF/avr32/drivers/flashc/flashc.o
 .text.flashc_erase_all_pages
                0x00000000       0x48 src/ASF/avr32/drivers/flashc/flashc.o
 .text.flashc_write_page
                0x00000000       0x10 src/ASF/avr32/drivers/flashc/flashc.o
 .text.flashc_quick_user_page_read
                0x00000000       0x18 src/ASF/avr32/drivers/flashc/flashc.o
 .text.flashc_erase_user_page
                0x00000000       0x28 src/ASF/avr32/drivers/flashc/flashc.o
 .text.flashc_write_user_page
                0x00000000       0x10 src/ASF/avr32/drivers/flashc/flashc.o
 .text.flashc_memset64
                0x00000000      0x238 src/ASF/avr32/drivers/flashc/flashc.o
 .text.flashc_memset32
                0x00000000       0x20 src/ASF/avr32/drivers/flashc/flashc.o
 .text.flashc_memset16
                0x00000000       0x10 src/ASF/avr32/drivers/flashc/flashc.o
 .text.flashc_memset8
                0x00000000       0x14 src/ASF/avr32/drivers/flashc/flashc.o
 .text.flashc_memcpy
                0x00000000       0xfc src/ASF/avr32/drivers/flashc/flashc.o
 .text.flashc_set_bootloader_protected_size
                0x00000000       0x54 src/ASF/avr32/drivers/flashc/flashc.o
 .rodata.C.34.10523
                0x00000000       0x10 src/ASF/avr32/drivers/flashc/flashc.o
 .data.flashc_wait_until_ready
                0x00000000        0x4 src/ASF/avr32/drivers/flashc/flashc.o
 .bss.flashc_error_status
                0x00000000        0x4 src/ASF/avr32/drivers/flashc/flashc.o
 .text          0x00000000        0x0 src/ASF/avr32/drivers/gpio/gpio.o
 .data          0x00000000        0x0 src/ASF/avr32/drivers/gpio/gpio.o
 .bss           0x00000000        0x0 src/ASF/avr32/drivers/gpio/gpio.o
 .text.gpio_enable_gpio
                0x00000000       0x28 src/ASF/avr32/drivers/gpio/gpio.o
 .text.gpio_enable_pin_pull_up
                0x00000000       0x16 src/ASF/avr32/drivers/gpio/gpio.o
 .text.gpio_disable_pin_pull_up
                0x00000000       0x16 src/ASF/avr32/drivers/gpio/gpio.o
 .text.gpio_configure_pin
                0x00000000       0xb8 src/ASF/avr32/drivers/gpio/gpio.o
 .text.gpio_configure_group
                0x00000000       0x6e src/ASF/avr32/drivers/gpio/gpio.o
 .text.gpio_get_pin_value
                0x00000000       0x16 src/ASF/avr32/drivers/gpio/gpio.o
 .text.gpio_get_gpio_pin_output_value
                0x00000000       0x16 src/ASF/avr32/drivers/gpio/gpio.o
 .text.gpio_get_gpio_open_drain_pin_output_value
                0x00000000       0x1a src/ASF/avr32/drivers/gpio/gpio.o
 .text.gpio_set_pin_high
                0x00000000       0x16 src/ASF/avr32/drivers/gpio/gpio.o
 .text.gpio_set_group_high
                0x00000000        0xc src/ASF/avr32/drivers/gpio/gpio.o
 .text.gpio_set_pin_low
                0x00000000       0x16 src/ASF/avr32/drivers/gpio/gpio.o
 .text.gpio_set_group_low
                0x00000000        0xc src/ASF/avr32/drivers/gpio/gpio.o
 .text.gpio_toggle_pin
                0x00000000       0x16 src/ASF/avr32/drivers/gpio/gpio.o
 .text.gpio_toggle_group
                0x00000000        0xc src/ASF/avr32/drivers/gpio/gpio.o
 .text.gpio_set_gpio_open_drain_pin
                0x00000000       0x18 src/ASF/avr32/drivers/gpio/gpio.o
 .text.gpio_clr_gpio_open_drain_pin
                0x00000000       0x1c src/ASF/avr32/drivers/gpio/gpio.o
 .text.gpio_tgl_gpio_open_drain_pin
                0x00000000       0x1c src/ASF/avr32/drivers/gpio/gpio.o
 .text.gpio_enable_pin_glitch_filter
                0x00000000       0x16 src/ASF/avr32/drivers/gpio/gpio.o
 .text.gpio_disable_pin_glitch_filter
                0x00000000       0x16 src/ASF/avr32/drivers/gpio/gpio.o
 .text.gpio_enable_pin_interrupt
                0x00000000       0x46 src/ASF/avr32/drivers/gpio/gpio.o
 .text.gpio_disable_pin_interrupt
                0x00000000       0x16 src/ASF/avr32/drivers/gpio/gpio.o
 .text.gpio_get_pin_interrupt_flag
                0x00000000       0x18 src/ASF/avr32/drivers/gpio/gpio.o
 .text.gpio_clear_pin_interrupt_flag
                0x00000000       0x16 src/ASF/avr32/drivers/gpio/gpio.o
 .text          0x00000000        0x0 src/ASF/avr32/drivers/intc/exception.o
 .data          0x00000000        0x0 src/ASF/avr32/drivers/intc/exception.o
 .bss           0x00000000        0x0 src/ASF/avr32/drivers/intc/exception.o
 .text          0x00000000        0x0 src/ASF/avr32/drivers/intc/intc.o
 .data          0x00000000        0x0 src/ASF/avr32/drivers/intc/intc.o
 .bss           0x00000000        0x0 src/ASF/avr32/drivers/intc/intc.o
 .text._unhandled_interrupt
                0x00000000        0x2 src/ASF/avr32/drivers/intc/intc.o
 .text.INTC_register_interrupt
                0x00000000       0x80 src/ASF/avr32/drivers/intc/intc.o
 .text.INTC_init_interrupts
                0x00000000       0x54 src/ASF/avr32/drivers/intc/intc.o
 .text          0x00000000        0x0 src/ASF/avr32/drivers/pm/pm.o
 .data          0x00000000        0x0 src/ASF/avr32/drivers/pm/pm.o
 .bss           0x00000000        0x0 src/ASF/avr32/drivers/pm/pm.o
 .text.pm_enable_osc0_ext_clock
                0x00000000       0x10 src/ASF/avr32/drivers/pm/pm.o
 .text.pm_disable_clk0
                0x00000000        0x8 src/ASF/avr32/drivers/pm/pm.o
 .text.pm_set_osc1_mode
                0x00000000        0xa src/ASF/avr32/drivers/pm/pm.o
 .text.pm_enable_osc1_ext_clock
                0x00000000       0x10 src/ASF/avr32/drivers/pm/pm.o
 .text.pm_enable_osc1_crystal
                0x00000000       0x3c src/ASF/avr32/drivers/pm/pm.o
 .text.pm_disable_clk1
                0x00000000        0x8 src/ASF/avr32/drivers/pm/pm.o
 .text.pm_enable_clk1_no_wait
                0x00000000       0x10 src/ASF/avr32/drivers/pm/pm.o
 .text.pm_wait_for_clk1_ready
                0x00000000        0xa src/ASF/avr32/drivers/pm/pm.o
 .text.pm_enable_clk1
                0x00000000       0x1c src/ASF/avr32/drivers/pm/pm.o
 .text.pm_set_osc32_mode
                0x00000000        0xa src/ASF/avr32/drivers/pm/pm.o
 .text.pm_enable_osc32_ext_clock
                0x00000000       0x10 src/ASF/avr32/drivers/pm/pm.o
 .text.pm_enable_osc32_crystal
                0x00000000       0x10 src/ASF/avr32/drivers/pm/pm.o
 .text.pm_disable_clk32
                0x00000000        0x8 src/ASF/avr32/drivers/pm/pm.o
 .text.pm_enable_clk32_no_wait
                0x00000000       0x10 src/ASF/avr32/drivers/pm/pm.o
 .text.pm_wait_for_clk32_ready
                0x00000000        0xa src/ASF/avr32/drivers/pm/pm.o
 .text.pm_enable_clk32
                0x00000000       0x1c src/ASF/avr32/drivers/pm/pm.o
 .text.pm_cksel_get
                0x00000000        0x6 src/ASF/avr32/drivers/pm/pm.o
 .text.pm_cksel_set
                0x00000000        0xc src/ASF/avr32/drivers/pm/pm.o
 .text.pm_gc_setup
                0x00000000       0x22 src/ASF/avr32/drivers/pm/pm.o
 .text.pm_gc_enable
                0x00000000        0xe src/ASF/avr32/drivers/pm/pm.o
 .text.pm_gc_disable
                0x00000000        0xe src/ASF/avr32/drivers/pm/pm.o
 .text.pm_pll_get_option
                0x00000000        0xc src/ASF/avr32/drivers/pm/pm.o
 .text.pm_pll_disable
                0x00000000        0xe src/ASF/avr32/drivers/pm/pm.o
 .text.pm_wait_for_pll1_locked
                0x00000000        0xa src/ASF/avr32/drivers/pm/pm.o
 .text.pm_get_clock
                0x00000000        0x8 src/ASF/avr32/drivers/pm/pm.o
 .text.pm_bod_enable_irq
                0x00000000        0xa src/ASF/avr32/drivers/pm/pm.o
 .text.pm_bod_clear_irq
                0x00000000        0xa src/ASF/avr32/drivers/pm/pm.o
 .text.pm_bod_get_irq_status
                0x00000000        0x8 src/ASF/avr32/drivers/pm/pm.o
 .text.pm_bod_get_irq_enable_bit
                0x00000000        0x8 src/ASF/avr32/drivers/pm/pm.o
 .text.pm_bod_get_level
                0x00000000        0xa src/ASF/avr32/drivers/pm/pm.o
 .text.pm_read_gplp
                0x00000000        0x8 src/ASF/avr32/drivers/pm/pm.o
 .text.pm_write_gplp
                0x00000000        0x8 src/ASF/avr32/drivers/pm/pm.o
 .text.pm_enable_module
                0x00000000       0x1a src/ASF/avr32/drivers/pm/pm.o
 .text.pm_disable_module
                0x00000000       0x1c src/ASF/avr32/drivers/pm/pm.o
 .text.pm_bod_disable_irq
                0x00000000       0x26 src/ASF/avr32/drivers/pm/pm.o
 .text          0x00000000        0x0 src/ASF/avr32/drivers/pm/pm_conf_clocks.o
 .data          0x00000000        0x0 src/ASF/avr32/drivers/pm/pm_conf_clocks.o
 .bss           0x00000000        0x0 src/ASF/avr32/drivers/pm/pm_conf_clocks.o
 .debug_abbrev  0x00000000      0x185 src/ASF/avr32/drivers/pm/pm_conf_clocks.o
 .debug_info    0x00000000      0xf50 src/ASF/avr32/drivers/pm/pm_conf_clocks.o
 .debug_line    0x00000000      0x745 src/ASF/avr32/drivers/pm/pm_conf_clocks.o
 .debug_macinfo
                0x00000000    0xea77b src/ASF/avr32/drivers/pm/pm_conf_clocks.o
 .text.pm_configure_usb_clock
                0x00000000       0x70 src/ASF/avr32/drivers/pm/pm_conf_clocks.o
 .text.pm_configure_clocks
                0x00000000      0x1d4 src/ASF/avr32/drivers/pm/pm_conf_clocks.o
 .debug_frame   0x00000000       0x7c src/ASF/avr32/drivers/pm/pm_conf_clocks.o
 .debug_loc     0x00000000      0x232 src/ASF/avr32/drivers/pm/pm_conf_clocks.o
 .debug_pubnames
                0x00000000       0x45 src/ASF/avr32/drivers/pm/pm_conf_clocks.o
 .debug_aranges
                0x00000000       0x28 src/ASF/avr32/drivers/pm/pm_conf_clocks.o
 .debug_ranges  0x00000000       0x20 src/ASF/avr32/drivers/pm/pm_conf_clocks.o
 .debug_str     0x00000000      0x53b src/ASF/avr32/drivers/pm/pm_conf_clocks.o
 .comment       0x00000000       0x31 src/ASF/avr32/drivers/pm/pm_conf_clocks.o
 .text          0x00000000        0x0 src/ASF/avr32/drivers/pm/power_clocks_lib.o
 .data          0x00000000        0x0 src/ASF/avr32/drivers/pm/power_clocks_lib.o
 .bss           0x00000000        0x0 src/ASF/avr32/drivers/pm/power_clocks_lib.o
 .debug_abbrev  0x00000000      0x1cd src/ASF/avr32/drivers/pm/power_clocks_lib.o
 .debug_info    0x00000000      0xf89 src/ASF/avr32/drivers/pm/power_clocks_lib.o
 .debug_line    0x00000000      0x738 src/ASF/avr32/drivers/pm/power_clocks_lib.o
 .debug_macinfo
                0x00000000    0xea80a src/ASF/avr32/drivers/pm/power_clocks_lib.o
 .text.pcl_read_gplp
                0x00000000       0x14 src/ASF/avr32/drivers/pm/power_clocks_lib.o
 .text.pcl_write_gplp
                0x00000000       0x14 src/ASF/avr32/drivers/pm/power_clocks_lib.o
 .text.pcl_configure_usb_clock
                0x00000000        0xc src/ASF/avr32/drivers/pm/power_clocks_lib.o
 .text.pcl_switch_to_osc
                0x00000000       0x1c src/ASF/avr32/drivers/pm/power_clocks_lib.o
 .text.pcl_configure_clocks
                0x00000000        0xc src/ASF/avr32/drivers/pm/power_clocks_lib.o
 .debug_frame   0x00000000       0x88 src/ASF/avr32/drivers/pm/power_clocks_lib.o
 .debug_loc     0x00000000      0x12b src/ASF/avr32/drivers/pm/power_clocks_lib.o
 .debug_pubnames
                0x00000000       0x82 src/ASF/avr32/drivers/pm/power_clocks_lib.o
 .debug_aranges
                0x00000000       0x40 src/ASF/avr32/drivers/pm/power_clocks_lib.o
 .debug_ranges  0x00000000       0x38 src/ASF/avr32/drivers/pm/power_clocks_lib.o
 .debug_str     0x00000000      0x548 src/ASF/avr32/drivers/pm/power_clocks_lib.o
 .comment       0x00000000       0x31 src/ASF/avr32/drivers/pm/power_clocks_lib.o
 .text          0x00000000        0x0 src/ASF/avr32/drivers/spi/spi.o
 .data          0x00000000        0x0 src/ASF/avr32/drivers/spi/spi.o
 .bss           0x00000000        0x0 src/ASF/avr32/drivers/spi/spi.o
 .text.spi_initSlave
                0x00000000       0x46 src/ASF/avr32/drivers/spi/spi.o
 .text.spi_initTest
                0x00000000       0x10 src/ASF/avr32/drivers/spi/spi.o
 .text.spi_unselectChip
                0x00000000       0x26 src/ASF/avr32/drivers/spi/spi.o
 .text.spi_disable
                0x00000000        0x6 src/ASF/avr32/drivers/spi/spi.o
 .text.spi_is_enabled
                0x00000000        0x8 src/ASF/avr32/drivers/spi/spi.o
 .text.spi_writeRegisterEmptyCheck
                0x00000000        0x8 src/ASF/avr32/drivers/spi/spi.o
 .text.spi_variableSlaveWrite
                0x00000000       0x40 src/ASF/avr32/drivers/spi/spi.o
 .text.spi_writeEndCheck
                0x00000000        0x8 src/ASF/avr32/drivers/spi/spi.o
 .text.spi_readRegisterFullCheck
                0x00000000        0x8 src/ASF/avr32/drivers/spi/spi.o
 .text.spi_read
                0x00000000       0x20 src/ASF/avr32/drivers/spi/spi.o
 .text.spi_getStatus
                0x00000000       0x2c src/ASF/avr32/drivers/spi/spi.o
 .text          0x00000000        0x0 src/ASF/avr32/utils/startup/startup_uc3.o
 .data          0x00000000        0x0 src/ASF/avr32/utils/startup/startup_uc3.o
 .bss           0x00000000        0x0 src/ASF/avr32/utils/startup/startup_uc3.o
 .text          0x00000000        0x0 src/ASF/avr32/utils/startup/trampoline_uc3.o
 .data          0x00000000        0x0 src/ASF/avr32/utils/startup/trampoline_uc3.o
 .bss           0x00000000        0x0 src/ASF/avr32/utils/startup/trampoline_uc3.o
 .text          0x00000000        0x0 src/ASF/common/services/clock/uc3a0_a1/sysclk.o
 .data          0x00000000        0x0 src/ASF/common/services/clock/uc3a0_a1/sysclk.o
 .bss           0x00000000        0x0 src/ASF/common/services/clock/uc3a0_a1/sysclk.o
 .debug_abbrev  0x00000000      0x2c2 src/ASF/common/services/clock/uc3a0_a1/sysclk.o
 .debug_info    0x00000000     0x1678 src/ASF/common/services/clock/uc3a0_a1/sysclk.o
 .debug_line    0x00000000      0x939 src/ASF/common/services/clock/uc3a0_a1/sysclk.o
 .debug_macinfo
                0x00000000    0xedb44 src/ASF/common/services/clock/uc3a0_a1/sysclk.o
 .text.sysclk_init
                0x00000000        0x2 src/ASF/common/services/clock/uc3a0_a1/sysclk.o
 .text.sysclk_priv_disable_module
                0x00000000       0x32 src/ASF/common/services/clock/uc3a0_a1/sysclk.o
 .text.sysclk_disable_pbb_module
                0x00000000       0x3c src/ASF/common/services/clock/uc3a0_a1/sysclk.o
 .text.sysclk_disable_usb
                0x00000000       0x24 src/ASF/common/services/clock/uc3a0_a1/sysclk.o
 .text.sysclk_priv_enable_module
                0x00000000       0x30 src/ASF/common/services/clock/uc3a0_a1/sysclk.o
 .text.sysclk_enable_pbb_module
                0x00000000       0x44 src/ASF/common/services/clock/uc3a0_a1/sysclk.o
 .text.sysclk_enable_usb
                0x00000000       0x8c src/ASF/common/services/clock/uc3a0_a1/sysclk.o
 .bss.sysclk_pbb_refcount
                0x00000000        0x1 src/ASF/common/services/clock/uc3a0_a1/sysclk.o
 .debug_frame   0x00000000       0xa8 src/ASF/common/services/clock/uc3a0_a1/sysclk.o
 .debug_loc     0x00000000      0x135 src/ASF/common/services/clock/uc3a0_a1/sysclk.o
 .debug_pubnames
                0x00000000       0xc7 src/ASF/common/services/clock/uc3a0_a1/sysclk.o
 .debug_aranges
                0x00000000       0x50 src/ASF/common/services/clock/uc3a0_a1/sysclk.o
 .debug_ranges  0x00000000       0x48 src/ASF/common/services/clock/uc3a0_a1/sysclk.o
 .debug_str     0x00000000      0x7e3 src/ASF/common/services/clock/uc3a0_a1/sysclk.o
 .comment       0x00000000       0x31 src/ASF/common/services/clock/uc3a0_a1/sysclk.o
 .text          0x00000000      0x148 c:/program files (x86)/atmel/atmel toolchain/avr32 gcc/native/3.4.1057/avr32-gnu-toolchain/bin/../lib/gcc/avr32/4.4.7/../../../../avr32/lib/ucr2\libc.a(lib_a-memcpy.o)
 .data          0x00000000        0x0 c:/program files (x86)/atmel/atmel toolchain/avr32 gcc/native/3.4.1057/avr32-gnu-toolchain/bin/../lib/gcc/avr32/4.4.7/../../../../avr32/lib/ucr2\libc.a(lib_a-memcpy.o)
 .bss           0x00000000        0x0 c:/program files (x86)/atmel/atmel toolchain/avr32 gcc/native/3.4.1057/avr32-gnu-toolchain/bin/../lib/gcc/avr32/4.4.7/../../../../avr32/lib/ucr2\libc.a(lib_a-memcpy.o)
 .text          0x00000000        0x0 c:/program files (x86)/atmel/atmel toolchain/avr32 gcc/native/3.4.1057/avr32-gnu-toolchain/bin/../lib/gcc/avr32/4.4.7/../../../../avr32/lib/ucr2\libc.a(lib_a-memset.o)
 .data          0x00000000        0x0 c:/program files (x86)/atmel/atmel toolchain/avr32 gcc/native/3.4.1057/avr32-gnu-toolchain/bin/../lib/gcc/avr32/4.4.7/../../../../avr32/lib/ucr2\libc.a(lib_a-memset.o)
 .bss           0x00000000        0x0 c:/program files (x86)/atmel/atmel toolchain/avr32 gcc/native/3.4.1057/avr32-gnu-toolchain/bin/../lib/gcc/avr32/4.4.7/../../../../avr32/lib/ucr2\libc.a(lib_a-memset.o)

Memory Configuration

Name             Origin             Length             Attributes
FLASH            0x80000000         0x00080000         axrl !w
INTRAM           0x00000004         0x0000fffc         axw !rl
USERPAGE         0x80800000         0x00000200
*default*        0x00000000         0xffffffff

Linker script and memory map

                0x00001000                _stack_size = 0x1000
LOAD src/3dengine.o
LOAD src/lcd_nokia.o
LOAD src/raster.o
LOAD src/screen saver fx.o
LOAD src/ASF/avr32/boards/evk1100/init.o
LOAD src/ASF/avr32/boards/evk1100/led.o
LOAD src/ASF/avr32/drivers/flashc/flashc.o
LOAD src/ASF/avr32/drivers/gpio/gpio.o
LOAD src/ASF/avr32/drivers/intc/exception.o
LOAD src/ASF/avr32/drivers/intc/intc.o
LOAD src/ASF/avr32/drivers/pm/pm.o
LOAD src/ASF/avr32/drivers/pm/pm_conf_clocks.o
LOAD src/ASF/avr32/drivers/pm/power_clocks_lib.o
LOAD src/ASF/avr32/drivers/spi/spi.o
LOAD src/ASF/avr32/utils/startup/startup_uc3.o
LOAD src/ASF/avr32/utils/startup/trampoline_uc3.o
LOAD src/ASF/common/services/clock/uc3a0_a1/sysclk.o
START GROUP
LOAD c:/program files (x86)/atmel/atmel toolchain/avr32 gcc/native/3.4.1057/avr32-gnu-toolchain/bin/../lib/gcc/avr32/4.4.7/../../../../avr32/lib/ucr2\libm.a
END GROUP
LOAD c:/program files (x86)/atmel/atmel toolchain/avr32 gcc/native/3.4.1057/avr32-gnu-toolchain/bin/../lib/gcc/avr32/4.4.7/ucr2\libgcc.a
LOAD c:/program files (x86)/atmel/atmel toolchain/avr32 gcc/native/3.4.1057/avr32-gnu-toolchain/bin/../lib/gcc/avr32/4.4.7/../../../../avr32/lib/ucr2\libc.a
LOAD c:/program files (x86)/atmel/atmel toolchain/avr32 gcc/native/3.4.1057/avr32-gnu-toolchain/bin/../lib/gcc/avr32/4.4.7/ucr2\libgcc.a
                0xffffffff                __max_heap_size__ = 0xffffffff
                [0xffffffff]                __heap_size__ = DEFINED (__heap_size__)?__heap_size__:__max_heap_size__
                [0x00001000]                __stack_size__ = DEFINED (__stack_size__)?__stack_size__:0x1000
                0x80000000                PROVIDE (__executable_start, 0x80000000)
                0x80000000                . = 0x80000000

.interp
 *(.interp)

.reset          0x80000000     0x2008
 *(.reset)
 .reset         0x80000000        0x4 src/ASF/avr32/utils/startup/startup_uc3.o
                                  0x8 (size before relaxing)
                0x80000000                _start
 .reset         0x80000004     0x2004 src/ASF/avr32/utils/startup/trampoline_uc3.o
                               0x2008 (size before relaxing)
                0x80000004                _trampoline

.hash
 *(.hash)

.dynsym
 *(.dynsym)

.dynstr
 *(.dynstr)

.gnu.version
 *(.gnu.version)

.gnu.version_d
 *(.gnu.version_d)

.gnu.version_r
 *(.gnu.version_r)

.rel.init
 *(.rel.init)

.rela.init
 *(.rela.init)

.rel.text
 *(.rel.text .rel.text.* .rel.gnu.linkonce.t.*)

.rela.text
 *(.rela.text .rela.text.* .rela.gnu.linkonce.t.*)

.rel.fini
 *(.rel.fini)

.rela.fini
 *(.rela.fini)

.rel.rodata
 *(.rel.rodata .rel.rodata.* .rel.gnu.linkonce.r.*)

.rela.rodata
 *(.rela.rodata .rela.rodata.* .rela.gnu.linkonce.r.*)

.rel.data.rel.ro
 *(.rel.data.rel.ro*)

.rela.data.rel.ro
 *(.rel.data.rel.ro*)

.rel.data
 *(.rel.data .rel.data.* .rel.gnu.linkonce.d.*)

.rela.data
 *(.rela.data .rela.data.* .rela.gnu.linkonce.d.*)

.rel.tdata
 *(.rel.tdata .rel.tdata.* .rel.gnu.linkonce.td.*)

.rela.tdata
 *(.rela.tdata .rela.tdata.* .rela.gnu.linkonce.td.*)

.rel.tbss
 *(.rel.tbss .rel.tbss.* .rel.gnu.linkonce.tb.*)

.rela.tbss
 *(.rela.tbss .rela.tbss.* .rela.gnu.linkonce.tb.*)

.rel.ctors
 *(.rel.ctors)

.rela.ctors
 *(.rela.ctors)

.rel.dtors
 *(.rel.dtors)

.rela.dtors
 *(.rela.dtors)

.rel.got
 *(.rel.got)

.rela.got       0x80002008        0x0
 *(.rela.got)
 .rela.got      0x80002008        0x0 src/screen saver fx.o

.rel.bss
 *(.rel.bss .rel.bss.* .rel.gnu.linkonce.b.*)

.rela.bss
 *(.rela.bss .rela.bss.* .rela.gnu.linkonce.b.*)

.rel.plt
 *(.rel.plt)

.rela.plt
 *(.rela.plt)

.init
 *(.init)

.plt
 *(.plt)

.text           0x80002008      0xd8e
 *(.text .stub .text.* .gnu.linkonce.t.*)
 .text.cprodf_FFIX
                0x80002008       0x8e src/3dengine.o
                0x80002008                cprodf_FFIX
 *fill*         0x80002096        0x2 d703d703
 .text.transforme_C8_FFIX
                0x80002098       0x88 src/3dengine.o
                0x80002098                transforme_C8_FFIX
 .text.mrot_C8_FULL_FFIX
                0x80002120      0x134 src/3dengine.o
                0x80002120                mrot_C8_FULL_FFIX
 .text.lcd_nokia_send
                0x80002254       0x18 src/lcd_nokia.o
                0x80002254                lcd_nokia_send
 .text.lcd_nokia_putbuffer
                0x8000226c       0x88 src/lcd_nokia.o
                0x8000226c                lcd_nokia_putbuffer
 .text.lcd_nokia_reset_high
                0x800022f4       0x18 src/lcd_nokia.o
                0x800022f4                lcd_nokia_reset_high
 .text.lcd_nokia_reset_low
                0x8000230c       0x18 src/lcd_nokia.o
                0x8000230c                lcd_nokia_reset_low
 .text.lcd_nokia_select
                0x80002324       0x14 src/lcd_nokia.o
                0x80002324                lcd_nokia_select
 .text.lcd_nokia_init
                0x80002338       0xb4 src/lcd_nokia.o
                0x80002338                lcd_nokia_init
 .text.update_faces
                0x800023ec      0x100 src/raster.o
                0x800023ec                update_faces
 .text.draw_image_raster_bmp
                0x800024ec       0x92 src/raster.o
                0x800024ec                draw_image_raster_bmp
 .text.my_put_line_raster
                0x8000257e       0xd2 src/raster.o
                0x8000257e                my_put_line_raster
 .text.draw_image_raster
                0x80002650       0x74 src/raster.o
                0x80002650                draw_image_raster
 .text.reset_Raster
                0x800026c4       0x18 src/raster.o
                0x800026c4                reset_Raster
 .text.SEND_RASTER_BUF
                0x800026dc        0xc src/raster.o
                0x800026dc                SEND_RASTER_BUF
 .text.lcd_nokia_resources_init
                0x800026e8       0x78 src/screen saver fx.o
                0x800026e8                lcd_nokia_resources_init
 .text.main     0x80002760      0x1b8 src/screen saver fx.o
                0x80002760                main
 .text.flashc_set_wait_state
                0x80002918        0xe src/ASF/avr32/drivers/flashc/flashc.o
                0x80002918                flashc_set_wait_state
 .text.gpio_enable_module_pin
                0x80002926       0x52 src/ASF/avr32/drivers/gpio/gpio.o
                0x80002926                gpio_enable_module_pin
 .text.gpio_enable_module
                0x80002978       0x30 src/ASF/avr32/drivers/gpio/gpio.o
                0x80002978                gpio_enable_module
 .text.gpio_enable_gpio_pin
                0x800029a8       0x18 src/ASF/avr32/drivers/gpio/gpio.o
                0x800029a8                gpio_enable_gpio_pin
 .text.gpio_set_gpio_pin
                0x800029c0       0x1c src/ASF/avr32/drivers/gpio/gpio.o
                0x800029c0                gpio_set_gpio_pin
 .text.gpio_clr_gpio_pin
                0x800029dc       0x1c src/ASF/avr32/drivers/gpio/gpio.o
                0x800029dc                gpio_clr_gpio_pin
 .text.gpio_tgl_gpio_pin
                0x800029f8       0x1c src/ASF/avr32/drivers/gpio/gpio.o
                0x800029f8                gpio_tgl_gpio_pin
 .text._get_interrupt_handler
                0x80002a14       0x38 src/ASF/avr32/drivers/intc/intc.o
                0x80002a14                _get_interrupt_handler
 .text.pm_set_osc0_mode
                0x80002a4c        0xa src/ASF/avr32/drivers/pm/pm.o
 *fill*         0x80002a56        0x2 d703d703
 .text.pm_enable_osc0_crystal
                0x80002a58       0x3c src/ASF/avr32/drivers/pm/pm.o
                0x80002a58                pm_enable_osc0_crystal
 .text.pm_enable_clk0_no_wait
                0x80002a94       0x10 src/ASF/avr32/drivers/pm/pm.o
                0x80002a94                pm_enable_clk0_no_wait
 .text.pm_wait_for_clk0_ready
                0x80002aa4        0xa src/ASF/avr32/drivers/pm/pm.o
                0x80002aa4                pm_wait_for_clk0_ready
 *fill*         0x80002aae        0x2 d703d703
 .text.pm_enable_clk0
                0x80002ab0       0x1c src/ASF/avr32/drivers/pm/pm.o
                0x80002ab0                pm_enable_clk0
 .text.pm_cksel
                0x80002acc       0x46 src/ASF/avr32/drivers/pm/pm.o
                0x80002acc                pm_cksel
 .text.pm_pll_setup
                0x80002b12       0x22 src/ASF/avr32/drivers/pm/pm.o
                0x80002b12                pm_pll_setup
 .text.pm_pll_set_option
                0x80002b34       0x1a src/ASF/avr32/drivers/pm/pm.o
                0x80002b34                pm_pll_set_option
 .text.pm_pll_enable
                0x80002b4e        0xe src/ASF/avr32/drivers/pm/pm.o
                0x80002b4e                pm_pll_enable
 .text.pm_wait_for_pll0_locked
                0x80002b5c        0xa src/ASF/avr32/drivers/pm/pm.o
                0x80002b5c                pm_wait_for_pll0_locked
 .text.pm_switch_to_clock
                0x80002b66        0xa src/ASF/avr32/drivers/pm/pm.o
                0x80002b66                pm_switch_to_clock
 .text.pm_switch_to_osc0
                0x80002b70       0x2c src/ASF/avr32/drivers/pm/pm.o
                0x80002b70                pm_switch_to_osc0
 .text.getBaudDiv
                0x80002b9c       0x20 src/ASF/avr32/drivers/spi/spi.o
                0x80002b9c                getBaudDiv
 .text.spi_initMaster
                0x80002bbc       0x38 src/ASF/avr32/drivers/spi/spi.o
                0x80002bbc                spi_initMaster
 .text.spi_selectionMode
                0x80002bf4       0x2c src/ASF/avr32/drivers/spi/spi.o
                0x80002bf4                spi_selectionMode
 .text.spi_selectChip
                0x80002c20       0x4c src/ASF/avr32/drivers/spi/spi.o
                0x80002c20                spi_selectChip
 .text.spi_setupChipReg
                0x80002c6c       0xb8 src/ASF/avr32/drivers/spi/spi.o
                0x80002c6c                spi_setupChipReg
 .text.spi_enable
                0x80002d24        0x6 src/ASF/avr32/drivers/spi/spi.o
                0x80002d24                spi_enable
 .text.spi_write
                0x80002d2a       0x1c src/ASF/avr32/drivers/spi/spi.o
                0x80002d2a                spi_write
 *fill*         0x80002d46        0x2 d703d703
 .text._stext   0x80002d48       0x40 src/ASF/avr32/utils/startup/startup_uc3.o
                                 0x50 (size before relaxing)
                0x80002d48                _stext
 .text.memset   0x80002d88        0xe c:/program files (x86)/atmel/atmel toolchain/avr32 gcc/native/3.4.1057/avr32-gnu-toolchain/bin/../lib/gcc/avr32/4.4.7/../../../../avr32/lib/ucr2\libc.a(lib_a-memset.o)
                0x80002d88                memset
 *(.text.*personality*)
 *(.gnu.warning)

.exception      0x80002e00      0x200
 .exception     0x80002e00      0x200 src/ASF/avr32/drivers/intc/exception.o
                0x80002e00                _evba
                0x80002f04                _int0
                0x80002f12                _int1
                0x80002f20                _int2
                0x80002f2e                _int3

.fini
 *(.fini)
                0x80003000                PROVIDE (__etext, .)
                0x80003000                PROVIDE (_etext, .)
                0x80003000                PROVIDE (etext, .)

.rodata         0x80003000     0x962c
 *(.rodata .rodata.* .gnu.linkonce.r.*)
 .rodata.SINTABLE_STEP_0_050000_QUADPOS
                0x80003000       0xf0 src/3dengine.o
                0x80003000                SINTABLE_STEP_0_050000_QUADPOS
 .rodata.COSTABLE_STEP_0_050000_QUADPOS
                0x800030f0       0xf0 src/3dengine.o
                0x800030f0                COSTABLE_STEP_0_050000_QUADPOS
 .rodata.C.44.11177
                0x800031e0       0x18 src/raster.o
 .rodata.oblogoavr32_R
                0x800031f8     0x176c src/screen saver fx.o
                0x800031f8                oblogoavr32_R
 .rodata.oblogoavr32_V
                0x80004964     0x10ac src/screen saver fx.o
                0x80004964                oblogoavr32_V
 .rodata.logoavr32_3
                0x80005a10       0x18 src/screen saver fx.o
                0x80005a10                logoavr32_3
 .rodata.lienearth
                0x80005a28      0xac4 src/screen saver fx.o
                0x80005a28                lienearth
 .rodata.logoavr32_R
                0x800064ec       0x18 src/screen saver fx.o
                0x800064ec                logoavr32_R
 .rodata.lkof   0x80006504        0x8 src/screen saver fx.o
                0x80006504                lkof
 .rodata.logoavr32_V
                0x8000650c       0x18 src/screen saver fx.o
                0x8000650c                logoavr32_V
 .rodata.lkcenters
                0x80006524        0x8 src/screen saver fx.o
                0x80006524                lkcenters
 .rodata.logoavr32_earth
                0x8000652c       0x18 src/screen saver fx.o
                0x8000652c                logoavr32_earth
 .rodata.oblogoavr32_2
                0x80006544     0x1434 src/screen saver fx.o
                0x80006544                oblogoavr32_2
 .rodata.oblogoavr32_3
                0x80007978     0x14a0 src/screen saver fx.o
                0x80007978                oblogoavr32_3
 .rodata.obearth
                0x80008e18     0x2048 src/screen saver fx.o
                0x80008e18                obearth
 .rodata.obcenters
                0x8000ae60       0x14 src/screen saver fx.o
                0x8000ae60                obcenters
 .rodata.logoavr32_A
                0x8000ae74       0x18 src/screen saver fx.o
                0x8000ae74                logoavr32_A
 .rodata.of     0x8000ae8c       0x90 src/screen saver fx.o
                0x8000ae8c                of
 .rodata.LCD_NOKIA_SPI_GPIO_MAP.12388
                0x8000af1c       0x20 src/screen saver fx.o
 .rodata.C.60.12390
                0x8000af3c       0x10 src/screen saver fx.o
 .rodata.logoavr32_2
                0x8000af4c       0x18 src/screen saver fx.o
                0x8000af4c                logoavr32_2
 .rodata.oblogoavr32_A
                0x8000af64     0x15c8 src/screen saver fx.o
                0x8000af64                oblogoavr32_A
 .rodata.obof1  0x8000c52c        0xc src/screen saver fx.o
                0x8000c52c                obof1
 .rodata.obof2  0x8000c538        0xc src/screen saver fx.o
                0x8000c538                obof2
 .rodata.obof3  0x8000c544        0xc src/screen saver fx.o
                0x8000c544                obof3
 .rodata.obof5  0x8000c550        0xc src/screen saver fx.o
                0x8000c550                obof5
 .rodata.obof6  0x8000c55c        0xc src/screen saver fx.o
                0x8000c55c                obof6
 .rodata.obof4  0x8000c568        0xc src/screen saver fx.o
                0x8000c568                obof4
 .rodata.centers
                0x8000c574       0x18 src/screen saver fx.o
                0x8000c574                centers
 .rodata._int_handler_table
                0x8000c58c       0xa0 src/ASF/avr32/drivers/intc/intc.o

.rodata1
 *(.rodata1)

.eh_frame_hdr
 *(.eh_frame_hdr)

.eh_frame
 *(.eh_frame)

.gcc_except_table
 *(.gcc_except_table)
 *(.gcc_except_table.*)

.lalign         0x8000c62c        0x4
                0x8000c630                . = ALIGN (0x8)
 *fill*         0x8000c62c        0x4 
                0x8000c630                PROVIDE (_data_lma, .)
                0x00000004                . = ORIGIN (INTRAM)

.dalign         0x00000004        0x4
                0x00000008                . = ALIGN (0x8)
 *fill*         0x00000004        0x4 
                0x00000008                PROVIDE (_data, .)

.eh_frame
 *(.eh_frame)

.gcc_except_table
 *(.gcc_except_table)
 *(.gcc_except_table.*)

.tdata
 *(.tdata .tdata.* .gnu.linkonce.td.*)

.tbss
 *(.tbss .tbss.* .gnu.linkonce.tb.*)
 *(.tcommon)
                0x00000008                PROVIDE (__preinit_array_start, ALIGN (0x4))

.preinit_array
 *(.preinit_array)
                0x00000008                PROVIDE (__preinit_array_end, .)
                0x00000008                PROVIDE (__init_array_start, .)

.init_array
 *(.init_array)
                0x00000008                PROVIDE (__init_array_end, .)
                0x00000008                PROVIDE (__fini_array_start, .)

.fini_array
 *(.fini_array)
                0x00000008                PROVIDE (__fini_array_end, .)

.ctors
 *crtbegin*.o(.ctors)
 *(EXCLUDE_FILE(*crtend*.o) .ctors)
 *(SORT(.ctors.*))
 *(.ctors)

.dtors
 *crtbegin*.o(.dtors)
 *(EXCLUDE_FILE(*crtend*.o) .dtors)
 *(SORT(.dtors.*))
 *(.dtors)

.jcr
 *(.jcr)

.data.rel.ro
 *(.data.rel.ro.local)
 *(.data.rel.ro*)

.dynamic
 *(.dynamic)

.got
 *(.got.plt)
 *(.got)

.ramtext
 *(.ramtext .ramtext.*)

.ddalign        0x00000008        0x0 load address 0x8000c630
                0x00000008                . = ALIGN (0x8)

.data           0x00000008      0x170 load address 0x8000c630
 *(.data .data.* .gnu.linkonce.d.*)
 .data.Ball_speed
                0x00000008        0x4 src/screen saver fx.o
                0x00000008                Ball_speed
 .data.tmplogoavr32_R
                0x0000000c       0x18 src/screen saver fx.o
                0x0000000c                tmplogoavr32_R
 .data.tmpcenters
                0x00000024       0x18 src/screen saver fx.o
                0x00000024                tmpcenters
 .data.tmpof    0x0000003c       0x90 src/screen saver fx.o
                0x0000003c                tmpof
 .data.tmplogoavr32_V
                0x000000cc       0x18 src/screen saver fx.o
                0x000000cc                tmplogoavr32_V
 .data.mycolor  0x000000e4        0x1 src/screen saver fx.o
                0x000000e4                mycolor
 *fill*         0x000000e5        0x3 
 .data.tmplogoavr32_2
                0x000000e8       0x18 src/screen saver fx.o
                0x000000e8                tmplogoavr32_2
 .data.cube_logoavr32
                0x00000100       0x18 src/screen saver fx.o
                0x00000100                cube_logoavr32
 .data.tmplogoavr32_3
                0x00000118       0x18 src/screen saver fx.o
                0x00000118                tmplogoavr32_3
 .data.tmpcube_logoavr32
                0x00000130       0x18 src/screen saver fx.o
                0x00000130                tmpcube_logoavr32
 .data.tmplogoavr32_A
                0x00000148       0x18 src/screen saver fx.o
                0x00000148                tmplogoavr32_A
 .data.tmplogoavr32_earth
                0x00000160       0x18 src/screen saver fx.o
                0x00000160                tmplogoavr32_earth
 *(.gnu.linkonce.d.*personality*)

.data1
 *(.data1)

.balign         0x00000178        0x0 load address 0x8000c7a0
                0x00000178                . = ALIGN (0x8)
                0x00000178                PROVIDE (_edata, .)
                0x00000178                PROVIDE (edata, .)
                0x00000178                __bss_start = .

.bss            0x00000178     0x6558
 *(.dynbss)
 *(.bss .bss.* .gnu.linkonce.b.*)
 .bss.Number_Face_to_print
                0x00000178        0x4 src/raster.o
                0x00000178                Number_Face_to_print
 .bss._int_line_handler_table_6
                0x0000017c        0x4 src/ASF/avr32/drivers/intc/intc.o
 .bss._int_line_handler_table_7
                0x00000180        0x4 src/ASF/avr32/drivers/intc/intc.o
 .bss._int_line_handler_table_8
                0x00000184        0x4 src/ASF/avr32/drivers/intc/intc.o
 .bss._int_line_handler_table_9
                0x00000188        0x4 src/ASF/avr32/drivers/intc/intc.o
 .bss._int_line_handler_table_10
                0x0000018c        0x4 src/ASF/avr32/drivers/intc/intc.o
 .bss._int_line_handler_table_11
                0x00000190        0x4 src/ASF/avr32/drivers/intc/intc.o
 .bss._int_line_handler_table_12
                0x00000194        0x4 src/ASF/avr32/drivers/intc/intc.o
 .bss._int_line_handler_table_13
                0x00000198        0x4 src/ASF/avr32/drivers/intc/intc.o
 .bss._int_line_handler_table_14
                0x0000019c        0xc src/ASF/avr32/drivers/intc/intc.o
 .bss._int_line_handler_table_15
                0x000001a8        0x4 src/ASF/avr32/drivers/intc/intc.o
 .bss._int_line_handler_table_16
                0x000001ac        0x4 src/ASF/avr32/drivers/intc/intc.o
 .bss._int_line_handler_table_17
                0x000001b0        0x4 src/ASF/avr32/drivers/intc/intc.o
 .bss._int_line_handler_table_18
                0x000001b4        0x4 src/ASF/avr32/drivers/intc/intc.o
 .bss._int_line_handler_table_19
                0x000001b8        0x4 src/ASF/avr32/drivers/intc/intc.o
 .bss._int_line_handler_table_0
                0x000001bc        0x4 src/ASF/avr32/drivers/intc/intc.o
 .bss._int_line_handler_table_1
                0x000001c0       0x2c src/ASF/avr32/drivers/intc/intc.o
 .bss._int_line_handler_table_2
                0x000001ec       0x38 src/ASF/avr32/drivers/intc/intc.o
 .bss._int_line_handler_table_3
                0x00000224       0x3c src/ASF/avr32/drivers/intc/intc.o
 .bss._int_line_handler_table_4
                0x00000260        0x4 src/ASF/avr32/drivers/intc/intc.o
 .bss._int_line_handler_table_5
                0x00000264        0x4 src/ASF/avr32/drivers/intc/intc.o
 *(COMMON)
 COMMON         0x00000268        0xc src/raster.o
                0x00000268                Face_to_prints
 COMMON         0x00000274     0x6456 src/screen saver fx.o
                0x00000274                RASTER
                0x00004684                tmpoblogoavr32_A
                0x000066d0                . = ALIGN (0x8)
 *fill*         0x000066ca        0x6 
                0x000066d0                . = ALIGN (0x8)
                0x000066d0                _end = .
                0x000066d0                PROVIDE (end, .)
                0x000066d0                __heap_start__ = ALIGN (0x8)

.heap           0x000066d0     0x8930
 *(.heap)
                0x00008930                . = (__heap_size__ == __max_heap_size__)?(((ORIGIN (INTRAM) + 0xfffc) - __stack_size__) - ABSOLUTE (.)):__heap_size__
 *fill*         0x000066d0     0x8930 
                0x0000f000                __heap_end__ = .

.stab
 *(.stab)

.stabstr
 *(.stabstr)

.stab.excl
 *(.stab.excl)

.stab.exclstr
 *(.stab.exclstr)

.stab.index
 *(.stab.index)

.stab.indexstr
 *(.stab.indexstr)

.comment        0x00000000       0x30
 *(.comment)
 .comment       0x00000000       0x30 src/3dengine.o
                                 0x31 (size before relaxing)
 .comment       0x00000000       0x31 src/lcd_nokia.o
 .comment       0x00000000       0x31 src/raster.o
 .comment       0x00000000       0x31 src/screen saver fx.o
 .comment       0x00000000       0x31 src/ASF/avr32/drivers/flashc/flashc.o
 .comment       0x00000000       0x31 src/ASF/avr32/drivers/gpio/gpio.o
 .comment       0x00000000       0x31 src/ASF/avr32/drivers/intc/intc.o
 .comment       0x00000000       0x31 src/ASF/avr32/drivers/pm/pm.o
 .comment       0x00000000       0x31 src/ASF/avr32/drivers/spi/spi.o
 .comment       0x00000000       0x31 c:/program files (x86)/atmel/atmel toolchain/avr32 gcc/native/3.4.1057/avr32-gnu-toolchain/bin/../lib/gcc/avr32/4.4.7/../../../../avr32/lib/ucr2\libc.a(lib_a-memset.o)

.debug
 *(.debug)

.line
 *(.line)

.debug_srcinfo
 *(.debug_srcinfo)

.debug_sfnames
 *(.debug_sfnames)

.debug_aranges  0x00000000      0x720
 *(.debug_aranges)
 .debug_aranges
                0x00000000       0x38 src/3dengine.o
 .debug_aranges
                0x00000038       0x68 src/lcd_nokia.o
 .debug_aranges
                0x000000a0       0x48 src/raster.o
 .debug_aranges
                0x000000e8       0x28 src/screen saver fx.o
 .debug_aranges
                0x00000110      0x218 src/ASF/avr32/drivers/flashc/flashc.o
 .debug_aranges
                0x00000328      0x100 src/ASF/avr32/drivers/gpio/gpio.o
 .debug_aranges
                0x00000428       0x20 src/ASF/avr32/drivers/intc/exception.o
 .debug_aranges
                0x00000448       0x38 src/ASF/avr32/drivers/intc/intc.o
 .debug_aranges
                0x00000480      0x190 src/ASF/avr32/drivers/pm/pm.o
 .debug_aranges
                0x00000610       0xa8 src/ASF/avr32/drivers/spi/spi.o
 .debug_aranges
                0x000006b8       0x28 src/ASF/avr32/utils/startup/startup_uc3.o
 .debug_aranges
                0x000006e0       0x20 src/ASF/avr32/utils/startup/trampoline_uc3.o
 .debug_aranges
                0x00000700       0x20 c:/program files (x86)/atmel/atmel toolchain/avr32 gcc/native/3.4.1057/avr32-gnu-toolchain/bin/../lib/gcc/avr32/4.4.7/../../../../avr32/lib/ucr2\libc.a(lib_a-memset.o)

.debug_pubnames
                0x00000000     0x15f2
 *(.debug_pubnames)
 .debug_pubnames
                0x00000000       0xec src/3dengine.o
 .debug_pubnames
                0x000000ec       0xf4 src/lcd_nokia.o
 .debug_pubnames
                0x000001e0       0xbb src/raster.o
 .debug_pubnames
                0x0000029b      0x2d1 src/screen saver fx.o
 .debug_pubnames
                0x0000056c      0x771 src/ASF/avr32/drivers/flashc/flashc.o
 .debug_pubnames
                0x00000cdd      0x330 src/ASF/avr32/drivers/gpio/gpio.o
 .debug_pubnames
                0x0000100d       0x62 src/ASF/avr32/drivers/intc/intc.o
 .debug_pubnames
                0x0000106f      0x3ee src/ASF/avr32/drivers/pm/pm.o
 .debug_pubnames
                0x0000145d      0x178 src/ASF/avr32/drivers/spi/spi.o
 .debug_pubnames
                0x000015d5       0x1d c:/program files (x86)/atmel/atmel toolchain/avr32 gcc/native/3.4.1057/avr32-gnu-toolchain/bin/../lib/gcc/avr32/4.4.7/../../../../avr32/lib/ucr2\libc.a(lib_a-memset.o)

.debug_info     0x00000000     0x8f79
 *(.debug_info .gnu.linkonce.wi.*)
 .debug_info    0x00000000      0x3ac src/3dengine.o
 .debug_info    0x000003ac      0xe82 src/lcd_nokia.o
 .debug_info    0x0000122e      0x3c0 src/raster.o
 .debug_info    0x000015ee     0x1f0e src/screen saver fx.o
 .debug_info    0x000034fc     0x1c08 src/ASF/avr32/drivers/flashc/flashc.o
 .debug_info    0x00005104      0xb1b src/ASF/avr32/drivers/gpio/gpio.o
 .debug_info    0x00005c1f       0xa4 src/ASF/avr32/drivers/intc/exception.o
 .debug_info    0x00005cc3      0x5b3 src/ASF/avr32/drivers/intc/intc.o
 .debug_info    0x00006276     0x1a59 src/ASF/avr32/drivers/pm/pm.o
 .debug_info    0x00007ccf     0x1090 src/ASF/avr32/drivers/spi/spi.o
 .debug_info    0x00008d5f       0xa3 src/ASF/avr32/utils/startup/startup_uc3.o
 .debug_info    0x00008e02       0xaa src/ASF/avr32/utils/startup/trampoline_uc3.o
 .debug_info    0x00008eac       0xcd c:/program files (x86)/atmel/atmel toolchain/avr32 gcc/native/3.4.1057/avr32-gnu-toolchain/bin/../lib/gcc/avr32/4.4.7/../../../../avr32/lib/ucr2\libc.a(lib_a-memset.o)

.debug_abbrev   0x00000000     0x1474
 *(.debug_abbrev)
 .debug_abbrev  0x00000000      0x139 src/3dengine.o
 .debug_abbrev  0x00000139      0x226 src/lcd_nokia.o
 .debug_abbrev  0x0000035f      0x15a src/raster.o
 .debug_abbrev  0x000004b9      0x207 src/screen saver fx.o
 .debug_abbrev  0x000006c0      0x326 src/ASF/avr32/drivers/flashc/flashc.o
 .debug_abbrev  0x000009e6      0x28b src/ASF/avr32/drivers/gpio/gpio.o
 .debug_abbrev  0x00000c71       0x14 src/ASF/avr32/drivers/intc/exception.o
 .debug_abbrev  0x00000c85      0x1f2 src/ASF/avr32/drivers/intc/intc.o
 .debug_abbrev  0x00000e77      0x2d1 src/ASF/avr32/drivers/pm/pm.o
 .debug_abbrev  0x00001148      0x281 src/ASF/avr32/drivers/spi/spi.o
 .debug_abbrev  0x000013c9       0x12 src/ASF/avr32/utils/startup/startup_uc3.o
 .debug_abbrev  0x000013db       0x14 src/ASF/avr32/utils/startup/trampoline_uc3.o
 .debug_abbrev  0x000013ef       0x85 c:/program files (x86)/atmel/atmel toolchain/avr32 gcc/native/3.4.1057/avr32-gnu-toolchain/bin/../lib/gcc/avr32/4.4.7/../../../../avr32/lib/ucr2\libc.a(lib_a-memset.o)

.debug_line     0x00000000     0x52de
 *(.debug_line)
 .debug_line    0x00000000      0x397 src/3dengine.o
 .debug_line    0x00000397      0x9b8 src/lcd_nokia.o
 .debug_line    0x00000d4f      0x862 src/raster.o
 .debug_line    0x000015b1      0xa02 src/screen saver fx.o
 .debug_line    0x00001fb3      0xc4e src/ASF/avr32/drivers/flashc/flashc.o
 .debug_line    0x00002c01      0x93a src/ASF/avr32/drivers/gpio/gpio.o
 .debug_line    0x0000353b      0x109 src/ASF/avr32/drivers/intc/exception.o
 .debug_line    0x00003644      0x707 src/ASF/avr32/drivers/intc/intc.o
 .debug_line    0x00003d4b      0xa3d src/ASF/avr32/drivers/pm/pm.o
 .debug_line    0x00004788      0x844 src/ASF/avr32/drivers/spi/spi.o
 .debug_line    0x00004fcc       0xf2 src/ASF/avr32/utils/startup/startup_uc3.o
 .debug_line    0x000050be       0x67 src/ASF/avr32/utils/startup/trampoline_uc3.o
 .debug_line    0x00005125      0x1b9 c:/program files (x86)/atmel/atmel toolchain/avr32 gcc/native/3.4.1057/avr32-gnu-toolchain/bin/../lib/gcc/avr32/4.4.7/../../../../avr32/lib/ucr2\libc.a(lib_a-memset.o)

.debug_frame    0x00000000     0x1170
 *(.debug_frame)
 .debug_frame   0x00000000       0xe4 src/3dengine.o
 .debug_frame   0x000000e4      0x124 src/lcd_nokia.o
 .debug_frame   0x00000208       0xe0 src/raster.o
 .debug_frame   0x000002e8       0x74 src/screen saver fx.o
 .debug_frame   0x0000035c      0x6a4 src/ASF/avr32/drivers/flashc/flashc.o
 .debug_frame   0x00000a00      0x204 src/ASF/avr32/drivers/gpio/gpio.o
 .debug_frame   0x00000c04       0x64 src/ASF/avr32/drivers/intc/intc.o
 .debug_frame   0x00000c68      0x390 src/ASF/avr32/drivers/pm/pm.o
 .debug_frame   0x00000ff8      0x158 src/ASF/avr32/drivers/spi/spi.o
 .debug_frame   0x00001150       0x20 c:/program files (x86)/atmel/atmel toolchain/avr32 gcc/native/3.4.1057/avr32-gnu-toolchain/bin/../lib/gcc/avr32/4.4.7/../../../../avr32/lib/ucr2\libc.a(lib_a-memset.o)

.debug_str      0x00000000     0x24a9
 *(.debug_str)
 .debug_str     0x00000000      0x1cf src/3dengine.o
                                0x214 (size before relaxing)
 .debug_str     0x000001cf      0x359 src/lcd_nokia.o
                                0x478 (size before relaxing)
 .debug_str     0x00000528       0xde src/raster.o
                                0x21b (size before relaxing)
 .debug_str     0x00000606      0x4af src/screen saver fx.o
                                0x938 (size before relaxing)
 .debug_str     0x00000ab5      0xa8e src/ASF/avr32/drivers/flashc/flashc.o
                                0xc52 (size before relaxing)
 .debug_str     0x00001543      0x413 src/ASF/avr32/drivers/gpio/gpio.o
                                0x540 (size before relaxing)
 .debug_str     0x00001956      0x37d src/ASF/avr32/drivers/intc/intc.o
                                0x494 (size before relaxing)
 .debug_str     0x00001cd3      0x525 src/ASF/avr32/drivers/pm/pm.o
                                0x9ac (size before relaxing)
 .debug_str     0x000021f8      0x240 src/ASF/avr32/drivers/spi/spi.o
                                0x579 (size before relaxing)
 .debug_str     0x00002438       0x71 c:/program files (x86)/atmel/atmel toolchain/avr32 gcc/native/3.4.1057/avr32-gnu-toolchain/bin/../lib/gcc/avr32/4.4.7/../../../../avr32/lib/ucr2\libc.a(lib_a-memset.o)
                                0x10d (size before relaxing)

.debug_loc      0x00000000     0x2882
 *(.debug_loc)
 .debug_loc     0x00000000      0x423 src/3dengine.o
 .debug_loc     0x00000423      0x293 src/lcd_nokia.o
 .debug_loc     0x000006b6      0x340 src/raster.o
 .debug_loc     0x000009f6       0x8b src/screen saver fx.o
 .debug_loc     0x00000a81     0x10b0 src/ASF/avr32/drivers/flashc/flashc.o
 .debug_loc     0x00001b31      0x368 src/ASF/avr32/drivers/gpio/gpio.o
 .debug_loc     0x00001e99       0xd3 src/ASF/avr32/drivers/intc/intc.o
 .debug_loc     0x00001f6c      0x559 src/ASF/avr32/drivers/pm/pm.o
 .debug_loc     0x000024c5      0x3bd src/ASF/avr32/drivers/spi/spi.o

.debug_macinfo  0x00000000   0x762ab9
 *(.debug_macinfo)
 .debug_macinfo
                0x00000000     0x33c4 src/3dengine.o
 .debug_macinfo
                0x000033c4    0xee1b9 src/lcd_nokia.o
 .debug_macinfo
                0x000f157d    0xedb28 src/raster.o
 .debug_macinfo
                0x001df0a5    0xef1d2 src/screen saver fx.o
 .debug_macinfo
                0x002ce277    0xea7e1 src/ASF/avr32/drivers/flashc/flashc.o
 .debug_macinfo
                0x003b8a58    0xea8bf src/ASF/avr32/drivers/gpio/gpio.o
 .debug_macinfo
                0x004a3317    0xea96c src/ASF/avr32/drivers/intc/intc.o
 .debug_macinfo
                0x0058dc83    0xea729 src/ASF/avr32/drivers/pm/pm.o
 .debug_macinfo
                0x006783ac    0xea70d src/ASF/avr32/drivers/spi/spi.o

.debug_weaknames
 *(.debug_weaknames)

.debug_funcnames
 *(.debug_funcnames)

.debug_typenames
 *(.debug_typenames)

.debug_varnames
 *(.debug_varnames)

.stack          0x0000f000     0x1000
                0x0000f000                _stack = .
 *(.stack)
                0x00001000                . = __stack_size__
 *fill*         0x0000f000     0x1000 
                0x00010000                _estack = .

.userpage
 *(.userpage .userpage.*)

/DISCARD/
 *(.note.GNU-stack)
OUTPUT(screen saver fx.elf elf32-avr32)

.debug_ranges   0x00000000      0x700
 .debug_ranges  0x00000000       0x30 src/3dengine.o
 .debug_ranges  0x00000030       0xc0 src/lcd_nokia.o
 .debug_ranges  0x000000f0       0x40 src/raster.o
 .debug_ranges  0x00000130       0x20 src/screen saver fx.o
 .debug_ranges  0x00000150      0x210 src/ASF/avr32/drivers/flashc/flashc.o
 .debug_ranges  0x00000360       0xf8 src/ASF/avr32/drivers/gpio/gpio.o
 .debug_ranges  0x00000458       0x48 src/ASF/avr32/drivers/intc/intc.o
 .debug_ranges  0x000004a0      0x188 src/ASF/avr32/drivers/pm/pm.o
 .debug_ranges  0x00000628       0xa0 src/ASF/avr32/drivers/spi/spi.o
 .debug_ranges  0x000006c8       0x20 src/ASF/avr32/utils/startup/startup_uc3.o
 .debug_ranges  0x000006e8       0x18 c:/program files (x86)/atmel/atmel toolchain/avr32 gcc/native/3.4.1057/avr32-gnu-toolchain/bin/../lib/gcc/avr32/4.4.7/../../../../avr32/lib/ucr2\libc.a(lib_a-memset.o)
