Archive member included because of file (symbol)

c:/winavr-20100110/bin/../lib/gcc/avr/4.3.3/avr51\libgcc.a(_divmodhi4.o)
                              lcd.o (__divmodhi4)
c:/winavr-20100110/bin/../lib/gcc/avr/4.3.3/avr51\libgcc.a(_exit.o)
                              c:/winavr-20100110/bin/../lib/gcc/avr/4.3.3/../../../../avr/lib/avr51/crtm128.o (exit)
c:/winavr-20100110/bin/../lib/gcc/avr/4.3.3/avr51\libgcc.a(_clear_bss.o)
                              lcd_menu_test.o (__do_clear_bss)
c:/winavr-20100110/bin/../lib/gcc/avr/4.3.3/avr51\libgcc.a(_udivmodhi4.o)
                              c:/winavr-20100110/bin/../lib/gcc/avr/4.3.3/avr51\libgcc.a(_divmodhi4.o) (__udivmodhi4)

Allocating common symbols
Common symbol       size              file

joy_direction       0x1               lcd_menu_test.o
number_of_lines     0x1               lcd_menu.o
menu_table          0x0               lcd_menu.o

Memory Configuration

Name             Origin             Length             Attributes
text             0x00000000         0x00020000         xr
data             0x00800060         0x0000ffa0         rw !x
eeprom           0x00810000         0x00010000         rw !x
fuse             0x00820000         0x00000400         rw !x
lock             0x00830000         0x00000400         rw !x
signature        0x00840000         0x00000400         rw !x
*default*        0x00000000         0xffffffff

Linker script and memory map

Address of section .data set to 0x800100
LOAD c:/winavr-20100110/bin/../lib/gcc/avr/4.3.3/../../../../avr/lib/avr51/crtm128.o
LOAD lcd_menu_test.o
LOAD lcd.o
LOAD lcd_menu.o
LOAD keypad4x4.o
LOAD adc.o
LOAD joystick.o
LOAD c:/winavr-20100110/bin/../lib/gcc/avr/4.3.3/avr51\libgcc.a
LOAD c:/winavr-20100110/bin/../lib/gcc/avr/4.3.3/../../../../avr/lib/avr51\libc.a
LOAD c:/winavr-20100110/bin/../lib/gcc/avr/4.3.3/avr51\libgcc.a

.hash
 *(.hash)

.dynsym
 *(.dynsym)

.dynstr
 *(.dynstr)

.gnu.version
 *(.gnu.version)

.gnu.version_d
 *(.gnu.version_d)

.gnu.version_r
 *(.gnu.version_r)

.rel.init
 *(.rel.init)

.rela.init
 *(.rela.init)

.rel.text
 *(.rel.text)
 *(.rel.text.*)
 *(.rel.gnu.linkonce.t*)

.rela.text
 *(.rela.text)
 *(.rela.text.*)
 *(.rela.gnu.linkonce.t*)

.rel.fini
 *(.rel.fini)

.rela.fini
 *(.rela.fini)

.rel.rodata
 *(.rel.rodata)
 *(.rel.rodata.*)
 *(.rel.gnu.linkonce.r*)

.rela.rodata
 *(.rela.rodata)
 *(.rela.rodata.*)
 *(.rela.gnu.linkonce.r*)

.rel.data
 *(.rel.data)
 *(.rel.data.*)
 *(.rel.gnu.linkonce.d*)

.rela.data
 *(.rela.data)
 *(.rela.data.*)
 *(.rela.gnu.linkonce.d*)

.rel.ctors
 *(.rel.ctors)

.rela.ctors
 *(.rela.ctors)

.rel.dtors
 *(.rel.dtors)

.rela.dtors
 *(.rela.dtors)

.rel.got
 *(.rel.got)

.rela.got
 *(.rela.got)

.rel.bss
 *(.rel.bss)

.rela.bss
 *(.rela.bss)

.rel.plt
 *(.rel.plt)

.rela.plt
 *(.rela.plt)

.text           0x00000000      0xbf2
 *(.vectors)
 .vectors       0x00000000       0x8c c:/winavr-20100110/bin/../lib/gcc/avr/4.3.3/../../../../avr/lib/avr51/crtm128.o
                0x00000000                __vectors
                0x00000000                __vector_default
 *(.vectors)
 *(.progmem.gcc*)
 *(.progmem*)
                0x0000008c                . = ALIGN (0x2)
                0x0000008c                __trampolines_start = .
 *(.trampolines)
 .trampolines   0x0000008c        0x0 linker stubs
 *(.trampolines*)
                0x0000008c                __trampolines_end = .
 *(.jumptables)
 *(.jumptables*)
 *(.lowtext)
 *(.lowtext*)
                0x0000008c                __ctors_start = .
 *(.ctors)
                0x0000008c                __ctors_end = .
                0x0000008c                __dtors_start = .
 *(.dtors)
                0x0000008c                __dtors_end = .
 SORT(*)(.ctors)
 SORT(*)(.dtors)
 *(.init0)
 .init0         0x0000008c        0x0 c:/winavr-20100110/bin/../lib/gcc/avr/4.3.3/../../../../avr/lib/avr51/crtm128.o
                0x0000008c                __init
 *(.init0)
 *(.init1)
 *(.init1)
 *(.init2)
 .init2         0x0000008c        0xc c:/winavr-20100110/bin/../lib/gcc/avr/4.3.3/../../../../avr/lib/avr51/crtm128.o
 *(.init2)
 *(.init3)
 *(.init3)
 *(.init4)
 .init4         0x00000098       0x1a c:/winavr-20100110/bin/../lib/gcc/avr/4.3.3/../../../../avr/lib/avr51/crtm128.o
                0x00000098                __do_copy_data
 .init4         0x000000b2       0x10 c:/winavr-20100110/bin/../lib/gcc/avr/4.3.3/avr51\libgcc.a(_clear_bss.o)
                0x000000b2                __do_clear_bss
 *(.init4)
 *(.init5)
 *(.init5)
 *(.init6)
 *(.init6)
 *(.init7)
 *(.init7)
 *(.init8)
 *(.init8)
 *(.init9)
 .init9         0x000000c2        0x8 c:/winavr-20100110/bin/../lib/gcc/avr/4.3.3/../../../../avr/lib/avr51/crtm128.o
 *(.init9)
 *(.text)
 .text          0x000000ca        0x4 c:/winavr-20100110/bin/../lib/gcc/avr/4.3.3/../../../../avr/lib/avr51/crtm128.o
                0x000000ca                __vector_22
                0x000000ca                __vector_28
                0x000000ca                __vector_1
                0x000000ca                __vector_32
                0x000000ca                __vector_34
                0x000000ca                __vector_24
                0x000000ca                __vector_12
                0x000000ca                __bad_interrupt
                0x000000ca                __vector_6
                0x000000ca                __vector_31
                0x000000ca                __vector_3
                0x000000ca                __vector_23
                0x000000ca                __vector_30
                0x000000ca                __vector_25
                0x000000ca                __vector_11
                0x000000ca                __vector_13
                0x000000ca                __vector_17
                0x000000ca                __vector_19
                0x000000ca                __vector_7
                0x000000ca                __vector_27
                0x000000ca                __vector_5
                0x000000ca                __vector_33
                0x000000ca                __vector_4
                0x000000ca                __vector_9
                0x000000ca                __vector_2
                0x000000ca                __vector_21
                0x000000ca                __vector_15
                0x000000ca                __vector_29
                0x000000ca                __vector_8
                0x000000ca                __vector_26
                0x000000ca                __vector_14
                0x000000ca                __vector_10
                0x000000ca                __vector_16
                0x000000ca                __vector_18
                0x000000ca                __vector_20
 .text          0x000000ce      0x340 lcd_menu_test.o
                0x00000238                creator_info
                0x00000282                main
                0x000000ce                first_sub_menu
 .text          0x0000040e      0x2ea lcd.o
                0x00000508                LCDWriteString
                0x00000462                LCDByte
                0x0000040e                LCDBusyLoop
                0x000004b2                InitLCD
                0x00000524                LCDWriteInt
                0x000005e0                LCDGotoXY
                0x0000060a                LCDscroll
 .text          0x000006f8      0x270 lcd_menu.o
                0x000006f8                initial_menu
                0x0000078e                rotate_menu
 .text          0x00000968      0x15e keypad4x4.o
                0x00000968                check_if_button_pressed
 .text          0x00000ac6       0x2a adc.o
                0x00000ac6                InitADC
                0x00000ad0                ReadADC
 .text          0x00000af0       0xb0 joystick.o
                0x00000af0                find_direction_from_xy
 .text          0x00000ba0        0x0 c:/winavr-20100110/bin/../lib/gcc/avr/4.3.3/avr51\libgcc.a(_divmodhi4.o)
 .text          0x00000ba0        0x0 c:/winavr-20100110/bin/../lib/gcc/avr/4.3.3/avr51\libgcc.a(_exit.o)
 .text          0x00000ba0        0x0 c:/winavr-20100110/bin/../lib/gcc/avr/4.3.3/avr51\libgcc.a(_clear_bss.o)
 .text          0x00000ba0        0x0 c:/winavr-20100110/bin/../lib/gcc/avr/4.3.3/avr51\libgcc.a(_udivmodhi4.o)
                0x00000ba0                . = ALIGN (0x2)
 *(.text.*)
 .text.libgcc   0x00000ba0       0x26 c:/winavr-20100110/bin/../lib/gcc/avr/4.3.3/avr51\libgcc.a(_divmodhi4.o)
                0x00000ba0                __divmodhi4
                0x00000ba0                _div
 .text.libgcc   0x00000bc6        0x0 c:/winavr-20100110/bin/../lib/gcc/avr/4.3.3/avr51\libgcc.a(_exit.o)
 .text.libgcc   0x00000bc6        0x0 c:/winavr-20100110/bin/../lib/gcc/avr/4.3.3/avr51\libgcc.a(_clear_bss.o)
 .text.libgcc   0x00000bc6       0x28 c:/winavr-20100110/bin/../lib/gcc/avr/4.3.3/avr51\libgcc.a(_udivmodhi4.o)
                0x00000bc6                __udivmodhi4
                0x00000bee                . = ALIGN (0x2)
 *(.fini9)
 .fini9         0x00000bee        0x0 c:/winavr-20100110/bin/../lib/gcc/avr/4.3.3/avr51\libgcc.a(_exit.o)
                0x00000bee                exit
                0x00000bee                _exit
 *(.fini9)
 *(.fini8)
 *(.fini8)
 *(.fini7)
 *(.fini7)
 *(.fini6)
 *(.fini6)
 *(.fini5)
 *(.fini5)
 *(.fini4)
 *(.fini4)
 *(.fini3)
 *(.fini3)
 *(.fini2)
 *(.fini2)
 *(.fini1)
 *(.fini1)
 *(.fini0)
 .fini0         0x00000bee        0x4 c:/winavr-20100110/bin/../lib/gcc/avr/4.3.3/avr51\libgcc.a(_exit.o)
 *(.fini0)
                0x00000bf2                _etext = .

.data           0x00800100      0x14c load address 0x00000bf2
                0x00800100                PROVIDE (__data_start, .)
 *(.data)
 .data          0x00800100        0x0 c:/winavr-20100110/bin/../lib/gcc/avr/4.3.3/../../../../avr/lib/avr51/crtm128.o
 .data          0x00800100       0x97 lcd_menu_test.o
 .data          0x00800197       0x14 lcd.o
 .data          0x008001ab       0xa0 lcd_menu.o
                0x008001ab                line_data
                0x0080020b                letter_select
 .data          0x0080024b        0x0 keypad4x4.o
 .data          0x0080024b        0x0 adc.o
 .data          0x0080024b        0x0 joystick.o
 .data          0x0080024b        0x0 c:/winavr-20100110/bin/../lib/gcc/avr/4.3.3/avr51\libgcc.a(_divmodhi4.o)
 .data          0x0080024b        0x0 c:/winavr-20100110/bin/../lib/gcc/avr/4.3.3/avr51\libgcc.a(_exit.o)
 .data          0x0080024b        0x0 c:/winavr-20100110/bin/../lib/gcc/avr/4.3.3/avr51\libgcc.a(_clear_bss.o)
 .data          0x0080024b        0x0 c:/winavr-20100110/bin/../lib/gcc/avr/4.3.3/avr51\libgcc.a(_udivmodhi4.o)
 *(.data*)
 *(.rodata)
 *(.rodata*)
 *(.gnu.linkonce.d*)
                0x0080024c                . = ALIGN (0x2)
 *fill*         0x0080024b        0x1 00
                0x0080024c                _edata = .
                0x0080024c                PROVIDE (__data_end, .)

.bss            0x0080024c        0x9
                0x0080024c                PROVIDE (__bss_start, .)
 *(.bss)
 .bss           0x0080024c        0x0 c:/winavr-20100110/bin/../lib/gcc/avr/4.3.3/../../../../avr/lib/avr51/crtm128.o
 .bss           0x0080024c        0x4 lcd_menu_test.o
                0x0080024c                x
                0x0080024e                y
 .bss           0x00800250        0x0 lcd.o
 .bss           0x00800250        0x3 lcd_menu.o
                0x00800252                previews_table_number
                0x00800250                line_num
 .bss           0x00800253        0x0 keypad4x4.o
 .bss           0x00800253        0x0 adc.o
 .bss           0x00800253        0x0 joystick.o
 .bss           0x00800253        0x0 c:/winavr-20100110/bin/../lib/gcc/avr/4.3.3/avr51\libgcc.a(_divmodhi4.o)
 .bss           0x00800253        0x0 c:/winavr-20100110/bin/../lib/gcc/avr/4.3.3/avr51\libgcc.a(_exit.o)
 .bss           0x00800253        0x0 c:/winavr-20100110/bin/../lib/gcc/avr/4.3.3/avr51\libgcc.a(_clear_bss.o)
 .bss           0x00800253        0x0 c:/winavr-20100110/bin/../lib/gcc/avr/4.3.3/avr51\libgcc.a(_udivmodhi4.o)
 *(.bss*)
 *(COMMON)
 COMMON         0x00800253        0x1 lcd_menu_test.o
                0x00800253                joy_direction
 COMMON         0x00800254        0x1 lcd_menu.o
                0x00800254                number_of_lines
                0x00800255                menu_table
                0x00800255                PROVIDE (__bss_end, .)
                0x00000bf2                __data_load_start = LOADADDR (.data)
                0x00000d3e                __data_load_end = (__data_load_start + SIZEOF (.data))

.noinit         0x00800255        0x0
                0x00800255                PROVIDE (__noinit_start, .)
 *(.noinit*)
                0x00800255                PROVIDE (__noinit_end, .)
                0x00800255                _end = .
                0x00800255                PROVIDE (__heap_start, .)

.eeprom         0x00810000        0x0
 *(.eeprom*)
                0x00810000                __eeprom_end = .

.fuse
 *(.fuse)
 *(.lfuse)
 *(.hfuse)
 *(.efuse)

.lock
 *(.lock*)

.signature
 *(.signature*)

.stab
 *(.stab)

.stabstr
 *(.stabstr)

.stab.excl
 *(.stab.excl)

.stab.exclstr
 *(.stab.exclstr)

.stab.index
 *(.stab.index)

.stab.indexstr
 *(.stab.indexstr)

.comment
 *(.comment)

.debug
 *(.debug)

.line
 *(.line)

.debug_srcinfo
 *(.debug_srcinfo)

.debug_sfnames
 *(.debug_sfnames)

.debug_aranges  0x00000000       0xc0
 *(.debug_aranges)
 .debug_aranges
                0x00000000       0x20 lcd_menu_test.o
 .debug_aranges
                0x00000020       0x20 lcd.o
 .debug_aranges
                0x00000040       0x20 lcd_menu.o
 .debug_aranges
                0x00000060       0x20 keypad4x4.o
 .debug_aranges
                0x00000080       0x20 adc.o
 .debug_aranges
                0x000000a0       0x20 joystick.o

.debug_pubnames
                0x00000000      0x1f8
 *(.debug_pubnames)
 .debug_pubnames
                0x00000000       0x5d lcd_menu_test.o
 .debug_pubnames
                0x0000005d       0x79 lcd.o
 .debug_pubnames
                0x000000d6       0x9d lcd_menu.o
 .debug_pubnames
                0x00000173       0x2e keypad4x4.o
 .debug_pubnames
                0x000001a1       0x2a adc.o
 .debug_pubnames
                0x000001cb       0x2d joystick.o

.debug_info     0x00000000     0x13ee
 *(.debug_info)
 .debug_info    0x00000000      0x4b1 lcd_menu_test.o
 .debug_info    0x000004b1      0x76c lcd.o
 .debug_info    0x00000c1d      0x228 lcd_menu.o
 .debug_info    0x00000e45      0x447 keypad4x4.o
 .debug_info    0x0000128c       0xc3 adc.o
 .debug_info    0x0000134f       0x9f joystick.o
 *(.gnu.linkonce.wi.*)

.debug_abbrev   0x00000000      0x5fc
 *(.debug_abbrev)
 .debug_abbrev  0x00000000      0x130 lcd_menu_test.o
 .debug_abbrev  0x00000130      0x207 lcd.o
 .debug_abbrev  0x00000337      0x116 lcd_menu.o
 .debug_abbrev  0x0000044d       0xbb keypad4x4.o
 .debug_abbrev  0x00000508       0x88 adc.o
 .debug_abbrev  0x00000590       0x6c joystick.o

.debug_line     0x00000000     0x103b
 *(.debug_line)
 .debug_line    0x00000000      0x4b4 lcd_menu_test.o
 .debug_line    0x000004b4      0x4ab lcd.o
 .debug_line    0x0000095f      0x28d lcd_menu.o
 .debug_line    0x00000bec      0x28c keypad4x4.o
 .debug_line    0x00000e78       0xeb adc.o
 .debug_line    0x00000f63       0xd8 joystick.o

.debug_frame    0x00000000      0x160
 *(.debug_frame)
 .debug_frame   0x00000000       0x40 lcd_menu_test.o
 .debug_frame   0x00000040       0x80 lcd.o
 .debug_frame   0x000000c0       0x30 lcd_menu.o
 .debug_frame   0x000000f0       0x20 keypad4x4.o
 .debug_frame   0x00000110       0x30 adc.o
 .debug_frame   0x00000140       0x20 joystick.o

.debug_str      0x00000000      0x2c1
 *(.debug_str)
 .debug_str     0x00000000      0x118 lcd_menu_test.o
                                0x15b (size before relaxing)
 .debug_str     0x00000118       0xcb lcd.o
                                0x1ca (size before relaxing)
 .debug_str     0x000001e3       0x79 lcd_menu.o
                                0x18f (size before relaxing)
 .debug_str     0x0000025c       0x27 keypad4x4.o
                                0x119 (size before relaxing)
 .debug_str     0x00000283       0x19 adc.o
                                 0xd9 (size before relaxing)
 .debug_str     0x0000029c       0x25 joystick.o
                                 0xdd (size before relaxing)

.debug_loc      0x00000000      0xb6b
 *(.debug_loc)
 .debug_loc     0x00000000      0x364 lcd_menu_test.o
 .debug_loc     0x00000364      0x4ab lcd.o
 .debug_loc     0x0000080f       0xb1 lcd_menu.o
 .debug_loc     0x000008c0      0x280 keypad4x4.o
 .debug_loc     0x00000b40       0x13 adc.o
 .debug_loc     0x00000b53       0x18 joystick.o

.debug_macinfo
 *(.debug_macinfo)
OUTPUT(lcd_menu.elf elf32-avr)
LOAD linker stubs

.debug_ranges   0x00000000      0x180
 .debug_ranges  0x00000000      0x120 lcd_menu_test.o
 .debug_ranges  0x00000120       0x60 lcd.o
