Archive member included because of file (symbol)

c:/winavr-20100110/bin/../lib/gcc/avr/4.3.3/avr5\libgcc.a(_exit.o)
                              c:/winavr-20100110/bin/../lib/gcc/avr/4.3.3/../../../../avr/lib/avr5/crtm64.o (exit)
c:/winavr-20100110/bin/../lib/gcc/avr/4.3.3/avr5\libgcc.a(_copy_data.o)
                              main.o (__do_copy_data)
c:/winavr-20100110/bin/../lib/gcc/avr/4.3.3/avr5\libgcc.a(_clear_bss.o)
                              main.o (__do_clear_bss)
c:/winavr-20100110/bin/../lib/gcc/avr/4.3.3/../../../../avr/lib/avr5\libc.a(isxdigit.o)
                              ihex.o (isxdigit)
c:/winavr-20100110/bin/../lib/gcc/avr/4.3.3/../../../../avr/lib/avr5\libc.a(memcmp_P.o)
                              writer.o (memcmp_P)
c:/winavr-20100110/bin/../lib/gcc/avr/4.3.3/../../../../avr/lib/avr5\libc.a(memcpy.o)
                              ihex.o (memcpy)
c:/winavr-20100110/bin/../lib/gcc/avr/4.3.3/../../../../avr/lib/avr5\libc.a(ltoa.o)
                              writer.o (ltoa)
c:/winavr-20100110/bin/../lib/gcc/avr/4.3.3/../../../../avr/lib/avr5\libc.a(cty_isfalse.o)
                              c:/winavr-20100110/bin/../lib/gcc/avr/4.3.3/../../../../avr/lib/avr5\libc.a(isxdigit.o) (__ctype_isfalse)
c:/winavr-20100110/bin/../lib/gcc/avr/4.3.3/../../../../avr/lib/avr5\libc.a(strrev.o)
                              c:/winavr-20100110/bin/../lib/gcc/avr/4.3.3/../../../../avr/lib/avr5\libc.a(ltoa.o) (strrev)
c:/winavr-20100110/bin/../lib/gcc/avr/4.3.3/avr5\libgcc.a(_udivmodsi4.o)
                              c:/winavr-20100110/bin/../lib/gcc/avr/4.3.3/../../../../avr/lib/avr5\libc.a(ltoa.o) (__udivmodsi4)

Allocating common symbols
Common symbol       size              file

uart_fifo_rx        0xc               uart.o
line_ptr            0x2               ihex.o
ihex_status         0x1               ihex.o
ihex_data           0x10              ihex.o
uart_fifo_data_rx   0xff              uart.o
uart_fifo_tx        0xc               uart.o
buffer_verify       0x100             writer.o
ihex_byte_count     0x1               ihex.o
hexline             0x3c              ihex.o
uart_fifo_data_tx   0x40              uart.o

Memory Configuration

Name             Origin             Length             Attributes
text             0x00000000         0x00020000         xr
data             0x00800060         0x0000ffa0         rw !x
eeprom           0x00810000         0x00010000         rw !x
fuse             0x00820000         0x00000400         rw !x
lock             0x00830000         0x00000400         rw !x
signature        0x00840000         0x00000400         rw !x
*default*        0x00000000         0xffffffff

Linker script and memory map

Address of section .data set to 0x800100
LOAD c:/winavr-20100110/bin/../lib/gcc/avr/4.3.3/../../../../avr/lib/avr5/crtm64.o
LOAD main.o
LOAD writer.o
LOAD uart.o
LOAD misc.o
LOAD ihex.o
LOAD fifo.o
Address of section .text set to 0xe000
LOAD c:/winavr-20100110/bin/../lib/gcc/avr/4.3.3/../../../../avr/lib/avr5\libm.a
LOAD c:/winavr-20100110/bin/../lib/gcc/avr/4.3.3/avr5\libgcc.a
LOAD c:/winavr-20100110/bin/../lib/gcc/avr/4.3.3/../../../../avr/lib/avr5\libc.a
LOAD c:/winavr-20100110/bin/../lib/gcc/avr/4.3.3/avr5\libgcc.a

.hash
 *(.hash)

.dynsym
 *(.dynsym)

.dynstr
 *(.dynstr)

.gnu.version
 *(.gnu.version)

.gnu.version_d
 *(.gnu.version_d)

.gnu.version_r
 *(.gnu.version_r)

.rel.init
 *(.rel.init)

.rela.init
 *(.rela.init)

.rel.text
 *(.rel.text)
 *(.rel.text.*)
 *(.rel.gnu.linkonce.t*)

.rela.text
 *(.rela.text)
 *(.rela.text.*)
 *(.rela.gnu.linkonce.t*)

.rel.fini
 *(.rel.fini)

.rela.fini
 *(.rela.fini)

.rel.rodata
 *(.rel.rodata)
 *(.rel.rodata.*)
 *(.rel.gnu.linkonce.r*)

.rela.rodata
 *(.rela.rodata)
 *(.rela.rodata.*)
 *(.rela.gnu.linkonce.r*)

.rel.data
 *(.rel.data)
 *(.rel.data.*)
 *(.rel.gnu.linkonce.d*)

.rela.data
 *(.rela.data)
 *(.rela.data.*)
 *(.rela.gnu.linkonce.d*)

.rel.ctors
 *(.rel.ctors)

.rela.ctors
 *(.rela.ctors)

.rel.dtors
 *(.rel.dtors)

.rela.dtors
 *(.rela.dtors)

.rel.got
 *(.rel.got)

.rela.got
 *(.rela.got)

.rel.bss
 *(.rel.bss)

.rela.bss
 *(.rela.bss)

.rel.plt
 *(.rel.plt)

.rela.plt
 *(.rela.plt)

.text           0x0000e000      0xd62
 *(.vectors)
 .vectors       0x0000e000       0x8c c:/winavr-20100110/bin/../lib/gcc/avr/4.3.3/../../../../avr/lib/avr5/crtm64.o
                0x0000e000                __vectors
                0x0000e000                __vector_default
 *(.vectors)
 *(.progmem.gcc*)
 *(.progmem*)
                0x0000e08c                . = ALIGN (0x2)
                0x0000e08c                __trampolines_start = .
 *(.trampolines)
 .trampolines   0x0000e08c        0x0 linker stubs
 *(.trampolines*)
                0x0000e08c                __trampolines_end = .
 *(.jumptables)
 *(.jumptables*)
 *(.lowtext)
 *(.lowtext*)
                0x0000e08c                __ctors_start = .
 *(.ctors)
                0x0000e08c                __ctors_end = .
                0x0000e08c                __dtors_start = .
 *(.dtors)
                0x0000e08c                __dtors_end = .
 SORT(*)(.ctors)
 SORT(*)(.dtors)
 *(.init0)
 .init0         0x0000e08c        0x0 c:/winavr-20100110/bin/../lib/gcc/avr/4.3.3/../../../../avr/lib/avr5/crtm64.o
                0x0000e08c                __init
 *(.init0)
 *(.init1)
 *(.init1)
 *(.init2)
 .init2         0x0000e08c        0xc c:/winavr-20100110/bin/../lib/gcc/avr/4.3.3/../../../../avr/lib/avr5/crtm64.o
 *(.init2)
 *(.init3)
 *(.init3)
 *(.init4)
 .init4         0x0000e098       0x16 c:/winavr-20100110/bin/../lib/gcc/avr/4.3.3/avr5\libgcc.a(_copy_data.o)
                0x0000e098                __do_copy_data
 .init4         0x0000e0ae       0x10 c:/winavr-20100110/bin/../lib/gcc/avr/4.3.3/avr5\libgcc.a(_clear_bss.o)
                0x0000e0ae                __do_clear_bss
 *(.init4)
 *(.init5)
 *(.init5)
 *(.init6)
 *(.init6)
 *(.init7)
 *(.init7)
 *(.init8)
 *(.init8)
 *(.init9)
 .init9         0x0000e0be        0x8 c:/winavr-20100110/bin/../lib/gcc/avr/4.3.3/../../../../avr/lib/avr5/crtm64.o
 *(.init9)
 *(.text)
 .text          0x0000e0c6        0x4 c:/winavr-20100110/bin/../lib/gcc/avr/4.3.3/../../../../avr/lib/avr5/crtm64.o
                0x0000e0c6                __vector_22
                0x0000e0c6                __vector_28
                0x0000e0c6                __vector_1
                0x0000e0c6                __vector_32
                0x0000e0c6                __vector_34
                0x0000e0c6                __vector_24
                0x0000e0c6                __vector_12
                0x0000e0c6                __bad_interrupt
                0x0000e0c6                __vector_6
                0x0000e0c6                __vector_3
                0x0000e0c6                __vector_23
                0x0000e0c6                __vector_25
                0x0000e0c6                __vector_11
                0x0000e0c6                __vector_13
                0x0000e0c6                __vector_17
                0x0000e0c6                __vector_7
                0x0000e0c6                __vector_27
                0x0000e0c6                __vector_5
                0x0000e0c6                __vector_33
                0x0000e0c6                __vector_4
                0x0000e0c6                __vector_9
                0x0000e0c6                __vector_2
                0x0000e0c6                __vector_21
                0x0000e0c6                __vector_15
                0x0000e0c6                __vector_29
                0x0000e0c6                __vector_8
                0x0000e0c6                __vector_26
                0x0000e0c6                __vector_14
                0x0000e0c6                __vector_10
                0x0000e0c6                __vector_16
                0x0000e0c6                __vector_20
 .text          0x0000e0ca      0x1e8 main.o
                0x0000e0ca                main
 .text          0x0000e2b2      0x1be writer.o
                0x0000e2b2                write_page
                0x0000e392                flash_finish
                0x0000e398                flash_byte
 .text          0x0000e470      0x446 uart.o
                0x0000e4f6                uart1_isrtx_enable
                0x0000e688                __vector_31
                0x0000e57c                __vector_30
                0x0000e5f8                __vector_19
                0x0000e722                uart_init
                0x0000e4f2                uart0_isrtx_enable
                0x0000e470                uart_write_string
                0x0000e502                __vector_18
 .text          0x0000e8b6       0x92 misc.o
                0x0000e924                read_bige_uint
                0x0000e8b6                hex2ascii
 .text          0x0000e948      0x256 ihex.o
                0x0000e97e                ascii2hex
                0x0000e948                ihex_init
                0x0000e9a4                ihex_process_line
                0x0000eb40                ihex_char
 .text          0x0000eb9e       0xac fifo.o
                0x0000eb9e                fifo_read_char
                0x0000ec2c                fifo_init
                0x0000ec04                fifo_flush
 .text          0x0000ec4a        0x0 c:/winavr-20100110/bin/../lib/gcc/avr/4.3.3/avr5\libgcc.a(_exit.o)
 .text          0x0000ec4a        0x0 c:/winavr-20100110/bin/../lib/gcc/avr/4.3.3/avr5\libgcc.a(_copy_data.o)
 .text          0x0000ec4a        0x0 c:/winavr-20100110/bin/../lib/gcc/avr/4.3.3/avr5\libgcc.a(_clear_bss.o)
 .text          0x0000ec4a        0x0 c:/winavr-20100110/bin/../lib/gcc/avr/4.3.3/../../../../avr/lib/avr5\libc.a(isxdigit.o)
 .text          0x0000ec4a        0x0 c:/winavr-20100110/bin/../lib/gcc/avr/4.3.3/../../../../avr/lib/avr5\libc.a(memcmp_P.o)
 .text          0x0000ec4a        0x0 c:/winavr-20100110/bin/../lib/gcc/avr/4.3.3/../../../../avr/lib/avr5\libc.a(memcpy.o)
 .text          0x0000ec4a        0x0 c:/winavr-20100110/bin/../lib/gcc/avr/4.3.3/../../../../avr/lib/avr5\libc.a(ltoa.o)
 .text          0x0000ec4a        0x0 c:/winavr-20100110/bin/../lib/gcc/avr/4.3.3/../../../../avr/lib/avr5\libc.a(cty_isfalse.o)
 .text          0x0000ec4a        0x0 c:/winavr-20100110/bin/../lib/gcc/avr/4.3.3/../../../../avr/lib/avr5\libc.a(strrev.o)
 .text          0x0000ec4a        0x0 c:/winavr-20100110/bin/../lib/gcc/avr/4.3.3/avr5\libgcc.a(_udivmodsi4.o)
                0x0000ec4a                . = ALIGN (0x2)
 *(.text.*)
 .text.libgcc   0x0000ec4a        0x0 c:/winavr-20100110/bin/../lib/gcc/avr/4.3.3/avr5\libgcc.a(_exit.o)
 .text.libgcc   0x0000ec4a        0x0 c:/winavr-20100110/bin/../lib/gcc/avr/4.3.3/avr5\libgcc.a(_copy_data.o)
 .text.libgcc   0x0000ec4a        0x0 c:/winavr-20100110/bin/../lib/gcc/avr/4.3.3/avr5\libgcc.a(_clear_bss.o)
 .text.avr-libc
                0x0000ec4a       0x16 c:/winavr-20100110/bin/../lib/gcc/avr/4.3.3/../../../../avr/lib/avr5\libc.a(isxdigit.o)
                0x0000ec4a                isxdigit
 .text.avr-libc
                0x0000ec60       0x1a c:/winavr-20100110/bin/../lib/gcc/avr/4.3.3/../../../../avr/lib/avr5\libc.a(memcmp_P.o)
                0x0000ec60                memcmp_P
 .text.avr-libc
                0x0000ec7a       0x12 c:/winavr-20100110/bin/../lib/gcc/avr/4.3.3/../../../../avr/lib/avr5\libc.a(memcpy.o)
                0x0000ec7a                memcpy
 .text.avr-libc
                0x0000ec8c       0x68 c:/winavr-20100110/bin/../lib/gcc/avr/4.3.3/../../../../avr/lib/avr5\libc.a(ltoa.o)
                0x0000ec8c                ltoa
 .text.avr-libc
                0x0000ecf4        0x6 c:/winavr-20100110/bin/../lib/gcc/avr/4.3.3/../../../../avr/lib/avr5\libc.a(cty_isfalse.o)
                0x0000ecf8                __ctype_istrue
                0x0000ecf4                __ctype_isfalse
 .text.avr-libc
                0x0000ecfa       0x20 c:/winavr-20100110/bin/../lib/gcc/avr/4.3.3/../../../../avr/lib/avr5\libc.a(strrev.o)
                0x0000ecfa                strrev
 .text.libgcc   0x0000ed1a       0x44 c:/winavr-20100110/bin/../lib/gcc/avr/4.3.3/avr5\libgcc.a(_udivmodsi4.o)
                0x0000ed1a                __udivmodsi4
                0x0000ed5e                . = ALIGN (0x2)
 *(.fini9)
 .fini9         0x0000ed5e        0x0 c:/winavr-20100110/bin/../lib/gcc/avr/4.3.3/avr5\libgcc.a(_exit.o)
                0x0000ed5e                exit
                0x0000ed5e                _exit
 *(.fini9)
 *(.fini8)
 *(.fini8)
 *(.fini7)
 *(.fini7)
 *(.fini6)
 *(.fini6)
 *(.fini5)
 *(.fini5)
 *(.fini4)
 *(.fini4)
 *(.fini3)
 *(.fini3)
 *(.fini2)
 *(.fini2)
 *(.fini1)
 *(.fini1)
 *(.fini0)
 .fini0         0x0000ed5e        0x4 c:/winavr-20100110/bin/../lib/gcc/avr/4.3.3/avr5\libgcc.a(_exit.o)
 *(.fini0)
                0x0000ed62                _etext = .

.data           0x00800100       0xb4 load address 0x0000ed62
                0x00800100                PROVIDE (__data_start, .)
 *(.data)
 .data          0x00800100        0x0 c:/winavr-20100110/bin/../lib/gcc/avr/4.3.3/../../../../avr/lib/avr5/crtm64.o
 .data          0x00800100       0x9d main.o
 .data          0x0080019d       0x16 writer.o
                0x008001b1                current_page
 .data          0x008001b3        0x0 uart.o
 .data          0x008001b3        0x0 misc.o
 .data          0x008001b3        0x0 ihex.o
 .data          0x008001b3        0x0 fifo.o
 .data          0x008001b3        0x0 c:/winavr-20100110/bin/../lib/gcc/avr/4.3.3/avr5\libgcc.a(_exit.o)
 .data          0x008001b3        0x0 c:/winavr-20100110/bin/../lib/gcc/avr/4.3.3/avr5\libgcc.a(_copy_data.o)
 .data          0x008001b3        0x0 c:/winavr-20100110/bin/../lib/gcc/avr/4.3.3/avr5\libgcc.a(_clear_bss.o)
 .data          0x008001b3        0x0 c:/winavr-20100110/bin/../lib/gcc/avr/4.3.3/../../../../avr/lib/avr5\libc.a(isxdigit.o)
 .data          0x008001b3        0x0 c:/winavr-20100110/bin/../lib/gcc/avr/4.3.3/../../../../avr/lib/avr5\libc.a(memcmp_P.o)
 .data          0x008001b3        0x0 c:/winavr-20100110/bin/../lib/gcc/avr/4.3.3/../../../../avr/lib/avr5\libc.a(memcpy.o)
 .data          0x008001b3        0x0 c:/winavr-20100110/bin/../lib/gcc/avr/4.3.3/../../../../avr/lib/avr5\libc.a(ltoa.o)
 .data          0x008001b3        0x0 c:/winavr-20100110/bin/../lib/gcc/avr/4.3.3/../../../../avr/lib/avr5\libc.a(cty_isfalse.o)
 .data          0x008001b3        0x0 c:/winavr-20100110/bin/../lib/gcc/avr/4.3.3/../../../../avr/lib/avr5\libc.a(strrev.o)
 .data          0x008001b3        0x0 c:/winavr-20100110/bin/../lib/gcc/avr/4.3.3/avr5\libgcc.a(_udivmodsi4.o)
 *(.data*)
 *(.rodata)
 *(.rodata*)
 *(.gnu.linkonce.d*)
                0x008001b4                . = ALIGN (0x2)
 *fill*         0x008001b3        0x1 00
                0x008001b4                _edata = .
                0x008001b4                PROVIDE (__data_end, .)

.bss            0x008001b4      0x2b7
                0x008001b4                PROVIDE (__bss_start, .)
 *(.bss)
 .bss           0x008001b4        0x0 c:/winavr-20100110/bin/../lib/gcc/avr/4.3.3/../../../../avr/lib/avr5/crtm64.o
 .bss           0x008001b4        0x2 main.o
                0x008001b4                mainapp
 .bss           0x008001b6        0x2 writer.o
                0x008001b6                writer_failed
 .bss           0x008001b8        0x0 uart.o
 .bss           0x008001b8        0x0 misc.o
 .bss           0x008001b8        0xc ihex.o
                0x008001c0                ext_lin_add
                0x008001bc                ext_seg_add
                0x008001b8                ihex_address
 .bss           0x008001c4        0x0 fifo.o
 .bss           0x008001c4        0x0 c:/winavr-20100110/bin/../lib/gcc/avr/4.3.3/avr5\libgcc.a(_exit.o)
 .bss           0x008001c4        0x0 c:/winavr-20100110/bin/../lib/gcc/avr/4.3.3/avr5\libgcc.a(_copy_data.o)
 .bss           0x008001c4        0x0 c:/winavr-20100110/bin/../lib/gcc/avr/4.3.3/avr5\libgcc.a(_clear_bss.o)
 .bss           0x008001c4        0x0 c:/winavr-20100110/bin/../lib/gcc/avr/4.3.3/../../../../avr/lib/avr5\libc.a(isxdigit.o)
 .bss           0x008001c4        0x0 c:/winavr-20100110/bin/../lib/gcc/avr/4.3.3/../../../../avr/lib/avr5\libc.a(memcmp_P.o)
 .bss           0x008001c4        0x0 c:/winavr-20100110/bin/../lib/gcc/avr/4.3.3/../../../../avr/lib/avr5\libc.a(memcpy.o)
 .bss           0x008001c4        0x0 c:/winavr-20100110/bin/../lib/gcc/avr/4.3.3/../../../../avr/lib/avr5\libc.a(ltoa.o)
 .bss           0x008001c4        0x0 c:/winavr-20100110/bin/../lib/gcc/avr/4.3.3/../../../../avr/lib/avr5\libc.a(cty_isfalse.o)
 .bss           0x008001c4        0x0 c:/winavr-20100110/bin/../lib/gcc/avr/4.3.3/../../../../avr/lib/avr5\libc.a(strrev.o)
 .bss           0x008001c4        0x0 c:/winavr-20100110/bin/../lib/gcc/avr/4.3.3/avr5\libgcc.a(_udivmodsi4.o)
 *(.bss*)
 *(COMMON)
 COMMON         0x008001c4      0x100 writer.o
                0x008001c4                buffer_verify
 COMMON         0x008002c4      0x157 uart.o
                0x008002c4                uart_fifo_rx
                0x008002d0                uart_fifo_data_rx
                0x008003cf                uart_fifo_tx
                0x008003db                uart_fifo_data_tx
 COMMON         0x0080041b       0x50 ihex.o
                0x0080041b                line_ptr
                0x0080041d                ihex_status
                0x0080041e                ihex_data
                0x0080042e                ihex_byte_count
                0x0080042f                hexline
                0x0080046b                PROVIDE (__bss_end, .)
                0x0000ed62                __data_load_start = LOADADDR (.data)
                0x0000ee16                __data_load_end = (__data_load_start + SIZEOF (.data))

.noinit         0x0080046b        0x0
                0x0080046b                PROVIDE (__noinit_start, .)
 *(.noinit*)
                0x0080046b                PROVIDE (__noinit_end, .)
                0x0080046b                _end = .
                0x0080046b                PROVIDE (__heap_start, .)

.eeprom         0x00810000        0x0
 *(.eeprom*)
                0x00810000                __eeprom_end = .

.fuse
 *(.fuse)
 *(.lfuse)
 *(.hfuse)
 *(.efuse)

.lock
 *(.lock*)

.signature
 *(.signature*)

.stab
 *(.stab)

.stabstr
 *(.stabstr)

.stab.excl
 *(.stab.excl)

.stab.exclstr
 *(.stab.exclstr)

.stab.index
 *(.stab.index)

.stab.indexstr
 *(.stab.indexstr)

.comment
 *(.comment)

.debug
 *(.debug)

.line
 *(.line)

.debug_srcinfo
 *(.debug_srcinfo)

.debug_sfnames
 *(.debug_sfnames)

.debug_aranges  0x00000000       0xc0
 *(.debug_aranges)
 .debug_aranges
                0x00000000       0x20 main.o
 .debug_aranges
                0x00000020       0x20 writer.o
 .debug_aranges
                0x00000040       0x20 uart.o
 .debug_aranges
                0x00000060       0x20 misc.o
 .debug_aranges
                0x00000080       0x20 ihex.o
 .debug_aranges
                0x000000a0       0x20 fifo.o

.debug_pubnames
                0x00000000      0x2d2
 *(.debug_pubnames)
 .debug_pubnames
                0x00000000       0x27 main.o
 .debug_pubnames
                0x00000027       0x76 writer.o
 .debug_pubnames
                0x0000009d       0xf2 uart.o
 .debug_pubnames
                0x0000018f       0x33 misc.o
 .debug_pubnames
                0x000001c2       0xce ihex.o
 .debug_pubnames
                0x00000290       0x42 fifo.o

.debug_info     0x00000000      0xee4
 *(.debug_info)
 .debug_info    0x00000000      0x2bf main.o
 .debug_info    0x000002bf      0x2ca writer.o
 .debug_info    0x00000589      0x332 uart.o
 .debug_info    0x000008bb      0x12c misc.o
 .debug_info    0x000009e7      0x279 ihex.o
 .debug_info    0x00000c60      0x284 fifo.o
 *(.gnu.linkonce.wi.*)

.debug_abbrev   0x00000000      0x77e
 *(.debug_abbrev)
 .debug_abbrev  0x00000000      0x17c main.o
 .debug_abbrev  0x0000017c      0x132 writer.o
 .debug_abbrev  0x000002ae      0x194 uart.o
 .debug_abbrev  0x00000442       0xad misc.o
 .debug_abbrev  0x000004ef      0x125 ihex.o
 .debug_abbrev  0x00000614      0x16a fifo.o

.debug_line     0x00000000      0xeb2
 *(.debug_line)
 .debug_line    0x00000000      0x2f5 main.o
 .debug_line    0x000002f5      0x278 writer.o
 .debug_line    0x0000056d      0x485 uart.o
 .debug_line    0x000009f2       0xe0 misc.o
 .debug_line    0x00000ad2      0x20e ihex.o
 .debug_line    0x00000ce0      0x1d2 fifo.o

.debug_frame    0x00000000      0x1b0
 *(.debug_frame)
 .debug_frame   0x00000000       0x20 main.o
 .debug_frame   0x00000020       0x40 writer.o
 .debug_frame   0x00000060       0x90 uart.o
 .debug_frame   0x000000f0       0x30 misc.o
 .debug_frame   0x00000120       0x50 ihex.o
 .debug_frame   0x00000170       0x40 fifo.o

.debug_str      0x00000000      0x475
 *(.debug_str)
 .debug_str     0x00000000      0x17d main.o
                                0x1bd (size before relaxing)
 .debug_str     0x0000017d      0x106 writer.o
                                0x1a2 (size before relaxing)
 .debug_str     0x00000283       0xb0 uart.o
                                0x238 (size before relaxing)
 .debug_str     0x00000333       0x5b misc.o
                                0x10d (size before relaxing)
 .debug_str     0x0000038e       0xa1 ihex.o
                                0x1ab (size before relaxing)
 .debug_str     0x0000042f       0x46 fifo.o
                                0x183 (size before relaxing)

.debug_loc      0x00000000      0x6c0
 *(.debug_loc)
 .debug_loc     0x00000000      0x193 main.o
 .debug_loc     0x00000193      0x15b writer.o
 .debug_loc     0x000002ee      0x117 uart.o
 .debug_loc     0x00000405       0xf0 misc.o
 .debug_loc     0x000004f5      0x133 ihex.o
 .debug_loc     0x00000628       0x98 fifo.o

.debug_macinfo
 *(.debug_macinfo)
OUTPUT(main.elf elf32-avr)
LOAD linker stubs

.debug_ranges   0x00000000       0xd8
 .debug_ranges  0x00000000       0x48 main.o
 .debug_ranges  0x00000048       0x48 writer.o
 .debug_ranges  0x00000090       0x48 uart.o

Cross Reference Table

Symbol                                            File
__bad_interrupt                                   c:/winavr-20100110/bin/../lib/gcc/avr/4.3.3/../../../../avr/lib/avr5/crtm64.o
__bss_end                                         c:/winavr-20100110/bin/../lib/gcc/avr/4.3.3/avr5\libgcc.a(_clear_bss.o)
__bss_start                                       c:/winavr-20100110/bin/../lib/gcc/avr/4.3.3/avr5\libgcc.a(_clear_bss.o)
__ctype_isfalse                                   c:/winavr-20100110/bin/../lib/gcc/avr/4.3.3/../../../../avr/lib/avr5\libc.a(cty_isfalse.o)
                                                  c:/winavr-20100110/bin/../lib/gcc/avr/4.3.3/../../../../avr/lib/avr5\libc.a(isxdigit.o)
__ctype_istrue                                    c:/winavr-20100110/bin/../lib/gcc/avr/4.3.3/../../../../avr/lib/avr5\libc.a(cty_isfalse.o)
__data_end                                        c:/winavr-20100110/bin/../lib/gcc/avr/4.3.3/avr5\libgcc.a(_copy_data.o)
__data_load_start                                 c:/winavr-20100110/bin/../lib/gcc/avr/4.3.3/avr5\libgcc.a(_copy_data.o)
__data_start                                      c:/winavr-20100110/bin/../lib/gcc/avr/4.3.3/avr5\libgcc.a(_copy_data.o)
__do_clear_bss                                    c:/winavr-20100110/bin/../lib/gcc/avr/4.3.3/avr5\libgcc.a(_clear_bss.o)
                                                  ihex.o
                                                  uart.o
                                                  writer.o
                                                  main.o
__do_copy_data                                    c:/winavr-20100110/bin/../lib/gcc/avr/4.3.3/avr5\libgcc.a(_copy_data.o)
                                                  writer.o
                                                  main.o
__heap_end                                        c:/winavr-20100110/bin/../lib/gcc/avr/4.3.3/../../../../avr/lib/avr5/crtm64.o
__init                                            c:/winavr-20100110/bin/../lib/gcc/avr/4.3.3/../../../../avr/lib/avr5/crtm64.o
__stack                                           c:/winavr-20100110/bin/../lib/gcc/avr/4.3.3/../../../../avr/lib/avr5/crtm64.o
__udivmodsi4                                      c:/winavr-20100110/bin/../lib/gcc/avr/4.3.3/avr5\libgcc.a(_udivmodsi4.o)
                                                  c:/winavr-20100110/bin/../lib/gcc/avr/4.3.3/../../../../avr/lib/avr5\libc.a(ltoa.o)
__vector_1                                        c:/winavr-20100110/bin/../lib/gcc/avr/4.3.3/../../../../avr/lib/avr5/crtm64.o
__vector_10                                       c:/winavr-20100110/bin/../lib/gcc/avr/4.3.3/../../../../avr/lib/avr5/crtm64.o
__vector_11                                       c:/winavr-20100110/bin/../lib/gcc/avr/4.3.3/../../../../avr/lib/avr5/crtm64.o
__vector_12                                       c:/winavr-20100110/bin/../lib/gcc/avr/4.3.3/../../../../avr/lib/avr5/crtm64.o
__vector_13                                       c:/winavr-20100110/bin/../lib/gcc/avr/4.3.3/../../../../avr/lib/avr5/crtm64.o
__vector_14                                       c:/winavr-20100110/bin/../lib/gcc/avr/4.3.3/../../../../avr/lib/avr5/crtm64.o
__vector_15                                       c:/winavr-20100110/bin/../lib/gcc/avr/4.3.3/../../../../avr/lib/avr5/crtm64.o
__vector_16                                       c:/winavr-20100110/bin/../lib/gcc/avr/4.3.3/../../../../avr/lib/avr5/crtm64.o
__vector_17                                       c:/winavr-20100110/bin/../lib/gcc/avr/4.3.3/../../../../avr/lib/avr5/crtm64.o
__vector_18                                       uart.o
                                                  c:/winavr-20100110/bin/../lib/gcc/avr/4.3.3/../../../../avr/lib/avr5/crtm64.o
__vector_19                                       uart.o
                                                  c:/winavr-20100110/bin/../lib/gcc/avr/4.3.3/../../../../avr/lib/avr5/crtm64.o
__vector_2                                        c:/winavr-20100110/bin/../lib/gcc/avr/4.3.3/../../../../avr/lib/avr5/crtm64.o
__vector_20                                       c:/winavr-20100110/bin/../lib/gcc/avr/4.3.3/../../../../avr/lib/avr5/crtm64.o
__vector_21                                       c:/winavr-20100110/bin/../lib/gcc/avr/4.3.3/../../../../avr/lib/avr5/crtm64.o
__vector_22                                       c:/winavr-20100110/bin/../lib/gcc/avr/4.3.3/../../../../avr/lib/avr5/crtm64.o
__vector_23                                       c:/winavr-20100110/bin/../lib/gcc/avr/4.3.3/../../../../avr/lib/avr5/crtm64.o
__vector_24                                       c:/winavr-20100110/bin/../lib/gcc/avr/4.3.3/../../../../avr/lib/avr5/crtm64.o
__vector_25                                       c:/winavr-20100110/bin/../lib/gcc/avr/4.3.3/../../../../avr/lib/avr5/crtm64.o
__vector_26                                       c:/winavr-20100110/bin/../lib/gcc/avr/4.3.3/../../../../avr/lib/avr5/crtm64.o
__vector_27                                       c:/winavr-20100110/bin/../lib/gcc/avr/4.3.3/../../../../avr/lib/avr5/crtm64.o
__vector_28                                       c:/winavr-20100110/bin/../lib/gcc/avr/4.3.3/../../../../avr/lib/avr5/crtm64.o
__vector_29                                       c:/winavr-20100110/bin/../lib/gcc/avr/4.3.3/../../../../avr/lib/avr5/crtm64.o
__vector_3                                        c:/winavr-20100110/bin/../lib/gcc/avr/4.3.3/../../../../avr/lib/avr5/crtm64.o
__vector_30                                       uart.o
                                                  c:/winavr-20100110/bin/../lib/gcc/avr/4.3.3/../../../../avr/lib/avr5/crtm64.o
__vector_31                                       uart.o
                                                  c:/winavr-20100110/bin/../lib/gcc/avr/4.3.3/../../../../avr/lib/avr5/crtm64.o
__vector_32                                       c:/winavr-20100110/bin/../lib/gcc/avr/4.3.3/../../../../avr/lib/avr5/crtm64.o
__vector_33                                       c:/winavr-20100110/bin/../lib/gcc/avr/4.3.3/../../../../avr/lib/avr5/crtm64.o
__vector_34                                       c:/winavr-20100110/bin/../lib/gcc/avr/4.3.3/../../../../avr/lib/avr5/crtm64.o
__vector_4                                        c:/winavr-20100110/bin/../lib/gcc/avr/4.3.3/../../../../avr/lib/avr5/crtm64.o
__vector_5                                        c:/winavr-20100110/bin/../lib/gcc/avr/4.3.3/../../../../avr/lib/avr5/crtm64.o
__vector_6                                        c:/winavr-20100110/bin/../lib/gcc/avr/4.3.3/../../../../avr/lib/avr5/crtm64.o
__vector_7                                        c:/winavr-20100110/bin/../lib/gcc/avr/4.3.3/../../../../avr/lib/avr5/crtm64.o
__vector_8                                        c:/winavr-20100110/bin/../lib/gcc/avr/4.3.3/../../../../avr/lib/avr5/crtm64.o
__vector_9                                        c:/winavr-20100110/bin/../lib/gcc/avr/4.3.3/../../../../avr/lib/avr5/crtm64.o
__vector_default                                  c:/winavr-20100110/bin/../lib/gcc/avr/4.3.3/../../../../avr/lib/avr5/crtm64.o
__vectors                                         c:/winavr-20100110/bin/../lib/gcc/avr/4.3.3/../../../../avr/lib/avr5/crtm64.o
_exit                                             c:/winavr-20100110/bin/../lib/gcc/avr/4.3.3/avr5\libgcc.a(_exit.o)
ascii2hex                                         ihex.o
buffer_verify                                     writer.o
current_page                                      writer.o
exit                                              c:/winavr-20100110/bin/../lib/gcc/avr/4.3.3/avr5\libgcc.a(_exit.o)
                                                  c:/winavr-20100110/bin/../lib/gcc/avr/4.3.3/../../../../avr/lib/avr5/crtm64.o
ext_lin_add                                       ihex.o
ext_seg_add                                       ihex.o
fifo_flush                                        fifo.o
fifo_init                                         fifo.o
                                                  uart.o
fifo_read_char                                    fifo.o
                                                  main.o
flash_byte                                        writer.o
                                                  main.o
flash_finish                                      writer.o
                                                  main.o
hex2ascii                                         misc.o
hexline                                           ihex.o
ihex_address                                      ihex.o
                                                  main.o
ihex_byte_count                                   ihex.o
                                                  main.o
ihex_char                                         ihex.o
                                                  main.o
ihex_data                                         ihex.o
                                                  main.o
ihex_init                                         ihex.o
                                                  main.o
ihex_process_line                                 ihex.o
ihex_status                                       ihex.o
                                                  main.o
isxdigit                                          c:/winavr-20100110/bin/../lib/gcc/avr/4.3.3/../../../../avr/lib/avr5\libc.a(isxdigit.o)
                                                  ihex.o
line_ptr                                          ihex.o
ltoa                                              c:/winavr-20100110/bin/../lib/gcc/avr/4.3.3/../../../../avr/lib/avr5\libc.a(ltoa.o)
                                                  writer.o
main                                              main.o
                                                  c:/winavr-20100110/bin/../lib/gcc/avr/4.3.3/../../../../avr/lib/avr5/crtm64.o
mainapp                                           main.o
memcmp_P                                          c:/winavr-20100110/bin/../lib/gcc/avr/4.3.3/../../../../avr/lib/avr5\libc.a(memcmp_P.o)
                                                  writer.o
memcpy                                            c:/winavr-20100110/bin/../lib/gcc/avr/4.3.3/../../../../avr/lib/avr5\libc.a(memcpy.o)
                                                  ihex.o
read_bige_uint                                    misc.o
                                                  ihex.o
strrev                                            c:/winavr-20100110/bin/../lib/gcc/avr/4.3.3/../../../../avr/lib/avr5\libc.a(strrev.o)
                                                  c:/winavr-20100110/bin/../lib/gcc/avr/4.3.3/../../../../avr/lib/avr5\libc.a(ltoa.o)
uart0_isrtx_enable                                uart.o
uart1_isrtx_enable                                uart.o
uart_fifo_data_rx                                 uart.o
uart_fifo_data_tx                                 uart.o
uart_fifo_rx                                      fifo.o
                                                  uart.o
                                                  main.o
uart_fifo_tx                                      uart.o
uart_init                                         uart.o
                                                  main.o
uart_write_string                                 uart.o
                                                  writer.o
                                                  main.o
write_page                                        writer.o
writer_failed                                     writer.o
                                                  main.o
