
AVRASM ver. 2.1.9  SequentialLED.asm Fri Sep 21 18:53:42 2007

SequentialLED.asm(989): Including file 'SequentialLED.vec'
SequentialLED.asm(990): Including file 'SequentialLED.inc'
                 
                 
                 ;CodeVisionAVR C Compiler V1.25.5 Professional
                 ;(C) Copyright 1998-2007 Pavel Haiduc, HP InfoTech s.r.l.
                 ;http://www.hpinfotech.com
                 
                 ;Chip type              : ATmega8535
                 ;Program type           : Application
                 ;Clock frequency        : 1.000000 MHz
                 ;Memory model           : Small
                 ;Optimize for           : Size
                 ;(s)printf features     : int, width
                 ;(s)scanf features      : int, width
                 ;External SRAM size     : 0
                 ;Data Stack size        : 128 byte(s)
                 ;Heap size              : 0 byte(s)
                 ;Promote char to int    : No
                 ;char is unsigned       : Yes
                 ;8 bit enums            : Yes
                 ;Word align FLASH struct: No
                 ;Enhanced core instructions    : On
                 ;Smart register allocation : On
                 ;Automatic register allocation : On
                 
                 	#pragma AVRPART ADMIN PART_NAME ATmega8535
                 	#pragma AVRPART MEMORY PROG_FLASH 8192
                 	#pragma AVRPART MEMORY EEPROM 512
                 	#pragma AVRPART MEMORY INT_SRAM SIZE 512
                 	#pragma AVRPART MEMORY INT_SRAM START_ADDR 0x60
                 
                 	.EQU UDRE=0x5
                 	.EQU RXC=0x7
                 	.EQU USR=0xB
                 	.EQU UDR=0xC
                 	.EQU SPSR=0xE
                 	.EQU SPDR=0xF
                 	.EQU EERE=0x0
                 	.EQU EEWE=0x1
                 	.EQU EEMWE=0x2
                 	.EQU EECR=0x1C
                 	.EQU EEDR=0x1D
                 	.EQU EEARL=0x1E
                 	.EQU EEARH=0x1F
                 	.EQU WDTCR=0x21
                 	.EQU MCUCR=0x35
                 	.EQU GICR=0x3B
                 	.EQU SPL=0x3D
                 	.EQU SPH=0x3E
                 	.EQU SREG=0x3F
                 
                 	.DEF R0X0=R0
                 	.DEF R0X1=R1
                 	.DEF R0X2=R2
                 	.DEF R0X3=R3
                 	.DEF R0X4=R4
                 	.DEF R0X5=R5
                 	.DEF R0X6=R6
                 	.DEF R0X7=R7
                 	.DEF R0X8=R8
                 	.DEF R0X9=R9
                 	.DEF R0XA=R10
                 	.DEF R0XB=R11
                 	.DEF R0XC=R12
                 	.DEF R0XD=R13
                 	.DEF R0XE=R14
                 	.DEF R0XF=R15
                 	.DEF R0X10=R16
                 	.DEF R0X11=R17
                 	.DEF R0X12=R18
                 	.DEF R0X13=R19
                 	.DEF R0X14=R20
                 	.DEF R0X15=R21
                 	.DEF R0X16=R22
                 	.DEF R0X17=R23
                 	.DEF R0X18=R24
                 	.DEF R0X19=R25
                 	.DEF R0X1A=R26
                 	.DEF R0X1B=R27
                 	.DEF R0X1C=R28
                 	.DEF R0X1D=R29
                 	.DEF R0X1E=R30
                 	.DEF R0X1F=R31
                 
                 	.MACRO __CPD1N
                 	CPI  R30,LOW(@0)
                 	LDI  R26,HIGH(@0)
                 	CPC  R31,R26
                 	LDI  R26,BYTE3(@0)
                 	CPC  R22,R26
                 	LDI  R26,BYTE4(@0)
                 	CPC  R23,R26
                 	.ENDM
                 
                 	.MACRO __CPD2N
                 	CPI  R26,LOW(@0)
                 	LDI  R30,HIGH(@0)
                 	CPC  R27,R30
                 	LDI  R30,BYTE3(@0)
                 	CPC  R24,R30
                 	LDI  R30,BYTE4(@0)
                 	CPC  R25,R30
                 	.ENDM
                 
                 	.MACRO __CPWRR
                 	CP   R@0,R@2
                 	CPC  R@1,R@3
                 	.ENDM
                 
                 	.MACRO __CPWRN
                 	CPI  R@0,LOW(@2)
                 	LDI  R30,HIGH(@2)
                 	CPC  R@1,R30
                 	.ENDM
                 
                 	.MACRO __ADDB1MN
                 	SUBI R30,LOW(-@0-(@1))
                 	.ENDM
                 	.MACRO __ADDB2MN
                 	SUBI R26,LOW(-@0-(@1))
                 	.ENDM
                 	.MACRO __ADDW1MN
                 	SUBI R30,LOW(-@0-(@1))
                 	SBCI R31,HIGH(-@0-(@1))
                 	.ENDM
                 	.MACRO __ADDW2MN
                 	SUBI R26,LOW(-@0-(@1))
                 	SBCI R27,HIGH(-@0-(@1))
                 	.ENDM
                 	.MACRO __ADDW1FN
                 	SUBI R30,LOW(-2*@0-(@1))
                 	SBCI R31,HIGH(-2*@0-(@1))
                 	.ENDM
                 	.MACRO __ADDD1FN
                 	SUBI R30,LOW(-2*@0-(@1))
                 	SBCI R31,HIGH(-2*@0-(@1))
                 	SBCI R22,BYTE3(-2*@0-(@1))
                 	.ENDM
                 	.MACRO __ADDD1N
                 	SUBI R30,LOW(-@0)
                 	SBCI R31,HIGH(-@0)
                 	SBCI R22,BYTE3(-@0)
                 	SBCI R23,BYTE4(-@0)
                 	.ENDM
                 
                 	.MACRO __ADDD2N
                 	SUBI R26,LOW(-@0)
                 	SBCI R27,HIGH(-@0)
                 	SBCI R24,BYTE3(-@0)
                 	SBCI R25,BYTE4(-@0)
                 	.ENDM
                 
                 	.MACRO __SUBD1N
                 	SUBI R30,LOW(@0)
                 	SBCI R31,HIGH(@0)
                 	SBCI R22,BYTE3(@0)
                 	SBCI R23,BYTE4(@0)
                 	.ENDM
                 
                 	.MACRO __SUBD2N
                 	SUBI R26,LOW(@0)
                 	SBCI R27,HIGH(@0)
                 	SBCI R24,BYTE3(@0)
                 	SBCI R25,BYTE4(@0)
                 	.ENDM
                 
                 	.MACRO __ANDBMNN
                 	LDS  R30,@0+@1
                 	ANDI R30,LOW(@2)
                 	STS  @0+@1,R30
                 	.ENDM
                 
                 	.MACRO __ANDWMNN
                 	LDS  R30,@0+@1
                 	ANDI R30,LOW(@2)
                 	STS  @0+@1,R30
                 	LDS  R30,@0+@1+1
                 	ANDI R30,HIGH(@2)
                 	STS  @0+@1+1,R30
                 	.ENDM
                 
                 	.MACRO __ANDD1N
                 	ANDI R30,LOW(@0)
                 	ANDI R31,HIGH(@0)
                 	ANDI R22,BYTE3(@0)
                 	ANDI R23,BYTE4(@0)
                 	.ENDM
                 
                 	.MACRO __ORBMNN
                 	LDS  R30,@0+@1
                 	ORI  R30,LOW(@2)
                 	STS  @0+@1,R30
                 	.ENDM
                 
                 	.MACRO __ORWMNN
                 	LDS  R30,@0+@1
                 	ORI  R30,LOW(@2)
                 	STS  @0+@1,R30
                 	LDS  R30,@0+@1+1
                 	ORI  R30,HIGH(@2)
                 	STS  @0+@1+1,R30
                 	.ENDM
                 
                 	.MACRO __ORD1N
                 	ORI  R30,LOW(@0)
                 	ORI  R31,HIGH(@0)
                 	ORI  R22,BYTE3(@0)
                 	ORI  R23,BYTE4(@0)
                 	.ENDM
                 
                 	.MACRO __DELAY_USB
                 	LDI  R24,LOW(@0)
                 __DELAY_USB_LOOP:
                 	DEC  R24
                 	BRNE __DELAY_USB_LOOP
                 	.ENDM
                 
                 	.MACRO __DELAY_USW
                 	LDI  R24,LOW(@0)
                 	LDI  R25,HIGH(@0)
                 __DELAY_USW_LOOP:
                 	SBIW R24,1
                 	BRNE __DELAY_USW_LOOP
                 	.ENDM
                 
                 	.MACRO __CLRD1S
                 	LDI  R30,0
                 	STD  Y+@0,R30
                 	STD  Y+@0+1,R30
                 	STD  Y+@0+2,R30
                 	STD  Y+@0+3,R30
                 	.ENDM
                 
                 	.MACRO __GETD1S
                 	LDD  R30,Y+@0
                 	LDD  R31,Y+@0+1
                 	LDD  R22,Y+@0+2
                 	LDD  R23,Y+@0+3
                 	.ENDM
                 
                 	.MACRO __PUTD1S
                 	STD  Y+@0,R30
                 	STD  Y+@0+1,R31
                 	STD  Y+@0+2,R22
                 	STD  Y+@0+3,R23
                 	.ENDM
                 
                 	.MACRO __PUTD2S
                 	STD  Y+@0,R26
                 	STD  Y+@0+1,R27
                 	STD  Y+@0+2,R24
                 	STD  Y+@0+3,R25
                 	.ENDM
                 
                 	.MACRO __POINTB1MN
                 	LDI  R30,LOW(@0+@1)
                 	.ENDM
                 
                 	.MACRO __POINTW1MN
                 	LDI  R30,LOW(@0+@1)
                 	LDI  R31,HIGH(@0+@1)
                 	.ENDM
                 
                 	.MACRO __POINTD1M
                 	LDI  R30,LOW(@0)
                 	LDI  R31,HIGH(@0)
                 	LDI  R22,BYTE3(@0)
                 	LDI  R23,BYTE4(@0)
                 	.ENDM
                 
                 	.MACRO __POINTW1FN
                 	LDI  R30,LOW(2*@0+@1)
                 	LDI  R31,HIGH(2*@0+@1)
                 	.ENDM
                 
                 	.MACRO __POINTD1FN
                 	LDI  R30,LOW(2*@0+@1)
                 	LDI  R31,HIGH(2*@0+@1)
                 	LDI  R22,BYTE3(2*@0+@1)
                 	LDI  R23,BYTE4(2*@0+@1)
                 	.ENDM
                 
                 	.MACRO __POINTB2MN
                 	LDI  R26,LOW(@0+@1)
                 	.ENDM
                 
                 	.MACRO __POINTW2MN
                 	LDI  R26,LOW(@0+@1)
                 	LDI  R27,HIGH(@0+@1)
                 	.ENDM
                 
                 	.MACRO __POINTBRM
                 	LDI  R@0,LOW(@1)
                 	.ENDM
                 
                 	.MACRO __POINTWRM
                 	LDI  R@0,LOW(@2)
                 	LDI  R@1,HIGH(@2)
                 	.ENDM
                 
                 	.MACRO __POINTBRMN
                 	LDI  R@0,LOW(@1+@2)
                 	.ENDM
                 
                 	.MACRO __POINTWRMN
                 	LDI  R@0,LOW(@2+@3)
                 	LDI  R@1,HIGH(@2+@3)
                 	.ENDM
                 
                 	.MACRO __POINTWRFN
                 	LDI  R@0,LOW(@2*2+@3)
                 	LDI  R@1,HIGH(@2*2+@3)
                 	.ENDM
                 
                 	.MACRO __GETD1N
                 	LDI  R30,LOW(@0)
                 	LDI  R31,HIGH(@0)
                 	LDI  R22,BYTE3(@0)
                 	LDI  R23,BYTE4(@0)
                 	.ENDM
                 
                 	.MACRO __GETD2N
                 	LDI  R26,LOW(@0)
                 	LDI  R27,HIGH(@0)
                 	LDI  R24,BYTE3(@0)
                 	LDI  R25,BYTE4(@0)
                 	.ENDM
                 
                 	.MACRO __GETD2S
                 	LDD  R26,Y+@0
                 	LDD  R27,Y+@0+1
                 	LDD  R24,Y+@0+2
                 	LDD  R25,Y+@0+3
                 	.ENDM
                 
                 	.MACRO __GETB1MN
                 	LDS  R30,@0+@1
                 	.ENDM
                 
                 	.MACRO __GETB1HMN
                 	LDS  R31,@0+@1
                 	.ENDM
                 
                 	.MACRO __GETW1MN
                 	LDS  R30,@0+@1
                 	LDS  R31,@0+@1+1
                 	.ENDM
                 
                 	.MACRO __GETD1MN
                 	LDS  R30,@0+@1
                 	LDS  R31,@0+@1+1
                 	LDS  R22,@0+@1+2
                 	LDS  R23,@0+@1+3
                 	.ENDM
                 
                 	.MACRO __GETBRMN
                 	LDS  R@0,@1+@2
                 	.ENDM
                 
                 	.MACRO __GETWRMN
                 	LDS  R@0,@2+@3
                 	LDS  R@1,@2+@3+1
                 	.ENDM
                 
                 	.MACRO __GETWRZ
                 	LDD  R@0,Z+@2
                 	LDD  R@1,Z+@2+1
                 	.ENDM
                 
                 	.MACRO __GETD2Z
                 	LDD  R26,Z+@0
                 	LDD  R27,Z+@0+1
                 	LDD  R24,Z+@0+2
                 	LDD  R25,Z+@0+3
                 	.ENDM
                 
                 	.MACRO __GETB2MN
                 	LDS  R26,@0+@1
                 	.ENDM
                 
                 	.MACRO __GETW2MN
                 	LDS  R26,@0+@1
                 	LDS  R27,@0+@1+1
                 	.ENDM
                 
                 	.MACRO __GETD2MN
                 	LDS  R26,@0+@1
                 	LDS  R27,@0+@1+1
                 	LDS  R24,@0+@1+2
                 	LDS  R25,@0+@1+3
                 	.ENDM
                 
                 	.MACRO __PUTB1MN
                 	STS  @0+@1,R30
                 	.ENDM
                 
                 	.MACRO __PUTW1MN
                 	STS  @0+@1,R30
                 	STS  @0+@1+1,R31
                 	.ENDM
                 
                 	.MACRO __PUTD1MN
                 	STS  @0+@1,R30
                 	STS  @0+@1+1,R31
                 	STS  @0+@1+2,R22
                 	STS  @0+@1+3,R23
                 	.ENDM
                 
                 	.MACRO __PUTBR0MN
                 	STS  @0+@1,R0
                 	.ENDM
                 
                 	.MACRO __PUTDZ2
                 	STD  Z+@0,R26
                 	STD  Z+@0+1,R27
                 	STD  Z+@0+2,R24
                 	STD  Z+@0+3,R25
                 	.ENDM
                 
                 	.MACRO __PUTBMRN
                 	STS  @0+@1,R@2
                 	.ENDM
                 
                 	.MACRO __PUTWMRN
                 	STS  @0+@1,R@2
                 	STS  @0+@1+1,R@3
                 	.ENDM
                 
                 	.MACRO __PUTBZR
                 	STD  Z+@1,R@0
                 	.ENDM
                 
                 	.MACRO __PUTWZR
                 	STD  Z+@2,R@0
                 	STD  Z+@2+1,R@1
                 	.ENDM
                 
                 	.MACRO __GETW1R
                 	MOV  R30,R@0
                 	MOV  R31,R@1
                 	.ENDM
                 
                 	.MACRO __GETW2R
                 	MOV  R26,R@0
                 	MOV  R27,R@1
                 	.ENDM
                 
                 	.MACRO __GETWRN
                 	LDI  R@0,LOW(@2)
                 	LDI  R@1,HIGH(@2)
                 	.ENDM
                 
                 	.MACRO __PUTW1R
                 	MOV  R@0,R30
                 	MOV  R@1,R31
                 	.ENDM
                 
                 	.MACRO __PUTW2R
                 	MOV  R@0,R26
                 	MOV  R@1,R27
                 	.ENDM
                 
                 	.MACRO __ADDWRN
                 	SUBI R@0,LOW(-@2)
                 	SBCI R@1,HIGH(-@2)
                 	.ENDM
                 
                 	.MACRO __ADDWRR
                 	ADD  R@0,R@2
                 	ADC  R@1,R@3
                 	.ENDM
                 
                 	.MACRO __SUBWRN
                 	SUBI R@0,LOW(@2)
                 	SBCI R@1,HIGH(@2)
                 	.ENDM
                 
                 	.MACRO __SUBWRR
                 	SUB  R@0,R@2
                 	SBC  R@1,R@3
                 	.ENDM
                 
                 	.MACRO __ANDWRN
                 	ANDI R@0,LOW(@2)
                 	ANDI R@1,HIGH(@2)
                 	.ENDM
                 
                 	.MACRO __ANDWRR
                 	AND  R@0,R@2
                 	AND  R@1,R@3
                 	.ENDM
                 
                 	.MACRO __ORWRN
                 	ORI  R@0,LOW(@2)
                 	ORI  R@1,HIGH(@2)
                 	.ENDM
                 
                 	.MACRO __ORWRR
                 	OR   R@0,R@2
                 	OR   R@1,R@3
                 	.ENDM
                 
                 	.MACRO __EORWRR
                 	EOR  R@0,R@2
                 	EOR  R@1,R@3
                 	.ENDM
                 
                 	.MACRO __GETWRS
                 	LDD  R@0,Y+@2
                 	LDD  R@1,Y+@2+1
                 	.ENDM
                 
                 	.MACRO __PUTWSR
                 	STD  Y+@2,R@0
                 	STD  Y+@2+1,R@1
                 	.ENDM
                 
                 	.MACRO __MOVEWRR
                 	MOV  R@0,R@2
                 	MOV  R@1,R@3
                 	.ENDM
                 
                 	.MACRO __INWR
                 	IN   R@0,@2
                 	IN   R@1,@2+1
                 	.ENDM
                 
                 	.MACRO __OUTWR
                 	OUT  @2+1,R@1
                 	OUT  @2,R@0
                 	.ENDM
                 
                 	.MACRO __CALL1MN
                 	LDS  R30,@0+@1
                 	LDS  R31,@0+@1+1
                 	ICALL
                 	.ENDM
                 
                 	.MACRO __CALL1FN
                 	LDI  R30,LOW(2*@0+@1)
                 	LDI  R31,HIGH(2*@0+@1)
                 	RCALL __GETW1PF
                 	ICALL
                 	.ENDM
                 
                 	.MACRO __CALL2EN
                 	LDI  R26,LOW(@0+@1)
                 	LDI  R27,HIGH(@0+@1)
                 	RCALL __EEPROMRDW
                 	ICALL
                 	.ENDM
                 
                 	.MACRO __GETW1STACK
                 	IN   R26,SPL
                 	IN   R27,SPH
                 	ADIW R26,@0+1
                 	LD   R30,X+
                 	LD   R31,X
                 	.ENDM
                 
                 	.MACRO __NBST
                 	BST  R@0,@1
                 	IN   R30,SREG
                 	LDI  R31,0x40
                 	EOR  R30,R31
                 	OUT  SREG,R30
                 	.ENDM
                 
                 
                 	.MACRO __PUTB1SN
                 	LDD  R26,Y+@0
                 	LDD  R27,Y+@0+1
                 	SUBI R26,LOW(-@1)
                 	SBCI R27,HIGH(-@1)
                 	ST   X,R30
                 	.ENDM
                 
                 	.MACRO __PUTW1SN
                 	LDD  R26,Y+@0
                 	LDD  R27,Y+@0+1
                 	SUBI R26,LOW(-@1)
                 	SBCI R27,HIGH(-@1)
                 	ST   X+,R30
                 	ST   X,R31
                 	.ENDM
                 
                 	.MACRO __PUTD1SN
                 	LDD  R26,Y+@0
                 	LDD  R27,Y+@0+1
                 	SUBI R26,LOW(-@1)
                 	SBCI R27,HIGH(-@1)
                 	RCALL __PUTDP1
                 	.ENDM
                 
                 	.MACRO __PUTB1SNS
                 	LDD  R26,Y+@0
                 	LDD  R27,Y+@0+1
                 	ADIW R26,@1
                 	ST   X,R30
                 	.ENDM
                 
                 	.MACRO __PUTW1SNS
                 	LDD  R26,Y+@0
                 	LDD  R27,Y+@0+1
                 	ADIW R26,@1
                 	ST   X+,R30
                 	ST   X,R31
                 	.ENDM
                 
                 	.MACRO __PUTD1SNS
                 	LDD  R26,Y+@0
                 	LDD  R27,Y+@0+1
                 	ADIW R26,@1
                 	RCALL __PUTDP1
                 	.ENDM
                 
                 	.MACRO __PUTB1PMN
                 	LDS  R26,@0
                 	LDS  R27,@0+1
                 	SUBI R26,LOW(-@1)
                 	SBCI R27,HIGH(-@1)
                 	ST   X,R30
                 	.ENDM
                 
                 	.MACRO __PUTW1PMN
                 	LDS  R26,@0
                 	LDS  R27,@0+1
                 	SUBI R26,LOW(-@1)
                 	SBCI R27,HIGH(-@1)
                 	ST   X+,R30
                 	ST   X,R31
                 	.ENDM
                 
                 	.MACRO __PUTD1PMN
                 	LDS  R26,@0
                 	LDS  R27,@0+1
                 	SUBI R26,LOW(-@1)
                 	SBCI R27,HIGH(-@1)
                 	RCALL __PUTDP1
                 	.ENDM
                 
                 	.MACRO __PUTB1PMNS
                 	LDS  R26,@0
                 	LDS  R27,@0+1
                 	ADIW R26,@1
                 	ST   X,R30
                 	.ENDM
                 
                 	.MACRO __PUTW1PMNS
                 	LDS  R26,@0
                 	LDS  R27,@0+1
                 	ADIW R26,@1
                 	ST   X+,R30
                 	ST   X,R31
                 	.ENDM
                 
                 	.MACRO __PUTD1PMNS
                 	LDS  R26,@0
                 	LDS  R27,@0+1
                 	ADIW R26,@1
                 	RCALL __PUTDP1
                 	.ENDM
                 
                 	.MACRO __PUTB1RN
                 	MOVW R26,R@0
                 	SUBI R26,LOW(-@1)
                 	SBCI R27,HIGH(-@1)
                 	ST   X,R30
                 	.ENDM
                 
                 	.MACRO __PUTW1RN
                 	MOVW R26,R@0
                 	SUBI R26,LOW(-@1)
                 	SBCI R27,HIGH(-@1)
                 	ST   X+,R30
                 	ST   X,R31
                 	.ENDM
                 
                 	.MACRO __PUTD1RN
                 	MOVW R26,R@0
                 	SUBI R26,LOW(-@1)
                 	SBCI R27,HIGH(-@1)
                 	RCALL __PUTDP1
                 	.ENDM
                 
                 	.MACRO __PUTB1RNS
                 	MOVW R26,R@0
                 	ADIW R26,@1
                 	ST   X,R30
                 	.ENDM
                 
                 	.MACRO __PUTW1RNS
                 	MOVW R26,R@0
                 	ADIW R26,@1
                 	ST   X+,R30
                 	ST   X,R31
                 	.ENDM
                 
                 	.MACRO __PUTD1RNS
                 	MOVW R26,R@0
                 	ADIW R26,@1
                 	RCALL __PUTDP1
                 	.ENDM
                 
                 	.MACRO __PUTB1RON
                 	MOV  R26,R@0
                 	MOV  R27,R@1
                 	SUBI R26,LOW(-@2)
                 	SBCI R27,HIGH(-@2)
                 	ST   X,R30
                 	.ENDM
                 
                 	.MACRO __PUTW1RON
                 	MOV  R26,R@0
                 	MOV  R27,R@1
                 	SUBI R26,LOW(-@2)
                 	SBCI R27,HIGH(-@2)
                 	ST   X+,R30
                 	ST   X,R31
                 	.ENDM
                 
                 	.MACRO __PUTD1RON
                 	MOV  R26,R@0
                 	MOV  R27,R@1
                 	SUBI R26,LOW(-@2)
                 	SBCI R27,HIGH(-@2)
                 	RCALL __PUTDP1
                 	.ENDM
                 
                 	.MACRO __PUTB1RONS
                 	MOV  R26,R@0
                 	MOV  R27,R@1
                 	ADIW R26,@2
                 	ST   X,R30
                 	.ENDM
                 
                 	.MACRO __PUTW1RONS
                 	MOV  R26,R@0
                 	MOV  R27,R@1
                 	ADIW R26,@2
                 	ST   X+,R30
                 	ST   X,R31
                 	.ENDM
                 
                 	.MACRO __PUTD1RONS
                 	MOV  R26,R@0
                 	MOV  R27,R@1
                 	ADIW R26,@2
                 	RCALL __PUTDP1
                 	.ENDM
                 
                 
                 	.MACRO __GETB1SX
                 	MOVW R30,R28
                 	SUBI R30,LOW(-@0)
                 	SBCI R31,HIGH(-@0)
                 	LD   R30,Z
                 	.ENDM
                 
                 	.MACRO __GETB1HSX
                 	MOVW R30,R28
                 	SUBI R30,LOW(-@0)
                 	SBCI R31,HIGH(-@0)
                 	LD   R31,Z
                 	.ENDM
                 
                 	.MACRO __GETW1SX
                 	MOVW R30,R28
                 	SUBI R30,LOW(-@0)
                 	SBCI R31,HIGH(-@0)
                 	LD   R0,Z+
                 	LD   R31,Z
                 	MOV  R30,R0
                 	.ENDM
                 
                 	.MACRO __GETD1SX
                 	MOVW R30,R28
                 	SUBI R30,LOW(-@0)
                 	SBCI R31,HIGH(-@0)
                 	LD   R0,Z+
                 	LD   R1,Z+
                 	LD   R22,Z+
                 	LD   R23,Z
                 	MOVW R30,R0
                 	.ENDM
                 
                 	.MACRO __GETB2SX
                 	MOVW R26,R28
                 	SUBI R26,LOW(-@0)
                 	SBCI R27,HIGH(-@0)
                 	LD   R26,X
                 	.ENDM
                 
                 	.MACRO __GETW2SX
                 	MOVW R26,R28
                 	SUBI R26,LOW(-@0)
                 	SBCI R27,HIGH(-@0)
                 	LD   R0,X+
                 	LD   R27,X
                 	MOV  R26,R0
                 	.ENDM
                 
                 	.MACRO __GETD2SX
                 	MOVW R26,R28
                 	SUBI R26,LOW(-@0)
                 	SBCI R27,HIGH(-@0)
                 	LD   R0,X+
                 	LD   R1,X+
                 	LD   R24,X+
                 	LD   R25,X
                 	MOVW R26,R0
                 	.ENDM
                 
                 	.MACRO __GETBRSX
                 	MOVW R30,R28
                 	SUBI R30,LOW(-@1)
                 	SBCI R31,HIGH(-@1)
                 	LD   R@0,Z
                 	.ENDM
                 
                 	.MACRO __GETWRSX
                 	MOVW R30,R28
                 	SUBI R30,LOW(-@2)
                 	SBCI R31,HIGH(-@2)
                 	LD   R@0,Z+
                 	LD   R@1,Z
                 	.ENDM
                 
                 	.MACRO __LSLW8SX
                 	MOVW R30,R28
                 	SUBI R30,LOW(-@0)
                 	SBCI R31,HIGH(-@0)
                 	LD   R31,Z
                 	CLR  R30
                 	.ENDM
                 
                 	.MACRO __PUTB1SX
                 	MOVW R26,R28
                 	SUBI R26,LOW(-@0)
                 	SBCI R27,HIGH(-@0)
                 	ST   X,R30
                 	.ENDM
                 
                 	.MACRO __PUTW1SX
                 	MOVW R26,R28
                 	SUBI R26,LOW(-@0)
                 	SBCI R27,HIGH(-@0)
                 	ST   X+,R30
                 	ST   X,R31
                 	.ENDM
                 
                 	.MACRO __PUTD1SX
                 	MOVW R26,R28
                 	SUBI R26,LOW(-@0)
                 	SBCI R27,HIGH(-@0)
                 	ST   X+,R30
                 	ST   X+,R31
                 	ST   X+,R22
                 	ST   X,R23
                 	.ENDM
                 
                 	.MACRO __CLRW1SX
                 	MOVW R30,R28
                 	SUBI R30,LOW(-@0)
                 	SBCI R31,HIGH(-@0)
                 	CLR  R0
                 	ST   Z+,R0
                 	ST   Z,R0
                 	.ENDM
                 
                 	.MACRO __CLRD1SX
                 	MOVW R30,R28
                 	SUBI R30,LOW(-@0)
                 	SBCI R31,HIGH(-@0)
                 	CLR  R0
                 	ST   Z+,R0
                 	ST   Z+,R0
                 	ST   Z+,R0
                 	ST   Z,R0
                 	.ENDM
                 
                 	.MACRO __PUTB2SX
                 	MOVW R30,R28
                 	SUBI R30,LOW(-@0)
                 	SBCI R31,HIGH(-@0)
                 	ST   Z,R26
                 	.ENDM
                 
                 	.MACRO __PUTW2SX
                 	MOVW R30,R28
                 	SUBI R30,LOW(-@0)
                 	SBCI R31,HIGH(-@0)
                 	ST   Z+,R26
                 	ST   Z,R27
                 	.ENDM
                 
                 	.MACRO __PUTD2SX
                 	MOVW R30,R28
                 	SUBI R30,LOW(-@0)
                 	SBCI R31,HIGH(-@0)
                 	ST   Z+,R26
                 	ST   Z+,R27
                 	ST   Z+,R24
                 	ST   Z,R25
                 	.ENDM
                 
                 	.MACRO __PUTBSRX
                 	MOVW R30,R28
                 	SUBI R30,LOW(-@0)
                 	SBCI R31,HIGH(-@0)
                 	ST   Z,R@1
                 	.ENDM
                 
                 	.MACRO __PUTWSRX
                 	MOVW R30,R28
                 	SUBI R30,LOW(-@2)
                 	SBCI R31,HIGH(-@2)
                 	ST   Z+,R@0
                 	ST   Z,R@1
                 	.ENDM
                 
                 	.MACRO __PUTB1SNX
                 	MOVW R26,R28
                 	SUBI R26,LOW(-@0)
                 	SBCI R27,HIGH(-@0)
                 	LD   R0,X+
                 	LD   R27,X
                 	MOV  R26,R0
                 	SUBI R26,LOW(-@1)
                 	SBCI R27,HIGH(-@1)
                 	ST   X,R30
                 	.ENDM
                 
                 	.MACRO __PUTW1SNX
                 	MOVW R26,R28
                 	SUBI R26,LOW(-@0)
                 	SBCI R27,HIGH(-@0)
                 	LD   R0,X+
                 	LD   R27,X
                 	MOV  R26,R0
                 	SUBI R26,LOW(-@1)
                 	SBCI R27,HIGH(-@1)
                 	ST   X+,R30
                 	ST   X,R31
                 	.ENDM
                 
                 	.MACRO __PUTD1SNX
                 	MOVW R26,R28
                 	SUBI R26,LOW(-@0)
                 	SBCI R27,HIGH(-@0)
                 	LD   R0,X+
                 	LD   R27,X
                 	MOV  R26,R0
                 	SUBI R26,LOW(-@1)
                 	SBCI R27,HIGH(-@1)
                 	ST   X+,R30
                 	ST   X+,R31
                 	ST   X+,R22
                 	ST   X,R23
                 	.ENDM
                 
                 	.MACRO __MULBRR
                 	MULS R@0,R@1
                 	MOVW R30,R0
                 	.ENDM
                 
                 	.MACRO __MULBRRU
                 	MUL  R@0,R@1
                 	MOVW R30,R0
                 	.ENDM
                 
                 	.MACRO __MULBRR0
                 	MULS R@0,R@1
                 	.ENDM
                 
                 	.MACRO __MULBRRU0
                 	MUL  R@0,R@1
                 	.ENDM
                 
                 	.MACRO __MULBNWRU
                 	LDI  R26,@2
                 	MUL  R26,R@0
                 	MOVW R30,R0
                 	MUL  R26,R@1
                 	ADD  R31,R0
                 	.ENDM
                 
                 	.CSEG
                 	.ORG 0
                 
                 	.INCLUDE "SequentialLED.vec"
                 
                 ;INTERRUPT VECTORS
000000 c020      	RJMP __RESET
000001 cffe      	RJMP 0x00
000002 cffd      	RJMP 0x00
000003 cffc      	RJMP 0x00
000004 cffb      	RJMP 0x00
000005 cffa      	RJMP 0x00
000006 cff9      	RJMP 0x00
000007 cff8      	RJMP 0x00
000008 cff7      	RJMP 0x00
000009 cff6      	RJMP 0x00
00000a cff5      	RJMP 0x00
00000b cff4      	RJMP 0x00
00000c cff3      	RJMP 0x00
00000d cff2      	RJMP 0x00
00000e cff1      	RJMP 0x00
00000f cff0      	RJMP 0x00
000010 cfef      	RJMP 0x00
000011 cfee      	RJMP 0x00
000012 cfed      	RJMP 0x00
000013 cfec      	RJMP 0x00
000014 cfeb      	RJMP 0x00
                 
                 	.INCLUDE "SequentialLED.inc"
                 
                 _tbl10_G2:
000015 2710
000016 03e8
000017 0064
000018 000a      	.DB  0x10,0x27,0xE8,0x3,0x64,0x0,0xA,0x0
000019 0001      	.DB  0x1,0x0
                 _tbl16_G2:
00001a 1000
00001b 0100
00001c 0010
00001d 0001      	.DB  0x0,0x10,0x0,0x1,0x10,0x0,0x1,0x0
                 _0:
00001e 4148
00001f 0049      	.DB  0x48,0x41,0x49,0x0
                 
                 __GLOBAL_INI_TBL:
000020 0000      	.DW  0
                 _0xC5:
                 
                 __RESET:
000021 94f8      	CLI
000022 27ee      	CLR  R30
000023 bbec      	OUT  EECR,R30
                 
                 ;INTERRUPT VECTORS ARE PLACED
                 ;AT THE START OF FLASH
000024 e0f1      	LDI  R31,1
000025 bffb      	OUT  GICR,R31
000026 bfeb      	OUT  GICR,R30
000027 bfe5      	OUT  MCUCR,R30
                 
                 ;DISABLE WATCHDOG
000028 e1f8      	LDI  R31,0x18
000029 bdf1      	OUT  WDTCR,R31
00002a bde1      	OUT  WDTCR,R30
                 
                 ;CLEAR R2-R14
00002b e08d      	LDI  R24,13
00002c e0a2      	LDI  R26,2
00002d 27bb      	CLR  R27
                 __CLEAR_REG:
00002e 93ed      	ST   X+,R30
00002f 958a      	DEC  R24
000030 f7e9      	BRNE __CLEAR_REG
                 
                 ;CLEAR SRAM
000031 e080      	LDI  R24,LOW(0x200)
000032 e092      	LDI  R25,HIGH(0x200)
000033 e6a0      	LDI  R26,0x60
                 __CLEAR_SRAM:
000034 93ed      	ST   X+,R30
000035 9701      	SBIW R24,1
000036 f7e9      	BRNE __CLEAR_SRAM
                 
                 ;GLOBAL VARIABLES INITIALIZATION
000037 e4e0      	LDI  R30,LOW(__GLOBAL_INI_TBL*2)
000038 e0f0      	LDI  R31,HIGH(__GLOBAL_INI_TBL*2)
                 __GLOBAL_INI_NEXT:
000039 9185      	LPM  R24,Z+
00003a 9195      	LPM  R25,Z+
00003b 9700      	SBIW R24,0
00003c f061      	BREQ __GLOBAL_INI_END
00003d 91a5      	LPM  R26,Z+
00003e 91b5      	LPM  R27,Z+
00003f 9005      	LPM  R0,Z+
000040 9015      	LPM  R1,Z+
000041 01bf      	MOVW R22,R30
000042 01f0      	MOVW R30,R0
                 __GLOBAL_INI_LOOP:
000043 9005      	LPM  R0,Z+
000044 920d      	ST   X+,R0
000045 9701      	SBIW R24,1
000046 f7e1      	BRNE __GLOBAL_INI_LOOP
000047 01fb      	MOVW R30,R22
000048 cff0      	RJMP __GLOBAL_INI_NEXT
                 __GLOBAL_INI_END:
                 
                 ;STACK POINTER INITIALIZATION
000049 e5ef      	LDI  R30,LOW(0x25F)
00004a bfed      	OUT  SPL,R30
00004b e0e2      	LDI  R30,HIGH(0x25F)
00004c bfee      	OUT  SPH,R30
                 
                 ;DATA STACK POINTER INITIALIZATION
00004d eec0      	LDI  R28,LOW(0xE0)
00004e e0d0      	LDI  R29,HIGH(0xE0)
                 
00004f c000      	RJMP _main
                 
                 	.ESEG
                 	.ORG 0
                 
                 	.DSEG
                 	.ORG 0xE0
                 ;       1 /*****************************************************
                 ;       2 This program was produced by the
                 ;       3 CodeWizardAVR V1.25.5 Professional
                 ;       4 Automatic Program Generator
                 ;       5 © Copyright 1998-2007 Pavel Haiduc, HP InfoTech s.r.l.
                 ;       6 http://www.hpinfotech.com
                 ;       7 
                 ;       8 Project : SequentialLED
                 ;       9 Version : 1.0
                 ;      10 Date    : 9/21/2007
                 ;      11 Author  : Srinivasan
                 ;      12 Company : Scorpion Controls
                 ;      13 Comments:
                 ;      14 Second IO Handeling...............................
                 ;      15 
                 ;      16 I have adopted "SC" [Study Comparitively] method by Scorpion Controls.
                 ;      17 
                 ;      18 
                 ;      19 Chip type           : ATmega8535
                 ;      20 Program type        : Application
                 ;      21 Clock frequency     : 1.000000 MHz
                 ;      22 Memory model        : Small
                 ;      23 External SRAM size  : 0
                 ;      24 Data Stack size     : 128
                 ;      25 *****************************************************/
                 ;      26 
                 ;      27 #include <mega8535.h>
                 ;      28 	#ifndef __SLEEP_DEFINED__
                 	#ifndef __SLEEP_DEFINED__
                 ;      29 	#define __SLEEP_DEFINED__
                 	#define __SLEEP_DEFINED__
                 ;      30 	.EQU __se_bit=0x40
                 	.EQU __se_bit=0x40
                 ;      31 	.EQU __sm_mask=0xB0
                 	.EQU __sm_mask=0xB0
                 ;      32 	.EQU __sm_powerdown=0x20
                 	.EQU __sm_powerdown=0x20
                 ;      33 	.EQU __sm_powersave=0x30
                 	.EQU __sm_powersave=0x30
                 ;      34 	.EQU __sm_standby=0xA0
                 	.EQU __sm_standby=0xA0
                 ;      35 	.EQU __sm_ext_standby=0xB0
                 	.EQU __sm_ext_standby=0xB0
                 ;      36 	.EQU __sm_adc_noise_red=0x10
                 	.EQU __sm_adc_noise_red=0x10
                 ;      37 	.SET power_ctrl_reg=mcucr
                 	.SET power_ctrl_reg=mcucr
                 ;      38 	#endif
                 	#endif
                 ;      39 
                 ;      40 #include <stdio.h>
                 ;      41 
                 ;      42 void delay(unsigned int);
                 ;      43 
                 ;      44 void main(void)
                 ;      45 {
                 
                 	.CSEG
                 _main:
                 ;      46 unsigned char flag,cmd;
                 ;      47 
                 ;      48 DDRA=0x0F;
                 ;	flag -> R17
                 ;	cmd -> R16
000050 e0ef      	LDI  R30,LOW(15)
000051 bbea      	OUT  0x1A,R30
                 ;      49 PORTA=0x0F;
000052 bbeb      	OUT  0x1B,R30
                 ;      50 
                 ;      51 UCSRA=0x02;
000053 e0e2      	LDI  R30,LOW(2)
000054 b9eb      	OUT  0xB,R30
                 ;      52 UCSRB=0x18;
000055 e1e8      	LDI  R30,LOW(24)
000056 b9ea      	OUT  0xA,R30
                 ;      53 UCSRC=0x86;
000057 e8e6      	LDI  R30,LOW(134)
000058 bde0      	OUT  0x20,R30
                 ;      54 UBRRH=0x00;
000059 e0e0      	LDI  R30,LOW(0)
00005a bde0      	OUT  0x20,R30
                 ;      55 UBRRL=0x0C;
00005b e0ec      	LDI  R30,LOW(12)
00005c b9e9      	OUT  0x9,R30
                 ;      56 
                 ;      57 printf("HAI");
00005d e3ec
00005e e0f0      	__POINTW1FN _0,0
00005f d191      	RCALL SUBOPT_0x0
000060 e080      	LDI  R24,0
000061 d173      	RCALL _printf
000062 9622      	ADIW R28,2
                 ;      58 flag=0;
000063 e010      	LDI  R17,LOW(0)
                 ;      59 
                 ;      60 while(1)
                 _0x3:
                 ;      61 {
                 ;      62    cmd= ((PINA & 0xF0) >> 4);
000064 b3e9      	IN   R30,0x19
000065 7fe0      	ANDI R30,LOW(0xF0)
000066 95e2      	SWAP R30
000067 70ef      	ANDI R30,0xF
000068 2f0e      	MOV  R16,R30
                 ;      63    if ((cmd==0x0E) && (flag==0))
000069 300e      	CPI  R16,14
00006a f411      	BRNE _0x7
00006b 3010      	CPI  R17,0
00006c f009      	BREQ _0x8
                 _0x7:
00006d c002      	RJMP _0x6
                 _0x8:
                 ;      64    {
                 ;      65            PORTA.0=0;
00006e 98d8      	CBI  0x1B,0
                 ;      66            delay(65000);
00006f d184      	RCALL SUBOPT_0x1
                 ;      67            //PORTA.0=1;
                 ;      68            flag++;
                 ;      69    }
                 ;      70    if ((cmd==0x0D) && (flag==1))
                 _0x6:
000070 300d      	CPI  R16,13
000071 f411      	BRNE _0xA
000072 3011      	CPI  R17,1
000073 f009      	BREQ _0xB
                 _0xA:
000074 c002      	RJMP _0x9
                 _0xB:
                 ;      71    {
                 ;      72            PORTA.1=0;
000075 98d9      	CBI  0x1B,1
                 ;      73            delay(65000);
000076 d17d      	RCALL SUBOPT_0x1
                 ;      74            //PORTA.1=1;
                 ;      75            flag++;
                 ;      76    }
                 ;      77    if ((cmd==0x0B) && (flag==2))
                 _0x9:
000077 300b      	CPI  R16,11
000078 f411      	BRNE _0xD
000079 3012      	CPI  R17,2
00007a f009      	BREQ _0xE
                 _0xD:
00007b c002      	RJMP _0xC
                 _0xE:
                 ;      78    {
                 ;      79            PORTA.2=0;
00007c 98da      	CBI  0x1B,2
                 ;      80            delay(65000);
00007d d176      	RCALL SUBOPT_0x1
                 ;      81            //PORTA.2=1;
                 ;      82            flag++;
                 ;      83    }
                 ;      84    if ((cmd==0x07) && (flag==3))
                 _0xC:
00007e 3007      	CPI  R16,7
00007f f411      	BRNE _0x10
000080 3013      	CPI  R17,3
000081 f009      	BREQ _0x11
                 _0x10:
000082 c008      	RJMP _0xF
                 _0x11:
                 ;      85    {
                 ;      86            PORTA.3=0;
000083 98db      	CBI  0x1B,3
                 ;      87            delay(65000);
000084 eee8      	LDI  R30,LOW(65000)
000085 effd      	LDI  R31,HIGH(65000)
000086 d16a      	RCALL SUBOPT_0x0
000087 d005      	RCALL _delay
                 ;      88            //PORTA.3=1;
                 ;      89            flag=0;
000088 e010      	LDI  R17,LOW(0)
                 ;      90            PORTA=0x0F;
000089 e0ef      	LDI  R30,LOW(15)
00008a bbeb      	OUT  0x1B,R30
                 ;      91    }
                 ;      92 };
                 _0xF:
00008b cfd8      	RJMP _0x3
                 ;      93 }
                 _0x12:
00008c cfff      	RJMP _0x12
                 ;      94 void delay(unsigned int i)
                 ;      95 {
                 _delay:
                 ;      96         for(;i==0;i--)
                 ;	i -> Y+0
                 _0x14:
00008d 81e8      	LD   R30,Y
00008e 81f9      	LDD  R31,Y+1
00008f 9730      	SBIW R30,0
000090 f421      	BRNE _0x15
                 ;      97         ;
000091 9731      	SBIW R30,1
000092 83e8      	ST   Y,R30
000093 83f9      	STD  Y+1,R31
000094 cff8      	RJMP _0x14
                 _0x15:
                 ;      98 }
000095 9622      	ADIW R28,2
000096 9508      	RET
                 ;      99 
                 
                 	#ifndef __SLEEP_DEFINED__
                 	#endif
                 _getchar:
000097 9b5f           sbis usr,rxc
000098 cffe           rjmp _getchar
000099 b1ec           in   r30,udr
00009a 9508      	RET
                 _putchar:
00009b 9b5d           sbis usr,udre
00009c cffe           rjmp _putchar
00009d 81e8           ld   r30,y
00009e b9ec           out  udr,r30
00009f 9621      	ADIW R28,1
0000a0 9508      	RET
                 __put_G2:
0000a1 d1c9      	RCALL __SAVELOCR2
0000a2 81ac      	LDD  R26,Y+4
0000a3 81bd      	LDD  R27,Y+4+1
0000a4 d1ba      	RCALL __GETW1P
0000a5 9730      	SBIW R30,0
0000a6 f0d1      	BREQ _0x16
0000a7 81aa      	LDD  R26,Y+2
0000a8 81bb      	LDD  R27,Y+2+1
0000a9 d1b5      	RCALL __GETW1P
0000aa 018f      	MOVW R16,R30
0000ab 9730      	SBIW R30,0
0000ac f049      	BREQ _0x18
0000ad 3002
0000ae e0e0
0000af 071e      	__CPWRN 16,17,2
0000b0 f078      	BRLO _0x19
0000b1 01f8      	MOVW R30,R16
0000b2 9731      	SBIW R30,1
0000b3 018f      	MOVW R16,R30
0000b4 93ed      	ST   X+,R30
0000b5 93fc      	ST   X,R31
                 _0x18:
0000b6 81ac      	LDD  R26,Y+4
0000b7 81bd      	LDD  R27,Y+4+1
0000b8 91ed      	LD   R30,X+
0000b9 91fd      	LD   R31,X+
0000ba 9631      	ADIW R30,1
0000bb 93fe      	ST   -X,R31
0000bc 93ee      	ST   -X,R30
0000bd 9731      	SBIW R30,1
0000be 81ae      	LDD  R26,Y+6
0000bf 83a0      	STD  Z+0,R26
                 _0x19:
0000c0 c003      	RJMP _0x1A
                 _0x16:
0000c1 81ee      	LDD  R30,Y+6
0000c2 93ea      	ST   -Y,R30
0000c3 dfd7      	RCALL _putchar
                 _0x1A:
0000c4 d1ad      	RCALL __LOADLOCR2
0000c5 9627      	ADIW R28,7
0000c6 9508      	RET
                 __print_G2:
0000c7 9726      	SBIW R28,6
0000c8 d19e      	RCALL __SAVELOCR6
0000c9 e010      	LDI  R17,0
                 _0x1B:
0000ca 89ea      	LDD  R30,Y+18
0000cb 89fb      	LDD  R31,Y+18+1
0000cc 9631      	ADIW R30,1
0000cd 8bea      	STD  Y+18,R30
0000ce 8bfb      	STD  Y+18+1,R31
0000cf 9731      	SBIW R30,1
0000d0 91e4      	LPM  R30,Z
0000d1 2f2e      	MOV  R18,R30
0000d2 30e0      	CPI  R30,0
0000d3 f409      	BRNE PC+2
0000d4 c0fd      	RJMP _0x1D
0000d5 2fe1      	MOV  R30,R17
0000d6 30e0      	CPI  R30,0
0000d7 f431      	BRNE _0x21
0000d8 3225      	CPI  R18,37
0000d9 f411      	BRNE _0x22
0000da e011      	LDI  R17,LOW(1)
0000db c001      	RJMP _0x23
                 _0x22:
0000dc d11d      	RCALL SUBOPT_0x2
                 _0x23:
0000dd c0f3      	RJMP _0x20
                 _0x21:
0000de 30e1      	CPI  R30,LOW(0x1)
0000df f4a1      	BRNE _0x24
0000e0 3225      	CPI  R18,37
0000e1 f411      	BRNE _0x25
0000e2 d117      	RCALL SUBOPT_0x2
0000e3 c0ec      	RJMP _0xC2
                 _0x25:
0000e4 e012      	LDI  R17,LOW(2)
0000e5 e040      	LDI  R20,LOW(0)
0000e6 e000      	LDI  R16,LOW(0)
0000e7 322d      	CPI  R18,45
0000e8 f411      	BRNE _0x26
0000e9 e001      	LDI  R16,LOW(1)
0000ea c0e6      	RJMP _0x20
                 _0x26:
0000eb 322b      	CPI  R18,43
0000ec f411      	BRNE _0x27
0000ed e24b      	LDI  R20,LOW(43)
0000ee c0e2      	RJMP _0x20
                 _0x27:
0000ef 3220      	CPI  R18,32
0000f0 f411      	BRNE _0x28
0000f1 e240      	LDI  R20,LOW(32)
0000f2 c0de      	RJMP _0x20
                 _0x28:
0000f3 c002      	RJMP _0x29
                 _0x24:
0000f4 30e2      	CPI  R30,LOW(0x2)
0000f5 f439      	BRNE _0x2A
                 _0x29:
0000f6 e050      	LDI  R21,LOW(0)
0000f7 e013      	LDI  R17,LOW(3)
0000f8 3320      	CPI  R18,48
0000f9 f411      	BRNE _0x2B
0000fa 6800      	ORI  R16,LOW(128)
0000fb c0d5      	RJMP _0x20
                 _0x2B:
0000fc c003      	RJMP _0x2C
                 _0x2A:
0000fd 30e3      	CPI  R30,LOW(0x3)
0000fe f009      	BREQ PC+2
0000ff c0d1      	RJMP _0x20
                 _0x2C:
000100 3320      	CPI  R18,48
000101 f010      	BRLO _0x2F
000102 332a      	CPI  R18,58
000103 f008      	BRLO _0x30
                 _0x2F:
000104 c009      	RJMP _0x2E
                 _0x30:
000105 2fa5      	MOV  R26,R21
000106 e0ea      	LDI  R30,LOW(10)
000107 9fea      	MUL  R30,R26
000108 01f0      	MOVW R30,R0
000109 2f5e      	MOV  R21,R30
00010a 2fe2      	MOV  R30,R18
00010b 53e0      	SUBI R30,LOW(48)
00010c 0f5e      	ADD  R21,R30
00010d c0c3      	RJMP _0x20
                 _0x2E:
00010e 2fe2      	MOV  R30,R18
00010f 36e3      	CPI  R30,LOW(0x63)
000110 f421      	BRNE _0x34
000111 d0f0      	RCALL SUBOPT_0x3
000112 91ec      	LD   R30,X
000113 d0f5      	RCALL SUBOPT_0x4
000114 c0bb      	RJMP _0x35
                 _0x34:
000115 37e3      	CPI  R30,LOW(0x73)
000116 f429      	BRNE _0x37
000117 d0ea      	RCALL SUBOPT_0x3
000118 d0f8      	RCALL SUBOPT_0x5
000119 d128      	RCALL _strlen
00011a 2f1e      	MOV  R17,R30
00011b c007      	RJMP _0x38
                 _0x37:
00011c 37e0      	CPI  R30,LOW(0x70)
00011d f449      	BRNE _0x3A
00011e d0e3      	RCALL SUBOPT_0x3
00011f d0f1      	RCALL SUBOPT_0x5
000120 d12b      	RCALL _strlenf
000121 2f1e      	MOV  R17,R30
000122 6008      	ORI  R16,LOW(8)
                 _0x38:
000123 6002      	ORI  R16,LOW(2)
000124 770f      	ANDI R16,LOW(127)
000125 e030      	LDI  R19,LOW(0)
000126 c02f      	RJMP _0x3B
                 _0x3A:
000127 36e4      	CPI  R30,LOW(0x64)
000128 f011      	BREQ _0x3E
000129 36e9      	CPI  R30,LOW(0x69)
00012a f411      	BRNE _0x3F
                 _0x3E:
00012b 6004      	ORI  R16,LOW(4)
00012c c002      	RJMP _0x40
                 _0x3F:
00012d 37e5      	CPI  R30,LOW(0x75)
00012e f429      	BRNE _0x41
                 _0x40:
00012f e2ea      	LDI  R30,LOW(_tbl10_G2*2)
000130 e0f0      	LDI  R31,HIGH(_tbl10_G2*2)
000131 d0e3      	RCALL SUBOPT_0x6
000132 e015      	LDI  R17,LOW(5)
000133 c00b      	RJMP _0x42
                 _0x41:
000134 35e8      	CPI  R30,LOW(0x58)
000135 f411      	BRNE _0x44
000136 6008      	ORI  R16,LOW(8)
000137 c003      	RJMP _0x45
                 _0x44:
000138 37e8      	CPI  R30,LOW(0x78)
000139 f009      	BREQ PC+2
00013a c095      	RJMP _0x76
                 _0x45:
00013b e3e4      	LDI  R30,LOW(_tbl16_G2*2)
00013c e0f0      	LDI  R31,HIGH(_tbl16_G2*2)
00013d d0d7      	RCALL SUBOPT_0x6
00013e e014      	LDI  R17,LOW(4)
                 _0x42:
00013f ff02      	SBRS R16,2
000140 c012      	RJMP _0x47
000141 d0c0      	RCALL SUBOPT_0x3
000142 d11c      	RCALL __GETW1P
000143 d0d4      	RCALL SUBOPT_0x7
000144 85aa      	LDD  R26,Y+10
000145 85bb      	LDD  R27,Y+10+1
000146 9710      	SBIW R26,0
000147 f42c      	BRGE _0x48
000148 85ea      	LDD  R30,Y+10
000149 85fb      	LDD  R31,Y+10+1
00014a d110      	RCALL __ANEGW1
00014b d0cc      	RCALL SUBOPT_0x7
00014c e24d      	LDI  R20,LOW(45)
                 _0x48:
00014d 3040      	CPI  R20,0
00014e f011      	BREQ _0x49
00014f 5f1f      	SUBI R17,-LOW(1)
000150 c001      	RJMP _0x4A
                 _0x49:
000151 7f0b      	ANDI R16,LOW(251)
                 _0x4A:
000152 c003      	RJMP _0x4B
                 _0x47:
000153 d0ae      	RCALL SUBOPT_0x3
000154 d10a      	RCALL __GETW1P
000155 d0c2      	RCALL SUBOPT_0x7
                 _0x4B:
                 _0x3B:
000156 fd00      	SBRC R16,0
000157 c010      	RJMP _0x4C
                 _0x4D:
000158 1715      	CP   R17,R21
000159 f470      	BRSH _0x4F
00015a ff07      	SBRS R16,7
00015b c008      	RJMP _0x50
00015c ff02      	SBRS R16,2
00015d c004      	RJMP _0x51
00015e 7f0b      	ANDI R16,LOW(251)
00015f 2f24      	MOV  R18,R20
000160 5011      	SUBI R17,LOW(1)
000161 c001      	RJMP _0x52
                 _0x51:
000162 e320      	LDI  R18,LOW(48)
                 _0x52:
000163 c001      	RJMP _0x53
                 _0x50:
000164 e220      	LDI  R18,LOW(32)
                 _0x53:
000165 d094      	RCALL SUBOPT_0x2
000166 5051      	SUBI R21,LOW(1)
000167 cff0      	RJMP _0x4D
                 _0x4F:
                 _0x4C:
000168 2f31      	MOV  R19,R17
000169 ff01      	SBRS R16,1
00016a c018      	RJMP _0x54
                 _0x55:
00016b 3030      	CPI  R19,0
00016c f0a9      	BREQ _0x57
00016d ff03      	SBRS R16,3
00016e c007      	RJMP _0x58
00016f 81ee      	LDD  R30,Y+6
000170 81ff      	LDD  R31,Y+6+1
000171 9631      	ADIW R30,1
000172 d0a2      	RCALL SUBOPT_0x6
000173 9731      	SBIW R30,1
000174 91e4      	LPM  R30,Z
000175 c005      	RJMP _0xC3
                 _0x58:
000176 81ae      	LDD  R26,Y+6
000177 81bf      	LDD  R27,Y+6+1
000178 91ed      	LD   R30,X+
000179 83ae      	STD  Y+6,R26
00017a 83bf      	STD  Y+6+1,R27
                 _0xC3:
00017b 93ea      	ST   -Y,R30
00017c d09e      	RCALL SUBOPT_0x8
00017d 3050      	CPI  R21,0
00017e f009      	BREQ _0x5A
00017f 5051      	SUBI R21,LOW(1)
                 _0x5A:
000180 5031      	SUBI R19,LOW(1)
000181 cfe9      	RJMP _0x55
                 _0x57:
000182 c045      	RJMP _0x5B
                 _0x54:
                 _0x5D:
000183 e320      	LDI  R18,LOW(48)
000184 81ee      	LDD  R30,Y+6
000185 81ff      	LDD  R31,Y+6+1
000186 9632      	ADIW R30,2
000187 d08d      	RCALL SUBOPT_0x6
000188 9732      	SBIW R30,2
000189 d0d9      	RCALL __GETW1PF
00018a 87e8      	STD  Y+8,R30
00018b 87f9      	STD  Y+8+1,R31
                 _0x5F:
00018c 85e8      	LDD  R30,Y+8
00018d 85f9      	LDD  R31,Y+8+1
00018e 85aa      	LDD  R26,Y+10
00018f 85bb      	LDD  R27,Y+10+1
000190 17ae      	CP   R26,R30
000191 07bf      	CPC  R27,R31
000192 f048      	BRLO _0x61
000193 5f2f      	SUBI R18,-LOW(1)
000194 85a8      	LDD  R26,Y+8
000195 85b9      	LDD  R27,Y+8+1
000196 85ea      	LDD  R30,Y+10
000197 85fb      	LDD  R31,Y+10+1
000198 1bea      	SUB  R30,R26
000199 0bfb      	SBC  R31,R27
00019a d07d      	RCALL SUBOPT_0x7
00019b cff0      	RJMP _0x5F
                 _0x61:
00019c 332a      	CPI  R18,58
00019d f028      	BRLO _0x62
00019e ff03      	SBRS R16,3
00019f c002      	RJMP _0x63
0001a0 5f29      	SUBI R18,-LOW(7)
0001a1 c001      	RJMP _0x64
                 _0x63:
0001a2 5d29      	SUBI R18,-LOW(39)
                 _0x64:
                 _0x62:
0001a3 fd04      	SBRC R16,4
0001a4 c019      	RJMP _0x66
0001a5 3321      	CPI  R18,49
0001a6 f420      	BRSH _0x68
0001a7 85a8      	LDD  R26,Y+8
0001a8 85b9      	LDD  R27,Y+8+1
0001a9 9711      	SBIW R26,1
0001aa f409      	BRNE _0x67
                 _0x68:
0001ab c009      	RJMP _0xC4
                 _0x67:
0001ac 1753      	CP   R21,R19
0001ad f010      	BRLO _0x6C
0001ae ff00      	SBRS R16,0
0001af c001      	RJMP _0x6D
                 _0x6C:
0001b0 c011      	RJMP _0x6B
                 _0x6D:
0001b1 e220      	LDI  R18,LOW(32)
0001b2 ff07      	SBRS R16,7
0001b3 c00a      	RJMP _0x6E
0001b4 e320      	LDI  R18,LOW(48)
                 _0xC4:
0001b5 6100      	ORI  R16,LOW(16)
0001b6 ff02      	SBRS R16,2
0001b7 c006      	RJMP _0x6F
0001b8 7f0b      	ANDI R16,LOW(251)
0001b9 934a      	ST   -Y,R20
0001ba d060      	RCALL SUBOPT_0x8
0001bb 3050      	CPI  R21,0
0001bc f009      	BREQ _0x70
0001bd 5051      	SUBI R21,LOW(1)
                 _0x70:
                 _0x6F:
                 _0x6E:
                 _0x66:
0001be d03b      	RCALL SUBOPT_0x2
0001bf 3050      	CPI  R21,0
0001c0 f009      	BREQ _0x71
0001c1 5051      	SUBI R21,LOW(1)
                 _0x71:
                 _0x6B:
0001c2 5031      	SUBI R19,LOW(1)
0001c3 85a8      	LDD  R26,Y+8
0001c4 85b9      	LDD  R27,Y+8+1
0001c5 9712      	SBIW R26,2
0001c6 f008      	BRLO _0x5E
0001c7 cfbb      	RJMP _0x5D
                 _0x5E:
                 _0x5B:
0001c8 ff00      	SBRS R16,0
0001c9 c006      	RJMP _0x72
                 _0x73:
0001ca 3050      	CPI  R21,0
0001cb f021      	BREQ _0x75
0001cc 5051      	SUBI R21,LOW(1)
0001cd e2e0      	LDI  R30,LOW(32)
0001ce d03a      	RCALL SUBOPT_0x4
0001cf cffa      	RJMP _0x73
                 _0x75:
                 _0x72:
                 _0x76:
                 _0x35:
                 _0xC2:
0001d0 e010      	LDI  R17,LOW(0)
                 _0x20:
0001d1 cef8      	RJMP _0x1B
                 _0x1D:
0001d2 d09b      	RCALL __LOADLOCR6
0001d3 9664      	ADIW R28,20
0001d4 9508      	RET
                 _printf:
0001d5 92ff      	PUSH R15
0001d6 2ef8      	MOV  R15,R24
0001d7 9722      	SBIW R28,2
0001d8 d092      	RCALL __SAVELOCR2
0001d9 01de      	MOVW R26,R28
0001da d07c      	RCALL __ADDW2R15
0001db 018d      	MOVW R16,R26
0001dc e0e0      	LDI  R30,0
0001dd 83ea      	STD  Y+2,R30
0001de 83eb      	STD  Y+2+1,R30
0001df 01de      	MOVW R26,R28
0001e0 9614      	ADIW R26,4
0001e1 d075      	RCALL __ADDW2R15
0001e2 d07c      	RCALL __GETW1P
0001e3 d00d      	RCALL SUBOPT_0x0
0001e4 931a      	ST   -Y,R17
0001e5 930a      	ST   -Y,R16
0001e6 01fe      	MOVW R30,R28
0001e7 9636      	ADIW R30,6
0001e8 d008      	RCALL SUBOPT_0x0
0001e9 e0e0      	LDI  R30,LOW(0)
0001ea e0f0      	LDI  R31,HIGH(0)
0001eb d005      	RCALL SUBOPT_0x0
0001ec deda      	RCALL __print_G2
0001ed d084      	RCALL __LOADLOCR2
0001ee 9624      	ADIW R28,4
0001ef 90ff      	POP  R15
0001f0 9508      	RET
                 
                 ;OPTIMIZER ADDED SUBROUTINE, CALLED 26 TIMES, CODE SIZE REDUCTION:23 WORDS
                 SUBOPT_0x0:
0001f1 93fa      	ST   -Y,R31
0001f2 93ea      	ST   -Y,R30
0001f3 9508      	RET
                 
                 ;OPTIMIZER ADDED SUBROUTINE, CALLED 3 TIMES, CODE SIZE REDUCTION:6 WORDS
                 SUBOPT_0x1:
0001f4 eee8      	LDI  R30,LOW(65000)
0001f5 effd      	LDI  R31,HIGH(65000)
0001f6 dffa      	RCALL SUBOPT_0x0
0001f7 de95      	RCALL _delay
0001f8 5f1f      	SUBI R17,-1
0001f9 9508      	RET
                 
                 ;OPTIMIZER ADDED SUBROUTINE, CALLED 4 TIMES, CODE SIZE REDUCTION:19 WORDS
                 SUBOPT_0x2:
0001fa 932a      	ST   -Y,R18
0001fb 85ef      	LDD  R30,Y+15
0001fc 89f8      	LDD  R31,Y+15+1
0001fd dff3      	RCALL SUBOPT_0x0
0001fe 01fe      	MOVW R30,R28
0001ff 963f      	ADIW R30,15
000200 dff0      	RCALL SUBOPT_0x0
000201 ce9f      	RJMP __put_G2
                 
                 ;OPTIMIZER ADDED SUBROUTINE, CALLED 5 TIMES, CODE SIZE REDUCTION:18 WORDS
                 SUBOPT_0x3:
000202 89a8      	LDD  R26,Y+16
000203 89b9      	LDD  R27,Y+16+1
000204 9714      	SBIW R26,4
000205 8ba8      	STD  Y+16,R26
000206 8bb9      	STD  Y+16+1,R27
000207 9614      	ADIW R26,4
000208 9508      	RET
                 
                 ;OPTIMIZER ADDED SUBROUTINE, CALLED 2 TIMES, CODE SIZE REDUCTION:5 WORDS
                 SUBOPT_0x4:
000209 93ea      	ST   -Y,R30
00020a 85ef      	LDD  R30,Y+15
00020b 89f8      	LDD  R31,Y+15+1
00020c dfe4      	RCALL SUBOPT_0x0
00020d 01fe      	MOVW R30,R28
00020e 963f      	ADIW R30,15
00020f dfe1      	RCALL SUBOPT_0x0
000210 ce90      	RJMP __put_G2
                 
                 ;OPTIMIZER ADDED SUBROUTINE, CALLED 2 TIMES, CODE SIZE REDUCTION:3 WORDS
                 SUBOPT_0x5:
000211 d04d      	RCALL __GETW1P
000212 83ee      	STD  Y+6,R30
000213 83ff      	STD  Y+6+1,R31
000214 cfdc      	RJMP SUBOPT_0x0
                 
                 ;OPTIMIZER ADDED SUBROUTINE, CALLED 4 TIMES, CODE SIZE REDUCTION:1 WORDS
                 SUBOPT_0x6:
000215 83ee      	STD  Y+6,R30
000216 83ff      	STD  Y+6+1,R31
000217 9508      	RET
                 
                 ;OPTIMIZER ADDED SUBROUTINE, CALLED 4 TIMES, CODE SIZE REDUCTION:1 WORDS
                 SUBOPT_0x7:
000218 87ea      	STD  Y+10,R30
000219 87fb      	STD  Y+10+1,R31
00021a 9508      	RET
                 
                 ;OPTIMIZER ADDED SUBROUTINE, CALLED 2 TIMES, CODE SIZE REDUCTION:4 WORDS
                 SUBOPT_0x8:
00021b 85ef      	LDD  R30,Y+15
00021c 89f8      	LDD  R31,Y+15+1
00021d dfd3      	RCALL SUBOPT_0x0
00021e 01fe      	MOVW R30,R28
00021f 963f      	ADIW R30,15
000220 dfd0      	RCALL SUBOPT_0x0
000221 ce7f      	RJMP __put_G2
                 
                 _isdigit:
000222 e0e1      	ldi  r30,1
000223 91f9      	ld   r31,y+
000224 33f0      	cpi  r31,'0'
000225 f010      	brlo __isdigit0
000226 33fa      	cpi  r31,'9'+1
000227 f008      	brlo __isdigit1
                 __isdigit0:
000228 27ee      	clr  r30
                 __isdigit1:
000229 9508      	ret
                 
                 _isspace:
00022a e0e1      	ldi  r30,1
00022b 91f9      	ld   r31,y+
00022c 32f0      	cpi  r31,' '
00022d f029      	breq __isspace1
00022e 30f9      	cpi  r31,9
00022f f010      	brlo __isspace0
000230 30fe      	cpi  r31,14
000231 f008      	brlo __isspace1
                 __isspace0:
000232 27ee      	clr  r30
                 __isspace1:
000233 9508      	ret
                 
                 _isxdigit:
000234 e0e1      	ldi  r30,1
000235 91f9      	ld   r31,y+
000236 53f0      	subi r31,0x30
000237 f040      	brcs __isxdigit0
000238 30fa      	cpi  r31,10
000239 f038      	brcs __isxdigit1
00023a 75ff      	andi r31,0x5f
00023b 50f7      	subi r31,7
00023c 30fa      	cpi  r31,10
00023d f010      	brcs __isxdigit0
00023e 31f0      	cpi  r31,16
00023f f008      	brcs __isxdigit1
                 __isxdigit0:
000240 27ee      	clr  r30
                 __isxdigit1:
000241 9508      	ret
                 
                 _strlen:
000242 91a9      	ld   r26,y+
000243 91b9      	ld   r27,y+
000244 27ee      	clr  r30
000245 27ff      	clr  r31
                 __strlen0:
000246 916d      	ld   r22,x+
000247 2366      	tst  r22
000248 f011      	breq __strlen1
000249 9631      	adiw r30,1
00024a cffb      	rjmp __strlen0
                 __strlen1:
00024b 9508      	ret
                 
                 _strlenf:
00024c 27aa      	clr  r26
00024d 27bb      	clr  r27
00024e 91e9      	ld   r30,y+
00024f 91f9      	ld   r31,y+
                 __strlenf0:
000250 9005      	lpm  r0,z+
000251 2000      	tst  r0
000252 f011      	breq __strlenf1
000253 9611      	adiw r26,1
000254 cffb      	rjmp __strlenf0
                 __strlenf1:
000255 01fd      	movw r30,r26
000256 9508      	ret
                 
                 __ADDW2R15:
000257 2400      	CLR  R0
000258 0daf      	ADD  R26,R15
000259 1db0      	ADC  R27,R0
00025a 9508      	RET
                 
                 __ANEGW1:
00025b 95f1      	NEG  R31
00025c 95e1      	NEG  R30
00025d 40f0      	SBCI R31,0
00025e 9508      	RET
                 
                 __GETW1P:
00025f 91ed      	LD   R30,X+
000260 91fc      	LD   R31,X
000261 9711      	SBIW R26,1
000262 9508      	RET
                 
                 __GETW1PF:
000263 9005      	LPM  R0,Z+
000264 91f4      	LPM  R31,Z
000265 2de0      	MOV  R30,R0
000266 9508      	RET
                 
                 __SAVELOCR6:
000267 935a      	ST   -Y,R21
                 __SAVELOCR5:
000268 934a      	ST   -Y,R20
                 __SAVELOCR4:
000269 933a      	ST   -Y,R19
                 __SAVELOCR3:
00026a 932a      	ST   -Y,R18
                 __SAVELOCR2:
00026b 931a      	ST   -Y,R17
00026c 930a      	ST   -Y,R16
00026d 9508      	RET
                 
                 __LOADLOCR6:
00026e 815d      	LDD  R21,Y+5
                 __LOADLOCR5:
00026f 814c      	LDD  R20,Y+4
                 __LOADLOCR4:
000270 813b      	LDD  R19,Y+3
                 __LOADLOCR3:
000271 812a      	LDD  R18,Y+2
                 __LOADLOCR2:
000272 8119      	LDD  R17,Y+1
000273 8108      	LD   R16,Y
000274 9508      	RET
                 
                 ;END OF CODE MARKER
                 __END_OF_CODE:


RESOURCE USE INFORMATION
------------------------

Notice:
The register and instruction counts are symbol table hit counts,
and hence implicitly used resources are not counted, eg, the
'lpm' instruction without operands implicitly uses r0 and z,
none of which are counted.

x,y,z are separate entities in the symbol table and are
counted separately from r26..r31 here.

.dseg memory usage only counts static data declared with .byte

ATmega8535 register use summary:
r0 :  11 r1 :   1 r2 :   0 r3 :   0 r4 :   0 r5 :   0 r6 :   0 r7 :   0 
r8 :   0 r9 :   0 r10:   0 r11:   0 r12:   0 r13:   0 r14:   0 r15:   4 
r16:  37 r17:  25 r18:  25 r19:   8 r20:   9 r21:  17 r22:   4 r23:   0 
r24:   9 r25:   2 r26:  36 r27:  19 r28:  15 r29:   1 r30: 142 r31:  53 
x  :  14 y  :  89 z  :  13 
Registers used: 21 out of 35 (60.0%)

ATmega8535 instruction use summary:
adc   :   1 add   :   2 adiw  :  18 and   :   0 andi  :   7 asr   :   0 
bclr  :   0 bld   :   0 brbc  :   0 brbs  :   0 brcc  :   0 brcs  :   4 
break :   0 breq  :  19 brge  :   1 brhc  :   0 brhs  :   0 brid  :   0 
brie  :   0 brlo  :  11 brlt  :   0 brmi  :   0 brne  :  25 brpl  :   0 
brsh  :   2 brtc  :   0 brts  :   0 brvc  :   0 brvs  :   0 bset  :   0 
bst   :   0 cbi   :   4 cbr   :   0 clc   :   0 clh   :   0 cli   :   1 
cln   :   0 clr   :  10 cls   :   0 clt   :   0 clv   :   0 clz   :   0 
com   :   0 cp    :   3 cpc   :   2 cpi   :  46 cpse  :   0 dec   :   1 
eor   :   0 fmul  :   0 fmuls :   0 fmulsu:   0 icall :   0 ijmp  :   0 
in    :   2 inc   :   0 ld    :  17 ldd   :  46 ldi   :  62 lds   :   0 
lpm   :  12 lsl   :   0 lsr   :   0 mov   :  13 movw  :  15 mul   :   1 
muls  :   0 mulsu :   0 neg   :   2 nop   :   0 or    :   0 ori   :   6 
out   :  17 pop   :   1 push  :   1 rcall :  61 ret   :  22 reti  :   0 
rjmp  :  86 rol   :   0 ror   :   0 sbc   :   1 sbci  :   1 sbi   :   0 
sbic  :   0 sbis  :   2 sbiw  :  19 sbr   :   0 sbrc  :   2 sbrs  :  10 
sec   :   0 seh   :   0 sei   :   0 sen   :   0 ser   :   0 ses   :   0 
set   :   0 sev   :   0 sez   :   0 sleep :   0 spm   :   0 st    :  23 
std   :  18 sts   :   0 sub   :   1 subi  :  16 swap  :   1 tst   :   2 
wdr   :   0 
Instructions used: 45 out of 109 (41.3%)

ATmega8535 memory use summary [bytes]:
Segment   Begin    End      Code   Data   Used    Size   Use%
---------------------------------------------------------------
[.cseg] 0x000000 0x0004ea   1234     24   1258    8192  15.4%
[.dseg] 0x000060 0x0000e0      0      0      0     512   0.0%
[.eseg] 0x000000 0x000000      0      0      0     512   0.0%

Assembly complete, 0 errors, 0 warnings
