Archive member included because of file (symbol)

e:/winavr-20100110/bin/../lib/gcc/avr/4.3.3/avr51\libgcc.a(_exit.o)
                              e:/winavr-20100110/bin/../lib/gcc/avr/4.3.3/../../../../avr/lib/avr51/crtm128.o (exit)
e:/winavr-20100110/bin/../lib/gcc/avr/4.3.3/avr51\libgcc.a(_clear_bss.o)
                              main.o (__do_clear_bss)
e:/winavr-20100110/bin/../lib/gcc/avr/4.3.3/../../../../avr/lib/avr51\libc.a(isxdigit.o)
                              ihex.o (isxdigit)
e:/winavr-20100110/bin/../lib/gcc/avr/4.3.3/../../../../avr/lib/avr51\libc.a(memcpy.o)
                              ihex.o (memcpy)
e:/winavr-20100110/bin/../lib/gcc/avr/4.3.3/../../../../avr/lib/avr51\libc.a(ltoa.o)
                              writer.o (ltoa)
e:/winavr-20100110/bin/../lib/gcc/avr/4.3.3/../../../../avr/lib/avr51\libc.a(cty_isfalse.o)
                              e:/winavr-20100110/bin/../lib/gcc/avr/4.3.3/../../../../avr/lib/avr51\libc.a(isxdigit.o) (__ctype_isfalse)
e:/winavr-20100110/bin/../lib/gcc/avr/4.3.3/../../../../avr/lib/avr51\libc.a(strrev.o)
                              e:/winavr-20100110/bin/../lib/gcc/avr/4.3.3/../../../../avr/lib/avr51\libc.a(ltoa.o) (strrev)
e:/winavr-20100110/bin/../lib/gcc/avr/4.3.3/avr51\libgcc.a(_udivmodsi4.o)
                              e:/winavr-20100110/bin/../lib/gcc/avr/4.3.3/../../../../avr/lib/avr51\libc.a(ltoa.o) (__udivmodsi4)

Allocating common symbols
Common symbol       size              file

uart_fifo_rx        0x10              uart.o
line_ptr            0x2               ihex.o
ihex_status         0x1               ihex.o
ihex_data           0x10              ihex.o
uart_fifo_data_rx   0x100             uart.o
uart_fifo_tx        0x10              uart.o
buffer_verify       0x100             writer.o
ihex_byte_count     0x1               ihex.o
hexline             0x3c              ihex.o
uart_fifo_data_tx   0x20              uart.o

Memory Configuration

Name             Origin             Length             Attributes
text             0x00000000         0x00020000         xr
data             0x00800060         0x0000ffa0         rw !x
eeprom           0x00810000         0x00010000         rw !x
fuse             0x00820000         0x00000400         rw !x
lock             0x00830000         0x00000400         rw !x
signature        0x00840000         0x00000400         rw !x
*default*        0x00000000         0xffffffff

Linker script and memory map

Address of section .data set to 0x800100
LOAD e:/winavr-20100110/bin/../lib/gcc/avr/4.3.3/../../../../avr/lib/avr51/crtm128.o
LOAD main.o
LOAD writer.o
LOAD uart.o
LOAD misc.o
LOAD ihex.o
LOAD fifo.o
Address of section .text set to 0x1e000
LOAD e:/winavr-20100110/bin/../lib/gcc/avr/4.3.3/../../../../avr/lib/avr51\libm.a
LOAD e:/winavr-20100110/bin/../lib/gcc/avr/4.3.3/avr51\libgcc.a
LOAD e:/winavr-20100110/bin/../lib/gcc/avr/4.3.3/../../../../avr/lib/avr51\libc.a
LOAD e:/winavr-20100110/bin/../lib/gcc/avr/4.3.3/avr51\libgcc.a

.hash
 *(.hash)

.dynsym
 *(.dynsym)

.dynstr
 *(.dynstr)

.gnu.version
 *(.gnu.version)

.gnu.version_d
 *(.gnu.version_d)

.gnu.version_r
 *(.gnu.version_r)

.rel.init
 *(.rel.init)

.rela.init
 *(.rela.init)

.rel.text
 *(.rel.text)
 *(.rel.text.*)
 *(.rel.gnu.linkonce.t*)

.rela.text
 *(.rela.text)
 *(.rela.text.*)
 *(.rela.gnu.linkonce.t*)

.rel.fini
 *(.rel.fini)

.rela.fini
 *(.rela.fini)

.rel.rodata
 *(.rel.rodata)
 *(.rel.rodata.*)
 *(.rel.gnu.linkonce.r*)

.rela.rodata
 *(.rela.rodata)
 *(.rela.rodata.*)
 *(.rela.gnu.linkonce.r*)

.rel.data
 *(.rel.data)
 *(.rel.data.*)
 *(.rel.gnu.linkonce.d*)

.rela.data
 *(.rela.data)
 *(.rela.data.*)
 *(.rela.gnu.linkonce.d*)

.rel.ctors
 *(.rel.ctors)

.rela.ctors
 *(.rela.ctors)

.rel.dtors
 *(.rel.dtors)

.rela.dtors
 *(.rela.dtors)

.rel.got
 *(.rel.got)

.rela.got
 *(.rela.got)

.rel.bss
 *(.rel.bss)

.rela.bss
 *(.rela.bss)

.rel.plt
 *(.rel.plt)

.rela.plt
 *(.rela.plt)

.text           0x0001e000      0xd96
 *(.vectors)
 .vectors       0x0001e000       0x8c e:/winavr-20100110/bin/../lib/gcc/avr/4.3.3/../../../../avr/lib/avr51/crtm128.o
                0x0001e000                __vectors
                0x0001e000                __vector_default
 *(.vectors)
 *(.progmem.gcc*)
 *(.progmem*)
                0x0001e08c                . = ALIGN (0x2)
                0x0001e08c                __trampolines_start = .
 *(.trampolines)
 .trampolines   0x0001e08c        0x0 linker stubs
 *(.trampolines*)
                0x0001e08c                __trampolines_end = .
 *(.jumptables)
 *(.jumptables*)
 *(.lowtext)
 *(.lowtext*)
                0x0001e08c                __ctors_start = .
 *(.ctors)
                0x0001e08c                __ctors_end = .
                0x0001e08c                __dtors_start = .
 *(.dtors)
                0x0001e08c                __dtors_end = .
 SORT(*)(.ctors)
 SORT(*)(.dtors)
 *(.init0)
 .init0         0x0001e08c        0x0 e:/winavr-20100110/bin/../lib/gcc/avr/4.3.3/../../../../avr/lib/avr51/crtm128.o
                0x0001e08c                __init
 *(.init0)
 *(.init1)
 *(.init1)
 *(.init2)
 .init2         0x0001e08c        0xc e:/winavr-20100110/bin/../lib/gcc/avr/4.3.3/../../../../avr/lib/avr51/crtm128.o
 *(.init2)
 *(.init3)
 *(.init3)
 *(.init4)
 .init4         0x0001e098       0x1a e:/winavr-20100110/bin/../lib/gcc/avr/4.3.3/../../../../avr/lib/avr51/crtm128.o
                0x0001e098                __do_copy_data
 .init4         0x0001e0b2       0x10 e:/winavr-20100110/bin/../lib/gcc/avr/4.3.3/avr51\libgcc.a(_clear_bss.o)
                0x0001e0b2                __do_clear_bss
 *(.init4)
 *(.init5)
 *(.init5)
 *(.init6)
 *(.init6)
 *(.init7)
 *(.init7)
 *(.init8)
 *(.init8)
 *(.init9)
 .init9         0x0001e0c2        0x8 e:/winavr-20100110/bin/../lib/gcc/avr/4.3.3/../../../../avr/lib/avr51/crtm128.o
 *(.init9)
 *(.text)
 .text          0x0001e0ca        0x4 e:/winavr-20100110/bin/../lib/gcc/avr/4.3.3/../../../../avr/lib/avr51/crtm128.o
                0x0001e0ca                __vector_22
                0x0001e0ca                __vector_28
                0x0001e0ca                __vector_1
                0x0001e0ca                __vector_32
                0x0001e0ca                __vector_34
                0x0001e0ca                __vector_24
                0x0001e0ca                __vector_12
                0x0001e0ca                __bad_interrupt
                0x0001e0ca                __vector_6
                0x0001e0ca                __vector_3
                0x0001e0ca                __vector_23
                0x0001e0ca                __vector_25
                0x0001e0ca                __vector_11
                0x0001e0ca                __vector_13
                0x0001e0ca                __vector_17
                0x0001e0ca                __vector_7
                0x0001e0ca                __vector_27
                0x0001e0ca                __vector_5
                0x0001e0ca                __vector_33
                0x0001e0ca                __vector_4
                0x0001e0ca                __vector_9
                0x0001e0ca                __vector_2
                0x0001e0ca                __vector_21
                0x0001e0ca                __vector_15
                0x0001e0ca                __vector_29
                0x0001e0ca                __vector_8
                0x0001e0ca                __vector_26
                0x0001e0ca                __vector_14
                0x0001e0ca                __vector_10
                0x0001e0ca                __vector_16
                0x0001e0ca                __vector_20
 .text          0x0001e0ce      0x1be main.o
                0x0001e0ce                main
 .text          0x0001e28c      0x25a writer.o
                0x0001e28c                memcmp_farP
                0x0001e2ba                write_page
                0x0001e3c6                flash_finish
                0x0001e3cc                flash_byte
 .text          0x0001e4e6      0x3de uart.o
                0x0001e604                uart1_isrtx_enable
                0x0001e6b6                __vector_31
                0x0001e662                __vector_30
                0x0001e722                __vector_19
                0x0001e784                uart_init
                0x0001e5a6                uart_rx_char
                0x0001e600                uart0_isrtx_enable
                0x0001e4e6                uart_write_string
                0x0001e610                __vector_18
 .text          0x0001e8c4       0x92 misc.o
                0x0001e932                read_bige_uint
                0x0001e8c4                hex2ascii
 .text          0x0001e956      0x256 ihex.o
                0x0001e98c                ascii2hex
                0x0001e956                ihex_init
                0x0001e9b2                ihex_process_line
                0x0001eb4e                ihex_char
 .text          0x0001ebac       0xec fifo.o
                0x0001ebac                fifo_read_char
                0x0001ec7a                fifo_init
                0x0001ec46                fifo_flush
 .text          0x0001ec98        0x0 e:/winavr-20100110/bin/../lib/gcc/avr/4.3.3/avr51\libgcc.a(_exit.o)
 .text          0x0001ec98        0x0 e:/winavr-20100110/bin/../lib/gcc/avr/4.3.3/avr51\libgcc.a(_clear_bss.o)
 .text          0x0001ec98        0x0 e:/winavr-20100110/bin/../lib/gcc/avr/4.3.3/../../../../avr/lib/avr51\libc.a(isxdigit.o)
 .text          0x0001ec98        0x0 e:/winavr-20100110/bin/../lib/gcc/avr/4.3.3/../../../../avr/lib/avr51\libc.a(memcpy.o)
 .text          0x0001ec98        0x0 e:/winavr-20100110/bin/../lib/gcc/avr/4.3.3/../../../../avr/lib/avr51\libc.a(ltoa.o)
 .text          0x0001ec98        0x0 e:/winavr-20100110/bin/../lib/gcc/avr/4.3.3/../../../../avr/lib/avr51\libc.a(cty_isfalse.o)
 .text          0x0001ec98        0x0 e:/winavr-20100110/bin/../lib/gcc/avr/4.3.3/../../../../avr/lib/avr51\libc.a(strrev.o)
 .text          0x0001ec98        0x0 e:/winavr-20100110/bin/../lib/gcc/avr/4.3.3/avr51\libgcc.a(_udivmodsi4.o)
                0x0001ec98                . = ALIGN (0x2)
 *(.text.*)
 .text.libgcc   0x0001ec98        0x0 e:/winavr-20100110/bin/../lib/gcc/avr/4.3.3/avr51\libgcc.a(_exit.o)
 .text.libgcc   0x0001ec98        0x0 e:/winavr-20100110/bin/../lib/gcc/avr/4.3.3/avr51\libgcc.a(_clear_bss.o)
 .text.avr-libc
                0x0001ec98       0x16 e:/winavr-20100110/bin/../lib/gcc/avr/4.3.3/../../../../avr/lib/avr51\libc.a(isxdigit.o)
                0x0001ec98                isxdigit
 .text.avr-libc
                0x0001ecae       0x12 e:/winavr-20100110/bin/../lib/gcc/avr/4.3.3/../../../../avr/lib/avr51\libc.a(memcpy.o)
                0x0001ecae                memcpy
 .text.avr-libc
                0x0001ecc0       0x68 e:/winavr-20100110/bin/../lib/gcc/avr/4.3.3/../../../../avr/lib/avr51\libc.a(ltoa.o)
                0x0001ecc0                ltoa
 .text.avr-libc
                0x0001ed28        0x6 e:/winavr-20100110/bin/../lib/gcc/avr/4.3.3/../../../../avr/lib/avr51\libc.a(cty_isfalse.o)
                0x0001ed2c                __ctype_istrue
                0x0001ed28                __ctype_isfalse
 .text.avr-libc
                0x0001ed2e       0x20 e:/winavr-20100110/bin/../lib/gcc/avr/4.3.3/../../../../avr/lib/avr51\libc.a(strrev.o)
                0x0001ed2e                strrev
 .text.libgcc   0x0001ed4e       0x44 e:/winavr-20100110/bin/../lib/gcc/avr/4.3.3/avr51\libgcc.a(_udivmodsi4.o)
                0x0001ed4e                __udivmodsi4
                0x0001ed92                . = ALIGN (0x2)
 *(.fini9)
 .fini9         0x0001ed92        0x0 e:/winavr-20100110/bin/../lib/gcc/avr/4.3.3/avr51\libgcc.a(_exit.o)
                0x0001ed92                exit
                0x0001ed92                _exit
 *(.fini9)
 *(.fini8)
 *(.fini8)
 *(.fini7)
 *(.fini7)
 *(.fini6)
 *(.fini6)
 *(.fini5)
 *(.fini5)
 *(.fini4)
 *(.fini4)
 *(.fini3)
 *(.fini3)
 *(.fini2)
 *(.fini2)
 *(.fini1)
 *(.fini1)
 *(.fini0)
 .fini0         0x0001ed92        0x4 e:/winavr-20100110/bin/../lib/gcc/avr/4.3.3/avr51\libgcc.a(_exit.o)
 *(.fini0)
                0x0001ed96                _etext = .

.data           0x00800100       0xb6 load address 0x0001ed96
                0x00800100                PROVIDE (__data_start, .)
 *(.data)
 .data          0x00800100        0x0 e:/winavr-20100110/bin/../lib/gcc/avr/4.3.3/../../../../avr/lib/avr51/crtm128.o
 .data          0x00800100       0x9d main.o
 .data          0x0080019d       0x18 writer.o
                0x008001b1                current_page
 .data          0x008001b5        0x0 uart.o
 .data          0x008001b5        0x0 misc.o
 .data          0x008001b5        0x0 ihex.o
 .data          0x008001b5        0x0 fifo.o
 .data          0x008001b5        0x0 e:/winavr-20100110/bin/../lib/gcc/avr/4.3.3/avr51\libgcc.a(_exit.o)
 .data          0x008001b5        0x0 e:/winavr-20100110/bin/../lib/gcc/avr/4.3.3/avr51\libgcc.a(_clear_bss.o)
 .data          0x008001b5        0x0 e:/winavr-20100110/bin/../lib/gcc/avr/4.3.3/../../../../avr/lib/avr51\libc.a(isxdigit.o)
 .data          0x008001b5        0x0 e:/winavr-20100110/bin/../lib/gcc/avr/4.3.3/../../../../avr/lib/avr51\libc.a(memcpy.o)
 .data          0x008001b5        0x0 e:/winavr-20100110/bin/../lib/gcc/avr/4.3.3/../../../../avr/lib/avr51\libc.a(ltoa.o)
 .data          0x008001b5        0x0 e:/winavr-20100110/bin/../lib/gcc/avr/4.3.3/../../../../avr/lib/avr51\libc.a(cty_isfalse.o)
 .data          0x008001b5        0x0 e:/winavr-20100110/bin/../lib/gcc/avr/4.3.3/../../../../avr/lib/avr51\libc.a(strrev.o)
 .data          0x008001b5        0x0 e:/winavr-20100110/bin/../lib/gcc/avr/4.3.3/avr51\libgcc.a(_udivmodsi4.o)
 *(.data*)
 *(.rodata)
 *(.rodata*)
 *(.gnu.linkonce.d*)
                0x008001b6                . = ALIGN (0x2)
 *fill*         0x008001b5        0x1 00
                0x008001b6                _edata = .
                0x008001b6                PROVIDE (__data_end, .)

.bss            0x008001b6      0x2a0
                0x008001b6                PROVIDE (__bss_start, .)
 *(.bss)
 .bss           0x008001b6        0x0 e:/winavr-20100110/bin/../lib/gcc/avr/4.3.3/../../../../avr/lib/avr51/crtm128.o
 .bss           0x008001b6        0x2 main.o
                0x008001b6                mainapp
 .bss           0x008001b8        0x2 writer.o
                0x008001b8                writer_failed
 .bss           0x008001ba        0x0 uart.o
 .bss           0x008001ba        0x0 misc.o
 .bss           0x008001ba        0xc ihex.o
                0x008001c2                ext_lin_add
                0x008001be                ext_seg_add
                0x008001ba                ihex_address
 .bss           0x008001c6        0x0 fifo.o
 .bss           0x008001c6        0x0 e:/winavr-20100110/bin/../lib/gcc/avr/4.3.3/avr51\libgcc.a(_exit.o)
 .bss           0x008001c6        0x0 e:/winavr-20100110/bin/../lib/gcc/avr/4.3.3/avr51\libgcc.a(_clear_bss.o)
 .bss           0x008001c6        0x0 e:/winavr-20100110/bin/../lib/gcc/avr/4.3.3/../../../../avr/lib/avr51\libc.a(isxdigit.o)
 .bss           0x008001c6        0x0 e:/winavr-20100110/bin/../lib/gcc/avr/4.3.3/../../../../avr/lib/avr51\libc.a(memcpy.o)
 .bss           0x008001c6        0x0 e:/winavr-20100110/bin/../lib/gcc/avr/4.3.3/../../../../avr/lib/avr51\libc.a(ltoa.o)
 .bss           0x008001c6        0x0 e:/winavr-20100110/bin/../lib/gcc/avr/4.3.3/../../../../avr/lib/avr51\libc.a(cty_isfalse.o)
 .bss           0x008001c6        0x0 e:/winavr-20100110/bin/../lib/gcc/avr/4.3.3/../../../../avr/lib/avr51\libc.a(strrev.o)
 .bss           0x008001c6        0x0 e:/winavr-20100110/bin/../lib/gcc/avr/4.3.3/avr51\libgcc.a(_udivmodsi4.o)
 *(.bss*)
 *(COMMON)
 COMMON         0x008001c6      0x100 writer.o
                0x008001c6                buffer_verify
 COMMON         0x008002c6      0x140 uart.o
                0x008002c6                uart_fifo_rx
                0x008002d6                uart_fifo_data_rx
                0x008003d6                uart_fifo_tx
                0x008003e6                uart_fifo_data_tx
 COMMON         0x00800406       0x50 ihex.o
                0x00800406                line_ptr
                0x00800408                ihex_status
                0x00800409                ihex_data
                0x00800419                ihex_byte_count
                0x0080041a                hexline
                0x00800456                PROVIDE (__bss_end, .)
                0x0001ed96                __data_load_start = LOADADDR (.data)
                0x0001ee4c                __data_load_end = (__data_load_start + SIZEOF (.data))

.noinit         0x00800456        0x0
                0x00800456                PROVIDE (__noinit_start, .)
 *(.noinit*)
                0x00800456                PROVIDE (__noinit_end, .)
                0x00800456                _end = .
                0x00800456                PROVIDE (__heap_start, .)

.eeprom         0x00810000        0x0
 *(.eeprom*)
                0x00810000                __eeprom_end = .

.fuse
 *(.fuse)
 *(.lfuse)
 *(.hfuse)
 *(.efuse)

.lock
 *(.lock*)

.signature
 *(.signature*)

.stab
 *(.stab)

.stabstr
 *(.stabstr)

.stab.excl
 *(.stab.excl)

.stab.exclstr
 *(.stab.exclstr)

.stab.index
 *(.stab.index)

.stab.indexstr
 *(.stab.indexstr)

.comment
 *(.comment)

.debug
 *(.debug)

.line
 *(.line)

.debug_srcinfo
 *(.debug_srcinfo)

.debug_sfnames
 *(.debug_sfnames)

.debug_aranges  0x00000000       0xc0
 *(.debug_aranges)
 .debug_aranges
                0x00000000       0x20 main.o
 .debug_aranges
                0x00000020       0x20 writer.o
 .debug_aranges
                0x00000040       0x20 uart.o
 .debug_aranges
                0x00000060       0x20 misc.o
 .debug_aranges
                0x00000080       0x20 ihex.o
 .debug_aranges
                0x000000a0       0x20 fifo.o

.debug_pubnames
                0x00000000      0x2f3
 *(.debug_pubnames)
 .debug_pubnames
                0x00000000       0x27 main.o
 .debug_pubnames
                0x00000027       0x86 writer.o
 .debug_pubnames
                0x000000ad      0x103 uart.o
 .debug_pubnames
                0x000001b0       0x33 misc.o
 .debug_pubnames
                0x000001e3       0xce ihex.o
 .debug_pubnames
                0x000002b1       0x42 fifo.o

.debug_info     0x00000000      0xf75
 *(.debug_info)
 .debug_info    0x00000000      0x2e0 main.o
 .debug_info    0x000002e0      0x2dd writer.o
 .debug_info    0x000005bd      0x381 uart.o
 .debug_info    0x0000093e      0x12c misc.o
 .debug_info    0x00000a6a      0x279 ihex.o
 .debug_info    0x00000ce3      0x292 fifo.o
 *(.gnu.linkonce.wi.*)

.debug_abbrev   0x00000000      0x7bf
 *(.debug_abbrev)
 .debug_abbrev  0x00000000      0x17c main.o
 .debug_abbrev  0x0000017c      0x162 writer.o
 .debug_abbrev  0x000002de      0x1a1 uart.o
 .debug_abbrev  0x0000047f       0xad misc.o
 .debug_abbrev  0x0000052c      0x125 ihex.o
 .debug_abbrev  0x00000651      0x16e fifo.o

.debug_line     0x00000000      0xdd0
 *(.debug_line)
 .debug_line    0x00000000      0x29e main.o
 .debug_line    0x0000029e      0x203 writer.o
 .debug_line    0x000004a1      0x439 uart.o
 .debug_line    0x000008da       0xe0 misc.o
 .debug_line    0x000009ba      0x20e ihex.o
 .debug_line    0x00000bc8      0x208 fifo.o

.debug_frame    0x00000000      0x1d0
 *(.debug_frame)
 .debug_frame   0x00000000       0x20 main.o
 .debug_frame   0x00000020       0x50 writer.o
 .debug_frame   0x00000070       0xa0 uart.o
 .debug_frame   0x00000110       0x30 misc.o
 .debug_frame   0x00000140       0x50 ihex.o
 .debug_frame   0x00000190       0x40 fifo.o

.debug_str      0x00000000      0x447
 *(.debug_str)
 .debug_str     0x00000000      0x16b main.o
                                0x1ab (size before relaxing)
 .debug_str     0x0000016b       0xcb writer.o
                                0x17b (size before relaxing)
 .debug_str     0x00000236       0xe6 uart.o
                                0x237 (size before relaxing)
 .debug_str     0x0000031c       0x54 misc.o
                                 0xf0 (size before relaxing)
 .debug_str     0x00000370       0xa1 ihex.o
                                0x18e (size before relaxing)
 .debug_str     0x00000411       0x36 fifo.o
                                0x158 (size before relaxing)

.debug_loc      0x00000000      0x7d0
 *(.debug_loc)
 .debug_loc     0x00000000      0x193 main.o
 .debug_loc     0x00000193      0x21d writer.o
 .debug_loc     0x000003b0      0x13d uart.o
 .debug_loc     0x000004ed       0xf0 misc.o
 .debug_loc     0x000005dd      0x133 ihex.o
 .debug_loc     0x00000710       0xc0 fifo.o

.debug_macinfo
 *(.debug_macinfo)
OUTPUT(main.elf elf32-avr)
LOAD linker stubs

.debug_ranges   0x00000000       0xd8
 .debug_ranges  0x00000000       0x48 main.o
 .debug_ranges  0x00000048       0x30 writer.o
 .debug_ranges  0x00000078       0x60 uart.o

Cross Reference Table

Symbol                                            File
__bad_interrupt                                   e:/winavr-20100110/bin/../lib/gcc/avr/4.3.3/../../../../avr/lib/avr51/crtm128.o
__bss_end                                         e:/winavr-20100110/bin/../lib/gcc/avr/4.3.3/avr51\libgcc.a(_clear_bss.o)
__bss_start                                       e:/winavr-20100110/bin/../lib/gcc/avr/4.3.3/avr51\libgcc.a(_clear_bss.o)
__ctype_isfalse                                   e:/winavr-20100110/bin/../lib/gcc/avr/4.3.3/../../../../avr/lib/avr51\libc.a(cty_isfalse.o)
                                                  e:/winavr-20100110/bin/../lib/gcc/avr/4.3.3/../../../../avr/lib/avr51\libc.a(isxdigit.o)
__ctype_istrue                                    e:/winavr-20100110/bin/../lib/gcc/avr/4.3.3/../../../../avr/lib/avr51\libc.a(cty_isfalse.o)
__data_end                                        e:/winavr-20100110/bin/../lib/gcc/avr/4.3.3/../../../../avr/lib/avr51/crtm128.o
__data_load_start                                 e:/winavr-20100110/bin/../lib/gcc/avr/4.3.3/../../../../avr/lib/avr51/crtm128.o
__data_start                                      e:/winavr-20100110/bin/../lib/gcc/avr/4.3.3/../../../../avr/lib/avr51/crtm128.o
__do_clear_bss                                    e:/winavr-20100110/bin/../lib/gcc/avr/4.3.3/avr51\libgcc.a(_clear_bss.o)
                                                  ihex.o
                                                  uart.o
                                                  writer.o
                                                  main.o
__do_copy_data                                    e:/winavr-20100110/bin/../lib/gcc/avr/4.3.3/../../../../avr/lib/avr51/crtm128.o
                                                  writer.o
                                                  main.o
__heap_end                                        e:/winavr-20100110/bin/../lib/gcc/avr/4.3.3/../../../../avr/lib/avr51/crtm128.o
__init                                            e:/winavr-20100110/bin/../lib/gcc/avr/4.3.3/../../../../avr/lib/avr51/crtm128.o
__stack                                           e:/winavr-20100110/bin/../lib/gcc/avr/4.3.3/../../../../avr/lib/avr51/crtm128.o
__udivmodsi4                                      e:/winavr-20100110/bin/../lib/gcc/avr/4.3.3/avr51\libgcc.a(_udivmodsi4.o)
                                                  e:/winavr-20100110/bin/../lib/gcc/avr/4.3.3/../../../../avr/lib/avr51\libc.a(ltoa.o)
__vector_1                                        e:/winavr-20100110/bin/../lib/gcc/avr/4.3.3/../../../../avr/lib/avr51/crtm128.o
__vector_10                                       e:/winavr-20100110/bin/../lib/gcc/avr/4.3.3/../../../../avr/lib/avr51/crtm128.o
__vector_11                                       e:/winavr-20100110/bin/../lib/gcc/avr/4.3.3/../../../../avr/lib/avr51/crtm128.o
__vector_12                                       e:/winavr-20100110/bin/../lib/gcc/avr/4.3.3/../../../../avr/lib/avr51/crtm128.o
__vector_13                                       e:/winavr-20100110/bin/../lib/gcc/avr/4.3.3/../../../../avr/lib/avr51/crtm128.o
__vector_14                                       e:/winavr-20100110/bin/../lib/gcc/avr/4.3.3/../../../../avr/lib/avr51/crtm128.o
__vector_15                                       e:/winavr-20100110/bin/../lib/gcc/avr/4.3.3/../../../../avr/lib/avr51/crtm128.o
__vector_16                                       e:/winavr-20100110/bin/../lib/gcc/avr/4.3.3/../../../../avr/lib/avr51/crtm128.o
__vector_17                                       e:/winavr-20100110/bin/../lib/gcc/avr/4.3.3/../../../../avr/lib/avr51/crtm128.o
__vector_18                                       uart.o
                                                  e:/winavr-20100110/bin/../lib/gcc/avr/4.3.3/../../../../avr/lib/avr51/crtm128.o
__vector_19                                       uart.o
                                                  e:/winavr-20100110/bin/../lib/gcc/avr/4.3.3/../../../../avr/lib/avr51/crtm128.o
__vector_2                                        e:/winavr-20100110/bin/../lib/gcc/avr/4.3.3/../../../../avr/lib/avr51/crtm128.o
__vector_20                                       e:/winavr-20100110/bin/../lib/gcc/avr/4.3.3/../../../../avr/lib/avr51/crtm128.o
__vector_21                                       e:/winavr-20100110/bin/../lib/gcc/avr/4.3.3/../../../../avr/lib/avr51/crtm128.o
__vector_22                                       e:/winavr-20100110/bin/../lib/gcc/avr/4.3.3/../../../../avr/lib/avr51/crtm128.o
__vector_23                                       e:/winavr-20100110/bin/../lib/gcc/avr/4.3.3/../../../../avr/lib/avr51/crtm128.o
__vector_24                                       e:/winavr-20100110/bin/../lib/gcc/avr/4.3.3/../../../../avr/lib/avr51/crtm128.o
__vector_25                                       e:/winavr-20100110/bin/../lib/gcc/avr/4.3.3/../../../../avr/lib/avr51/crtm128.o
__vector_26                                       e:/winavr-20100110/bin/../lib/gcc/avr/4.3.3/../../../../avr/lib/avr51/crtm128.o
__vector_27                                       e:/winavr-20100110/bin/../lib/gcc/avr/4.3.3/../../../../avr/lib/avr51/crtm128.o
__vector_28                                       e:/winavr-20100110/bin/../lib/gcc/avr/4.3.3/../../../../avr/lib/avr51/crtm128.o
__vector_29                                       e:/winavr-20100110/bin/../lib/gcc/avr/4.3.3/../../../../avr/lib/avr51/crtm128.o
__vector_3                                        e:/winavr-20100110/bin/../lib/gcc/avr/4.3.3/../../../../avr/lib/avr51/crtm128.o
__vector_30                                       uart.o
                                                  e:/winavr-20100110/bin/../lib/gcc/avr/4.3.3/../../../../avr/lib/avr51/crtm128.o
__vector_31                                       uart.o
                                                  e:/winavr-20100110/bin/../lib/gcc/avr/4.3.3/../../../../avr/lib/avr51/crtm128.o
__vector_32                                       e:/winavr-20100110/bin/../lib/gcc/avr/4.3.3/../../../../avr/lib/avr51/crtm128.o
__vector_33                                       e:/winavr-20100110/bin/../lib/gcc/avr/4.3.3/../../../../avr/lib/avr51/crtm128.o
__vector_34                                       e:/winavr-20100110/bin/../lib/gcc/avr/4.3.3/../../../../avr/lib/avr51/crtm128.o
__vector_4                                        e:/winavr-20100110/bin/../lib/gcc/avr/4.3.3/../../../../avr/lib/avr51/crtm128.o
__vector_5                                        e:/winavr-20100110/bin/../lib/gcc/avr/4.3.3/../../../../avr/lib/avr51/crtm128.o
__vector_6                                        e:/winavr-20100110/bin/../lib/gcc/avr/4.3.3/../../../../avr/lib/avr51/crtm128.o
__vector_7                                        e:/winavr-20100110/bin/../lib/gcc/avr/4.3.3/../../../../avr/lib/avr51/crtm128.o
__vector_8                                        e:/winavr-20100110/bin/../lib/gcc/avr/4.3.3/../../../../avr/lib/avr51/crtm128.o
__vector_9                                        e:/winavr-20100110/bin/../lib/gcc/avr/4.3.3/../../../../avr/lib/avr51/crtm128.o
__vector_default                                  e:/winavr-20100110/bin/../lib/gcc/avr/4.3.3/../../../../avr/lib/avr51/crtm128.o
__vectors                                         e:/winavr-20100110/bin/../lib/gcc/avr/4.3.3/../../../../avr/lib/avr51/crtm128.o
_exit                                             e:/winavr-20100110/bin/../lib/gcc/avr/4.3.3/avr51\libgcc.a(_exit.o)
ascii2hex                                         ihex.o
buffer_verify                                     writer.o
current_page                                      writer.o
exit                                              e:/winavr-20100110/bin/../lib/gcc/avr/4.3.3/avr51\libgcc.a(_exit.o)
                                                  e:/winavr-20100110/bin/../lib/gcc/avr/4.3.3/../../../../avr/lib/avr51/crtm128.o
ext_lin_add                                       ihex.o
ext_seg_add                                       ihex.o
fifo_flush                                        fifo.o
fifo_init                                         fifo.o
                                                  uart.o
fifo_read_char                                    fifo.o
                                                  uart.o
                                                  main.o
flash_byte                                        writer.o
                                                  main.o
flash_finish                                      writer.o
                                                  main.o
hex2ascii                                         misc.o
hexline                                           ihex.o
ihex_address                                      ihex.o
                                                  main.o
ihex_byte_count                                   ihex.o
                                                  main.o
ihex_char                                         ihex.o
                                                  main.o
ihex_data                                         ihex.o
                                                  main.o
ihex_init                                         ihex.o
                                                  main.o
ihex_process_line                                 ihex.o
ihex_status                                       ihex.o
                                                  main.o
isxdigit                                          e:/winavr-20100110/bin/../lib/gcc/avr/4.3.3/../../../../avr/lib/avr51\libc.a(isxdigit.o)
                                                  ihex.o
line_ptr                                          ihex.o
ltoa                                              e:/winavr-20100110/bin/../lib/gcc/avr/4.3.3/../../../../avr/lib/avr51\libc.a(ltoa.o)
                                                  writer.o
main                                              main.o
                                                  e:/winavr-20100110/bin/../lib/gcc/avr/4.3.3/../../../../avr/lib/avr51/crtm128.o
mainapp                                           main.o
memcmp_farP                                       writer.o
memcpy                                            e:/winavr-20100110/bin/../lib/gcc/avr/4.3.3/../../../../avr/lib/avr51\libc.a(memcpy.o)
                                                  ihex.o
read_bige_uint                                    misc.o
                                                  ihex.o
strrev                                            e:/winavr-20100110/bin/../lib/gcc/avr/4.3.3/../../../../avr/lib/avr51\libc.a(strrev.o)
                                                  e:/winavr-20100110/bin/../lib/gcc/avr/4.3.3/../../../../avr/lib/avr51\libc.a(ltoa.o)
uart0_isrtx_enable                                uart.o
uart1_isrtx_enable                                uart.o
uart_fifo_data_rx                                 uart.o
uart_fifo_data_tx                                 uart.o
uart_fifo_rx                                      uart.o
                                                  main.o
uart_fifo_tx                                      uart.o
uart_init                                         uart.o
                                                  main.o
uart_rx_char                                      uart.o
uart_write_string                                 uart.o
                                                  writer.o
                                                  main.o
write_page                                        writer.o
writer_failed                                     writer.o
                                                  main.o
