Archive member included because of file (symbol)

c:/users/bin/winavr/bin/../lib/gcc/avr/4.3.0/avr5\libgcc.a(_exit.o)
                              c:/users/bin/winavr/bin/../lib/gcc/avr/4.3.0/../../../../avr/lib/avr5/crtm32.o (exit)
c:/users/bin/winavr/bin/../lib/gcc/avr/4.3.0/avr5\libgcc.a(_copy_data.o)
                              main.o (__do_copy_data)
c:/users/bin/winavr/bin/../lib/gcc/avr/4.3.0/avr5\libgcc.a(_clear_bss.o)
                              main.o (__do_clear_bss)
c:/users/bin/winavr/bin/../lib/gcc/avr/4.3.0/../../../../avr/lib/avr5\libc.a(atoi.o)
                              ambientcolor.o (atoi)
c:/users/bin/winavr/bin/../lib/gcc/avr/4.3.0/../../../../avr/lib/avr5\libc.a(strncmp.o)
                              ambientcolor.o (strncmp)
c:/users/bin/winavr/bin/../lib/gcc/avr/4.3.0/../../../../avr/lib/avr5\libc.a(strtok_r.o)
                              ambientcolor.o (strtok_r)
c:/users/bin/winavr/bin/../lib/gcc/avr/4.3.0/../../../../avr/lib/avr5\libc.a(mul10.o)
                              c:/users/bin/winavr/bin/../lib/gcc/avr/4.3.0/../../../../avr/lib/avr5\libc.a(atoi.o) (__mulhi_const_10)

Allocating common symbols
Common symbol       size              file

blue                0x1               main.o
NetworkDataAvailable
                    0x2               net.o
green               0x1               main.o
red                 0x1               main.o
pwm                 0x1               main.o
enc28j60_revision   0x1               enc28j60.o
mymac               0x6               main.o
enc28j60_current_bank
                    0x1               enc28j60.o
enc28j60_next_packet_ptr
                    0x2               enc28j60.o
NetworkDataBuffer   0x259             net.o

Memory Configuration

Name             Origin             Length             Attributes
text             0x00000000         0x00020000         xr
data             0x00800060         0x0000ffa0         rw !x
eeprom           0x00810000         0x00010000         rw !x
fuse             0x00820000         0x00000400         rw !x
lock             0x00830000         0x00000400         rw !x
signature        0x00840000         0x00000400         rw !x
*default*        0x00000000         0xffffffff

Linker script and memory map

LOAD c:/users/bin/winavr/bin/../lib/gcc/avr/4.3.0/../../../../avr/lib/avr5/crtm32.o
LOAD main.o
LOAD timer.o
LOAD enc28j60.o
LOAD LED.o
LOAD net.o
LOAD ambientcolor.o
LOAD c:/users/bin/winavr/bin/../lib/gcc/avr/4.3.0/avr5\libgcc.a
LOAD c:/users/bin/winavr/bin/../lib/gcc/avr/4.3.0/../../../../avr/lib/avr5\libc.a
LOAD c:/users/bin/winavr/bin/../lib/gcc/avr/4.3.0/avr5\libgcc.a

.hash
 *(.hash)

.dynsym
 *(.dynsym)

.dynstr
 *(.dynstr)

.gnu.version
 *(.gnu.version)

.gnu.version_d
 *(.gnu.version_d)

.gnu.version_r
 *(.gnu.version_r)

.rel.init
 *(.rel.init)

.rela.init
 *(.rela.init)

.rel.text
 *(.rel.text)
 *(.rel.text.*)
 *(.rel.gnu.linkonce.t*)

.rela.text
 *(.rela.text)
 *(.rela.text.*)
 *(.rela.gnu.linkonce.t*)

.rel.fini
 *(.rel.fini)

.rela.fini
 *(.rela.fini)

.rel.rodata
 *(.rel.rodata)
 *(.rel.rodata.*)
 *(.rel.gnu.linkonce.r*)

.rela.rodata
 *(.rela.rodata)
 *(.rela.rodata.*)
 *(.rela.gnu.linkonce.r*)

.rel.data
 *(.rel.data)
 *(.rel.data.*)
 *(.rel.gnu.linkonce.d*)

.rela.data
 *(.rela.data)
 *(.rela.data.*)
 *(.rela.gnu.linkonce.d*)

.rel.ctors
 *(.rel.ctors)

.rela.ctors
 *(.rela.ctors)

.rel.dtors
 *(.rel.dtors)

.rela.dtors
 *(.rela.dtors)

.rel.got
 *(.rel.got)

.rela.got
 *(.rela.got)

.rel.bss
 *(.rel.bss)

.rela.bss
 *(.rela.bss)

.rel.plt
 *(.rel.plt)

.rela.plt
 *(.rela.plt)

.text           0x00000000      0x9bc
 *(.vectors)
 .vectors       0x00000000       0x54 c:/users/bin/winavr/bin/../lib/gcc/avr/4.3.0/../../../../avr/lib/avr5/crtm32.o
                0x00000000                __vectors
                0x00000000                __vector_default
 *(.vectors)
 *(.progmem.gcc*)
 *(.progmem*)
 .progmem.data  0x00000054       0x2e enc28j60.o
                0x00000054                enc28j60_config
                0x00000082                . = ALIGN (0x2)
                0x00000082                __trampolines_start = .
 *(.trampolines)
 .trampolines   0x00000082        0x0 linker stubs
 *(.trampolines*)
                0x00000082                __trampolines_end = .
 *(.jumptables)
 *(.jumptables*)
 *(.lowtext)
 *(.lowtext*)
                0x00000082                __ctors_start = .
 *(.ctors)
                0x00000082                __ctors_end = .
                0x00000082                __dtors_start = .
 *(.dtors)
                0x00000082                __dtors_end = .
 SORT(*)(.ctors)
 SORT(*)(.dtors)
 *(.init0)
 .init0         0x00000082        0x0 c:/users/bin/winavr/bin/../lib/gcc/avr/4.3.0/../../../../avr/lib/avr5/crtm32.o
                0x00000082                __init
 *(.init0)
 *(.init1)
 *(.init1)
 *(.init2)
 .init2         0x00000082        0xc c:/users/bin/winavr/bin/../lib/gcc/avr/4.3.0/../../../../avr/lib/avr5/crtm32.o
 *(.init2)
 *(.init3)
 *(.init3)
 *(.init4)
 .init4         0x0000008e       0x16 c:/users/bin/winavr/bin/../lib/gcc/avr/4.3.0/avr5\libgcc.a(_copy_data.o)
                0x0000008e                __do_copy_data
 .init4         0x000000a4       0x10 c:/users/bin/winavr/bin/../lib/gcc/avr/4.3.0/avr5\libgcc.a(_clear_bss.o)
                0x000000a4                __do_clear_bss
 *(.init4)
 *(.init5)
 *(.init5)
 *(.init6)
 *(.init6)
 *(.init7)
 *(.init7)
 *(.init8)
 *(.init8)
 *(.init9)
 .init9         0x000000b4        0x8 c:/users/bin/winavr/bin/../lib/gcc/avr/4.3.0/../../../../avr/lib/avr5/crtm32.o
 *(.init9)
 *(.text)
 .text          0x000000bc        0x4 c:/users/bin/winavr/bin/../lib/gcc/avr/4.3.0/../../../../avr/lib/avr5/crtm32.o
                0x000000bc                __vector_1
                0x000000bc                __vector_12
                0x000000bc                __bad_interrupt
                0x000000bc                __vector_6
                0x000000bc                __vector_11
                0x000000bc                __vector_13
                0x000000bc                __vector_17
                0x000000bc                __vector_19
                0x000000bc                __vector_5
                0x000000bc                __vector_4
                0x000000bc                __vector_9
                0x000000bc                __vector_2
                0x000000bc                __vector_15
                0x000000bc                __vector_8
                0x000000bc                __vector_14
                0x000000bc                __vector_10
                0x000000bc                __vector_16
                0x000000bc                __vector_18
                0x000000bc                __vector_20
 .text          0x000000c0       0x22 main.o
                0x000000d8                main
                0x000000c0                Initialize
 .text          0x000000e2      0x118 timer.o
                0x000000e2                InitializeTimer
                0x0000012c                __vector_7
                0x00000112                SetColors
 .text          0x000001fa      0x49e enc28j60.o
                0x00000384                enc28j60_send_packet
                0x00000464                enc28j60_init
                0x000001fa                enc28j60_read_buffer
                0x0000033e                enc28j60_read_phy
                0x000002be                enc28j60_read_address
                0x00000242                enc28j60_write_address
                0x00000566                enc28j60_receive_packet
                0x00000220                enc28j60_write_buffer
                0x00000686                enc28j60_spi_write_word
                0x0000030e                enc28j60_write_phy
                0x0000029a                enc28j60_spi_read_byte
 .text          0x00000698       0x3a LED.o
                0x000006b4                LED_Off
                0x00000698                LED_On
 .text          0x000006d2       0x92 net.o
                0x00000756                InitializeNetwork
                0x000006d2                __vector_3
                0x00000700                HandleNetworkData
 .text          0x00000764      0x188 ambientcolor.o
                0x00000810                HandleAmbientColorMessage
                0x00000764                IsAmbientColorMessage
 .text          0x000008ec        0x0 c:/users/bin/winavr/bin/../lib/gcc/avr/4.3.0/avr5\libgcc.a(_exit.o)
 .text          0x000008ec        0x0 c:/users/bin/winavr/bin/../lib/gcc/avr/4.3.0/avr5\libgcc.a(_copy_data.o)
 .text          0x000008ec        0x0 c:/users/bin/winavr/bin/../lib/gcc/avr/4.3.0/avr5\libgcc.a(_clear_bss.o)
 .text          0x000008ec       0x3c c:/users/bin/winavr/bin/../lib/gcc/avr/4.3.0/../../../../avr/lib/avr5\libc.a(atoi.o)
                0x000008ec                atoi
 .text          0x00000928       0x1c c:/users/bin/winavr/bin/../lib/gcc/avr/4.3.0/../../../../avr/lib/avr5\libc.a(strncmp.o)
                0x00000928                strncmp
 .text          0x00000944       0x64 c:/users/bin/winavr/bin/../lib/gcc/avr/4.3.0/../../../../avr/lib/avr5\libc.a(strtok_r.o)
                0x00000944                strtok_r
 .text          0x000009a8       0x10 c:/users/bin/winavr/bin/../lib/gcc/avr/4.3.0/../../../../avr/lib/avr5\libc.a(mul10.o)
                0x000009a8                __mulhi_const_10
                0x000009b8                . = ALIGN (0x2)
 *(.text.*)
 .text.libgcc   0x000009b8        0x0 c:/users/bin/winavr/bin/../lib/gcc/avr/4.3.0/avr5\libgcc.a(_exit.o)
 .text.libgcc   0x000009b8        0x0 c:/users/bin/winavr/bin/../lib/gcc/avr/4.3.0/avr5\libgcc.a(_copy_data.o)
 .text.libgcc   0x000009b8        0x0 c:/users/bin/winavr/bin/../lib/gcc/avr/4.3.0/avr5\libgcc.a(_clear_bss.o)
                0x000009b8                . = ALIGN (0x2)
 *(.fini9)
 .fini9         0x000009b8        0x0 c:/users/bin/winavr/bin/../lib/gcc/avr/4.3.0/avr5\libgcc.a(_exit.o)
                0x000009b8                exit
                0x000009b8                _exit
 *(.fini9)
 *(.fini8)
 *(.fini8)
 *(.fini7)
 *(.fini7)
 *(.fini6)
 *(.fini6)
 *(.fini5)
 *(.fini5)
 *(.fini4)
 *(.fini4)
 *(.fini3)
 *(.fini3)
 *(.fini2)
 *(.fini2)
 *(.fini1)
 *(.fini1)
 *(.fini0)
 .fini0         0x000009b8        0x4 c:/users/bin/winavr/bin/../lib/gcc/avr/4.3.0/avr5\libgcc.a(_exit.o)
 *(.fini0)
                0x000009bc                _etext = .

.data           0x00800060       0x10 load address 0x000009bc
                0x00800060                PROVIDE (__data_start, .)
 *(.data)
 .data          0x00800060        0x0 c:/users/bin/winavr/bin/../lib/gcc/avr/4.3.0/../../../../avr/lib/avr5/crtm32.o
 .data          0x00800060        0x0 main.o
 .data          0x00800060        0x0 timer.o
 .data          0x00800060        0x0 enc28j60.o
 .data          0x00800060        0x0 LED.o
 .data          0x00800060        0x0 net.o
 .data          0x00800060       0x10 ambientcolor.o
 .data          0x00800070        0x0 c:/users/bin/winavr/bin/../lib/gcc/avr/4.3.0/avr5\libgcc.a(_exit.o)
 .data          0x00800070        0x0 c:/users/bin/winavr/bin/../lib/gcc/avr/4.3.0/avr5\libgcc.a(_copy_data.o)
 .data          0x00800070        0x0 c:/users/bin/winavr/bin/../lib/gcc/avr/4.3.0/avr5\libgcc.a(_clear_bss.o)
 .data          0x00800070        0x0 c:/users/bin/winavr/bin/../lib/gcc/avr/4.3.0/../../../../avr/lib/avr5\libc.a(atoi.o)
 .data          0x00800070        0x0 c:/users/bin/winavr/bin/../lib/gcc/avr/4.3.0/../../../../avr/lib/avr5\libc.a(strncmp.o)
 .data          0x00800070        0x0 c:/users/bin/winavr/bin/../lib/gcc/avr/4.3.0/../../../../avr/lib/avr5\libc.a(strtok_r.o)
 .data          0x00800070        0x0 c:/users/bin/winavr/bin/../lib/gcc/avr/4.3.0/../../../../avr/lib/avr5\libc.a(mul10.o)
 *(.data*)
 *(.rodata)
 *(.rodata*)
 *(.gnu.linkonce.d*)
                0x00800070                . = ALIGN (0x2)
                0x00800070                _edata = .
                0x00800070                PROVIDE (__data_end, .)

.bss            0x00800070      0x269 load address 0x000009cc
                0x00800070                PROVIDE (__bss_start, .)
 *(.bss)
 .bss           0x00800070        0x0 c:/users/bin/winavr/bin/../lib/gcc/avr/4.3.0/../../../../avr/lib/avr5/crtm32.o
 .bss           0x00800070        0x0 main.o
 .bss           0x00800070        0x0 timer.o
 .bss           0x00800070        0x0 enc28j60.o
 .bss           0x00800070        0x0 LED.o
 .bss           0x00800070        0x0 net.o
 .bss           0x00800070        0x0 ambientcolor.o
 .bss           0x00800070        0x0 c:/users/bin/winavr/bin/../lib/gcc/avr/4.3.0/avr5\libgcc.a(_exit.o)
 .bss           0x00800070        0x0 c:/users/bin/winavr/bin/../lib/gcc/avr/4.3.0/avr5\libgcc.a(_copy_data.o)
 .bss           0x00800070        0x0 c:/users/bin/winavr/bin/../lib/gcc/avr/4.3.0/avr5\libgcc.a(_clear_bss.o)
 .bss           0x00800070        0x0 c:/users/bin/winavr/bin/../lib/gcc/avr/4.3.0/../../../../avr/lib/avr5\libc.a(atoi.o)
 .bss           0x00800070        0x0 c:/users/bin/winavr/bin/../lib/gcc/avr/4.3.0/../../../../avr/lib/avr5\libc.a(strncmp.o)
 .bss           0x00800070        0x0 c:/users/bin/winavr/bin/../lib/gcc/avr/4.3.0/../../../../avr/lib/avr5\libc.a(strtok_r.o)
 .bss           0x00800070        0x0 c:/users/bin/winavr/bin/../lib/gcc/avr/4.3.0/../../../../avr/lib/avr5\libc.a(mul10.o)
 *(.bss*)
 *(COMMON)
 COMMON         0x00800070        0xa main.o
                0x00800070                blue
                0x00800071                green
                0x00800072                red
                0x00800073                pwm
                0x00800074                mymac
 COMMON         0x0080007a        0x4 enc28j60.o
                0x0080007a                enc28j60_revision
                0x0080007b                enc28j60_current_bank
                0x0080007c                enc28j60_next_packet_ptr
 COMMON         0x0080007e      0x25b net.o
                0x0080007e                NetworkDataAvailable
                0x00800080                NetworkDataBuffer
                0x008002d9                PROVIDE (__bss_end, .)
                0x000009bc                __data_load_start = LOADADDR (.data)
                0x000009cc                __data_load_end = (__data_load_start + SIZEOF (.data))

.noinit         0x008002d9        0x0
                0x008002d9                PROVIDE (__noinit_start, .)
 *(.noinit*)
                0x008002d9                PROVIDE (__noinit_end, .)
                0x008002d9                _end = .
                0x008002d9                PROVIDE (__heap_start, .)

.eeprom         0x00810000        0x0
 *(.eeprom*)
                0x00810000                __eeprom_end = .

.fuse
 *(.fuse)
 *(.lfuse)
 *(.hfuse)
 *(.efuse)

.lock
 *(.lock*)

.signature
 *(.signature*)

.stab
 *(.stab)

.stabstr
 *(.stabstr)

.stab.excl
 *(.stab.excl)

.stab.exclstr
 *(.stab.exclstr)

.stab.index
 *(.stab.index)

.stab.indexstr
 *(.stab.indexstr)

.comment
 *(.comment)

.debug
 *(.debug)

.line
 *(.line)

.debug_srcinfo
 *(.debug_srcinfo)

.debug_sfnames
 *(.debug_sfnames)

.debug_aranges  0x00000000       0xc0
 *(.debug_aranges)
 .debug_aranges
                0x00000000       0x20 main.o
 .debug_aranges
                0x00000020       0x20 timer.o
 .debug_aranges
                0x00000040       0x20 enc28j60.o
 .debug_aranges
                0x00000060       0x20 LED.o
 .debug_aranges
                0x00000080       0x20 net.o
 .debug_aranges
                0x000000a0       0x20 ambientcolor.o

.debug_pubnames
                0x00000000      0x373
 *(.debug_pubnames)
 .debug_pubnames
                0x00000000       0x57 main.o
 .debug_pubnames
                0x00000057       0x66 timer.o
 .debug_pubnames
                0x000000bd      0x190 enc28j60.o
 .debug_pubnames
                0x0000024d       0x29 LED.o
 .debug_pubnames
                0x00000276       0x86 net.o
 .debug_pubnames
                0x000002fc       0x77 ambientcolor.o

.debug_info     0x00000000      0xdb2
 *(.debug_info)
 .debug_info    0x00000000       0xfe main.o
 .debug_info    0x000000fe      0x14d timer.o
 .debug_info    0x0000024b      0x67c enc28j60.o
 .debug_info    0x000008c7       0xaa LED.o
 .debug_info    0x00000971      0x118 net.o
 .debug_info    0x00000a89      0x329 ambientcolor.o
 *(.gnu.linkonce.wi.*)

.debug_abbrev   0x00000000      0x689
 *(.debug_abbrev)
 .debug_abbrev  0x00000000       0x98 main.o
 .debug_abbrev  0x00000098       0xd6 timer.o
 .debug_abbrev  0x0000016e      0x29f enc28j60.o
 .debug_abbrev  0x0000040d       0x65 LED.o
 .debug_abbrev  0x00000472       0xbb net.o
 .debug_abbrev  0x0000052d      0x15c ambientcolor.o

.debug_line     0x00000000      0xc77
 *(.debug_line)
 .debug_line    0x00000000       0xd2 main.o
 .debug_line    0x000000d2      0x174 timer.o
 .debug_line    0x00000246      0x78b enc28j60.o
 .debug_line    0x000009d1       0x8d LED.o
 .debug_line    0x00000a5e      0x102 net.o
 .debug_line    0x00000b60      0x117 ambientcolor.o

.debug_frame    0x00000000      0x1d0
 *(.debug_frame)
 .debug_frame   0x00000000       0x30 main.o
 .debug_frame   0x00000030       0x40 timer.o
 .debug_frame   0x00000070       0xc0 enc28j60.o
 .debug_frame   0x00000130       0x30 LED.o
 .debug_frame   0x00000160       0x40 net.o
 .debug_frame   0x000001a0       0x30 ambientcolor.o

.debug_str      0x00000000      0x447
 *(.debug_str)
 .debug_str     0x00000000       0x9a main.o
                                 0xce (size before relaxing)
 .debug_str     0x0000009a       0x30 timer.o
                                 0xde (size before relaxing)
 .debug_str     0x000000ca      0x1e8 enc28j60.o
                                0x2a0 (size before relaxing)
 .debug_str     0x000002b2       0x1e LED.o
                                 0xc1 (size before relaxing)
 .debug_str     0x000002d0       0x5f net.o
                                0x108 (size before relaxing)
 .debug_str     0x0000032f      0x118 ambientcolor.o
                                0x1e0 (size before relaxing)

.debug_loc      0x00000000      0x50c
 *(.debug_loc)
 .debug_loc     0x00000000       0x13 timer.o
 .debug_loc     0x00000013      0x319 enc28j60.o
 .debug_loc     0x0000032c       0x30 LED.o
 .debug_loc     0x0000035c       0x58 net.o
 .debug_loc     0x000003b4      0x158 ambientcolor.o

.debug_macinfo
 *(.debug_macinfo)
OUTPUT(AmbientColor.elf elf32-avr)
LOAD linker stubs

.debug_ranges   0x00000000       0x78
 .debug_ranges  0x00000000       0x78 enc28j60.o
